
> fhir-ehr-platform@1.0.0 start:dev
> nest start --watch

[2J[3J[H[[90m10:27:50 PM[0m] Starting compilation in watch mode...

[[90m10:27:58 PM[0m] Found 0 errors. Watching for file changes.

[32m[Nest] 31  - [39m07/04/2025, 10:28:00 PM [32m    LOG[39m [38;5;3m[NestFactory] [39m[32mStarting Nest application...[39m
[32m[Nest] 31  - [39m07/04/2025, 10:28:00 PM [32m    LOG[39m [38;5;3m[InstanceLoader] [39m[32mMongooseModule dependencies initialized[39m[38;5;3m +59ms[39m
[32m[Nest] 31  - [39m07/04/2025, 10:28:00 PM [32m    LOG[39m [38;5;3m[InstanceLoader] [39m[32mCacheModule dependencies initialized[39m[38;5;3m +1ms[39m
[32m[Nest] 31  - [39m07/04/2025, 10:28:00 PM [32m    LOG[39m [38;5;3m[InstanceLoader] [39m[32mLoggerModule dependencies initialized[39m[38;5;3m +0ms[39m
[32m[Nest] 31  - [39m07/04/2025, 10:28:00 PM [32m    LOG[39m [38;5;3m[InstanceLoader] [39m[32mMulterModule dependencies initialized[39m[38;5;3m +0ms[39m
[32m[Nest] 31  - [39m07/04/2025, 10:28:00 PM [32m    LOG[39m [38;5;3m[InstanceLoader] [39m[32mPassportModule dependencies initialized[39m[38;5;3m +0ms[39m
[32m[Nest] 31  - [39m07/04/2025, 10:28:00 PM [32m    LOG[39m [38;5;3m[InstanceLoader] [39m[32mHttpModule dependencies initialized[39m[38;5;3m +0ms[39m
[32m[Nest] 31  - [39m07/04/2025, 10:28:00 PM [32m    LOG[39m [38;5;3m[InstanceLoader] [39m[32mConfigHostModule dependencies initialized[39m[38;5;3m +1ms[39m
[32m[Nest] 31  - [39m07/04/2025, 10:28:00 PM [32m    LOG[39m [38;5;3m[InstanceLoader] [39m[32mFhirModule dependencies initialized[39m[38;5;3m +0ms[39m
[32m[Nest] 31  - [39m07/04/2025, 10:28:00 PM [32m    LOG[39m [38;5;3m[UrlRewriteInterceptor] [39m[32mURL Rewrite Interceptor initialized with external URL: http://localhost:3000/api[39m
[32m[Nest] 31  - [39m07/04/2025, 10:28:00 PM [32m    LOG[39m [38;5;3m[UrlRewriteInterceptor] [39m[32mInternal FHIR URL: http://hapi-fhir:8080/fhir[39m
[32m[Nest] 31  - [39m07/04/2025, 10:28:00 PM [32m    LOG[39m [38;5;3m[UrlRewriteInterceptor] [39m[32mURL Rewrite Interceptor initialized with external URL: http://localhost:3000/api[39m
[32m[Nest] 31  - [39m07/04/2025, 10:28:00 PM [32m    LOG[39m [38;5;3m[UrlRewriteInterceptor] [39m[32mInternal FHIR URL: http://hapi-fhir:8080/fhir[39m
[32m[Nest] 31  - [39m07/04/2025, 10:28:00 PM [32m    LOG[39m [38;5;3m[InstanceLoader] [39m[32mTerminusModule dependencies initialized[39m[38;5;3m +0ms[39m
[32m[Nest] 31  - [39m07/04/2025, 10:28:00 PM [32m    LOG[39m [38;5;3m[InstanceLoader] [39m[32mServeStaticModule dependencies initialized[39m[38;5;3m +0ms[39m
[32m[Nest] 31  - [39m07/04/2025, 10:28:00 PM [32m    LOG[39m [38;5;3m[InstanceLoader] [39m[32mConfigModule dependencies initialized[39m[38;5;3m +0ms[39m
[32m[Nest] 31  - [39m07/04/2025, 10:28:00 PM [32m    LOG[39m [38;5;3m[InstanceLoader] [39m[32mConfigModule dependencies initialized[39m[38;5;3m +0ms[39m
Attempting to connect to MongoDB at: mongodb://mongodb:27017/medicare
[32m[Nest] 31  - [39m07/04/2025, 10:28:00 PM [32m    LOG[39m [38;5;3m[MetricsService] [39m[32mMetrics service initialized. Prometheus enabled: true[39m
[33m[Nest] 31  - [39m07/04/2025, 10:28:00 PM [33m   WARN[39m [38;5;3m[EmailService] [39m[33mEmail credentials not provided. Email sending will be disabled.[39m
[32m[Nest] 31  - [39m07/04/2025, 10:28:00 PM [32m    LOG[39m [38;5;3m[InstanceLoader] [39m[32mEmailModule dependencies initialized[39m[38;5;3m +28ms[39m
[32m[Nest] 31  - [39m07/04/2025, 10:28:00 PM [32m    LOG[39m [38;5;3m[InstanceLoader] [39m[32mThrottlerModule dependencies initialized[39m[38;5;3m +0ms[39m
[32m[Nest] 31  - [39m07/04/2025, 10:28:00 PM [32m    LOG[39m [38;5;3m[InstanceLoader] [39m[32mJwtModule dependencies initialized[39m[38;5;3m +0ms[39m
[32m[Nest] 31  - [39m07/04/2025, 10:28:00 PM [32m    LOG[39m [38;5;3m[InstanceLoader] [39m[32mJwtModule dependencies initialized[39m[38;5;3m +0ms[39m
[32m[Nest] 31  - [39m07/04/2025, 10:28:00 PM [32m    LOG[39m [38;5;3m[InstanceLoader] [39m[32mJwtModule dependencies initialized[39m[38;5;3m +0ms[39m
[32m[Nest] 31  - [39m07/04/2025, 10:28:00 PM [32m    LOG[39m [38;5;3m[InstanceLoader] [39m[32mJwtModule dependencies initialized[39m[38;5;3m +1ms[39m
[32m[Nest] 31  - [39m07/04/2025, 10:28:00 PM [32m    LOG[39m [38;5;3m[IpWhitelistGuard] [39m[32mIP whitelist initialized with: 127.0.0.1, ::1[39m
[32m[Nest] 31  - [39m07/04/2025, 10:28:00 PM [32m    LOG[39m [38;5;3m[InstanceLoader] [39m[32mUploadsModule dependencies initialized[39m[38;5;3m +0ms[39m
[32m[Nest] 31  - [39m07/04/2025, 10:28:00 PM [32m    LOG[39m [38;5;3m[InstanceLoader] [39m[32mWinstonModule dependencies initialized[39m[38;5;3m +0ms[39m
[32m[Nest] 31  - [39m07/04/2025, 10:28:00 PM [32m    LOG[39m [38;5;3m[InstanceLoader] [39m[32mHttpModule dependencies initialized[39m[38;5;3m +0ms[39m
[32m[Nest] 31  - [39m07/04/2025, 10:28:00 PM [32m    LOG[39m [38;5;3m[InstanceLoader] [39m[32mHttpModule dependencies initialized[39m[38;5;3m +0ms[39m
[32m[Nest] 31  - [39m07/04/2025, 10:28:00 PM [32m    LOG[39m [38;5;3m[InstanceLoader] [39m[32mAppModule dependencies initialized[39m[38;5;3m +0ms[39m
[32m[Nest] 31  - [39m07/04/2025, 10:28:00 PM [32m    LOG[39m [38;5;3m[HapiFhirAdapter] [39m[32mHAPI FHIR Adapter initialized with server URL: http://hapi-fhir:8080/fhir[39m
[32m[Nest] 31  - [39m07/04/2025, 10:28:00 PM [32m    LOG[39m [38;5;3m[DicomService] [39m[32mInitialized DicomService with Orthanc URL: http://orthanc-dicom:8042[39m
[32m[Nest] 31  - [39m07/04/2025, 10:28:00 PM [32m    LOG[39m [38;5;3m[TerminologyAdapter] [39m[32mTerminology Adapter initialized[39m
[32m[Nest] 31  - [39m07/04/2025, 10:28:00 PM [32m    LOG[39m [38;5;3m[FhirValidationInterceptor] [39m[32mFHIR Validation Interceptor initialized with mode: strict[39m
[32m[Nest] 31  - [39m07/04/2025, 10:28:00 PM [32m    LOG[39m [38;5;3m[FhirValidationInterceptor] [39m[32mFHIR Validation Interceptor initialized with mode: strict[39m
[32m[Nest] 31  - [39m07/04/2025, 10:28:00 PM [32m    LOG[39m [38;5;3m[InstanceLoader] [39m[32mMetricsModule dependencies initialized[39m[38;5;3m +0ms[39m
[32m[Nest] 31  - [39m07/04/2025, 10:28:00 PM [32m    LOG[39m [38;5;3m[InstanceLoader] [39m[32mMongooseCoreModule dependencies initialized[39m[38;5;3m +19ms[39m
[32m[Nest] 31  - [39m07/04/2025, 10:28:00 PM [32m    LOG[39m [38;5;3m[InstanceLoader] [39m[32mMongooseModule dependencies initialized[39m[38;5;3m +13ms[39m
[32m[Nest] 31  - [39m07/04/2025, 10:28:00 PM [32m    LOG[39m [38;5;3m[InstanceLoader] [39m[32mMongooseModule dependencies initialized[39m[38;5;3m +1ms[39m
[32m[Nest] 31  - [39m07/04/2025, 10:28:00 PM [32m    LOG[39m [38;5;3m[InstanceLoader] [39m[32mMongooseModule dependencies initialized[39m[38;5;3m +0ms[39m
[32m[Nest] 31  - [39m07/04/2025, 10:28:00 PM [32m    LOG[39m [38;5;3m[InstanceLoader] [39m[32mMongooseModule dependencies initialized[39m[38;5;3m +0ms[39m
[32m[Nest] 31  - [39m07/04/2025, 10:28:00 PM [32m    LOG[39m [38;5;3m[FhirService] [39m[32mFHIR Service initialized. HAPI FHIR URL: http://hapi-fhir:8080/fhir, Using HAPI: false[39m
[32m[Nest] 31  - [39m07/04/2025, 10:28:00 PM [32m    LOG[39m [38;5;3m[InferenceService] [39m[32mInitialized InferenceService with endpoint: http://tumour-ai:8500/predict[39m
[32m[Nest] 31  - [39m07/04/2025, 10:28:00 PM [32m    LOG[39m [38;5;3m[InferenceService] [39m[32mTest mode is enabled[39m
[32m[Nest] 31  - [39m07/04/2025, 10:28:00 PM [32m    LOG[39m [38;5;3m[InstanceLoader] [39m[32mAccessCodesModule dependencies initialized[39m[38;5;3m +3ms[39m
[32m[Nest] 31  - [39m07/04/2025, 10:28:00 PM [32m    LOG[39m [38;5;3m[InstanceLoader] [39m[32mImagingModule dependencies initialized[39m[38;5;3m +0ms[39m
[32m[Nest] 31  - [39m07/04/2025, 10:28:00 PM [32m    LOG[39m [38;5;3m[InstanceLoader] [39m[32mUsersModule dependencies initialized[39m[38;5;3m +2ms[39m
[32m[Nest] 31  - [39m07/04/2025, 10:28:00 PM [32m    LOG[39m [38;5;3m[InstanceLoader] [39m[32mFhirModule dependencies initialized[39m[38;5;3m +0ms[39m
[32m[Nest] 31  - [39m07/04/2025, 10:28:00 PM [32m    LOG[39m [38;5;3m[InstanceLoader] [39m[32mAuthModule dependencies initialized[39m[38;5;3m +0ms[39m
[32m[Nest] 31  - [39m07/04/2025, 10:28:00 PM [32m    LOG[39m [38;5;3m[InstanceLoader] [39m[32mCacheModule dependencies initialized[39m[38;5;3m +24ms[39m
[32m[Nest] 31  - [39m07/04/2025, 10:28:00 PM [32m    LOG[39m [38;5;3m[InstanceLoader] [39m[32mHealthModule dependencies initialized[39m[38;5;3m +0ms[39m
[32m[Nest] 31  - [39m07/04/2025, 10:28:00 PM [32m    LOG[39m [38;5;3m[InstanceLoader] [39m[32mDashboardModule dependencies initialized[39m[38;5;3m +1ms[39m
[32m[Nest] 31  - [39m07/04/2025, 10:28:00 PM [32m    LOG[39m [38;5;3m[RoutesResolver] [39m[32mMetricsController {/api/metrics}:[39m[38;5;3m +73ms[39m
[32m[Nest] 31  - [39m07/04/2025, 10:28:00 PM [32m    LOG[39m [38;5;3m[RouterExplorer] [39m[32mMapped {/api/metrics, GET} route[39m[38;5;3m +1ms[39m
[32m[Nest] 31  - [39m07/04/2025, 10:28:00 PM [32m    LOG[39m [38;5;3m[RoutesResolver] [39m[32mUploadsController {/api/uploads}:[39m[38;5;3m +1ms[39m
[32m[Nest] 31  - [39m07/04/2025, 10:28:00 PM [32m    LOG[39m [38;5;3m[RouterExplorer] [39m[32mMapped {/api/uploads, POST} route[39m[38;5;3m +0ms[39m
[32m[Nest] 31  - [39m07/04/2025, 10:28:00 PM [32m    LOG[39m [38;5;3m[RouterExplorer] [39m[32mMapped {/api/uploads/:filename, GET} route[39m[38;5;3m +1ms[39m
[32m[Nest] 31  - [39m07/04/2025, 10:28:00 PM [32m    LOG[39m [38;5;3m[RouterExplorer] [39m[32mMapped {/api/uploads/:filename, DELETE} route[39m[38;5;3m +0ms[39m
[32m[Nest] 31  - [39m07/04/2025, 10:28:00 PM [32m    LOG[39m [38;5;3m[RoutesResolver] [39m[32mAuthController {/api/auth}:[39m[38;5;3m +0ms[39m
[32m[Nest] 31  - [39m07/04/2025, 10:28:00 PM [32m    LOG[39m [38;5;3m[RouterExplorer] [39m[32mMapped {/api/auth/register, POST} route[39m[38;5;3m +1ms[39m
[32m[Nest] 31  - [39m07/04/2025, 10:28:00 PM [32m    LOG[39m [38;5;3m[RouterExplorer] [39m[32mMapped {/api/auth/login, POST} route[39m[38;5;3m +0ms[39m
[32m[Nest] 31  - [39m07/04/2025, 10:28:00 PM [32m    LOG[39m [38;5;3m[RouterExplorer] [39m[32mMapped {/api/auth/verify-access-code, POST} route[39m[38;5;3m +1ms[39m
[32m[Nest] 31  - [39m07/04/2025, 10:28:00 PM [32m    LOG[39m [38;5;3m[RouterExplorer] [39m[32mMapped {/api/auth/forgot-password, POST} route[39m[38;5;3m +0ms[39m
[32m[Nest] 31  - [39m07/04/2025, 10:28:00 PM [32m    LOG[39m [38;5;3m[RouterExplorer] [39m[32mMapped {/api/auth/reset-password, POST} route[39m[38;5;3m +0ms[39m
[32m[Nest] 31  - [39m07/04/2025, 10:28:00 PM [32m    LOG[39m [38;5;3m[RouterExplorer] [39m[32mMapped {/api/auth/me, GET} route[39m[38;5;3m +0ms[39m
[32m[Nest] 31  - [39m07/04/2025, 10:28:00 PM [32m    LOG[39m [38;5;3m[RoutesResolver] [39m[32mUsersController {/api/users}:[39m[38;5;3m +1ms[39m
[32m[Nest] 31  - [39m07/04/2025, 10:28:00 PM [32m    LOG[39m [38;5;3m[RouterExplorer] [39m[32mMapped {/api/users, POST} route[39m[38;5;3m +0ms[39m
[32m[Nest] 31  - [39m07/04/2025, 10:28:00 PM [32m    LOG[39m [38;5;3m[RouterExplorer] [39m[32mMapped {/api/users/create-with-resource, POST} route[39m[38;5;3m +0ms[39m
[32m[Nest] 31  - [39m07/04/2025, 10:28:00 PM [32m    LOG[39m [38;5;3m[RouterExplorer] [39m[32mMapped {/api/users, GET} route[39m[38;5;3m +0ms[39m
[32m[Nest] 31  - [39m07/04/2025, 10:28:00 PM [32m    LOG[39m [38;5;3m[RouterExplorer] [39m[32mMapped {/api/users/:id, GET} route[39m[38;5;3m +0ms[39m
[32m[Nest] 31  - [39m07/04/2025, 10:28:00 PM [32m    LOG[39m [38;5;3m[RouterExplorer] [39m[32mMapped {/api/users/:id, PUT} route[39m[38;5;3m +0ms[39m
[32m[Nest] 31  - [39m07/04/2025, 10:28:00 PM [32m    LOG[39m [38;5;3m[RouterExplorer] [39m[32mMapped {/api/users/:id, DELETE} route[39m[38;5;3m +1ms[39m
[32m[Nest] 31  - [39m07/04/2025, 10:28:00 PM [32m    LOG[39m [38;5;3m[RouterExplorer] [39m[32mMapped {/api/users/regenerate-access-code, POST} route[39m[38;5;3m +0ms[39m
[32m[Nest] 31  - [39m07/04/2025, 10:28:00 PM [32m    LOG[39m [38;5;3m[RouterExplorer] [39m[32mMapped {/api/users/:id/avatar, PATCH} route[39m[38;5;3m +0ms[39m
[32m[Nest] 31  - [39m07/04/2025, 10:28:00 PM [32m    LOG[39m [38;5;3m[RouterExplorer] [39m[32mMapped {/api/users/:id/profile, GET} route[39m[38;5;3m +0ms[39m
[32m[Nest] 31  - [39m07/04/2025, 10:28:00 PM [32m    LOG[39m [38;5;3m[RouterExplorer] [39m[32mMapped {/api/users/admin, POST} route[39m[38;5;3m +0ms[39m
[32m[Nest] 31  - [39m07/04/2025, 10:28:00 PM [32m    LOG[39m [38;5;3m[RoutesResolver] [39m[32mAccessCodesController {/api/access-codes}:[39m[38;5;3m +0ms[39m
[32m[Nest] 31  - [39m07/04/2025, 10:28:00 PM [32m    LOG[39m [38;5;3m[RouterExplorer] [39m[32mMapped {/api/access-codes, POST} route[39m[38;5;3m +0ms[39m
[32m[Nest] 31  - [39m07/04/2025, 10:28:00 PM [32m    LOG[39m [38;5;3m[RouterExplorer] [39m[32mMapped {/api/access-codes/batch, POST} route[39m[38;5;3m +1ms[39m
[32m[Nest] 31  - [39m07/04/2025, 10:28:00 PM [32m    LOG[39m [38;5;3m[RouterExplorer] [39m[32mMapped {/api/access-codes/resend/:id, POST} route[39m[38;5;3m +0ms[39m
[32m[Nest] 31  - [39m07/04/2025, 10:28:00 PM [32m    LOG[39m [38;5;3m[RouterExplorer] [39m[32mMapped {/api/access-codes/verify, POST} route[39m[38;5;3m +0ms[39m
[32m[Nest] 31  - [39m07/04/2025, 10:28:00 PM [32m    LOG[39m [38;5;3m[RouterExplorer] [39m[32mMapped {/api/access-codes, GET} route[39m[38;5;3m +0ms[39m
[32m[Nest] 31  - [39m07/04/2025, 10:28:00 PM [32m    LOG[39m [38;5;3m[RouterExplorer] [39m[32mMapped {/api/access-codes/:id, DELETE} route[39m[38;5;3m +0ms[39m
[32m[Nest] 31  - [39m07/04/2025, 10:28:00 PM [32m    LOG[39m [38;5;3m[RoutesResolver] [39m[32mFhirController {/api/fhir}:[39m[38;5;3m +0ms[39m
[32m[Nest] 31  - [39m07/04/2025, 10:28:00 PM [32m    LOG[39m [38;5;3m[RouterExplorer] [39m[32mMapped {/api/fhir/:resourceType, POST} route[39m[38;5;3m +0ms[39m
[32m[Nest] 31  - [39m07/04/2025, 10:28:00 PM [32m    LOG[39m [38;5;3m[RouterExplorer] [39m[32mMapped {/api/fhir/:resourceType/:id, GET} route[39m[38;5;3m +0ms[39m
[32m[Nest] 31  - [39m07/04/2025, 10:28:00 PM [32m    LOG[39m [38;5;3m[RouterExplorer] [39m[32mMapped {/api/fhir/:resourceType/:id, PUT} route[39m[38;5;3m +1ms[39m
[32m[Nest] 31  - [39m07/04/2025, 10:28:00 PM [32m    LOG[39m [38;5;3m[RouterExplorer] [39m[32mMapped {/api/fhir/:resourceType/:id, DELETE} route[39m[38;5;3m +0ms[39m
[32m[Nest] 31  - [39m07/04/2025, 10:28:00 PM [32m    LOG[39m [38;5;3m[RouterExplorer] [39m[32mMapped {/api/fhir/:resourceType, GET} route[39m[38;5;3m +0ms[39m
[32m[Nest] 31  - [39m07/04/2025, 10:28:00 PM [32m    LOG[39m [38;5;3m[RouterExplorer] [39m[32mMapped {/api/fhir/my-resources, GET} route[39m[38;5;3m +0ms[39m
[32m[Nest] 31  - [39m07/04/2025, 10:28:00 PM [32m    LOG[39m [38;5;3m[RouterExplorer] [39m[32mMapped {/api/fhir/patient-profile, GET} route[39m[38;5;3m +0ms[39m
[32m[Nest] 31  - [39m07/04/2025, 10:28:00 PM [32m    LOG[39m [38;5;3m[RouterExplorer] [39m[32mMapped {/api/fhir/practitioner-profile, GET} route[39m[38;5;3m +0ms[39m
[32m[Nest] 31  - [39m07/04/2025, 10:28:00 PM [32m    LOG[39m [38;5;3m[RouterExplorer] [39m[32mMapped {/api/fhir/metadata, GET} route[39m[38;5;3m +1ms[39m
[32m[Nest] 31  - [39m07/04/2025, 10:28:00 PM [32m    LOG[39m [38;5;3m[RouterExplorer] [39m[32mMapped {/api/fhir/health, GET} route[39m[38;5;3m +0ms[39m
[32m[Nest] 31  - [39m07/04/2025, 10:28:00 PM [32m    LOG[39m [38;5;3m[RouterExplorer] [39m[32mMapped {/api/fhir/registry, GET} route[39m[38;5;3m +0ms[39m
[32m[Nest] 31  - [39m07/04/2025, 10:28:00 PM [32m    LOG[39m [38;5;3m[RouterExplorer] [39m[32mMapped {/api/fhir/:resourceType/with-access-code, POST} route[39m[38;5;3m +0ms[39m
[32m[Nest] 31  - [39m07/04/2025, 10:28:00 PM [32m    LOG[39m [38;5;3m[RoutesResolver] [39m[32mGenericResourceController {/api/fhir}:[39m[38;5;3m +0ms[39m
[32m[Nest] 31  - [39m07/04/2025, 10:28:00 PM [32m    LOG[39m [38;5;3m[RouterExplorer] [39m[32mMapped {/api/fhir/:resourceType, GET} route[39m[38;5;3m +0ms[39m
[32m[Nest] 31  - [39m07/04/2025, 10:28:00 PM [32m    LOG[39m [38;5;3m[RouterExplorer] [39m[32mMapped {/api/fhir/:resourceType/:id, GET} route[39m[38;5;3m +0ms[39m
[32m[Nest] 31  - [39m07/04/2025, 10:28:00 PM [32m    LOG[39m [38;5;3m[RouterExplorer] [39m[32mMapped {/api/fhir/:resourceType, POST} route[39m[38;5;3m +1ms[39m
[32m[Nest] 31  - [39m07/04/2025, 10:28:00 PM [32m    LOG[39m [38;5;3m[RouterExplorer] [39m[32mMapped {/api/fhir/:resourceType/:id, PUT} route[39m[38;5;3m +0ms[39m
[32m[Nest] 31  - [39m07/04/2025, 10:28:00 PM [32m    LOG[39m [38;5;3m[RouterExplorer] [39m[32mMapped {/api/fhir/:resourceType/:id, DELETE} route[39m[38;5;3m +0ms[39m
[32m[Nest] 31  - [39m07/04/2025, 10:28:00 PM [32m    LOG[39m [38;5;3m[RouterExplorer] [39m[32mMapped {/api/fhir, GET} route[39m[38;5;3m +0ms[39m
[32m[Nest] 31  - [39m07/04/2025, 10:28:00 PM [32m    LOG[39m [38;5;3m[RoutesResolver] [39m[32mPatientController {/api/fhir/Patient}:[39m[38;5;3m +1ms[39m
[32m[Nest] 31  - [39m07/04/2025, 10:28:00 PM [32m    LOG[39m [38;5;3m[RouterExplorer] [39m[32mMapped {/api/fhir/Patient/$my-profile, GET} route[39m[38;5;3m +0ms[39m
[32m[Nest] 31  - [39m07/04/2025, 10:28:00 PM [32m    LOG[39m [38;5;3m[RouterExplorer] [39m[32mMapped {/api/fhir/Patient/$my-encounters, GET} route[39m[38;5;3m +0ms[39m
[32m[Nest] 31  - [39m07/04/2025, 10:28:00 PM [32m    LOG[39m [38;5;3m[RouterExplorer] [39m[32mMapped {/api/fhir/Patient/$my-observations, GET} route[39m[38;5;3m +0ms[39m
[32m[Nest] 31  - [39m07/04/2025, 10:28:00 PM [32m    LOG[39m [38;5;3m[RouterExplorer] [39m[32mMapped {/api/fhir/Patient/$my-medications, GET} route[39m[38;5;3m +0ms[39m
[32m[Nest] 31  - [39m07/04/2025, 10:28:00 PM [32m    LOG[39m [38;5;3m[RouterExplorer] [39m[32mMapped {/api/fhir/Patient/:id/$everything, GET} route[39m[38;5;3m +0ms[39m
[32m[Nest] 31  - [39m07/04/2025, 10:28:00 PM [32m    LOG[39m [38;5;3m[RouterExplorer] [39m[32mMapped {/api/fhir/Patient/$register, POST} route[39m[38;5;3m +0ms[39m
[32m[Nest] 31  - [39m07/04/2025, 10:28:00 PM [32m    LOG[39m [38;5;3m[RouterExplorer] [39m[32mMapped {/api/fhir/Patient/$my-demographics, PATCH} route[39m[38;5;3m +1ms[39m
[32m[Nest] 31  - [39m07/04/2025, 10:28:00 PM [32m    LOG[39m [38;5;3m[RouterExplorer] [39m[32mMapped {/api/fhir/Patient/:id/assign-provider, POST} route[39m[38;5;3m +0ms[39m
[32m[Nest] 31  - [39m07/04/2025, 10:28:00 PM [32m    LOG[39m [38;5;3m[RouterExplorer] [39m[32mMapped {/api/fhir/Patient/:id/providers, GET} route[39m[38;5;3m +0ms[39m
[32m[Nest] 31  - [39m07/04/2025, 10:28:00 PM [32m    LOG[39m [38;5;3m[RouterExplorer] [39m[32mMapped {/api/fhir/Patient/search, GET} route[39m[38;5;3m +0ms[39m
[32m[Nest] 31  - [39m07/04/2025, 10:28:00 PM [32m    LOG[39m [38;5;3m[RouterExplorer] [39m[32mMapped {/api/fhir/Patient/$summary, GET} route[39m[38;5;3m +0ms[39m
[32m[Nest] 31  - [39m07/04/2025, 10:28:00 PM [32m    LOG[39m [38;5;3m[RouterExplorer] [39m[32mMapped {/api/fhir/Patient, GET} route[39m[38;5;3m +0ms[39m
[32m[Nest] 31  - [39m07/04/2025, 10:28:00 PM [32m    LOG[39m [38;5;3m[RouterExplorer] [39m[32mMapped {/api/fhir/Patient/:id, GET} route[39m[38;5;3m +0ms[39m
[32m[Nest] 31  - [39m07/04/2025, 10:28:00 PM [32m    LOG[39m [38;5;3m[RouterExplorer] [39m[32mMapped {/api/fhir/Patient, POST} route[39m[38;5;3m +0ms[39m
[32m[Nest] 31  - [39m07/04/2025, 10:28:00 PM [32m    LOG[39m [38;5;3m[RouterExplorer] [39m[32mMapped {/api/fhir/Patient/:id, PUT} route[39m[38;5;3m +0ms[39m
[32m[Nest] 31  - [39m07/04/2025, 10:28:00 PM [32m    LOG[39m [38;5;3m[RouterExplorer] [39m[32mMapped {/api/fhir/Patient/:id, DELETE} route[39m[38;5;3m +1ms[39m
[32m[Nest] 31  - [39m07/04/2025, 10:28:00 PM [32m    LOG[39m [38;5;3m[RouterExplorer] [39m[32mMapped {/api/fhir/Patient/:id/_history, GET} route[39m[38;5;3m +0ms[39m
[32m[Nest] 31  - [39m07/04/2025, 10:28:00 PM [32m    LOG[39m [38;5;3m[RouterExplorer] [39m[32mMapped {/api/fhir/Patient/$validate, POST} route[39m[38;5;3m +0ms[39m
[32m[Nest] 31  - [39m07/04/2025, 10:28:00 PM [32m    LOG[39m [38;5;3m[RoutesResolver] [39m[32mPractitionerController {/api/fhir/Practitioner}:[39m[38;5;3m +0ms[39m
[32m[Nest] 31  - [39m07/04/2025, 10:28:00 PM [32m    LOG[39m [38;5;3m[RouterExplorer] [39m[32mMapped {/api/fhir/Practitioner/$my-profile, GET} route[39m[38;5;3m +0ms[39m
[32m[Nest] 31  - [39m07/04/2025, 10:28:00 PM [32m    LOG[39m [38;5;3m[RouterExplorer] [39m[32mMapped {/api/fhir/Practitioner/$my-patients, GET} route[39m[38;5;3m +0ms[39m
[32m[Nest] 31  - [39m07/04/2025, 10:28:00 PM [32m    LOG[39m [38;5;3m[RouterExplorer] [39m[32mMapped {/api/fhir/Practitioner/$my-encounters, GET} route[39m[38;5;3m +0ms[39m
[32m[Nest] 31  - [39m07/04/2025, 10:28:00 PM [32m    LOG[39m [38;5;3m[RouterExplorer] [39m[32mMapped {/api/fhir/Practitioner/:id/schedule, GET} route[39m[38;5;3m +0ms[39m
[32m[Nest] 31  - [39m07/04/2025, 10:28:00 PM [32m    LOG[39m [38;5;3m[RouterExplorer] [39m[32mMapped {/api/fhir/Practitioner/$my-details, PATCH} route[39m[38;5;3m +0ms[39m
[32m[Nest] 31  - [39m07/04/2025, 10:28:00 PM [32m    LOG[39m [38;5;3m[RouterExplorer] [39m[32mMapped {/api/fhir/Practitioner/$set-availability, POST} route[39m[38;5;3m +1ms[39m
[32m[Nest] 31  - [39m07/04/2025, 10:28:00 PM [32m    LOG[39m [38;5;3m[RouterExplorer] [39m[32mMapped {/api/fhir/Practitioner/:id/available-slots, GET} route[39m[38;5;3m +0ms[39m
[32m[Nest] 31  - [39m07/04/2025, 10:28:00 PM [32m    LOG[39m [38;5;3m[RouterExplorer] [39m[32mMapped {/api/fhir/Practitioner/search, GET} route[39m[38;5;3m +0ms[39m
[32m[Nest] 31  - [39m07/04/2025, 10:28:00 PM [32m    LOG[39m [38;5;3m[RouterExplorer] [39m[32mMapped {/api/fhir/Practitioner/$statistics, GET} route[39m[38;5;3m +0ms[39m
[32m[Nest] 31  - [39m07/04/2025, 10:28:00 PM [32m    LOG[39m [38;5;3m[RouterExplorer] [39m[32mMapped {/api/fhir/Practitioner, POST} route[39m[38;5;3m +0ms[39m
[32m[Nest] 31  - [39m07/04/2025, 10:28:00 PM [32m    LOG[39m [38;5;3m[RouterExplorer] [39m[32mMapped {/api/fhir/Practitioner/:id, GET} route[39m[38;5;3m +0ms[39m
[32m[Nest] 31  - [39m07/04/2025, 10:28:00 PM [32m    LOG[39m [38;5;3m[RouterExplorer] [39m[32mMapped {/api/fhir/Practitioner/:id, PUT} route[39m[38;5;3m +0ms[39m
[32m[Nest] 31  - [39m07/04/2025, 10:28:00 PM [32m    LOG[39m [38;5;3m[RouterExplorer] [39m[32mMapped {/api/fhir/Practitioner/:id, DELETE} route[39m[38;5;3m +0ms[39m
[32m[Nest] 31  - [39m07/04/2025, 10:28:00 PM [32m    LOG[39m [38;5;3m[RouterExplorer] [39m[32mMapped {/api/fhir/Practitioner, GET} route[39m[38;5;3m +0ms[39m
[32m[Nest] 31  - [39m07/04/2025, 10:28:00 PM [32m    LOG[39m [38;5;3m[RouterExplorer] [39m[32mMapped {/api/fhir/Practitioner/:id/_history, GET} route[39m[38;5;3m +1ms[39m
[32m[Nest] 31  - [39m07/04/2025, 10:28:00 PM [32m    LOG[39m [38;5;3m[RouterExplorer] [39m[32mMapped {/api/fhir/Practitioner/$validate, POST} route[39m[38;5;3m +0ms[39m
[32m[Nest] 31  - [39m07/04/2025, 10:28:00 PM [32m    LOG[39m [38;5;3m[RoutesResolver] [39m[32mOrganizationController {/api/organizations}:[39m[38;5;3m +0ms[39m
[32m[Nest] 31  - [39m07/04/2025, 10:28:00 PM [32m    LOG[39m [38;5;3m[RouterExplorer] [39m[32mMapped {/api/organizations, GET} route[39m[38;5;3m +0ms[39m
[32m[Nest] 31  - [39m07/04/2025, 10:28:00 PM [32m    LOG[39m [38;5;3m[RouterExplorer] [39m[32mMapped {/api/organizations/:id, GET} route[39m[38;5;3m +0ms[39m
[32m[Nest] 31  - [39m07/04/2025, 10:28:00 PM [32m    LOG[39m [38;5;3m[RouterExplorer] [39m[32mMapped {/api/organizations, POST} route[39m[38;5;3m +0ms[39m
[32m[Nest] 31  - [39m07/04/2025, 10:28:00 PM [32m    LOG[39m [38;5;3m[RouterExplorer] [39m[32mMapped {/api/organizations/:id, PUT} route[39m[38;5;3m +0ms[39m
[32m[Nest] 31  - [39m07/04/2025, 10:28:00 PM [32m    LOG[39m [38;5;3m[RouterExplorer] [39m[32mMapped {/api/organizations/:id, DELETE} route[39m[38;5;3m +0ms[39m
[32m[Nest] 31  - [39m07/04/2025, 10:28:00 PM [32m    LOG[39m [38;5;3m[RoutesResolver] [39m[32mEncounterController {/api/fhir/Encounter}:[39m[38;5;3m +0ms[39m
[32m[Nest] 31  - [39m07/04/2025, 10:28:00 PM [32m    LOG[39m [38;5;3m[RouterExplorer] [39m[32mMapped {/api/fhir/Encounter/$my-encounters, GET} route[39m[38;5;3m +0ms[39m
[32m[Nest] 31  - [39m07/04/2025, 10:28:00 PM [32m    LOG[39m [38;5;3m[RouterExplorer] [39m[32mMapped {/api/fhir/Encounter/patient/:patientId, GET} route[39m[38;5;3m +1ms[39m
[32m[Nest] 31  - [39m07/04/2025, 10:28:00 PM [32m    LOG[39m [38;5;3m[RouterExplorer] [39m[32mMapped {/api/fhir/Encounter/$active, GET} route[39m[38;5;3m +0ms[39m
[32m[Nest] 31  - [39m07/04/2025, 10:28:00 PM [32m    LOG[39m [38;5;3m[RouterExplorer] [39m[32mMapped {/api/fhir/Encounter/:id/$everything, GET} route[39m[38;5;3m +0ms[39m
[32m[Nest] 31  - [39m07/04/2025, 10:28:00 PM [32m    LOG[39m [38;5;3m[RouterExplorer] [39m[32mMapped {/api/fhir/Encounter, POST} route[39m[38;5;3m +0ms[39m
[32m[Nest] 31  - [39m07/04/2025, 10:28:00 PM [32m    LOG[39m [38;5;3m[RouterExplorer] [39m[32mMapped {/api/fhir/Encounter/:id/status, PUT} route[39m[38;5;3m +0ms[39m
[32m[Nest] 31  - [39m07/04/2025, 10:28:00 PM [32m    LOG[39m [38;5;3m[RouterExplorer] [39m[32mMapped {/api/fhir/Encounter, POST} route[39m[38;5;3m +0ms[39m
[32m[Nest] 31  - [39m07/04/2025, 10:28:00 PM [32m    LOG[39m [38;5;3m[RouterExplorer] [39m[32mMapped {/api/fhir/Encounter/:id, GET} route[39m[38;5;3m +0ms[39m
[32m[Nest] 31  - [39m07/04/2025, 10:28:00 PM [32m    LOG[39m [38;5;3m[RouterExplorer] [39m[32mMapped {/api/fhir/Encounter/:id, PUT} route[39m[38;5;3m +0ms[39m
[32m[Nest] 31  - [39m07/04/2025, 10:28:00 PM [32m    LOG[39m [38;5;3m[RouterExplorer] [39m[32mMapped {/api/fhir/Encounter/:id, DELETE} route[39m[38;5;3m +0ms[39m
[32m[Nest] 31  - [39m07/04/2025, 10:28:00 PM [32m    LOG[39m [38;5;3m[RouterExplorer] [39m[32mMapped {/api/fhir/Encounter, GET} route[39m[38;5;3m +0ms[39m
[32m[Nest] 31  - [39m07/04/2025, 10:28:00 PM [32m    LOG[39m [38;5;3m[RouterExplorer] [39m[32mMapped {/api/fhir/Encounter/:id/_history, GET} route[39m[38;5;3m +1ms[39m
[32m[Nest] 31  - [39m07/04/2025, 10:28:00 PM [32m    LOG[39m [38;5;3m[RouterExplorer] [39m[32mMapped {/api/fhir/Encounter/$validate, POST} route[39m[38;5;3m +0ms[39m
[32m[Nest] 31  - [39m07/04/2025, 10:28:00 PM [32m    LOG[39m [38;5;3m[RoutesResolver] [39m[32mObservationController {/api/fhir/Observation}:[39m[38;5;3m +0ms[39m
[32m[Nest] 31  - [39m07/04/2025, 10:28:00 PM [32m    LOG[39m [38;5;3m[RouterExplorer] [39m[32mMapped {/api/fhir/Observation/$by-code, GET} route[39m[38;5;3m +0ms[39m
[32m[Nest] 31  - [39m07/04/2025, 10:28:00 PM [32m    LOG[39m [38;5;3m[RouterExplorer] [39m[32mMapped {/api/fhir/Observation/patient/:patientId, GET} route[39m[38;5;3m +0ms[39m
[32m[Nest] 31  - [39m07/04/2025, 10:28:00 PM [32m    LOG[39m [38;5;3m[RouterExplorer] [39m[32mMapped {/api/fhir/Observation/patient/:patientId/latest, GET} route[39m[38;5;3m +0ms[39m
[32m[Nest] 31  - [39m07/04/2025, 10:28:00 PM [32m    LOG[39m [38;5;3m[RouterExplorer] [39m[32mMapped {/api/fhir/Observation/patient/:patientId/vitals, GET} route[39m[38;5;3m +1ms[39m
[32m[Nest] 31  - [39m07/04/2025, 10:28:00 PM [32m    LOG[39m [38;5;3m[RouterExplorer] [39m[32mMapped {/api/fhir/Observation/patient/:patientId/labs, GET} route[39m[38;5;3m +0ms[39m
[32m[Nest] 31  - [39m07/04/2025, 10:28:00 PM [32m    LOG[39m [38;5;3m[RouterExplorer] [39m[32mMapped {/api/fhir/Observation/$by-component, GET} route[39m[38;5;3m +0ms[39m
[32m[Nest] 31  - [39m07/04/2025, 10:28:00 PM [32m    LOG[39m [38;5;3m[RouterExplorer] [39m[32mMapped {/api/fhir/Observation/$by-value-range, GET} route[39m[38;5;3m +0ms[39m
[32m[Nest] 31  - [39m07/04/2025, 10:28:00 PM [32m    LOG[39m [38;5;3m[RouterExplorer] [39m[32mMapped {/api/fhir/Observation/search/by-component-value, GET} route[39m[38;5;3m +0ms[39m
[32m[Nest] 31  - [39m07/04/2025, 10:28:00 PM [32m    LOG[39m [38;5;3m[RouterExplorer] [39m[32mMapped {/api/fhir/Observation/search/by-reference-range, GET} route[39m[38;5;3m +0ms[39m
[32m[Nest] 31  - [39m07/04/2025, 10:28:00 PM [32m    LOG[39m [38;5;3m[RouterExplorer] [39m[32mMapped {/api/fhir/Observation, POST} route[39m[38;5;3m +1ms[39m
[32m[Nest] 31  - [39m07/04/2025, 10:28:00 PM [32m    LOG[39m [38;5;3m[RouterExplorer] [39m[32mMapped {/api/fhir/Observation, POST} route[39m[38;5;3m +0ms[39m
[32m[Nest] 31  - [39m07/04/2025, 10:28:00 PM [32m    LOG[39m [38;5;3m[RouterExplorer] [39m[32mMapped {/api/fhir/Observation/:id, GET} route[39m[38;5;3m +0ms[39m
[32m[Nest] 31  - [39m07/04/2025, 10:28:00 PM [32m    LOG[39m [38;5;3m[RouterExplorer] [39m[32mMapped {/api/fhir/Observation/:id, PUT} route[39m[38;5;3m +0ms[39m
[32m[Nest] 31  - [39m07/04/2025, 10:28:00 PM [32m    LOG[39m [38;5;3m[RouterExplorer] [39m[32mMapped {/api/fhir/Observation/:id, DELETE} route[39m[38;5;3m +0ms[39m
[32m[Nest] 31  - [39m07/04/2025, 10:28:00 PM [32m    LOG[39m [38;5;3m[RouterExplorer] [39m[32mMapped {/api/fhir/Observation, GET} route[39m[38;5;3m +0ms[39m
[32m[Nest] 31  - [39m07/04/2025, 10:28:00 PM [32m    LOG[39m [38;5;3m[RouterExplorer] [39m[32mMapped {/api/fhir/Observation/:id/_history, GET} route[39m[38;5;3m +0ms[39m
[32m[Nest] 31  - [39m07/04/2025, 10:28:00 PM [32m    LOG[39m [38;5;3m[RouterExplorer] [39m[32mMapped {/api/fhir/Observation/$validate, POST} route[39m[38;5;3m +1ms[39m
[32m[Nest] 31  - [39m07/04/2025, 10:28:00 PM [32m    LOG[39m [38;5;3m[RoutesResolver] [39m[32mDiagnosticReportController {/api/fhir/DiagnosticReport}:[39m[38;5;3m +0ms[39m
[32m[Nest] 31  - [39m07/04/2025, 10:28:00 PM [32m    LOG[39m [38;5;3m[RouterExplorer] [39m[32mMapped {/api/fhir/DiagnosticReport/$my-reports, GET} route[39m[38;5;3m +0ms[39m
[32m[Nest] 31  - [39m07/04/2025, 10:28:00 PM [32m    LOG[39m [38;5;3m[RouterExplorer] [39m[32mMapped {/api/fhir/DiagnosticReport/patient/:patientId, GET} route[39m[38;5;3m +0ms[39m
[32m[Nest] 31  - [39m07/04/2025, 10:28:00 PM [32m    LOG[39m [38;5;3m[RouterExplorer] [39m[32mMapped {/api/fhir/DiagnosticReport/$by-category, GET} route[39m[38;5;3m +0ms[39m
[32m[Nest] 31  - [39m07/04/2025, 10:28:00 PM [32m    LOG[39m [38;5;3m[RouterExplorer] [39m[32mMapped {/api/fhir/DiagnosticReport/encounter/:encounterId, GET} route[39m[38;5;3m +0ms[39m
[32m[Nest] 31  - [39m07/04/2025, 10:28:00 PM [32m    LOG[39m [38;5;3m[RouterExplorer] [39m[32mMapped {/api/fhir/DiagnosticReport, POST} route[39m[38;5;3m +1ms[39m
[32m[Nest] 31  - [39m07/04/2025, 10:28:00 PM [32m    LOG[39m [38;5;3m[RouterExplorer] [39m[32mMapped {/api/fhir/DiagnosticReport, POST} route[39m[38;5;3m +0ms[39m
[32m[Nest] 31  - [39m07/04/2025, 10:28:00 PM [32m    LOG[39m [38;5;3m[RouterExplorer] [39m[32mMapped {/api/fhir/DiagnosticReport/:id, GET} route[39m[38;5;3m +0ms[39m
[32m[Nest] 31  - [39m07/04/2025, 10:28:00 PM [32m    LOG[39m [38;5;3m[RouterExplorer] [39m[32mMapped {/api/fhir/DiagnosticReport/:id, PUT} route[39m[38;5;3m +0ms[39m
[32m[Nest] 31  - [39m07/04/2025, 10:28:00 PM [32m    LOG[39m [38;5;3m[RouterExplorer] [39m[32mMapped {/api/fhir/DiagnosticReport/:id, DELETE} route[39m[38;5;3m +0ms[39m
[32m[Nest] 31  - [39m07/04/2025, 10:28:00 PM [32m    LOG[39m [38;5;3m[RouterExplorer] [39m[32mMapped {/api/fhir/DiagnosticReport, GET} route[39m[38;5;3m +0ms[39m
[32m[Nest] 31  - [39m07/04/2025, 10:28:00 PM [32m    LOG[39m [38;5;3m[RouterExplorer] [39m[32mMapped {/api/fhir/DiagnosticReport/:id/_history, GET} route[39m[38;5;3m +1ms[39m
[32m[Nest] 31  - [39m07/04/2025, 10:28:00 PM [32m    LOG[39m [38;5;3m[RouterExplorer] [39m[32mMapped {/api/fhir/DiagnosticReport/$validate, POST} route[39m[38;5;3m +0ms[39m
[32m[Nest] 31  - [39m07/04/2025, 10:28:00 PM [32m    LOG[39m [38;5;3m[RoutesResolver] [39m[32mMedicationController {/api/fhir/Medication}:[39m[38;5;3m +0ms[39m
[32m[Nest] 31  - [39m07/04/2025, 10:28:00 PM [32m    LOG[39m [38;5;3m[RouterExplorer] [39m[32mMapped {/api/fhir/Medication/$by-code, GET} route[39m[38;5;3m +0ms[39m
[32m[Nest] 31  - [39m07/04/2025, 10:28:00 PM [32m    LOG[39m [38;5;3m[RouterExplorer] [39m[32mMapped {/api/fhir/Medication/$common, GET} route[39m[38;5;3m +0ms[39m
[32m[Nest] 31  - [39m07/04/2025, 10:28:00 PM [32m    LOG[39m [38;5;3m[RouterExplorer] [39m[32mMapped {/api/fhir/Medication, POST} route[39m[38;5;3m +0ms[39m
[32m[Nest] 31  - [39m07/04/2025, 10:28:00 PM [32m    LOG[39m [38;5;3m[RouterExplorer] [39m[32mMapped {/api/fhir/Medication, POST} route[39m[38;5;3m +0ms[39m
[32m[Nest] 31  - [39m07/04/2025, 10:28:00 PM [32m    LOG[39m [38;5;3m[RouterExplorer] [39m[32mMapped {/api/fhir/Medication/:id, GET} route[39m[38;5;3m +1ms[39m
[32m[Nest] 31  - [39m07/04/2025, 10:28:00 PM [32m    LOG[39m [38;5;3m[RouterExplorer] [39m[32mMapped {/api/fhir/Medication/:id, PUT} route[39m[38;5;3m +0ms[39m
[32m[Nest] 31  - [39m07/04/2025, 10:28:00 PM [32m    LOG[39m [38;5;3m[RouterExplorer] [39m[32mMapped {/api/fhir/Medication/:id, DELETE} route[39m[38;5;3m +0ms[39m
[32m[Nest] 31  - [39m07/04/2025, 10:28:00 PM [32m    LOG[39m [38;5;3m[RouterExplorer] [39m[32mMapped {/api/fhir/Medication, GET} route[39m[38;5;3m +0ms[39m
[32m[Nest] 31  - [39m07/04/2025, 10:28:00 PM [32m    LOG[39m [38;5;3m[RouterExplorer] [39m[32mMapped {/api/fhir/Medication/:id/_history, GET} route[39m[38;5;3m +0ms[39m
[32m[Nest] 31  - [39m07/04/2025, 10:28:00 PM [32m    LOG[39m [38;5;3m[RouterExplorer] [39m[32mMapped {/api/fhir/Medication/$validate, POST} route[39m[38;5;3m +1ms[39m
[32m[Nest] 31  - [39m07/04/2025, 10:28:00 PM [32m    LOG[39m [38;5;3m[RoutesResolver] [39m[32mMedicationRequestController {/api/fhir/MedicationRequest}:[39m[38;5;3m +0ms[39m
[32m[Nest] 31  - [39m07/04/2025, 10:28:00 PM [32m    LOG[39m [38;5;3m[RouterExplorer] [39m[32mMapped {/api/fhir/MedicationRequest/$my-medications, GET} route[39m[38;5;3m +0ms[39m
[32m[Nest] 31  - [39m07/04/2025, 10:28:00 PM [32m    LOG[39m [38;5;3m[RouterExplorer] [39m[32mMapped {/api/fhir/MedicationRequest/patient/:patientId/active, GET} route[39m[38;5;3m +0ms[39m
[32m[Nest] 31  - [39m07/04/2025, 10:28:00 PM [32m    LOG[39m [38;5;3m[RouterExplorer] [39m[32mMapped {/api/fhir/MedicationRequest/encounter/:encounterId, GET} route[39m[38;5;3m +0ms[39m
[32m[Nest] 31  - [39m07/04/2025, 10:28:00 PM [32m    LOG[39m [38;5;3m[RouterExplorer] [39m[32mMapped {/api/fhir/MedicationRequest, POST} route[39m[38;5;3m +0ms[39m
[32m[Nest] 31  - [39m07/04/2025, 10:28:00 PM [32m    LOG[39m [38;5;3m[RouterExplorer] [39m[32mMapped {/api/fhir/MedicationRequest, POST} route[39m[38;5;3m +0ms[39m
[32m[Nest] 31  - [39m07/04/2025, 10:28:00 PM [32m    LOG[39m [38;5;3m[RouterExplorer] [39m[32mMapped {/api/fhir/MedicationRequest/:id, GET} route[39m[38;5;3m +0ms[39m
[32m[Nest] 31  - [39m07/04/2025, 10:28:00 PM [32m    LOG[39m [38;5;3m[RouterExplorer] [39m[32mMapped {/api/fhir/MedicationRequest/:id, PUT} route[39m[38;5;3m +1ms[39m
[32m[Nest] 31  - [39m07/04/2025, 10:28:00 PM [32m    LOG[39m [38;5;3m[RouterExplorer] [39m[32mMapped {/api/fhir/MedicationRequest/:id, DELETE} route[39m[38;5;3m +0ms[39m
[32m[Nest] 31  - [39m07/04/2025, 10:28:00 PM [32m    LOG[39m [38;5;3m[RouterExplorer] [39m[32mMapped {/api/fhir/MedicationRequest, GET} route[39m[38;5;3m +0ms[39m
[32m[Nest] 31  - [39m07/04/2025, 10:28:00 PM [32m    LOG[39m [38;5;3m[RouterExplorer] [39m[32mMapped {/api/fhir/MedicationRequest/:id/_history, GET} route[39m[38;5;3m +0ms[39m
[32m[Nest] 31  - [39m07/04/2025, 10:28:00 PM [32m    LOG[39m [38;5;3m[RouterExplorer] [39m[32mMapped {/api/fhir/MedicationRequest/$validate, POST} route[39m[38;5;3m +0ms[39m
[32m[Nest] 31  - [39m07/04/2025, 10:28:00 PM [32m    LOG[39m [38;5;3m[RoutesResolver] [39m[32mQuestionnaireController {/api/questionnaires}:[39m[38;5;3m +0ms[39m
[32m[Nest] 31  - [39m07/04/2025, 10:28:00 PM [32m    LOG[39m [38;5;3m[RouterExplorer] [39m[32mMapped {/api/questionnaires, GET} route[39m[38;5;3m +0ms[39m
[32m[Nest] 31  - [39m07/04/2025, 10:28:00 PM [32m    LOG[39m [38;5;3m[RouterExplorer] [39m[32mMapped {/api/questionnaires/:id, GET} route[39m[38;5;3m +0ms[39m
[32m[Nest] 31  - [39m07/04/2025, 10:28:00 PM [32m    LOG[39m [38;5;3m[RouterExplorer] [39m[32mMapped {/api/questionnaires, POST} route[39m[38;5;3m +0ms[39m
[32m[Nest] 31  - [39m07/04/2025, 10:28:00 PM [32m    LOG[39m [38;5;3m[RouterExplorer] [39m[32mMapped {/api/questionnaires/:id, PUT} route[39m[38;5;3m +0ms[39m
[32m[Nest] 31  - [39m07/04/2025, 10:28:00 PM [32m    LOG[39m [38;5;3m[RouterExplorer] [39m[32mMapped {/api/questionnaires/:id, DELETE} route[39m[38;5;3m +0ms[39m
[32m[Nest] 31  - [39m07/04/2025, 10:28:00 PM [32m    LOG[39m [38;5;3m[RoutesResolver] [39m[32mPaymentController {/api/payments}:[39m[38;5;3m +0ms[39m
[32m[Nest] 31  - [39m07/04/2025, 10:28:00 PM [32m    LOG[39m [38;5;3m[RouterExplorer] [39m[32mMapped {/api/payments, GET} route[39m[38;5;3m +1ms[39m
[32m[Nest] 31  - [39m07/04/2025, 10:28:00 PM [32m    LOG[39m [38;5;3m[RouterExplorer] [39m[32mMapped {/api/payments/:id, GET} route[39m[38;5;3m +0ms[39m
[32m[Nest] 31  - [39m07/04/2025, 10:28:00 PM [32m    LOG[39m [38;5;3m[RouterExplorer] [39m[32mMapped {/api/payments, POST} route[39m[38;5;3m +0ms[39m
[32m[Nest] 31  - [39m07/04/2025, 10:28:00 PM [32m    LOG[39m [38;5;3m[RouterExplorer] [39m[32mMapped {/api/payments/:id, PUT} route[39m[38;5;3m +0ms[39m
[32m[Nest] 31  - [39m07/04/2025, 10:28:00 PM [32m    LOG[39m [38;5;3m[RouterExplorer] [39m[32mMapped {/api/payments/:id, DELETE} route[39m[38;5;3m +0ms[39m
[32m[Nest] 31  - [39m07/04/2025, 10:28:00 PM [32m    LOG[39m [38;5;3m[RoutesResolver] [39m[32mConditionController {/api/fhir/Condition}:[39m[38;5;3m +0ms[39m
[32m[Nest] 31  - [39m07/04/2025, 10:28:00 PM [32m    LOG[39m [38;5;3m[RouterExplorer] [39m[32mMapped {/api/fhir/Condition/$my-conditions, GET} route[39m[38;5;3m +0ms[39m
[32m[Nest] 31  - [39m07/04/2025, 10:28:00 PM [32m    LOG[39m [38;5;3m[RouterExplorer] [39m[32mMapped {/api/fhir/Condition/patient/:patientId, GET} route[39m[38;5;3m +0ms[39m
[32m[Nest] 31  - [39m07/04/2025, 10:28:00 PM [32m    LOG[39m [38;5;3m[RouterExplorer] [39m[32mMapped {/api/fhir/Condition/patient/:patientId/active, GET} route[39m[38;5;3m +0ms[39m
[32m[Nest] 31  - [39m07/04/2025, 10:28:00 PM [32m    LOG[39m [38;5;3m[RouterExplorer] [39m[32mMapped {/api/fhir/Condition/$by-category, GET} route[39m[38;5;3m +0ms[39m
[32m[Nest] 31  - [39m07/04/2025, 10:28:00 PM [32m    LOG[39m [38;5;3m[RouterExplorer] [39m[32mMapped {/api/fhir/Condition/encounter/:encounterId, GET} route[39m[38;5;3m +0ms[39m
[32m[Nest] 31  - [39m07/04/2025, 10:28:00 PM [32m    LOG[39m [38;5;3m[RouterExplorer] [39m[32mMapped {/api/fhir/Condition, POST} route[39m[38;5;3m +0ms[39m
[32m[Nest] 31  - [39m07/04/2025, 10:28:00 PM [32m    LOG[39m [38;5;3m[RouterExplorer] [39m[32mMapped {/api/fhir/Condition, POST} route[39m[38;5;3m +1ms[39m
[32m[Nest] 31  - [39m07/04/2025, 10:28:00 PM [32m    LOG[39m [38;5;3m[RouterExplorer] [39m[32mMapped {/api/fhir/Condition/:id, GET} route[39m[38;5;3m +0ms[39m
[32m[Nest] 31  - [39m07/04/2025, 10:28:00 PM [32m    LOG[39m [38;5;3m[RouterExplorer] [39m[32mMapped {/api/fhir/Condition/:id, PUT} route[39m[38;5;3m +0ms[39m
[32m[Nest] 31  - [39m07/04/2025, 10:28:00 PM [32m    LOG[39m [38;5;3m[RouterExplorer] [39m[32mMapped {/api/fhir/Condition/:id, DELETE} route[39m[38;5;3m +0ms[39m
[32m[Nest] 31  - [39m07/04/2025, 10:28:00 PM [32m    LOG[39m [38;5;3m[RouterExplorer] [39m[32mMapped {/api/fhir/Condition, GET} route[39m[38;5;3m +0ms[39m
[32m[Nest] 31  - [39m07/04/2025, 10:28:00 PM [32m    LOG[39m [38;5;3m[RouterExplorer] [39m[32mMapped {/api/fhir/Condition/:id/_history, GET} route[39m[38;5;3m +0ms[39m
[32m[Nest] 31  - [39m07/04/2025, 10:28:00 PM [32m    LOG[39m [38;5;3m[RouterExplorer] [39m[32mMapped {/api/fhir/Condition/$validate, POST} route[39m[38;5;3m +0ms[39m
[32m[Nest] 31  - [39m07/04/2025, 10:28:00 PM [32m    LOG[39m [38;5;3m[RoutesResolver] [39m[32mProcedureController {/api/fhir/Procedure}:[39m[38;5;3m +1ms[39m
[32m[Nest] 31  - [39m07/04/2025, 10:28:00 PM [32m    LOG[39m [38;5;3m[RouterExplorer] [39m[32mMapped {/api/fhir/Procedure/$my-procedures, GET} route[39m[38;5;3m +0ms[39m
[32m[Nest] 31  - [39m07/04/2025, 10:28:00 PM [32m    LOG[39m [38;5;3m[RouterExplorer] [39m[32mMapped {/api/fhir/Procedure/patient/:patientId, GET} route[39m[38;5;3m +0ms[39m
[32m[Nest] 31  - [39m07/04/2025, 10:28:00 PM [32m    LOG[39m [38;5;3m[RouterExplorer] [39m[32mMapped {/api/fhir/Procedure/$by-code, GET} route[39m[38;5;3m +0ms[39m
[32m[Nest] 31  - [39m07/04/2025, 10:28:00 PM [32m    LOG[39m [38;5;3m[RouterExplorer] [39m[32mMapped {/api/fhir/Procedure/encounter/:encounterId, GET} route[39m[38;5;3m +0ms[39m
[32m[Nest] 31  - [39m07/04/2025, 10:28:00 PM [32m    LOG[39m [38;5;3m[RouterExplorer] [39m[32mMapped {/api/fhir/Procedure, POST} route[39m[38;5;3m +0ms[39m
[32m[Nest] 31  - [39m07/04/2025, 10:28:00 PM [32m    LOG[39m [38;5;3m[RouterExplorer] [39m[32mMapped {/api/fhir/Procedure, POST} route[39m[38;5;3m +0ms[39m
[32m[Nest] 31  - [39m07/04/2025, 10:28:00 PM [32m    LOG[39m [38;5;3m[RouterExplorer] [39m[32mMapped {/api/fhir/Procedure/:id, GET} route[39m[38;5;3m +0ms[39m
[32m[Nest] 31  - [39m07/04/2025, 10:28:00 PM [32m    LOG[39m [38;5;3m[RouterExplorer] [39m[32mMapped {/api/fhir/Procedure/:id, PUT} route[39m[38;5;3m +1ms[39m
[32m[Nest] 31  - [39m07/04/2025, 10:28:00 PM [32m    LOG[39m [38;5;3m[RouterExplorer] [39m[32mMapped {/api/fhir/Procedure/:id, DELETE} route[39m[38;5;3m +0ms[39m
[32m[Nest] 31  - [39m07/04/2025, 10:28:00 PM [32m    LOG[39m [38;5;3m[RouterExplorer] [39m[32mMapped {/api/fhir/Procedure, GET} route[39m[38;5;3m +0ms[39m
[32m[Nest] 31  - [39m07/04/2025, 10:28:00 PM [32m    LOG[39m [38;5;3m[RouterExplorer] [39m[32mMapped {/api/fhir/Procedure/:id/_history, GET} route[39m[38;5;3m +0ms[39m
[32m[Nest] 31  - [39m07/04/2025, 10:28:00 PM [32m    LOG[39m [38;5;3m[RouterExplorer] [39m[32mMapped {/api/fhir/Procedure/$validate, POST} route[39m[38;5;3m +0ms[39m
[32m[Nest] 31  - [39m07/04/2025, 10:28:00 PM [32m    LOG[39m [38;5;3m[RoutesResolver] [39m[32mTerminologyController {/api/fhir/terminology}:[39m[38;5;3m +0ms[39m
[32m[Nest] 31  - [39m07/04/2025, 10:28:00 PM [32m    LOG[39m [38;5;3m[RouterExplorer] [39m[32mMapped {/api/fhir/terminology/validate-code, GET} route[39m[38;5;3m +0ms[39m
[32m[Nest] 31  - [39m07/04/2025, 10:28:00 PM [32m    LOG[39m [38;5;3m[RouterExplorer] [39m[32mMapped {/api/fhir/terminology/expand, GET} route[39m[38;5;3m +0ms[39m
[32m[Nest] 31  - [39m07/04/2025, 10:28:00 PM [32m    LOG[39m [38;5;3m[RouterExplorer] [39m[32mMapped {/api/fhir/terminology/translate, GET} route[39m[38;5;3m +0ms[39m
[32m[Nest] 31  - [39m07/04/2025, 10:28:00 PM [32m    LOG[39m [38;5;3m[RouterExplorer] [39m[32mMapped {/api/fhir/terminology/lookup, GET} route[39m[38;5;3m +0ms[39m
[32m[Nest] 31  - [39m07/04/2025, 10:28:00 PM [32m    LOG[39m [38;5;3m[RouterExplorer] [39m[32mMapped {/api/fhir/terminology/find-matches, POST} route[39m[38;5;3m +0ms[39m
[32m[Nest] 31  - [39m07/04/2025, 10:28:00 PM [32m    LOG[39m [38;5;3m[RoutesResolver] [39m[32mValidationController {/api/fhir}:[39m[38;5;3m +0ms[39m
[32m[Nest] 31  - [39m07/04/2025, 10:28:00 PM [32m    LOG[39m [38;5;3m[RouterExplorer] [39m[32mMapped {/api/fhir/:resourceType/$validate, POST} route[39m[38;5;3m +1ms[39m
[32m[Nest] 31  - [39m07/04/2025, 10:28:00 PM [32m    LOG[39m [38;5;3m[RouterExplorer] [39m[32mMapped {/api/fhir/:resourceType/:id/$validate, POST} route[39m[38;5;3m +0ms[39m
[32m[Nest] 31  - [39m07/04/2025, 10:28:00 PM [32m    LOG[39m [38;5;3m[RouterExplorer] [39m[32mMapped {/api/fhir/$validate-batch, POST} route[39m[38;5;3m +0ms[39m
[32m[Nest] 31  - [39m07/04/2025, 10:28:00 PM [32m    LOG[39m [38;5;3m[RoutesResolver] [39m[32mDocumentationController {/api/fhir/documentation}:[39m[38;5;3m +0ms[39m
[32m[Nest] 31  - [39m07/04/2025, 10:28:00 PM [32m    LOG[39m [38;5;3m[RouterExplorer] [39m[32mMapped {/api/fhir/documentation, GET} route[39m[38;5;3m +0ms[39m
[32m[Nest] 31  - [39m07/04/2025, 10:28:00 PM [32m    LOG[39m [38;5;3m[RouterExplorer] [39m[32mMapped {/api/fhir/documentation/examples/:resourceType, GET} route[39m[38;5;3m +0ms[39m
[32m[Nest] 31  - [39m07/04/2025, 10:28:00 PM [32m    LOG[39m [38;5;3m[RouterExplorer] [39m[32mMapped {/api/fhir/documentation/operations, GET} route[39m[38;5;3m +0ms[39m
[32m[Nest] 31  - [39m07/04/2025, 10:28:00 PM [32m    LOG[39m [38;5;3m[RouterExplorer] [39m[32mMapped {/api/fhir/documentation/usage, GET} route[39m[38;5;3m +1ms[39m
[32m[Nest] 31  - [39m07/04/2025, 10:28:00 PM [32m    LOG[39m [38;5;3m[RoutesResolver] [39m[32mExamplePaginationController {/api/fhir/examples}:[39m[38;5;3m +0ms[39m
[32m[Nest] 31  - [39m07/04/2025, 10:28:00 PM [32m    LOG[39m [38;5;3m[RouterExplorer] [39m[32mMapped {/api/fhir/examples/paginated-patients, GET} route[39m[38;5;3m +0ms[39m
[32m[Nest] 31  - [39m07/04/2025, 10:28:00 PM [32m    LOG[39m [38;5;3m[RouterExplorer] [39m[32mMapped {/api/fhir/examples/paginated-practitioners, GET} route[39m[38;5;3m +0ms[39m
[32m[Nest] 31  - [39m07/04/2025, 10:28:00 PM [32m    LOG[39m [38;5;3m[RoutesResolver] [39m[32mAllergyIntoleranceController {/api/fhir/AllergyIntolerance}:[39m[38;5;3m +0ms[39m
[32m[Nest] 31  - [39m07/04/2025, 10:28:00 PM [32m    LOG[39m [38;5;3m[RouterExplorer] [39m[32mMapped {/api/fhir/AllergyIntolerance/$my-allergies, GET} route[39m[38;5;3m +0ms[39m
[32m[Nest] 31  - [39m07/04/2025, 10:28:00 PM [32m    LOG[39m [38;5;3m[RouterExplorer] [39m[32mMapped {/api/fhir/AllergyIntolerance/patient/:patientId, GET} route[39m[38;5;3m +0ms[39m
[32m[Nest] 31  - [39m07/04/2025, 10:28:00 PM [32m    LOG[39m [38;5;3m[RouterExplorer] [39m[32mMapped {/api/fhir/AllergyIntolerance, POST} route[39m[38;5;3m +1ms[39m
[32m[Nest] 31  - [39m07/04/2025, 10:28:00 PM [32m    LOG[39m [38;5;3m[RouterExplorer] [39m[32mMapped {/api/fhir/AllergyIntolerance/$by-code, GET} route[39m[38;5;3m +0ms[39m
[32m[Nest] 31  - [39m07/04/2025, 10:28:00 PM [32m    LOG[39m [38;5;3m[RouterExplorer] [39m[32mMapped {/api/fhir/AllergyIntolerance, POST} route[39m[38;5;3m +0ms[39m
[32m[Nest] 31  - [39m07/04/2025, 10:28:00 PM [32m    LOG[39m [38;5;3m[RouterExplorer] [39m[32mMapped {/api/fhir/AllergyIntolerance/:id, GET} route[39m[38;5;3m +0ms[39m
[32m[Nest] 31  - [39m07/04/2025, 10:28:00 PM [32m    LOG[39m [38;5;3m[RouterExplorer] [39m[32mMapped {/api/fhir/AllergyIntolerance/:id, PUT} route[39m[38;5;3m +0ms[39m
[32m[Nest] 31  - [39m07/04/2025, 10:28:00 PM [32m    LOG[39m [38;5;3m[RouterExplorer] [39m[32mMapped {/api/fhir/AllergyIntolerance/:id, DELETE} route[39m[38;5;3m +0ms[39m
[32m[Nest] 31  - [39m07/04/2025, 10:28:00 PM [32m    LOG[39m [38;5;3m[RouterExplorer] [39m[32mMapped {/api/fhir/AllergyIntolerance, GET} route[39m[38;5;3m +0ms[39m
[32m[Nest] 31  - [39m07/04/2025, 10:28:00 PM [32m    LOG[39m [38;5;3m[RouterExplorer] [39m[32mMapped {/api/fhir/AllergyIntolerance/:id/_history, GET} route[39m[38;5;3m +0ms[39m
[32m[Nest] 31  - [39m07/04/2025, 10:28:00 PM [32m    LOG[39m [38;5;3m[RouterExplorer] [39m[32mMapped {/api/fhir/AllergyIntolerance/$validate, POST} route[39m[38;5;3m +0ms[39m
[32m[Nest] 31  - [39m07/04/2025, 10:28:00 PM [32m    LOG[39m [38;5;3m[RoutesResolver] [39m[32mFhirQueryGuideController {/api/fhir/help}:[39m[38;5;3m +0ms[39m
[32m[Nest] 31  - [39m07/04/2025, 10:28:00 PM [32m    LOG[39m [38;5;3m[RouterExplorer] [39m[32mMapped {/api/fhir/help/query-guide, GET} route[39m[38;5;3m +0ms[39m
[32m[Nest] 31  - [39m07/04/2025, 10:28:00 PM [32m    LOG[39m [38;5;3m[RouterExplorer] [39m[32mMapped {/api/fhir/help/codes, GET} route[39m[38;5;3m +1ms[39m
[32m[Nest] 31  - [39m07/04/2025, 10:28:00 PM [32m    LOG[39m [38;5;3m[RoutesResolver] [39m[32mAuditEventController {/api/api/audit}:[39m[38;5;3m +0ms[39m
[32m[Nest] 31  - [39m07/04/2025, 10:28:00 PM [32m    LOG[39m [38;5;3m[RouterExplorer] [39m[32mMapped {/api/api/audit, GET} route[39m[38;5;3m +0ms[39m
[32m[Nest] 31  - [39m07/04/2025, 10:28:00 PM [32m    LOG[39m [38;5;3m[RouterExplorer] [39m[32mMapped {/api/api/audit/user/:userId, GET} route[39m[38;5;3m +0ms[39m
[32m[Nest] 31  - [39m07/04/2025, 10:28:00 PM [32m    LOG[39m [38;5;3m[RouterExplorer] [39m[32mMapped {/api/api/audit/resource/:resourceType/:resourceId, GET} route[39m[38;5;3m +0ms[39m
[32m[Nest] 31  - [39m07/04/2025, 10:28:00 PM [32m    LOG[39m [38;5;3m[RouterExplorer] [39m[32mMapped {/api/api/audit/search, GET} route[39m[38;5;3m +0ms[39m
[32m[Nest] 31  - [39m07/04/2025, 10:28:00 PM [32m    LOG[39m [38;5;3m[RoutesResolver] [39m[32mHealthController {/api/health}:[39m[38;5;3m +0ms[39m
[32m[Nest] 31  - [39m07/04/2025, 10:28:00 PM [32m    LOG[39m [38;5;3m[RouterExplorer] [39m[32mMapped {/api/health, GET} route[39m[38;5;3m +0ms[39m
[32m[Nest] 31  - [39m07/04/2025, 10:28:00 PM [32m    LOG[39m [38;5;3m[RoutesResolver] [39m[32mDashboardController {/api/dashboard}:[39m[38;5;3m +0ms[39m
[32m[Nest] 31  - [39m07/04/2025, 10:28:00 PM [32m    LOG[39m [38;5;3m[RouterExplorer] [39m[32mMapped {/api/dashboard, GET} route[39m[38;5;3m +0ms[39m
[32m[Nest] 31  - [39m07/04/2025, 10:28:00 PM [32m    LOG[39m [38;5;3m[RoutesResolver] [39m[32mImagingController {/api/imaging}:[39m[38;5;3m +0ms[39m
[32m[Nest] 31  - [39m07/04/2025, 10:28:00 PM [32m    LOG[39m [38;5;3m[RouterExplorer] [39m[32mMapped {/api/imaging/test/health, GET} route[39m[38;5;3m +0ms[39m
[32m[Nest] 31  - [39m07/04/2025, 10:28:00 PM [32m    LOG[39m [38;5;3m[RouterExplorer] [39m[32mMapped {/api/imaging/upload, POST} route[39m[38;5;3m +1ms[39m
[32m[Nest] 31  - [39m07/04/2025, 10:28:00 PM [32m    LOG[39m [38;5;3m[RouterExplorer] [39m[32mMapped {/api/imaging/analyse/:studyUid, POST} route[39m[38;5;3m +0ms[39m
[32m[Nest] 31  - [39m07/04/2025, 10:28:00 PM [32m    LOG[39m [38;5;3m[RouterExplorer] [39m[32mMapped {/api/imaging/study/:studyUid, GET} route[39m[38;5;3m +0ms[39m
[32m[Nest] 31  - [39m07/04/2025, 10:28:00 PM [32m    LOG[39m [38;5;3m[RouterExplorer] [39m[32mMapped {/api/imaging/test/ai, GET} route[39m[38;5;3m +0ms[39m
[32m[Nest] 31  - [39m07/04/2025, 10:28:00 PM [32m    LOG[39m [38;5;3m[RouterExplorer] [39m[32mMapped {/api/imaging/test/flow, GET} route[39m[38;5;3m +0ms[39m
[32m[Nest] 31  - [39m07/04/2025, 10:28:00 PM [32m    LOG[39m [38;5;3m[RouterExplorer] [39m[32mMapped {/api/imaging/test/ai-only, GET} route[39m[38;5;3m +0ms[39m
[32m[Nest] 31  - [39m07/04/2025, 10:28:00 PM [32m    LOG[39m [38;5;3m[RoutesResolver] [39m[32mWebhookController {/api/imaging/webhook}:[39m[38;5;3m +0ms[39m
[32m[Nest] 31  - [39m07/04/2025, 10:28:00 PM [32m    LOG[39m [38;5;3m[RouterExplorer] [39m[32mMapped {/api/imaging/webhook/orthanc/new-study, POST} route[39m[38;5;3m +0ms[39m
[32m[Nest] 31  - [39m07/04/2025, 10:28:00 PM [32m    LOG[39m [38;5;3m[NestApplication] [39m[32mNest application successfully started[39m[38;5;3m +28ms[39m
🚀 Application is running on: http://localhost:3000/api
📚 API Documentation available at: http://localhost:3000/api/docs
[95m[Nest] 31  - [39m07/04/2025, 10:28:20 PM [95m  DEBUG[39m [38;5;3m[CorrelationIdMiddleware] [39m[95mIncoming request GET / [medicare-1751668100258-2d3cc5f2][39m
[32m[Nest] 31  - [39m07/04/2025, 10:28:20 PM [32m    LOG[39m [38;5;3m[DicomService] [39m[32mTesting connection to Orthanc server...[39m
[32m[Nest] 31  - [39m07/04/2025, 10:28:20 PM [32m    LOG[39m [38;5;3m[DicomService] [39m[32mSuccessfully connected to Orthanc server[39m
[95m[Nest] 31  - [39m07/04/2025, 10:28:20 PM [95m  DEBUG[39m [38;5;3m[MetricsService] [39m[95mRecorded metric: http_request_duration_ms = 32[39m
[95m[Nest] 31  - [39m07/04/2025, 10:28:20 PM [95m  DEBUG[39m [38;5;3m[MetricsService] [39m[95mObject:[39m
{
  "metric": {
    "name": "http_request_duration_ms",
    "value": 32,
    "tags": {
      "method": "GET",
      "path": "/api/imaging/test/health",
      "status": "success"
    },
    "timestamp": 1751668100298
  }
}

[95m[Nest] 31  - [39m07/04/2025, 10:28:20 PM [95m  DEBUG[39m [38;5;3m[MetricsService] [39m[95mRecorded metric: http_request_count = 1[39m
[95m[Nest] 31  - [39m07/04/2025, 10:28:20 PM [95m  DEBUG[39m [38;5;3m[MetricsService] [39m[95mObject:[39m
{
  "metric": {
    "name": "http_request_count",
    "value": 1,
    "tags": {
      "method": "GET",
      "path": "/api/imaging/test/health",
      "status": "success"
    },
    "timestamp": 1751668100300
  }
}

[95m[Nest] 31  - [39m07/04/2025, 10:28:20 PM [95m  DEBUG[39m [38;5;3m[CorrelationIdMiddleware] [39m[95mResponse 200 GET /api/imaging/test/health [medicare-1751668100258-2d3cc5f2] - 43ms[39m
[95m[Nest] 31  - [39m07/04/2025, 10:28:44 PM [95m  DEBUG[39m [38;5;3m[CorrelationIdMiddleware] [39m[95mIncoming request GET / [medicare-1751668124490-5e07bce4][39m
[33m[Nest] 31  - [39m07/04/2025, 10:28:44 PM [33m   WARN[39m [38;5;3m[CorrelationIdMiddleware] [39m[33mResponse 401 GET /api/imaging/test/ai-only [medicare-1751668124490-5e07bce4] - 3ms[39m
[95m[Nest] 31  - [39m07/04/2025, 10:28:51 PM [95m  DEBUG[39m [38;5;3m[CorrelationIdMiddleware] [39m[95mIncoming request GET / [medicare-1751668131406-7c28b4ca][39m
[32m[Nest] 31  - [39m07/04/2025, 10:28:51 PM [32m    LOG[39m [38;5;3m[DicomService] [39m[32mTesting connection to Orthanc server...[39m
[32m[Nest] 31  - [39m07/04/2025, 10:28:51 PM [32m    LOG[39m [38;5;3m[DicomService] [39m[32mSuccessfully connected to Orthanc server[39m
[95m[Nest] 31  - [39m07/04/2025, 10:28:51 PM [95m  DEBUG[39m [38;5;3m[MetricsService] [39m[95mRecorded metric: http_request_duration_ms = 4[39m
[95m[Nest] 31  - [39m07/04/2025, 10:28:51 PM [95m  DEBUG[39m [38;5;3m[MetricsService] [39m[95mObject:[39m
{
  "metric": {
    "name": "http_request_duration_ms",
    "value": 4,
    "tags": {
      "method": "GET",
      "path": "/api/imaging/test/health",
      "status": "success"
    },
    "timestamp": 1751668131411
  }
}

[95m[Nest] 31  - [39m07/04/2025, 10:28:51 PM [95m  DEBUG[39m [38;5;3m[MetricsService] [39m[95mRecorded metric: http_request_count = 1[39m
[95m[Nest] 31  - [39m07/04/2025, 10:28:51 PM [95m  DEBUG[39m [38;5;3m[MetricsService] [39m[95mObject:[39m
{
  "metric": {
    "name": "http_request_count",
    "value": 1,
    "tags": {
      "method": "GET",
      "path": "/api/imaging/test/health",
      "status": "success"
    },
    "timestamp": 1751668131411
  }
}

[95m[Nest] 31  - [39m07/04/2025, 10:28:51 PM [95m  DEBUG[39m [38;5;3m[CorrelationIdMiddleware] [39m[95mResponse 200 GET /api/imaging/test/health [medicare-1751668131406-7c28b4ca] - 6ms[39m
[95m[Nest] 31  - [39m07/04/2025, 10:29:22 PM [95m  DEBUG[39m [38;5;3m[CorrelationIdMiddleware] [39m[95mIncoming request GET / [medicare-1751668162472-c02ffbb5][39m
[32m[Nest] 31  - [39m07/04/2025, 10:29:22 PM [32m    LOG[39m [38;5;3m[DicomService] [39m[32mTesting connection to Orthanc server...[39m
[32m[Nest] 31  - [39m07/04/2025, 10:29:22 PM [32m    LOG[39m [38;5;3m[DicomService] [39m[32mSuccessfully connected to Orthanc server[39m
[95m[Nest] 31  - [39m07/04/2025, 10:29:22 PM [95m  DEBUG[39m [38;5;3m[MetricsService] [39m[95mRecorded metric: http_request_duration_ms = 4[39m
[95m[Nest] 31  - [39m07/04/2025, 10:29:22 PM [95m  DEBUG[39m [38;5;3m[MetricsService] [39m[95mObject:[39m
{
  "metric": {
    "name": "http_request_duration_ms",
    "value": 4,
    "tags": {
      "method": "GET",
      "path": "/api/imaging/test/health",
      "status": "success"
    },
    "timestamp": 1751668162477
  }
}

[95m[Nest] 31  - [39m07/04/2025, 10:29:22 PM [95m  DEBUG[39m [38;5;3m[MetricsService] [39m[95mRecorded metric: http_request_count = 1[39m
[95m[Nest] 31  - [39m07/04/2025, 10:29:22 PM [95m  DEBUG[39m [38;5;3m[MetricsService] [39m[95mObject:[39m
{
  "metric": {
    "name": "http_request_count",
    "value": 1,
    "tags": {
      "method": "GET",
      "path": "/api/imaging/test/health",
      "status": "success"
    },
    "timestamp": 1751668162477
  }
}

[95m[Nest] 31  - [39m07/04/2025, 10:29:22 PM [95m  DEBUG[39m [38;5;3m[CorrelationIdMiddleware] [39m[95mResponse 200 GET /api/imaging/test/health [medicare-1751668162472-c02ffbb5] - 5ms[39m
[95m[Nest] 31  - [39m07/04/2025, 10:29:53 PM [95m  DEBUG[39m [38;5;3m[CorrelationIdMiddleware] [39m[95mIncoming request GET / [medicare-1751668193547-c78e1366][39m
[32m[Nest] 31  - [39m07/04/2025, 10:29:53 PM [32m    LOG[39m [38;5;3m[DicomService] [39m[32mTesting connection to Orthanc server...[39m
[32m[Nest] 31  - [39m07/04/2025, 10:29:53 PM [32m    LOG[39m [38;5;3m[DicomService] [39m[32mSuccessfully connected to Orthanc server[39m
[95m[Nest] 31  - [39m07/04/2025, 10:29:53 PM [95m  DEBUG[39m [38;5;3m[MetricsService] [39m[95mRecorded metric: http_request_duration_ms = 4[39m
[95m[Nest] 31  - [39m07/04/2025, 10:29:53 PM [95m  DEBUG[39m [38;5;3m[MetricsService] [39m[95mObject:[39m
{
  "metric": {
    "name": "http_request_duration_ms",
    "value": 4,
    "tags": {
      "method": "GET",
      "path": "/api/imaging/test/health",
      "status": "success"
    },
    "timestamp": 1751668193553
  }
}

[95m[Nest] 31  - [39m07/04/2025, 10:29:53 PM [95m  DEBUG[39m [38;5;3m[MetricsService] [39m[95mRecorded metric: http_request_count = 1[39m
[95m[Nest] 31  - [39m07/04/2025, 10:29:53 PM [95m  DEBUG[39m [38;5;3m[MetricsService] [39m[95mObject:[39m
{
  "metric": {
    "name": "http_request_count",
    "value": 1,
    "tags": {
      "method": "GET",
      "path": "/api/imaging/test/health",
      "status": "success"
    },
    "timestamp": 1751668193553
  }
}

[95m[Nest] 31  - [39m07/04/2025, 10:29:53 PM [95m  DEBUG[39m [38;5;3m[CorrelationIdMiddleware] [39m[95mResponse 200 GET /api/imaging/test/health [medicare-1751668193547-c78e1366] - 6ms[39m
[95m[Nest] 31  - [39m07/04/2025, 10:30:24 PM [95m  DEBUG[39m [38;5;3m[CorrelationIdMiddleware] [39m[95mIncoming request GET / [medicare-1751668224549-1248bc09][39m
[32m[Nest] 31  - [39m07/04/2025, 10:30:24 PM [32m    LOG[39m [38;5;3m[DicomService] [39m[32mTesting connection to Orthanc server...[39m
[32m[Nest] 31  - [39m07/04/2025, 10:30:24 PM [32m    LOG[39m [38;5;3m[DicomService] [39m[32mSuccessfully connected to Orthanc server[39m
[95m[Nest] 31  - [39m07/04/2025, 10:30:24 PM [95m  DEBUG[39m [38;5;3m[MetricsService] [39m[95mRecorded metric: http_request_duration_ms = 4[39m
[95m[Nest] 31  - [39m07/04/2025, 10:30:24 PM [95m  DEBUG[39m [38;5;3m[MetricsService] [39m[95mObject:[39m
{
  "metric": {
    "name": "http_request_duration_ms",
    "value": 4,
    "tags": {
      "method": "GET",
      "path": "/api/imaging/test/health",
      "status": "success"
    },
    "timestamp": 1751668224555
  }
}

[95m[Nest] 31  - [39m07/04/2025, 10:30:24 PM [95m  DEBUG[39m [38;5;3m[MetricsService] [39m[95mRecorded metric: http_request_count = 1[39m
[95m[Nest] 31  - [39m07/04/2025, 10:30:24 PM [95m  DEBUG[39m [38;5;3m[MetricsService] [39m[95mObject:[39m
{
  "metric": {
    "name": "http_request_count",
    "value": 1,
    "tags": {
      "method": "GET",
      "path": "/api/imaging/test/health",
      "status": "success"
    },
    "timestamp": 1751668224555
  }
}

[95m[Nest] 31  - [39m07/04/2025, 10:30:24 PM [95m  DEBUG[39m [38;5;3m[CorrelationIdMiddleware] [39m[95mResponse 200 GET /api/imaging/test/health [medicare-1751668224549-1248bc09] - 7ms[39m
[95m[Nest] 31  - [39m07/04/2025, 10:30:55 PM [95m  DEBUG[39m [38;5;3m[CorrelationIdMiddleware] [39m[95mIncoming request GET / [medicare-1751668255667-09b11c95][39m
[32m[Nest] 31  - [39m07/04/2025, 10:30:55 PM [32m    LOG[39m [38;5;3m[DicomService] [39m[32mTesting connection to Orthanc server...[39m
[32m[Nest] 31  - [39m07/04/2025, 10:30:55 PM [32m    LOG[39m [38;5;3m[DicomService] [39m[32mSuccessfully connected to Orthanc server[39m
[95m[Nest] 31  - [39m07/04/2025, 10:30:55 PM [95m  DEBUG[39m [38;5;3m[MetricsService] [39m[95mRecorded metric: http_request_duration_ms = 12[39m
[95m[Nest] 31  - [39m07/04/2025, 10:30:55 PM [95m  DEBUG[39m [38;5;3m[MetricsService] [39m[95mObject:[39m
{
  "metric": {
    "name": "http_request_duration_ms",
    "value": 12,
    "tags": {
      "method": "GET",
      "path": "/api/imaging/test/health",
      "status": "success"
    },
    "timestamp": 1751668255681
  }
}

[95m[Nest] 31  - [39m07/04/2025, 10:30:55 PM [95m  DEBUG[39m [38;5;3m[MetricsService] [39m[95mRecorded metric: http_request_count = 1[39m
[95m[Nest] 31  - [39m07/04/2025, 10:30:55 PM [95m  DEBUG[39m [38;5;3m[MetricsService] [39m[95mObject:[39m
{
  "metric": {
    "name": "http_request_count",
    "value": 1,
    "tags": {
      "method": "GET",
      "path": "/api/imaging/test/health",
      "status": "success"
    },
    "timestamp": 1751668255681
  }
}

[95m[Nest] 31  - [39m07/04/2025, 10:30:55 PM [95m  DEBUG[39m [38;5;3m[CorrelationIdMiddleware] [39m[95mResponse 200 GET /api/imaging/test/health [medicare-1751668255667-09b11c95] - 14ms[39m
[95m[Nest] 31  - [39m07/04/2025, 10:31:26 PM [95m  DEBUG[39m [38;5;3m[CorrelationIdMiddleware] [39m[95mIncoming request GET / [medicare-1751668286758-3d2e7837][39m
[32m[Nest] 31  - [39m07/04/2025, 10:31:26 PM [32m    LOG[39m [38;5;3m[DicomService] [39m[32mTesting connection to Orthanc server...[39m
[32m[Nest] 31  - [39m07/04/2025, 10:31:26 PM [32m    LOG[39m [38;5;3m[DicomService] [39m[32mSuccessfully connected to Orthanc server[39m
[95m[Nest] 31  - [39m07/04/2025, 10:31:26 PM [95m  DEBUG[39m [38;5;3m[MetricsService] [39m[95mRecorded metric: http_request_duration_ms = 3[39m
[95m[Nest] 31  - [39m07/04/2025, 10:31:26 PM [95m  DEBUG[39m [38;5;3m[MetricsService] [39m[95mObject:[39m
{
  "metric": {
    "name": "http_request_duration_ms",
    "value": 3,
    "tags": {
      "method": "GET",
      "path": "/api/imaging/test/health",
      "status": "success"
    },
    "timestamp": 1751668286762
  }
}

[95m[Nest] 31  - [39m07/04/2025, 10:31:26 PM [95m  DEBUG[39m [38;5;3m[MetricsService] [39m[95mRecorded metric: http_request_count = 1[39m
[95m[Nest] 31  - [39m07/04/2025, 10:31:26 PM [95m  DEBUG[39m [38;5;3m[MetricsService] [39m[95mObject:[39m
{
  "metric": {
    "name": "http_request_count",
    "value": 1,
    "tags": {
      "method": "GET",
      "path": "/api/imaging/test/health",
      "status": "success"
    },
    "timestamp": 1751668286762
  }
}

[95m[Nest] 31  - [39m07/04/2025, 10:31:26 PM [95m  DEBUG[39m [38;5;3m[CorrelationIdMiddleware] [39m[95mResponse 200 GET /api/imaging/test/health [medicare-1751668286758-3d2e7837] - 5ms[39m
[95m[Nest] 31  - [39m07/04/2025, 10:31:56 PM [95m  DEBUG[39m [38;5;3m[CorrelationIdMiddleware] [39m[95mIncoming request GET / [medicare-1751668316795-ff4ea1f1][39m
[32m[Nest] 31  - [39m07/04/2025, 10:31:56 PM [32m    LOG[39m [38;5;3m[DicomService] [39m[32mTesting connection to Orthanc server...[39m
[32m[Nest] 31  - [39m07/04/2025, 10:31:56 PM [32m    LOG[39m [38;5;3m[DicomService] [39m[32mSuccessfully connected to Orthanc server[39m
[95m[Nest] 31  - [39m07/04/2025, 10:31:56 PM [95m  DEBUG[39m [38;5;3m[MetricsService] [39m[95mRecorded metric: http_request_duration_ms = 4[39m
[95m[Nest] 31  - [39m07/04/2025, 10:31:56 PM [95m  DEBUG[39m [38;5;3m[MetricsService] [39m[95mObject:[39m
{
  "metric": {
    "name": "http_request_duration_ms",
    "value": 4,
    "tags": {
      "method": "GET",
      "path": "/api/imaging/test/health",
      "status": "success"
    },
    "timestamp": 1751668316800
  }
}

[95m[Nest] 31  - [39m07/04/2025, 10:31:56 PM [95m  DEBUG[39m [38;5;3m[MetricsService] [39m[95mRecorded metric: http_request_count = 1[39m
[95m[Nest] 31  - [39m07/04/2025, 10:31:56 PM [95m  DEBUG[39m [38;5;3m[MetricsService] [39m[95mObject:[39m
{
  "metric": {
    "name": "http_request_count",
    "value": 1,
    "tags": {
      "method": "GET",
      "path": "/api/imaging/test/health",
      "status": "success"
    },
    "timestamp": 1751668316800
  }
}

[95m[Nest] 31  - [39m07/04/2025, 10:31:56 PM [95m  DEBUG[39m [38;5;3m[CorrelationIdMiddleware] [39m[95mResponse 200 GET /api/imaging/test/health [medicare-1751668316795-ff4ea1f1] - 6ms[39m
[95m[Nest] 31  - [39m07/04/2025, 10:32:26 PM [95m  DEBUG[39m [38;5;3m[CorrelationIdMiddleware] [39m[95mIncoming request GET / [medicare-1751668346927-8523a195][39m
[32m[Nest] 31  - [39m07/04/2025, 10:32:26 PM [32m    LOG[39m [38;5;3m[DicomService] [39m[32mTesting connection to Orthanc server...[39m
[32m[Nest] 31  - [39m07/04/2025, 10:32:26 PM [32m    LOG[39m [38;5;3m[DicomService] [39m[32mSuccessfully connected to Orthanc server[39m
[95m[Nest] 31  - [39m07/04/2025, 10:32:26 PM [95m  DEBUG[39m [38;5;3m[MetricsService] [39m[95mRecorded metric: http_request_duration_ms = 17[39m
[95m[Nest] 31  - [39m07/04/2025, 10:32:26 PM [95m  DEBUG[39m [38;5;3m[MetricsService] [39m[95mObject:[39m
{
  "metric": {
    "name": "http_request_duration_ms",
    "value": 17,
    "tags": {
      "method": "GET",
      "path": "/api/imaging/test/health",
      "status": "success"
    },
    "timestamp": 1751668346952
  }
}

[95m[Nest] 31  - [39m07/04/2025, 10:32:26 PM [95m  DEBUG[39m [38;5;3m[MetricsService] [39m[95mRecorded metric: http_request_count = 1[39m
[95m[Nest] 31  - [39m07/04/2025, 10:32:26 PM [95m  DEBUG[39m [38;5;3m[MetricsService] [39m[95mObject:[39m
{
  "metric": {
    "name": "http_request_count",
    "value": 1,
    "tags": {
      "method": "GET",
      "path": "/api/imaging/test/health",
      "status": "success"
    },
    "timestamp": 1751668346952
  }
}

[95m[Nest] 31  - [39m07/04/2025, 10:32:26 PM [95m  DEBUG[39m [38;5;3m[CorrelationIdMiddleware] [39m[95mResponse 200 GET /api/imaging/test/health [medicare-1751668346927-8523a195] - 21ms[39m
[95m[Nest] 31  - [39m07/04/2025, 10:32:57 PM [95m  DEBUG[39m [38;5;3m[CorrelationIdMiddleware] [39m[95mIncoming request GET / [medicare-1751668377604-75da6ece][39m
[32m[Nest] 31  - [39m07/04/2025, 10:32:57 PM [32m    LOG[39m [38;5;3m[DicomService] [39m[32mTesting connection to Orthanc server...[39m
[32m[Nest] 31  - [39m07/04/2025, 10:32:57 PM [32m    LOG[39m [38;5;3m[DicomService] [39m[32mSuccessfully connected to Orthanc server[39m
[95m[Nest] 31  - [39m07/04/2025, 10:32:57 PM [95m  DEBUG[39m [38;5;3m[MetricsService] [39m[95mRecorded metric: http_request_duration_ms = 3[39m
[95m[Nest] 31  - [39m07/04/2025, 10:32:57 PM [95m  DEBUG[39m [38;5;3m[MetricsService] [39m[95mObject:[39m
{
  "metric": {
    "name": "http_request_duration_ms",
    "value": 3,
    "tags": {
      "method": "GET",
      "path": "/api/imaging/test/health",
      "status": "success"
    },
    "timestamp": 1751668377608
  }
}

[95m[Nest] 31  - [39m07/04/2025, 10:32:57 PM [95m  DEBUG[39m [38;5;3m[MetricsService] [39m[95mRecorded metric: http_request_count = 1[39m
[95m[Nest] 31  - [39m07/04/2025, 10:32:57 PM [95m  DEBUG[39m [38;5;3m[MetricsService] [39m[95mObject:[39m
{
  "metric": {
    "name": "http_request_count",
    "value": 1,
    "tags": {
      "method": "GET",
      "path": "/api/imaging/test/health",
      "status": "success"
    },
    "timestamp": 1751668377608
  }
}

[95m[Nest] 31  - [39m07/04/2025, 10:32:57 PM [95m  DEBUG[39m [38;5;3m[CorrelationIdMiddleware] [39m[95mResponse 200 GET /api/imaging/test/health [medicare-1751668377604-75da6ece] - 4ms[39m
[95m[Nest] 31  - [39m07/04/2025, 10:33:28 PM [95m  DEBUG[39m [38;5;3m[CorrelationIdMiddleware] [39m[95mIncoming request GET / [medicare-1751668408337-4b75f35a][39m
[32m[Nest] 31  - [39m07/04/2025, 10:33:28 PM [32m    LOG[39m [38;5;3m[DicomService] [39m[32mTesting connection to Orthanc server...[39m
[32m[Nest] 31  - [39m07/04/2025, 10:33:28 PM [32m    LOG[39m [38;5;3m[DicomService] [39m[32mSuccessfully connected to Orthanc server[39m
[95m[Nest] 31  - [39m07/04/2025, 10:33:28 PM [95m  DEBUG[39m [38;5;3m[MetricsService] [39m[95mRecorded metric: http_request_duration_ms = 4[39m
[95m[Nest] 31  - [39m07/04/2025, 10:33:28 PM [95m  DEBUG[39m [38;5;3m[MetricsService] [39m[95mObject:[39m
{
  "metric": {
    "name": "http_request_duration_ms",
    "value": 4,
    "tags": {
      "method": "GET",
      "path": "/api/imaging/test/health",
      "status": "success"
    },
    "timestamp": 1751668408342
  }
}

[95m[Nest] 31  - [39m07/04/2025, 10:33:28 PM [95m  DEBUG[39m [38;5;3m[MetricsService] [39m[95mRecorded metric: http_request_count = 1[39m
[95m[Nest] 31  - [39m07/04/2025, 10:33:28 PM [95m  DEBUG[39m [38;5;3m[MetricsService] [39m[95mObject:[39m
{
  "metric": {
    "name": "http_request_count",
    "value": 1,
    "tags": {
      "method": "GET",
      "path": "/api/imaging/test/health",
      "status": "success"
    },
    "timestamp": 1751668408342
  }
}

[95m[Nest] 31  - [39m07/04/2025, 10:33:28 PM [95m  DEBUG[39m [38;5;3m[CorrelationIdMiddleware] [39m[95mResponse 200 GET /api/imaging/test/health [medicare-1751668408337-4b75f35a] - 5ms[39m
[95m[Nest] 31  - [39m07/04/2025, 10:33:59 PM [95m  DEBUG[39m [38;5;3m[CorrelationIdMiddleware] [39m[95mIncoming request GET / [medicare-1751668439079-6455311a][39m
[32m[Nest] 31  - [39m07/04/2025, 10:33:59 PM [32m    LOG[39m [38;5;3m[DicomService] [39m[32mTesting connection to Orthanc server...[39m
[32m[Nest] 31  - [39m07/04/2025, 10:33:59 PM [32m    LOG[39m [38;5;3m[DicomService] [39m[32mSuccessfully connected to Orthanc server[39m
[95m[Nest] 31  - [39m07/04/2025, 10:33:59 PM [95m  DEBUG[39m [38;5;3m[MetricsService] [39m[95mRecorded metric: http_request_duration_ms = 3[39m
[95m[Nest] 31  - [39m07/04/2025, 10:33:59 PM [95m  DEBUG[39m [38;5;3m[MetricsService] [39m[95mObject:[39m
{
  "metric": {
    "name": "http_request_duration_ms",
    "value": 3,
    "tags": {
      "method": "GET",
      "path": "/api/imaging/test/health",
      "status": "success"
    },
    "timestamp": 1751668439083
  }
}

[95m[Nest] 31  - [39m07/04/2025, 10:33:59 PM [95m  DEBUG[39m [38;5;3m[MetricsService] [39m[95mRecorded metric: http_request_count = 1[39m
[95m[Nest] 31  - [39m07/04/2025, 10:33:59 PM [95m  DEBUG[39m [38;5;3m[MetricsService] [39m[95mObject:[39m
{
  "metric": {
    "name": "http_request_count",
    "value": 1,
    "tags": {
      "method": "GET",
      "path": "/api/imaging/test/health",
      "status": "success"
    },
    "timestamp": 1751668439083
  }
}

[95m[Nest] 31  - [39m07/04/2025, 10:33:59 PM [95m  DEBUG[39m [38;5;3m[CorrelationIdMiddleware] [39m[95mResponse 200 GET /api/imaging/test/health [medicare-1751668439079-6455311a] - 5ms[39m
[95m[Nest] 31  - [39m07/04/2025, 10:34:29 PM [95m  DEBUG[39m [38;5;3m[CorrelationIdMiddleware] [39m[95mIncoming request GET / [medicare-1751668469802-3d7683d1][39m
[32m[Nest] 31  - [39m07/04/2025, 10:34:29 PM [32m    LOG[39m [38;5;3m[DicomService] [39m[32mTesting connection to Orthanc server...[39m
[32m[Nest] 31  - [39m07/04/2025, 10:34:29 PM [32m    LOG[39m [38;5;3m[DicomService] [39m[32mSuccessfully connected to Orthanc server[39m
[95m[Nest] 31  - [39m07/04/2025, 10:34:29 PM [95m  DEBUG[39m [38;5;3m[MetricsService] [39m[95mRecorded metric: http_request_duration_ms = 9[39m
[95m[Nest] 31  - [39m07/04/2025, 10:34:29 PM [95m  DEBUG[39m [38;5;3m[MetricsService] [39m[95mObject:[39m
{
  "metric": {
    "name": "http_request_duration_ms",
    "value": 9,
    "tags": {
      "method": "GET",
      "path": "/api/imaging/test/health",
      "status": "success"
    },
    "timestamp": 1751668469812
  }
}

[95m[Nest] 31  - [39m07/04/2025, 10:34:29 PM [95m  DEBUG[39m [38;5;3m[MetricsService] [39m[95mRecorded metric: http_request_count = 1[39m
[95m[Nest] 31  - [39m07/04/2025, 10:34:29 PM [95m  DEBUG[39m [38;5;3m[MetricsService] [39m[95mObject:[39m
{
  "metric": {
    "name": "http_request_count",
    "value": 1,
    "tags": {
      "method": "GET",
      "path": "/api/imaging/test/health",
      "status": "success"
    },
    "timestamp": 1751668469812
  }
}

[95m[Nest] 31  - [39m07/04/2025, 10:34:29 PM [95m  DEBUG[39m [38;5;3m[CorrelationIdMiddleware] [39m[95mResponse 200 GET /api/imaging/test/health [medicare-1751668469802-3d7683d1] - 10ms[39m
[95m[Nest] 31  - [39m07/04/2025, 10:35:00 PM [95m  DEBUG[39m [38;5;3m[CorrelationIdMiddleware] [39m[95mIncoming request GET / [medicare-1751668500560-0366c2f7][39m
[32m[Nest] 31  - [39m07/04/2025, 10:35:00 PM [32m    LOG[39m [38;5;3m[DicomService] [39m[32mTesting connection to Orthanc server...[39m
[32m[Nest] 31  - [39m07/04/2025, 10:35:00 PM [32m    LOG[39m [38;5;3m[DicomService] [39m[32mSuccessfully connected to Orthanc server[39m
[95m[Nest] 31  - [39m07/04/2025, 10:35:00 PM [95m  DEBUG[39m [38;5;3m[MetricsService] [39m[95mRecorded metric: http_request_duration_ms = 7[39m
[95m[Nest] 31  - [39m07/04/2025, 10:35:00 PM [95m  DEBUG[39m [38;5;3m[MetricsService] [39m[95mObject:[39m
{
  "metric": {
    "name": "http_request_duration_ms",
    "value": 7,
    "tags": {
      "method": "GET",
      "path": "/api/imaging/test/health",
      "status": "success"
    },
    "timestamp": 1751668500568
  }
}

[95m[Nest] 31  - [39m07/04/2025, 10:35:00 PM [95m  DEBUG[39m [38;5;3m[MetricsService] [39m[95mRecorded metric: http_request_count = 1[39m
[95m[Nest] 31  - [39m07/04/2025, 10:35:00 PM [95m  DEBUG[39m [38;5;3m[MetricsService] [39m[95mObject:[39m
{
  "metric": {
    "name": "http_request_count",
    "value": 1,
    "tags": {
      "method": "GET",
      "path": "/api/imaging/test/health",
      "status": "success"
    },
    "timestamp": 1751668500568
  }
}

[95m[Nest] 31  - [39m07/04/2025, 10:35:00 PM [95m  DEBUG[39m [38;5;3m[CorrelationIdMiddleware] [39m[95mResponse 200 GET /api/imaging/test/health [medicare-1751668500560-0366c2f7] - 8ms[39m
[95m[Nest] 31  - [39m07/04/2025, 10:35:31 PM [95m  DEBUG[39m [38;5;3m[CorrelationIdMiddleware] [39m[95mIncoming request GET / [medicare-1751668531334-9a70fa67][39m
[32m[Nest] 31  - [39m07/04/2025, 10:35:31 PM [32m    LOG[39m [38;5;3m[DicomService] [39m[32mTesting connection to Orthanc server...[39m
[32m[Nest] 31  - [39m07/04/2025, 10:35:31 PM [32m    LOG[39m [38;5;3m[DicomService] [39m[32mSuccessfully connected to Orthanc server[39m
[95m[Nest] 31  - [39m07/04/2025, 10:35:31 PM [95m  DEBUG[39m [38;5;3m[MetricsService] [39m[95mRecorded metric: http_request_duration_ms = 4[39m
[95m[Nest] 31  - [39m07/04/2025, 10:35:31 PM [95m  DEBUG[39m [38;5;3m[MetricsService] [39m[95mObject:[39m
{
  "metric": {
    "name": "http_request_duration_ms",
    "value": 4,
    "tags": {
      "method": "GET",
      "path": "/api/imaging/test/health",
      "status": "success"
    },
    "timestamp": 1751668531339
  }
}

[95m[Nest] 31  - [39m07/04/2025, 10:35:31 PM [95m  DEBUG[39m [38;5;3m[MetricsService] [39m[95mRecorded metric: http_request_count = 1[39m
[95m[Nest] 31  - [39m07/04/2025, 10:35:31 PM [95m  DEBUG[39m [38;5;3m[MetricsService] [39m[95mObject:[39m
{
  "metric": {
    "name": "http_request_count",
    "value": 1,
    "tags": {
      "method": "GET",
      "path": "/api/imaging/test/health",
      "status": "success"
    },
    "timestamp": 1751668531339
  }
}

[95m[Nest] 31  - [39m07/04/2025, 10:35:31 PM [95m  DEBUG[39m [38;5;3m[CorrelationIdMiddleware] [39m[95mResponse 200 GET /api/imaging/test/health [medicare-1751668531334-9a70fa67] - 6ms[39m
[95m[Nest] 31  - [39m07/04/2025, 10:36:02 PM [95m  DEBUG[39m [38;5;3m[CorrelationIdMiddleware] [39m[95mIncoming request GET / [medicare-1751668562074-7e4e97ff][39m
[32m[Nest] 31  - [39m07/04/2025, 10:36:02 PM [32m    LOG[39m [38;5;3m[DicomService] [39m[32mTesting connection to Orthanc server...[39m
[32m[Nest] 31  - [39m07/04/2025, 10:36:02 PM [32m    LOG[39m [38;5;3m[DicomService] [39m[32mSuccessfully connected to Orthanc server[39m
[95m[Nest] 31  - [39m07/04/2025, 10:36:02 PM [95m  DEBUG[39m [38;5;3m[MetricsService] [39m[95mRecorded metric: http_request_duration_ms = 6[39m
[95m[Nest] 31  - [39m07/04/2025, 10:36:02 PM [95m  DEBUG[39m [38;5;3m[MetricsService] [39m[95mObject:[39m
{
  "metric": {
    "name": "http_request_duration_ms",
    "value": 6,
    "tags": {
      "method": "GET",
      "path": "/api/imaging/test/health",
      "status": "success"
    },
    "timestamp": 1751668562083
  }
}

[95m[Nest] 31  - [39m07/04/2025, 10:36:02 PM [95m  DEBUG[39m [38;5;3m[MetricsService] [39m[95mRecorded metric: http_request_count = 1[39m
[95m[Nest] 31  - [39m07/04/2025, 10:36:02 PM [95m  DEBUG[39m [38;5;3m[MetricsService] [39m[95mObject:[39m
{
  "metric": {
    "name": "http_request_count",
    "value": 1,
    "tags": {
      "method": "GET",
      "path": "/api/imaging/test/health",
      "status": "success"
    },
    "timestamp": 1751668562083
  }
}

[95m[Nest] 31  - [39m07/04/2025, 10:36:02 PM [95m  DEBUG[39m [38;5;3m[CorrelationIdMiddleware] [39m[95mResponse 200 GET /api/imaging/test/health [medicare-1751668562074-7e4e97ff] - 8ms[39m
[95m[Nest] 31  - [39m07/04/2025, 10:36:32 PM [95m  DEBUG[39m [38;5;3m[CorrelationIdMiddleware] [39m[95mIncoming request GET / [medicare-1751668592825-075e75f3][39m
[32m[Nest] 31  - [39m07/04/2025, 10:36:32 PM [32m    LOG[39m [38;5;3m[DicomService] [39m[32mTesting connection to Orthanc server...[39m
[32m[Nest] 31  - [39m07/04/2025, 10:36:32 PM [32m    LOG[39m [38;5;3m[DicomService] [39m[32mSuccessfully connected to Orthanc server[39m
[95m[Nest] 31  - [39m07/04/2025, 10:36:32 PM [95m  DEBUG[39m [38;5;3m[MetricsService] [39m[95mRecorded metric: http_request_duration_ms = 4[39m
[95m[Nest] 31  - [39m07/04/2025, 10:36:32 PM [95m  DEBUG[39m [38;5;3m[MetricsService] [39m[95mObject:[39m
{
  "metric": {
    "name": "http_request_duration_ms",
    "value": 4,
    "tags": {
      "method": "GET",
      "path": "/api/imaging/test/health",
      "status": "success"
    },
    "timestamp": 1751668592831
  }
}

[95m[Nest] 31  - [39m07/04/2025, 10:36:32 PM [95m  DEBUG[39m [38;5;3m[MetricsService] [39m[95mRecorded metric: http_request_count = 1[39m
[95m[Nest] 31  - [39m07/04/2025, 10:36:32 PM [95m  DEBUG[39m [38;5;3m[MetricsService] [39m[95mObject:[39m
{
  "metric": {
    "name": "http_request_count",
    "value": 1,
    "tags": {
      "method": "GET",
      "path": "/api/imaging/test/health",
      "status": "success"
    },
    "timestamp": 1751668592831
  }
}

[95m[Nest] 31  - [39m07/04/2025, 10:36:32 PM [95m  DEBUG[39m [38;5;3m[CorrelationIdMiddleware] [39m[95mResponse 200 GET /api/imaging/test/health [medicare-1751668592825-075e75f3] - 12ms[39m
[2J[3J[H[[90m10:36:39 PM[0m] File change detected. Starting incremental compilation...

[[90m10:36:41 PM[0m] Found 0 errors. Watching for file changes.

[2J[3J[H[[90m10:36:42 PM[0m] File change detected. Starting incremental compilation...

[91merror[0m[90m TS6053: [0mFile '/app/src/imaging/imaging.controller.ts' not found.
  The file is in the program because:
    Matched by default include pattern '**/*'

[91merror[0m[90m TS6053: [0mFile '/app/src/imaging/imaging.module.ts' not found.
  The file is in the program because:
    Matched by default include pattern '**/*'

[91merror[0m[90m TS6053: [0mFile '/app/src/imaging/schemas/ai-audit.schema.ts' not found.
  The file is in the program because:
    Matched by default include pattern '**/*'

[91merror[0m[90m TS6053: [0mFile '/app/src/imaging/services/dicom.service.ts' not found.
  The file is in the program because:
    Matched by default include pattern '**/*'

[91merror[0m[90m TS6053: [0mFile '/app/src/imaging/services/fhir-mapping.service.ts' not found.
  The file is in the program because:
    Matched by default include pattern '**/*'

[91merror[0m[90m TS6053: [0mFile '/app/src/imaging/services/inference.service.ts' not found.
  The file is in the program because:
    Matched by default include pattern '**/*'

[91merror[0m[90m TS6053: [0mFile '/app/src/imaging/webhook.controller.ts' not found.
  The file is in the program because:
    Matched by default include pattern '**/*'

[[90m10:36:42 PM[0m] Found 7 errors. Watching for file changes.

[2J[3J[H[[90m10:36:43 PM[0m] File change detected. Starting incremental compilation...

[91merror[0m[90m TS6053: [0mFile '/app/src/imaging/imaging.controller.ts' not found.
  The file is in the program because:
    Matched by default include pattern '**/*'

[91merror[0m[90m TS6053: [0mFile '/app/src/imaging/imaging.module.ts' not found.
  The file is in the program because:
    Matched by default include pattern '**/*'

[91merror[0m[90m TS6053: [0mFile '/app/src/imaging/schemas/ai-audit.schema.ts' not found.
  The file is in the program because:
    Matched by default include pattern '**/*'

[91merror[0m[90m TS6053: [0mFile '/app/src/imaging/services/dicom.service.ts' not found.
  The file is in the program because:
    Matched by default include pattern '**/*'

[91merror[0m[90m TS6053: [0mFile '/app/src/imaging/services/fhir-mapping.service.ts' not found.
  The file is in the program because:
    Matched by default include pattern '**/*'

[91merror[0m[90m TS6053: [0mFile '/app/src/imaging/services/inference.service.ts' not found.
  The file is in the program because:
    Matched by default include pattern '**/*'

[91merror[0m[90m TS6053: [0mFile '/app/src/imaging/webhook.controller.ts' not found.
  The file is in the program because:
    Matched by default include pattern '**/*'

[91merror[0m[90m TS6053: [0mFile '/app/src/schemas/ai-audit.schema.ts' not found.
  The file is in the program because:
    Matched by default include pattern '**/*'

[[90m10:36:43 PM[0m] Found 8 errors. Watching for file changes.

[2J[3J[H[[90m10:36:45 PM[0m] File change detected. Starting incremental compilation...

[[90m10:36:45 PM[0m] Found 0 errors. Watching for file changes.

[32m[Nest] 157  - [39m07/04/2025, 10:36:47 PM [32m    LOG[39m [38;5;3m[NestFactory] [39m[32mStarting Nest application...[39m
[32m[Nest] 157  - [39m07/04/2025, 10:36:47 PM [32m    LOG[39m [38;5;3m[InstanceLoader] [39m[32mMongooseModule dependencies initialized[39m[38;5;3m +56ms[39m
[32m[Nest] 157  - [39m07/04/2025, 10:36:47 PM [32m    LOG[39m [38;5;3m[InstanceLoader] [39m[32mCacheModule dependencies initialized[39m[38;5;3m +0ms[39m
[32m[Nest] 157  - [39m07/04/2025, 10:36:47 PM [32m    LOG[39m [38;5;3m[InstanceLoader] [39m[32mLoggerModule dependencies initialized[39m[38;5;3m +0ms[39m
[32m[Nest] 157  - [39m07/04/2025, 10:36:47 PM [32m    LOG[39m [38;5;3m[InstanceLoader] [39m[32mMulterModule dependencies initialized[39m[38;5;3m +0ms[39m
[32m[Nest] 157  - [39m07/04/2025, 10:36:47 PM [32m    LOG[39m [38;5;3m[InstanceLoader] [39m[32mPassportModule dependencies initialized[39m[38;5;3m +1ms[39m
[32m[Nest] 157  - [39m07/04/2025, 10:36:47 PM [32m    LOG[39m [38;5;3m[InstanceLoader] [39m[32mHttpModule dependencies initialized[39m[38;5;3m +1ms[39m
[32m[Nest] 157  - [39m07/04/2025, 10:36:47 PM [32m    LOG[39m [38;5;3m[InstanceLoader] [39m[32mConfigHostModule dependencies initialized[39m[38;5;3m +4ms[39m
[32m[Nest] 157  - [39m07/04/2025, 10:36:47 PM [32m    LOG[39m [38;5;3m[InstanceLoader] [39m[32mFhirModule dependencies initialized[39m[38;5;3m +2ms[39m
[32m[Nest] 157  - [39m07/04/2025, 10:36:47 PM [32m    LOG[39m [38;5;3m[UrlRewriteInterceptor] [39m[32mURL Rewrite Interceptor initialized with external URL: http://localhost:3000/api[39m
[32m[Nest] 157  - [39m07/04/2025, 10:36:47 PM [32m    LOG[39m [38;5;3m[UrlRewriteInterceptor] [39m[32mInternal FHIR URL: http://hapi-fhir:8080/fhir[39m
[32m[Nest] 157  - [39m07/04/2025, 10:36:47 PM [32m    LOG[39m [38;5;3m[UrlRewriteInterceptor] [39m[32mURL Rewrite Interceptor initialized with external URL: http://localhost:3000/api[39m
[32m[Nest] 157  - [39m07/04/2025, 10:36:47 PM [32m    LOG[39m [38;5;3m[UrlRewriteInterceptor] [39m[32mInternal FHIR URL: http://hapi-fhir:8080/fhir[39m
[32m[Nest] 157  - [39m07/04/2025, 10:36:47 PM [32m    LOG[39m [38;5;3m[InstanceLoader] [39m[32mTerminusModule dependencies initialized[39m[38;5;3m +1ms[39m
[32m[Nest] 157  - [39m07/04/2025, 10:36:47 PM [32m    LOG[39m [38;5;3m[InstanceLoader] [39m[32mServeStaticModule dependencies initialized[39m[38;5;3m +0ms[39m
[32m[Nest] 157  - [39m07/04/2025, 10:36:47 PM [32m    LOG[39m [38;5;3m[InstanceLoader] [39m[32mConfigModule dependencies initialized[39m[38;5;3m +0ms[39m
[32m[Nest] 157  - [39m07/04/2025, 10:36:47 PM [32m    LOG[39m [38;5;3m[InstanceLoader] [39m[32mConfigModule dependencies initialized[39m[38;5;3m +0ms[39m
Attempting to connect to MongoDB at: mongodb://mongodb:27017/medicare
[32m[Nest] 157  - [39m07/04/2025, 10:36:47 PM [32m    LOG[39m [38;5;3m[MetricsService] [39m[32mMetrics service initialized. Prometheus enabled: true[39m
[33m[Nest] 157  - [39m07/04/2025, 10:36:47 PM [33m   WARN[39m [38;5;3m[EmailService] [39m[33mEmail credentials not provided. Email sending will be disabled.[39m
[32m[Nest] 157  - [39m07/04/2025, 10:36:47 PM [32m    LOG[39m [38;5;3m[InstanceLoader] [39m[32mEmailModule dependencies initialized[39m[38;5;3m +68ms[39m
[32m[Nest] 157  - [39m07/04/2025, 10:36:47 PM [32m    LOG[39m [38;5;3m[InstanceLoader] [39m[32mThrottlerModule dependencies initialized[39m[38;5;3m +0ms[39m
[32m[Nest] 157  - [39m07/04/2025, 10:36:47 PM [32m    LOG[39m [38;5;3m[InstanceLoader] [39m[32mJwtModule dependencies initialized[39m[38;5;3m +1ms[39m
[32m[Nest] 157  - [39m07/04/2025, 10:36:47 PM [32m    LOG[39m [38;5;3m[InstanceLoader] [39m[32mJwtModule dependencies initialized[39m[38;5;3m +0ms[39m
[32m[Nest] 157  - [39m07/04/2025, 10:36:47 PM [32m    LOG[39m [38;5;3m[InstanceLoader] [39m[32mJwtModule dependencies initialized[39m[38;5;3m +0ms[39m
[32m[Nest] 157  - [39m07/04/2025, 10:36:47 PM [32m    LOG[39m [38;5;3m[InstanceLoader] [39m[32mJwtModule dependencies initialized[39m[38;5;3m +0ms[39m
[32m[Nest] 157  - [39m07/04/2025, 10:36:47 PM [32m    LOG[39m [38;5;3m[IpWhitelistGuard] [39m[32mIP whitelist initialized with: 127.0.0.1, ::1[39m
[32m[Nest] 157  - [39m07/04/2025, 10:36:47 PM [32m    LOG[39m [38;5;3m[InstanceLoader] [39m[32mUploadsModule dependencies initialized[39m[38;5;3m +0ms[39m
[32m[Nest] 157  - [39m07/04/2025, 10:36:47 PM [32m    LOG[39m [38;5;3m[InstanceLoader] [39m[32mWinstonModule dependencies initialized[39m[38;5;3m +0ms[39m
[32m[Nest] 157  - [39m07/04/2025, 10:36:47 PM [32m    LOG[39m [38;5;3m[InstanceLoader] [39m[32mHttpModule dependencies initialized[39m[38;5;3m +1ms[39m
[32m[Nest] 157  - [39m07/04/2025, 10:36:47 PM [32m    LOG[39m [38;5;3m[InstanceLoader] [39m[32mAppModule dependencies initialized[39m[38;5;3m +0ms[39m
[32m[Nest] 157  - [39m07/04/2025, 10:36:47 PM [32m    LOG[39m [38;5;3m[HapiFhirAdapter] [39m[32mHAPI FHIR Adapter initialized with server URL: http://hapi-fhir:8080/fhir[39m
[32m[Nest] 157  - [39m07/04/2025, 10:36:47 PM [32m    LOG[39m [38;5;3m[TerminologyAdapter] [39m[32mTerminology Adapter initialized[39m
[32m[Nest] 157  - [39m07/04/2025, 10:36:47 PM [32m    LOG[39m [38;5;3m[FhirValidationInterceptor] [39m[32mFHIR Validation Interceptor initialized with mode: strict[39m
[32m[Nest] 157  - [39m07/04/2025, 10:36:47 PM [32m    LOG[39m [38;5;3m[FhirValidationInterceptor] [39m[32mFHIR Validation Interceptor initialized with mode: strict[39m
[32m[Nest] 157  - [39m07/04/2025, 10:36:47 PM [32m    LOG[39m [38;5;3m[InstanceLoader] [39m[32mMetricsModule dependencies initialized[39m[38;5;3m +1ms[39m
[32m[Nest] 157  - [39m07/04/2025, 10:36:47 PM [32m    LOG[39m [38;5;3m[InstanceLoader] [39m[32mCacheModule dependencies initialized[39m[38;5;3m +24ms[39m
[32m[Nest] 157  - [39m07/04/2025, 10:36:47 PM [32m    LOG[39m [38;5;3m[InstanceLoader] [39m[32mMongooseCoreModule dependencies initialized[39m[38;5;3m +9ms[39m
[32m[Nest] 157  - [39m07/04/2025, 10:36:47 PM [32m    LOG[39m [38;5;3m[InstanceLoader] [39m[32mMongooseModule dependencies initialized[39m[38;5;3m +19ms[39m
[32m[Nest] 157  - [39m07/04/2025, 10:36:47 PM [32m    LOG[39m [38;5;3m[InstanceLoader] [39m[32mMongooseModule dependencies initialized[39m[38;5;3m +0ms[39m
[32m[Nest] 157  - [39m07/04/2025, 10:36:47 PM [32m    LOG[39m [38;5;3m[InstanceLoader] [39m[32mMongooseModule dependencies initialized[39m[38;5;3m +0ms[39m
[32m[Nest] 157  - [39m07/04/2025, 10:36:47 PM [32m    LOG[39m [38;5;3m[FhirService] [39m[32mFHIR Service initialized. HAPI FHIR URL: http://hapi-fhir:8080/fhir, Using HAPI: false[39m
[32m[Nest] 157  - [39m07/04/2025, 10:36:47 PM [32m    LOG[39m [38;5;3m[InstanceLoader] [39m[32mHealthModule dependencies initialized[39m[38;5;3m +2ms[39m
[32m[Nest] 157  - [39m07/04/2025, 10:36:47 PM [32m    LOG[39m [38;5;3m[InstanceLoader] [39m[32mAccessCodesModule dependencies initialized[39m[38;5;3m +2ms[39m
[32m[Nest] 157  - [39m07/04/2025, 10:36:47 PM [32m    LOG[39m [38;5;3m[InstanceLoader] [39m[32mUsersModule dependencies initialized[39m[38;5;3m +2ms[39m
[32m[Nest] 157  - [39m07/04/2025, 10:36:47 PM [32m    LOG[39m [38;5;3m[InstanceLoader] [39m[32mFhirModule dependencies initialized[39m[38;5;3m +0ms[39m
[32m[Nest] 157  - [39m07/04/2025, 10:36:47 PM [32m    LOG[39m [38;5;3m[InstanceLoader] [39m[32mAuthModule dependencies initialized[39m[38;5;3m +0ms[39m
[32m[Nest] 157  - [39m07/04/2025, 10:36:47 PM [32m    LOG[39m [38;5;3m[InstanceLoader] [39m[32mDashboardModule dependencies initialized[39m[38;5;3m +1ms[39m
[32m[Nest] 157  - [39m07/04/2025, 10:36:48 PM [32m    LOG[39m [38;5;3m[RoutesResolver] [39m[32mMetricsController {/api/metrics}:[39m[38;5;3m +126ms[39m
[32m[Nest] 157  - [39m07/04/2025, 10:36:48 PM [32m    LOG[39m [38;5;3m[RouterExplorer] [39m[32mMapped {/api/metrics, GET} route[39m[38;5;3m +3ms[39m
[32m[Nest] 157  - [39m07/04/2025, 10:36:48 PM [32m    LOG[39m [38;5;3m[RoutesResolver] [39m[32mUploadsController {/api/uploads}:[39m[38;5;3m +0ms[39m
[32m[Nest] 157  - [39m07/04/2025, 10:36:48 PM [32m    LOG[39m [38;5;3m[RouterExplorer] [39m[32mMapped {/api/uploads, POST} route[39m[38;5;3m +2ms[39m
[32m[Nest] 157  - [39m07/04/2025, 10:36:48 PM [32m    LOG[39m [38;5;3m[RouterExplorer] [39m[32mMapped {/api/uploads/:filename, GET} route[39m[38;5;3m +0ms[39m
[32m[Nest] 157  - [39m07/04/2025, 10:36:48 PM [32m    LOG[39m [38;5;3m[RouterExplorer] [39m[32mMapped {/api/uploads/:filename, DELETE} route[39m[38;5;3m +1ms[39m
[32m[Nest] 157  - [39m07/04/2025, 10:36:48 PM [32m    LOG[39m [38;5;3m[RoutesResolver] [39m[32mAuthController {/api/auth}:[39m[38;5;3m +0ms[39m
[32m[Nest] 157  - [39m07/04/2025, 10:36:48 PM [32m    LOG[39m [38;5;3m[RouterExplorer] [39m[32mMapped {/api/auth/register, POST} route[39m[38;5;3m +1ms[39m
[32m[Nest] 157  - [39m07/04/2025, 10:36:48 PM [32m    LOG[39m [38;5;3m[RouterExplorer] [39m[32mMapped {/api/auth/login, POST} route[39m[38;5;3m +1ms[39m
[32m[Nest] 157  - [39m07/04/2025, 10:36:48 PM [32m    LOG[39m [38;5;3m[RouterExplorer] [39m[32mMapped {/api/auth/verify-access-code, POST} route[39m[38;5;3m +0ms[39m
[32m[Nest] 157  - [39m07/04/2025, 10:36:48 PM [32m    LOG[39m [38;5;3m[RouterExplorer] [39m[32mMapped {/api/auth/forgot-password, POST} route[39m[38;5;3m +1ms[39m
[32m[Nest] 157  - [39m07/04/2025, 10:36:48 PM [32m    LOG[39m [38;5;3m[RouterExplorer] [39m[32mMapped {/api/auth/reset-password, POST} route[39m[38;5;3m +0ms[39m
[32m[Nest] 157  - [39m07/04/2025, 10:36:48 PM [32m    LOG[39m [38;5;3m[RouterExplorer] [39m[32mMapped {/api/auth/me, GET} route[39m[38;5;3m +1ms[39m
[32m[Nest] 157  - [39m07/04/2025, 10:36:48 PM [32m    LOG[39m [38;5;3m[RoutesResolver] [39m[32mUsersController {/api/users}:[39m[38;5;3m +0ms[39m
[32m[Nest] 157  - [39m07/04/2025, 10:36:48 PM [32m    LOG[39m [38;5;3m[RouterExplorer] [39m[32mMapped {/api/users, POST} route[39m[38;5;3m +0ms[39m
[32m[Nest] 157  - [39m07/04/2025, 10:36:48 PM [32m    LOG[39m [38;5;3m[RouterExplorer] [39m[32mMapped {/api/users/create-with-resource, POST} route[39m[38;5;3m +1ms[39m
[32m[Nest] 157  - [39m07/04/2025, 10:36:48 PM [32m    LOG[39m [38;5;3m[RouterExplorer] [39m[32mMapped {/api/users, GET} route[39m[38;5;3m +0ms[39m
[32m[Nest] 157  - [39m07/04/2025, 10:36:48 PM [32m    LOG[39m [38;5;3m[RouterExplorer] [39m[32mMapped {/api/users/:id, GET} route[39m[38;5;3m +1ms[39m
[32m[Nest] 157  - [39m07/04/2025, 10:36:48 PM [32m    LOG[39m [38;5;3m[RouterExplorer] [39m[32mMapped {/api/users/:id, PUT} route[39m[38;5;3m +0ms[39m
[32m[Nest] 157  - [39m07/04/2025, 10:36:48 PM [32m    LOG[39m [38;5;3m[RouterExplorer] [39m[32mMapped {/api/users/:id, DELETE} route[39m[38;5;3m +1ms[39m
[32m[Nest] 157  - [39m07/04/2025, 10:36:48 PM [32m    LOG[39m [38;5;3m[RouterExplorer] [39m[32mMapped {/api/users/regenerate-access-code, POST} route[39m[38;5;3m +0ms[39m
[32m[Nest] 157  - [39m07/04/2025, 10:36:48 PM [32m    LOG[39m [38;5;3m[RouterExplorer] [39m[32mMapped {/api/users/:id/avatar, PATCH} route[39m[38;5;3m +1ms[39m
[32m[Nest] 157  - [39m07/04/2025, 10:36:48 PM [32m    LOG[39m [38;5;3m[RouterExplorer] [39m[32mMapped {/api/users/:id/profile, GET} route[39m[38;5;3m +0ms[39m
[32m[Nest] 157  - [39m07/04/2025, 10:36:48 PM [32m    LOG[39m [38;5;3m[RouterExplorer] [39m[32mMapped {/api/users/admin, POST} route[39m[38;5;3m +2ms[39m
[32m[Nest] 157  - [39m07/04/2025, 10:36:48 PM [32m    LOG[39m [38;5;3m[RoutesResolver] [39m[32mAccessCodesController {/api/access-codes}:[39m[38;5;3m +0ms[39m
[32m[Nest] 157  - [39m07/04/2025, 10:36:48 PM [32m    LOG[39m [38;5;3m[RouterExplorer] [39m[32mMapped {/api/access-codes, POST} route[39m[38;5;3m +1ms[39m
[32m[Nest] 157  - [39m07/04/2025, 10:36:48 PM [32m    LOG[39m [38;5;3m[RouterExplorer] [39m[32mMapped {/api/access-codes/batch, POST} route[39m[38;5;3m +1ms[39m
[32m[Nest] 157  - [39m07/04/2025, 10:36:48 PM [32m    LOG[39m [38;5;3m[RouterExplorer] [39m[32mMapped {/api/access-codes/resend/:id, POST} route[39m[38;5;3m +1ms[39m
[32m[Nest] 157  - [39m07/04/2025, 10:36:48 PM [32m    LOG[39m [38;5;3m[RouterExplorer] [39m[32mMapped {/api/access-codes/verify, POST} route[39m[38;5;3m +1ms[39m
[32m[Nest] 157  - [39m07/04/2025, 10:36:48 PM [32m    LOG[39m [38;5;3m[RouterExplorer] [39m[32mMapped {/api/access-codes, GET} route[39m[38;5;3m +0ms[39m
[32m[Nest] 157  - [39m07/04/2025, 10:36:48 PM [32m    LOG[39m [38;5;3m[RouterExplorer] [39m[32mMapped {/api/access-codes/:id, DELETE} route[39m[38;5;3m +1ms[39m
[32m[Nest] 157  - [39m07/04/2025, 10:36:48 PM [32m    LOG[39m [38;5;3m[RoutesResolver] [39m[32mFhirController {/api/fhir}:[39m[38;5;3m +0ms[39m
[32m[Nest] 157  - [39m07/04/2025, 10:36:48 PM [32m    LOG[39m [38;5;3m[RouterExplorer] [39m[32mMapped {/api/fhir/:resourceType, POST} route[39m[38;5;3m +0ms[39m
[32m[Nest] 157  - [39m07/04/2025, 10:36:48 PM [32m    LOG[39m [38;5;3m[RouterExplorer] [39m[32mMapped {/api/fhir/:resourceType/:id, GET} route[39m[38;5;3m +1ms[39m
[32m[Nest] 157  - [39m07/04/2025, 10:36:48 PM [32m    LOG[39m [38;5;3m[RouterExplorer] [39m[32mMapped {/api/fhir/:resourceType/:id, PUT} route[39m[38;5;3m +0ms[39m
[32m[Nest] 157  - [39m07/04/2025, 10:36:48 PM [32m    LOG[39m [38;5;3m[RouterExplorer] [39m[32mMapped {/api/fhir/:resourceType/:id, DELETE} route[39m[38;5;3m +1ms[39m
[32m[Nest] 157  - [39m07/04/2025, 10:36:48 PM [32m    LOG[39m [38;5;3m[RouterExplorer] [39m[32mMapped {/api/fhir/:resourceType, GET} route[39m[38;5;3m +0ms[39m
[32m[Nest] 157  - [39m07/04/2025, 10:36:48 PM [32m    LOG[39m [38;5;3m[RouterExplorer] [39m[32mMapped {/api/fhir/my-resources, GET} route[39m[38;5;3m +1ms[39m
[32m[Nest] 157  - [39m07/04/2025, 10:36:48 PM [32m    LOG[39m [38;5;3m[RouterExplorer] [39m[32mMapped {/api/fhir/patient-profile, GET} route[39m[38;5;3m +0ms[39m
[32m[Nest] 157  - [39m07/04/2025, 10:36:48 PM [32m    LOG[39m [38;5;3m[RouterExplorer] [39m[32mMapped {/api/fhir/practitioner-profile, GET} route[39m[38;5;3m +0ms[39m
[32m[Nest] 157  - [39m07/04/2025, 10:36:48 PM [32m    LOG[39m [38;5;3m[RouterExplorer] [39m[32mMapped {/api/fhir/metadata, GET} route[39m[38;5;3m +0ms[39m
[32m[Nest] 157  - [39m07/04/2025, 10:36:48 PM [32m    LOG[39m [38;5;3m[RouterExplorer] [39m[32mMapped {/api/fhir/health, GET} route[39m[38;5;3m +1ms[39m
[32m[Nest] 157  - [39m07/04/2025, 10:36:48 PM [32m    LOG[39m [38;5;3m[RouterExplorer] [39m[32mMapped {/api/fhir/registry, GET} route[39m[38;5;3m +0ms[39m
[32m[Nest] 157  - [39m07/04/2025, 10:36:48 PM [32m    LOG[39m [38;5;3m[RouterExplorer] [39m[32mMapped {/api/fhir/:resourceType/with-access-code, POST} route[39m[38;5;3m +0ms[39m
[32m[Nest] 157  - [39m07/04/2025, 10:36:48 PM [32m    LOG[39m [38;5;3m[RoutesResolver] [39m[32mGenericResourceController {/api/fhir}:[39m[38;5;3m +0ms[39m
[32m[Nest] 157  - [39m07/04/2025, 10:36:48 PM [32m    LOG[39m [38;5;3m[RouterExplorer] [39m[32mMapped {/api/fhir/:resourceType, GET} route[39m[38;5;3m +1ms[39m
[32m[Nest] 157  - [39m07/04/2025, 10:36:48 PM [32m    LOG[39m [38;5;3m[RouterExplorer] [39m[32mMapped {/api/fhir/:resourceType/:id, GET} route[39m[38;5;3m +0ms[39m
[32m[Nest] 157  - [39m07/04/2025, 10:36:48 PM [32m    LOG[39m [38;5;3m[RouterExplorer] [39m[32mMapped {/api/fhir/:resourceType, POST} route[39m[38;5;3m +0ms[39m
[32m[Nest] 157  - [39m07/04/2025, 10:36:48 PM [32m    LOG[39m [38;5;3m[RouterExplorer] [39m[32mMapped {/api/fhir/:resourceType/:id, PUT} route[39m[38;5;3m +0ms[39m
[32m[Nest] 157  - [39m07/04/2025, 10:36:48 PM [32m    LOG[39m [38;5;3m[RouterExplorer] [39m[32mMapped {/api/fhir/:resourceType/:id, DELETE} route[39m[38;5;3m +1ms[39m
[32m[Nest] 157  - [39m07/04/2025, 10:36:48 PM [32m    LOG[39m [38;5;3m[RouterExplorer] [39m[32mMapped {/api/fhir, GET} route[39m[38;5;3m +0ms[39m
[32m[Nest] 157  - [39m07/04/2025, 10:36:48 PM [32m    LOG[39m [38;5;3m[RoutesResolver] [39m[32mPatientController {/api/fhir/Patient}:[39m[38;5;3m +0ms[39m
[32m[Nest] 157  - [39m07/04/2025, 10:36:48 PM [32m    LOG[39m [38;5;3m[RouterExplorer] [39m[32mMapped {/api/fhir/Patient/$my-profile, GET} route[39m[38;5;3m +0ms[39m
[32m[Nest] 157  - [39m07/04/2025, 10:36:48 PM [32m    LOG[39m [38;5;3m[RouterExplorer] [39m[32mMapped {/api/fhir/Patient/$my-encounters, GET} route[39m[38;5;3m +1ms[39m
[32m[Nest] 157  - [39m07/04/2025, 10:36:48 PM [32m    LOG[39m [38;5;3m[RouterExplorer] [39m[32mMapped {/api/fhir/Patient/$my-observations, GET} route[39m[38;5;3m +0ms[39m
[32m[Nest] 157  - [39m07/04/2025, 10:36:48 PM [32m    LOG[39m [38;5;3m[RouterExplorer] [39m[32mMapped {/api/fhir/Patient/$my-medications, GET} route[39m[38;5;3m +0ms[39m
[32m[Nest] 157  - [39m07/04/2025, 10:36:48 PM [32m    LOG[39m [38;5;3m[RouterExplorer] [39m[32mMapped {/api/fhir/Patient/:id/$everything, GET} route[39m[38;5;3m +0ms[39m
[32m[Nest] 157  - [39m07/04/2025, 10:36:48 PM [32m    LOG[39m [38;5;3m[RouterExplorer] [39m[32mMapped {/api/fhir/Patient/$register, POST} route[39m[38;5;3m +1ms[39m
[32m[Nest] 157  - [39m07/04/2025, 10:36:48 PM [32m    LOG[39m [38;5;3m[RouterExplorer] [39m[32mMapped {/api/fhir/Patient/$my-demographics, PATCH} route[39m[38;5;3m +0ms[39m
[32m[Nest] 157  - [39m07/04/2025, 10:36:48 PM [32m    LOG[39m [38;5;3m[RouterExplorer] [39m[32mMapped {/api/fhir/Patient/:id/assign-provider, POST} route[39m[38;5;3m +0ms[39m
[32m[Nest] 157  - [39m07/04/2025, 10:36:48 PM [32m    LOG[39m [38;5;3m[RouterExplorer] [39m[32mMapped {/api/fhir/Patient/:id/providers, GET} route[39m[38;5;3m +0ms[39m
[32m[Nest] 157  - [39m07/04/2025, 10:36:48 PM [32m    LOG[39m [38;5;3m[RouterExplorer] [39m[32mMapped {/api/fhir/Patient/search, GET} route[39m[38;5;3m +0ms[39m
[32m[Nest] 157  - [39m07/04/2025, 10:36:48 PM [32m    LOG[39m [38;5;3m[RouterExplorer] [39m[32mMapped {/api/fhir/Patient/$summary, GET} route[39m[38;5;3m +1ms[39m
[32m[Nest] 157  - [39m07/04/2025, 10:36:48 PM [32m    LOG[39m [38;5;3m[RouterExplorer] [39m[32mMapped {/api/fhir/Patient, GET} route[39m[38;5;3m +0ms[39m
[32m[Nest] 157  - [39m07/04/2025, 10:36:48 PM [32m    LOG[39m [38;5;3m[RouterExplorer] [39m[32mMapped {/api/fhir/Patient/:id, GET} route[39m[38;5;3m +0ms[39m
[32m[Nest] 157  - [39m07/04/2025, 10:36:48 PM [32m    LOG[39m [38;5;3m[RouterExplorer] [39m[32mMapped {/api/fhir/Patient, POST} route[39m[38;5;3m +0ms[39m
[32m[Nest] 157  - [39m07/04/2025, 10:36:48 PM [32m    LOG[39m [38;5;3m[RouterExplorer] [39m[32mMapped {/api/fhir/Patient/:id, PUT} route[39m[38;5;3m +0ms[39m
[32m[Nest] 157  - [39m07/04/2025, 10:36:48 PM [32m    LOG[39m [38;5;3m[RouterExplorer] [39m[32mMapped {/api/fhir/Patient/:id, DELETE} route[39m[38;5;3m +0ms[39m
[32m[Nest] 157  - [39m07/04/2025, 10:36:48 PM [32m    LOG[39m [38;5;3m[RouterExplorer] [39m[32mMapped {/api/fhir/Patient/:id/_history, GET} route[39m[38;5;3m +0ms[39m
[32m[Nest] 157  - [39m07/04/2025, 10:36:48 PM [32m    LOG[39m [38;5;3m[RouterExplorer] [39m[32mMapped {/api/fhir/Patient/$validate, POST} route[39m[38;5;3m +1ms[39m
[32m[Nest] 157  - [39m07/04/2025, 10:36:48 PM [32m    LOG[39m [38;5;3m[RoutesResolver] [39m[32mPractitionerController {/api/fhir/Practitioner}:[39m[38;5;3m +0ms[39m
[32m[Nest] 157  - [39m07/04/2025, 10:36:48 PM [32m    LOG[39m [38;5;3m[RouterExplorer] [39m[32mMapped {/api/fhir/Practitioner/$my-profile, GET} route[39m[38;5;3m +1ms[39m
[32m[Nest] 157  - [39m07/04/2025, 10:36:48 PM [32m    LOG[39m [38;5;3m[RouterExplorer] [39m[32mMapped {/api/fhir/Practitioner/$my-patients, GET} route[39m[38;5;3m +0ms[39m
[32m[Nest] 157  - [39m07/04/2025, 10:36:48 PM [32m    LOG[39m [38;5;3m[RouterExplorer] [39m[32mMapped {/api/fhir/Practitioner/$my-encounters, GET} route[39m[38;5;3m +1ms[39m
[32m[Nest] 157  - [39m07/04/2025, 10:36:48 PM [32m    LOG[39m [38;5;3m[RouterExplorer] [39m[32mMapped {/api/fhir/Practitioner/:id/schedule, GET} route[39m[38;5;3m +0ms[39m
[32m[Nest] 157  - [39m07/04/2025, 10:36:48 PM [32m    LOG[39m [38;5;3m[RouterExplorer] [39m[32mMapped {/api/fhir/Practitioner/$my-details, PATCH} route[39m[38;5;3m +0ms[39m
[32m[Nest] 157  - [39m07/04/2025, 10:36:48 PM [32m    LOG[39m [38;5;3m[RouterExplorer] [39m[32mMapped {/api/fhir/Practitioner/$set-availability, POST} route[39m[38;5;3m +0ms[39m
[32m[Nest] 157  - [39m07/04/2025, 10:36:48 PM [32m    LOG[39m [38;5;3m[RouterExplorer] [39m[32mMapped {/api/fhir/Practitioner/:id/available-slots, GET} route[39m[38;5;3m +0ms[39m
[32m[Nest] 157  - [39m07/04/2025, 10:36:48 PM [32m    LOG[39m [38;5;3m[RouterExplorer] [39m[32mMapped {/api/fhir/Practitioner/search, GET} route[39m[38;5;3m +1ms[39m
[32m[Nest] 157  - [39m07/04/2025, 10:36:48 PM [32m    LOG[39m [38;5;3m[RouterExplorer] [39m[32mMapped {/api/fhir/Practitioner/$statistics, GET} route[39m[38;5;3m +0ms[39m
[32m[Nest] 157  - [39m07/04/2025, 10:36:48 PM [32m    LOG[39m [38;5;3m[RouterExplorer] [39m[32mMapped {/api/fhir/Practitioner, POST} route[39m[38;5;3m +0ms[39m
[32m[Nest] 157  - [39m07/04/2025, 10:36:48 PM [32m    LOG[39m [38;5;3m[RouterExplorer] [39m[32mMapped {/api/fhir/Practitioner/:id, GET} route[39m[38;5;3m +0ms[39m
[32m[Nest] 157  - [39m07/04/2025, 10:36:48 PM [32m    LOG[39m [38;5;3m[RouterExplorer] [39m[32mMapped {/api/fhir/Practitioner/:id, PUT} route[39m[38;5;3m +0ms[39m
[32m[Nest] 157  - [39m07/04/2025, 10:36:48 PM [32m    LOG[39m [38;5;3m[RouterExplorer] [39m[32mMapped {/api/fhir/Practitioner/:id, DELETE} route[39m[38;5;3m +0ms[39m
[32m[Nest] 157  - [39m07/04/2025, 10:36:48 PM [32m    LOG[39m [38;5;3m[RouterExplorer] [39m[32mMapped {/api/fhir/Practitioner, GET} route[39m[38;5;3m +1ms[39m
[32m[Nest] 157  - [39m07/04/2025, 10:36:48 PM [32m    LOG[39m [38;5;3m[RouterExplorer] [39m[32mMapped {/api/fhir/Practitioner/:id/_history, GET} route[39m[38;5;3m +0ms[39m
[32m[Nest] 157  - [39m07/04/2025, 10:36:48 PM [32m    LOG[39m [38;5;3m[RouterExplorer] [39m[32mMapped {/api/fhir/Practitioner/$validate, POST} route[39m[38;5;3m +0ms[39m
[32m[Nest] 157  - [39m07/04/2025, 10:36:48 PM [32m    LOG[39m [38;5;3m[RoutesResolver] [39m[32mOrganizationController {/api/organizations}:[39m[38;5;3m +0ms[39m
[32m[Nest] 157  - [39m07/04/2025, 10:36:48 PM [32m    LOG[39m [38;5;3m[RouterExplorer] [39m[32mMapped {/api/organizations, GET} route[39m[38;5;3m +1ms[39m
[32m[Nest] 157  - [39m07/04/2025, 10:36:48 PM [32m    LOG[39m [38;5;3m[RouterExplorer] [39m[32mMapped {/api/organizations/:id, GET} route[39m[38;5;3m +0ms[39m
[32m[Nest] 157  - [39m07/04/2025, 10:36:48 PM [32m    LOG[39m [38;5;3m[RouterExplorer] [39m[32mMapped {/api/organizations, POST} route[39m[38;5;3m +0ms[39m
[32m[Nest] 157  - [39m07/04/2025, 10:36:48 PM [32m    LOG[39m [38;5;3m[RouterExplorer] [39m[32mMapped {/api/organizations/:id, PUT} route[39m[38;5;3m +1ms[39m
[32m[Nest] 157  - [39m07/04/2025, 10:36:48 PM [32m    LOG[39m [38;5;3m[RouterExplorer] [39m[32mMapped {/api/organizations/:id, DELETE} route[39m[38;5;3m +0ms[39m
[32m[Nest] 157  - [39m07/04/2025, 10:36:48 PM [32m    LOG[39m [38;5;3m[RoutesResolver] [39m[32mEncounterController {/api/fhir/Encounter}:[39m[38;5;3m +0ms[39m
[32m[Nest] 157  - [39m07/04/2025, 10:36:48 PM [32m    LOG[39m [38;5;3m[RouterExplorer] [39m[32mMapped {/api/fhir/Encounter/$my-encounters, GET} route[39m[38;5;3m +1ms[39m
[32m[Nest] 157  - [39m07/04/2025, 10:36:48 PM [32m    LOG[39m [38;5;3m[RouterExplorer] [39m[32mMapped {/api/fhir/Encounter/patient/:patientId, GET} route[39m[38;5;3m +0ms[39m
[32m[Nest] 157  - [39m07/04/2025, 10:36:48 PM [32m    LOG[39m [38;5;3m[RouterExplorer] [39m[32mMapped {/api/fhir/Encounter/$active, GET} route[39m[38;5;3m +1ms[39m
[32m[Nest] 157  - [39m07/04/2025, 10:36:48 PM [32m    LOG[39m [38;5;3m[RouterExplorer] [39m[32mMapped {/api/fhir/Encounter/:id/$everything, GET} route[39m[38;5;3m +0ms[39m
[32m[Nest] 157  - [39m07/04/2025, 10:36:48 PM [32m    LOG[39m [38;5;3m[RouterExplorer] [39m[32mMapped {/api/fhir/Encounter, POST} route[39m[38;5;3m +1ms[39m
[32m[Nest] 157  - [39m07/04/2025, 10:36:48 PM [32m    LOG[39m [38;5;3m[RouterExplorer] [39m[32mMapped {/api/fhir/Encounter/:id/status, PUT} route[39m[38;5;3m +0ms[39m
[32m[Nest] 157  - [39m07/04/2025, 10:36:48 PM [32m    LOG[39m [38;5;3m[RouterExplorer] [39m[32mMapped {/api/fhir/Encounter, POST} route[39m[38;5;3m +0ms[39m
[32m[Nest] 157  - [39m07/04/2025, 10:36:48 PM [32m    LOG[39m [38;5;3m[RouterExplorer] [39m[32mMapped {/api/fhir/Encounter/:id, GET} route[39m[38;5;3m +1ms[39m
[32m[Nest] 157  - [39m07/04/2025, 10:36:48 PM [32m    LOG[39m [38;5;3m[RouterExplorer] [39m[32mMapped {/api/fhir/Encounter/:id, PUT} route[39m[38;5;3m +0ms[39m
[32m[Nest] 157  - [39m07/04/2025, 10:36:48 PM [32m    LOG[39m [38;5;3m[RouterExplorer] [39m[32mMapped {/api/fhir/Encounter/:id, DELETE} route[39m[38;5;3m +1ms[39m
[32m[Nest] 157  - [39m07/04/2025, 10:36:48 PM [32m    LOG[39m [38;5;3m[RouterExplorer] [39m[32mMapped {/api/fhir/Encounter, GET} route[39m[38;5;3m +0ms[39m
[32m[Nest] 157  - [39m07/04/2025, 10:36:48 PM [32m    LOG[39m [38;5;3m[RouterExplorer] [39m[32mMapped {/api/fhir/Encounter/:id/_history, GET} route[39m[38;5;3m +1ms[39m
[32m[Nest] 157  - [39m07/04/2025, 10:36:48 PM [32m    LOG[39m [38;5;3m[RouterExplorer] [39m[32mMapped {/api/fhir/Encounter/$validate, POST} route[39m[38;5;3m +0ms[39m
[32m[Nest] 157  - [39m07/04/2025, 10:36:48 PM [32m    LOG[39m [38;5;3m[RoutesResolver] [39m[32mObservationController {/api/fhir/Observation}:[39m[38;5;3m +0ms[39m
[32m[Nest] 157  - [39m07/04/2025, 10:36:48 PM [32m    LOG[39m [38;5;3m[RouterExplorer] [39m[32mMapped {/api/fhir/Observation/$by-code, GET} route[39m[38;5;3m +0ms[39m
[32m[Nest] 157  - [39m07/04/2025, 10:36:48 PM [32m    LOG[39m [38;5;3m[RouterExplorer] [39m[32mMapped {/api/fhir/Observation/patient/:patientId, GET} route[39m[38;5;3m +0ms[39m
[32m[Nest] 157  - [39m07/04/2025, 10:36:48 PM [32m    LOG[39m [38;5;3m[RouterExplorer] [39m[32mMapped {/api/fhir/Observation/patient/:patientId/latest, GET} route[39m[38;5;3m +1ms[39m
[32m[Nest] 157  - [39m07/04/2025, 10:36:48 PM [32m    LOG[39m [38;5;3m[RouterExplorer] [39m[32mMapped {/api/fhir/Observation/patient/:patientId/vitals, GET} route[39m[38;5;3m +0ms[39m
[32m[Nest] 157  - [39m07/04/2025, 10:36:48 PM [32m    LOG[39m [38;5;3m[RouterExplorer] [39m[32mMapped {/api/fhir/Observation/patient/:patientId/labs, GET} route[39m[38;5;3m +0ms[39m
[32m[Nest] 157  - [39m07/04/2025, 10:36:48 PM [32m    LOG[39m [38;5;3m[RouterExplorer] [39m[32mMapped {/api/fhir/Observation/$by-component, GET} route[39m[38;5;3m +0ms[39m
[32m[Nest] 157  - [39m07/04/2025, 10:36:48 PM [32m    LOG[39m [38;5;3m[RouterExplorer] [39m[32mMapped {/api/fhir/Observation/$by-value-range, GET} route[39m[38;5;3m +0ms[39m
[32m[Nest] 157  - [39m07/04/2025, 10:36:48 PM [32m    LOG[39m [38;5;3m[RouterExplorer] [39m[32mMapped {/api/fhir/Observation/search/by-component-value, GET} route[39m[38;5;3m +1ms[39m
[32m[Nest] 157  - [39m07/04/2025, 10:36:48 PM [32m    LOG[39m [38;5;3m[RouterExplorer] [39m[32mMapped {/api/fhir/Observation/search/by-reference-range, GET} route[39m[38;5;3m +0ms[39m
[32m[Nest] 157  - [39m07/04/2025, 10:36:48 PM [32m    LOG[39m [38;5;3m[RouterExplorer] [39m[32mMapped {/api/fhir/Observation, POST} route[39m[38;5;3m +0ms[39m
[32m[Nest] 157  - [39m07/04/2025, 10:36:48 PM [32m    LOG[39m [38;5;3m[RouterExplorer] [39m[32mMapped {/api/fhir/Observation, POST} route[39m[38;5;3m +0ms[39m
[32m[Nest] 157  - [39m07/04/2025, 10:36:48 PM [32m    LOG[39m [38;5;3m[RouterExplorer] [39m[32mMapped {/api/fhir/Observation/:id, GET} route[39m[38;5;3m +1ms[39m
[32m[Nest] 157  - [39m07/04/2025, 10:36:48 PM [32m    LOG[39m [38;5;3m[RouterExplorer] [39m[32mMapped {/api/fhir/Observation/:id, PUT} route[39m[38;5;3m +0ms[39m
[32m[Nest] 157  - [39m07/04/2025, 10:36:48 PM [32m    LOG[39m [38;5;3m[RouterExplorer] [39m[32mMapped {/api/fhir/Observation/:id, DELETE} route[39m[38;5;3m +0ms[39m
[32m[Nest] 157  - [39m07/04/2025, 10:36:48 PM [32m    LOG[39m [38;5;3m[RouterExplorer] [39m[32mMapped {/api/fhir/Observation, GET} route[39m[38;5;3m +0ms[39m
[32m[Nest] 157  - [39m07/04/2025, 10:36:48 PM [32m    LOG[39m [38;5;3m[RouterExplorer] [39m[32mMapped {/api/fhir/Observation/:id/_history, GET} route[39m[38;5;3m +0ms[39m
[32m[Nest] 157  - [39m07/04/2025, 10:36:48 PM [32m    LOG[39m [38;5;3m[RouterExplorer] [39m[32mMapped {/api/fhir/Observation/$validate, POST} route[39m[38;5;3m +0ms[39m
[32m[Nest] 157  - [39m07/04/2025, 10:36:48 PM [32m    LOG[39m [38;5;3m[RoutesResolver] [39m[32mDiagnosticReportController {/api/fhir/DiagnosticReport}:[39m[38;5;3m +1ms[39m
[32m[Nest] 157  - [39m07/04/2025, 10:36:48 PM [32m    LOG[39m [38;5;3m[RouterExplorer] [39m[32mMapped {/api/fhir/DiagnosticReport/$my-reports, GET} route[39m[38;5;3m +0ms[39m
[32m[Nest] 157  - [39m07/04/2025, 10:36:48 PM [32m    LOG[39m [38;5;3m[RouterExplorer] [39m[32mMapped {/api/fhir/DiagnosticReport/patient/:patientId, GET} route[39m[38;5;3m +0ms[39m
[32m[Nest] 157  - [39m07/04/2025, 10:36:48 PM [32m    LOG[39m [38;5;3m[RouterExplorer] [39m[32mMapped {/api/fhir/DiagnosticReport/$by-category, GET} route[39m[38;5;3m +0ms[39m
[32m[Nest] 157  - [39m07/04/2025, 10:36:48 PM [32m    LOG[39m [38;5;3m[RouterExplorer] [39m[32mMapped {/api/fhir/DiagnosticReport/encounter/:encounterId, GET} route[39m[38;5;3m +1ms[39m
[32m[Nest] 157  - [39m07/04/2025, 10:36:48 PM [32m    LOG[39m [38;5;3m[RouterExplorer] [39m[32mMapped {/api/fhir/DiagnosticReport, POST} route[39m[38;5;3m +0ms[39m
[32m[Nest] 157  - [39m07/04/2025, 10:36:48 PM [32m    LOG[39m [38;5;3m[RouterExplorer] [39m[32mMapped {/api/fhir/DiagnosticReport, POST} route[39m[38;5;3m +0ms[39m
[32m[Nest] 157  - [39m07/04/2025, 10:36:48 PM [32m    LOG[39m [38;5;3m[RouterExplorer] [39m[32mMapped {/api/fhir/DiagnosticReport/:id, GET} route[39m[38;5;3m +0ms[39m
[32m[Nest] 157  - [39m07/04/2025, 10:36:48 PM [32m    LOG[39m [38;5;3m[RouterExplorer] [39m[32mMapped {/api/fhir/DiagnosticReport/:id, PUT} route[39m[38;5;3m +0ms[39m
[32m[Nest] 157  - [39m07/04/2025, 10:36:48 PM [32m    LOG[39m [38;5;3m[RouterExplorer] [39m[32mMapped {/api/fhir/DiagnosticReport/:id, DELETE} route[39m[38;5;3m +0ms[39m
[32m[Nest] 157  - [39m07/04/2025, 10:36:48 PM [32m    LOG[39m [38;5;3m[RouterExplorer] [39m[32mMapped {/api/fhir/DiagnosticReport, GET} route[39m[38;5;3m +1ms[39m
[32m[Nest] 157  - [39m07/04/2025, 10:36:48 PM [32m    LOG[39m [38;5;3m[RouterExplorer] [39m[32mMapped {/api/fhir/DiagnosticReport/:id/_history, GET} route[39m[38;5;3m +0ms[39m
[32m[Nest] 157  - [39m07/04/2025, 10:36:48 PM [32m    LOG[39m [38;5;3m[RouterExplorer] [39m[32mMapped {/api/fhir/DiagnosticReport/$validate, POST} route[39m[38;5;3m +0ms[39m
[32m[Nest] 157  - [39m07/04/2025, 10:36:48 PM [32m    LOG[39m [38;5;3m[RoutesResolver] [39m[32mMedicationController {/api/fhir/Medication}:[39m[38;5;3m +0ms[39m
[32m[Nest] 157  - [39m07/04/2025, 10:36:48 PM [32m    LOG[39m [38;5;3m[RouterExplorer] [39m[32mMapped {/api/fhir/Medication/$by-code, GET} route[39m[38;5;3m +0ms[39m
[32m[Nest] 157  - [39m07/04/2025, 10:36:48 PM [32m    LOG[39m [38;5;3m[RouterExplorer] [39m[32mMapped {/api/fhir/Medication/$common, GET} route[39m[38;5;3m +0ms[39m
[32m[Nest] 157  - [39m07/04/2025, 10:36:48 PM [32m    LOG[39m [38;5;3m[RouterExplorer] [39m[32mMapped {/api/fhir/Medication, POST} route[39m[38;5;3m +1ms[39m
[32m[Nest] 157  - [39m07/04/2025, 10:36:48 PM [32m    LOG[39m [38;5;3m[RouterExplorer] [39m[32mMapped {/api/fhir/Medication, POST} route[39m[38;5;3m +0ms[39m
[32m[Nest] 157  - [39m07/04/2025, 10:36:48 PM [32m    LOG[39m [38;5;3m[RouterExplorer] [39m[32mMapped {/api/fhir/Medication/:id, GET} route[39m[38;5;3m +0ms[39m
[32m[Nest] 157  - [39m07/04/2025, 10:36:48 PM [32m    LOG[39m [38;5;3m[RouterExplorer] [39m[32mMapped {/api/fhir/Medication/:id, PUT} route[39m[38;5;3m +0ms[39m
[32m[Nest] 157  - [39m07/04/2025, 10:36:48 PM [32m    LOG[39m [38;5;3m[RouterExplorer] [39m[32mMapped {/api/fhir/Medication/:id, DELETE} route[39m[38;5;3m +0ms[39m
[32m[Nest] 157  - [39m07/04/2025, 10:36:48 PM [32m    LOG[39m [38;5;3m[RouterExplorer] [39m[32mMapped {/api/fhir/Medication, GET} route[39m[38;5;3m +0ms[39m
[32m[Nest] 157  - [39m07/04/2025, 10:36:48 PM [32m    LOG[39m [38;5;3m[RouterExplorer] [39m[32mMapped {/api/fhir/Medication/:id/_history, GET} route[39m[38;5;3m +0ms[39m
[32m[Nest] 157  - [39m07/04/2025, 10:36:48 PM [32m    LOG[39m [38;5;3m[RouterExplorer] [39m[32mMapped {/api/fhir/Medication/$validate, POST} route[39m[38;5;3m +0ms[39m
[32m[Nest] 157  - [39m07/04/2025, 10:36:48 PM [32m    LOG[39m [38;5;3m[RoutesResolver] [39m[32mMedicationRequestController {/api/fhir/MedicationRequest}:[39m[38;5;3m +0ms[39m
[32m[Nest] 157  - [39m07/04/2025, 10:36:48 PM [32m    LOG[39m [38;5;3m[RouterExplorer] [39m[32mMapped {/api/fhir/MedicationRequest/$my-medications, GET} route[39m[38;5;3m +1ms[39m
[32m[Nest] 157  - [39m07/04/2025, 10:36:48 PM [32m    LOG[39m [38;5;3m[RouterExplorer] [39m[32mMapped {/api/fhir/MedicationRequest/patient/:patientId/active, GET} route[39m[38;5;3m +0ms[39m
[32m[Nest] 157  - [39m07/04/2025, 10:36:48 PM [32m    LOG[39m [38;5;3m[RouterExplorer] [39m[32mMapped {/api/fhir/MedicationRequest/encounter/:encounterId, GET} route[39m[38;5;3m +0ms[39m
[32m[Nest] 157  - [39m07/04/2025, 10:36:48 PM [32m    LOG[39m [38;5;3m[RouterExplorer] [39m[32mMapped {/api/fhir/MedicationRequest, POST} route[39m[38;5;3m +0ms[39m
[32m[Nest] 157  - [39m07/04/2025, 10:36:48 PM [32m    LOG[39m [38;5;3m[RouterExplorer] [39m[32mMapped {/api/fhir/MedicationRequest, POST} route[39m[38;5;3m +0ms[39m
[32m[Nest] 157  - [39m07/04/2025, 10:36:48 PM [32m    LOG[39m [38;5;3m[RouterExplorer] [39m[32mMapped {/api/fhir/MedicationRequest/:id, GET} route[39m[38;5;3m +0ms[39m
[32m[Nest] 157  - [39m07/04/2025, 10:36:48 PM [32m    LOG[39m [38;5;3m[RouterExplorer] [39m[32mMapped {/api/fhir/MedicationRequest/:id, PUT} route[39m[38;5;3m +1ms[39m
[32m[Nest] 157  - [39m07/04/2025, 10:36:48 PM [32m    LOG[39m [38;5;3m[RouterExplorer] [39m[32mMapped {/api/fhir/MedicationRequest/:id, DELETE} route[39m[38;5;3m +0ms[39m
[32m[Nest] 157  - [39m07/04/2025, 10:36:48 PM [32m    LOG[39m [38;5;3m[RouterExplorer] [39m[32mMapped {/api/fhir/MedicationRequest, GET} route[39m[38;5;3m +0ms[39m
[32m[Nest] 157  - [39m07/04/2025, 10:36:48 PM [32m    LOG[39m [38;5;3m[RouterExplorer] [39m[32mMapped {/api/fhir/MedicationRequest/:id/_history, GET} route[39m[38;5;3m +1ms[39m
[32m[Nest] 157  - [39m07/04/2025, 10:36:48 PM [32m    LOG[39m [38;5;3m[RouterExplorer] [39m[32mMapped {/api/fhir/MedicationRequest/$validate, POST} route[39m[38;5;3m +1ms[39m
[32m[Nest] 157  - [39m07/04/2025, 10:36:48 PM [32m    LOG[39m [38;5;3m[RoutesResolver] [39m[32mQuestionnaireController {/api/questionnaires}:[39m[38;5;3m +0ms[39m
[32m[Nest] 157  - [39m07/04/2025, 10:36:48 PM [32m    LOG[39m [38;5;3m[RouterExplorer] [39m[32mMapped {/api/questionnaires, GET} route[39m[38;5;3m +0ms[39m
[32m[Nest] 157  - [39m07/04/2025, 10:36:48 PM [32m    LOG[39m [38;5;3m[RouterExplorer] [39m[32mMapped {/api/questionnaires/:id, GET} route[39m[38;5;3m +0ms[39m
[32m[Nest] 157  - [39m07/04/2025, 10:36:48 PM [32m    LOG[39m [38;5;3m[RouterExplorer] [39m[32mMapped {/api/questionnaires, POST} route[39m[38;5;3m +0ms[39m
[32m[Nest] 157  - [39m07/04/2025, 10:36:48 PM [32m    LOG[39m [38;5;3m[RouterExplorer] [39m[32mMapped {/api/questionnaires/:id, PUT} route[39m[38;5;3m +1ms[39m
[32m[Nest] 157  - [39m07/04/2025, 10:36:48 PM [32m    LOG[39m [38;5;3m[RouterExplorer] [39m[32mMapped {/api/questionnaires/:id, DELETE} route[39m[38;5;3m +0ms[39m
[32m[Nest] 157  - [39m07/04/2025, 10:36:48 PM [32m    LOG[39m [38;5;3m[RoutesResolver] [39m[32mPaymentController {/api/payments}:[39m[38;5;3m +0ms[39m
[32m[Nest] 157  - [39m07/04/2025, 10:36:48 PM [32m    LOG[39m [38;5;3m[RouterExplorer] [39m[32mMapped {/api/payments, GET} route[39m[38;5;3m +1ms[39m
[32m[Nest] 157  - [39m07/04/2025, 10:36:48 PM [32m    LOG[39m [38;5;3m[RouterExplorer] [39m[32mMapped {/api/payments/:id, GET} route[39m[38;5;3m +0ms[39m
[32m[Nest] 157  - [39m07/04/2025, 10:36:48 PM [32m    LOG[39m [38;5;3m[RouterExplorer] [39m[32mMapped {/api/payments, POST} route[39m[38;5;3m +0ms[39m
[32m[Nest] 157  - [39m07/04/2025, 10:36:48 PM [32m    LOG[39m [38;5;3m[RouterExplorer] [39m[32mMapped {/api/payments/:id, PUT} route[39m[38;5;3m +0ms[39m
[32m[Nest] 157  - [39m07/04/2025, 10:36:48 PM [32m    LOG[39m [38;5;3m[RouterExplorer] [39m[32mMapped {/api/payments/:id, DELETE} route[39m[38;5;3m +1ms[39m
[32m[Nest] 157  - [39m07/04/2025, 10:36:48 PM [32m    LOG[39m [38;5;3m[RoutesResolver] [39m[32mConditionController {/api/fhir/Condition}:[39m[38;5;3m +0ms[39m
[32m[Nest] 157  - [39m07/04/2025, 10:36:48 PM [32m    LOG[39m [38;5;3m[RouterExplorer] [39m[32mMapped {/api/fhir/Condition/$my-conditions, GET} route[39m[38;5;3m +0ms[39m
[32m[Nest] 157  - [39m07/04/2025, 10:36:48 PM [32m    LOG[39m [38;5;3m[RouterExplorer] [39m[32mMapped {/api/fhir/Condition/patient/:patientId, GET} route[39m[38;5;3m +0ms[39m
[32m[Nest] 157  - [39m07/04/2025, 10:36:48 PM [32m    LOG[39m [38;5;3m[RouterExplorer] [39m[32mMapped {/api/fhir/Condition/patient/:patientId/active, GET} route[39m[38;5;3m +1ms[39m
[32m[Nest] 157  - [39m07/04/2025, 10:36:48 PM [32m    LOG[39m [38;5;3m[RouterExplorer] [39m[32mMapped {/api/fhir/Condition/$by-category, GET} route[39m[38;5;3m +0ms[39m
[32m[Nest] 157  - [39m07/04/2025, 10:36:48 PM [32m    LOG[39m [38;5;3m[RouterExplorer] [39m[32mMapped {/api/fhir/Condition/encounter/:encounterId, GET} route[39m[38;5;3m +0ms[39m
[32m[Nest] 157  - [39m07/04/2025, 10:36:48 PM [32m    LOG[39m [38;5;3m[RouterExplorer] [39m[32mMapped {/api/fhir/Condition, POST} route[39m[38;5;3m +0ms[39m
[32m[Nest] 157  - [39m07/04/2025, 10:36:48 PM [32m    LOG[39m [38;5;3m[RouterExplorer] [39m[32mMapped {/api/fhir/Condition, POST} route[39m[38;5;3m +1ms[39m
[32m[Nest] 157  - [39m07/04/2025, 10:36:48 PM [32m    LOG[39m [38;5;3m[RouterExplorer] [39m[32mMapped {/api/fhir/Condition/:id, GET} route[39m[38;5;3m +0ms[39m
[32m[Nest] 157  - [39m07/04/2025, 10:36:48 PM [32m    LOG[39m [38;5;3m[RouterExplorer] [39m[32mMapped {/api/fhir/Condition/:id, PUT} route[39m[38;5;3m +0ms[39m
[32m[Nest] 157  - [39m07/04/2025, 10:36:48 PM [32m    LOG[39m [38;5;3m[RouterExplorer] [39m[32mMapped {/api/fhir/Condition/:id, DELETE} route[39m[38;5;3m +1ms[39m
[32m[Nest] 157  - [39m07/04/2025, 10:36:48 PM [32m    LOG[39m [38;5;3m[RouterExplorer] [39m[32mMapped {/api/fhir/Condition, GET} route[39m[38;5;3m +0ms[39m
[32m[Nest] 157  - [39m07/04/2025, 10:36:48 PM [32m    LOG[39m [38;5;3m[RouterExplorer] [39m[32mMapped {/api/fhir/Condition/:id/_history, GET} route[39m[38;5;3m +0ms[39m
[32m[Nest] 157  - [39m07/04/2025, 10:36:48 PM [32m    LOG[39m [38;5;3m[RouterExplorer] [39m[32mMapped {/api/fhir/Condition/$validate, POST} route[39m[38;5;3m +1ms[39m
[32m[Nest] 157  - [39m07/04/2025, 10:36:48 PM [32m    LOG[39m [38;5;3m[RoutesResolver] [39m[32mProcedureController {/api/fhir/Procedure}:[39m[38;5;3m +0ms[39m
[32m[Nest] 157  - [39m07/04/2025, 10:36:48 PM [32m    LOG[39m [38;5;3m[RouterExplorer] [39m[32mMapped {/api/fhir/Procedure/$my-procedures, GET} route[39m[38;5;3m +0ms[39m
[32m[Nest] 157  - [39m07/04/2025, 10:36:48 PM [32m    LOG[39m [38;5;3m[RouterExplorer] [39m[32mMapped {/api/fhir/Procedure/patient/:patientId, GET} route[39m[38;5;3m +0ms[39m
[32m[Nest] 157  - [39m07/04/2025, 10:36:48 PM [32m    LOG[39m [38;5;3m[RouterExplorer] [39m[32mMapped {/api/fhir/Procedure/$by-code, GET} route[39m[38;5;3m +0ms[39m
[32m[Nest] 157  - [39m07/04/2025, 10:36:48 PM [32m    LOG[39m [38;5;3m[RouterExplorer] [39m[32mMapped {/api/fhir/Procedure/encounter/:encounterId, GET} route[39m[38;5;3m +0ms[39m
[32m[Nest] 157  - [39m07/04/2025, 10:36:48 PM [32m    LOG[39m [38;5;3m[RouterExplorer] [39m[32mMapped {/api/fhir/Procedure, POST} route[39m[38;5;3m +1ms[39m
[32m[Nest] 157  - [39m07/04/2025, 10:36:48 PM [32m    LOG[39m [38;5;3m[RouterExplorer] [39m[32mMapped {/api/fhir/Procedure, POST} route[39m[38;5;3m +0ms[39m
[32m[Nest] 157  - [39m07/04/2025, 10:36:48 PM [32m    LOG[39m [38;5;3m[RouterExplorer] [39m[32mMapped {/api/fhir/Procedure/:id, GET} route[39m[38;5;3m +0ms[39m
[32m[Nest] 157  - [39m07/04/2025, 10:36:48 PM [32m    LOG[39m [38;5;3m[RouterExplorer] [39m[32mMapped {/api/fhir/Procedure/:id, PUT} route[39m[38;5;3m +0ms[39m
[32m[Nest] 157  - [39m07/04/2025, 10:36:48 PM [32m    LOG[39m [38;5;3m[RouterExplorer] [39m[32mMapped {/api/fhir/Procedure/:id, DELETE} route[39m[38;5;3m +0ms[39m
[32m[Nest] 157  - [39m07/04/2025, 10:36:48 PM [32m    LOG[39m [38;5;3m[RouterExplorer] [39m[32mMapped {/api/fhir/Procedure, GET} route[39m[38;5;3m +0ms[39m
[32m[Nest] 157  - [39m07/04/2025, 10:36:48 PM [32m    LOG[39m [38;5;3m[RouterExplorer] [39m[32mMapped {/api/fhir/Procedure/:id/_history, GET} route[39m[38;5;3m +0ms[39m
[32m[Nest] 157  - [39m07/04/2025, 10:36:48 PM [32m    LOG[39m [38;5;3m[RouterExplorer] [39m[32mMapped {/api/fhir/Procedure/$validate, POST} route[39m[38;5;3m +0ms[39m
[32m[Nest] 157  - [39m07/04/2025, 10:36:48 PM [32m    LOG[39m [38;5;3m[RoutesResolver] [39m[32mTerminologyController {/api/fhir/terminology}:[39m[38;5;3m +0ms[39m
[32m[Nest] 157  - [39m07/04/2025, 10:36:48 PM [32m    LOG[39m [38;5;3m[RouterExplorer] [39m[32mMapped {/api/fhir/terminology/validate-code, GET} route[39m[38;5;3m +1ms[39m
[32m[Nest] 157  - [39m07/04/2025, 10:36:48 PM [32m    LOG[39m [38;5;3m[RouterExplorer] [39m[32mMapped {/api/fhir/terminology/expand, GET} route[39m[38;5;3m +0ms[39m
[32m[Nest] 157  - [39m07/04/2025, 10:36:48 PM [32m    LOG[39m [38;5;3m[RouterExplorer] [39m[32mMapped {/api/fhir/terminology/translate, GET} route[39m[38;5;3m +0ms[39m
[32m[Nest] 157  - [39m07/04/2025, 10:36:48 PM [32m    LOG[39m [38;5;3m[RouterExplorer] [39m[32mMapped {/api/fhir/terminology/lookup, GET} route[39m[38;5;3m +0ms[39m
[32m[Nest] 157  - [39m07/04/2025, 10:36:48 PM [32m    LOG[39m [38;5;3m[RouterExplorer] [39m[32mMapped {/api/fhir/terminology/find-matches, POST} route[39m[38;5;3m +0ms[39m
[32m[Nest] 157  - [39m07/04/2025, 10:36:48 PM [32m    LOG[39m [38;5;3m[RoutesResolver] [39m[32mValidationController {/api/fhir}:[39m[38;5;3m +0ms[39m
[32m[Nest] 157  - [39m07/04/2025, 10:36:48 PM [32m    LOG[39m [38;5;3m[RouterExplorer] [39m[32mMapped {/api/fhir/:resourceType/$validate, POST} route[39m[38;5;3m +0ms[39m
[32m[Nest] 157  - [39m07/04/2025, 10:36:48 PM [32m    LOG[39m [38;5;3m[RouterExplorer] [39m[32mMapped {/api/fhir/:resourceType/:id/$validate, POST} route[39m[38;5;3m +0ms[39m
[32m[Nest] 157  - [39m07/04/2025, 10:36:48 PM [32m    LOG[39m [38;5;3m[RouterExplorer] [39m[32mMapped {/api/fhir/$validate-batch, POST} route[39m[38;5;3m +1ms[39m
[32m[Nest] 157  - [39m07/04/2025, 10:36:48 PM [32m    LOG[39m [38;5;3m[RoutesResolver] [39m[32mDocumentationController {/api/fhir/documentation}:[39m[38;5;3m +0ms[39m
[32m[Nest] 157  - [39m07/04/2025, 10:36:48 PM [32m    LOG[39m [38;5;3m[RouterExplorer] [39m[32mMapped {/api/fhir/documentation, GET} route[39m[38;5;3m +0ms[39m
[32m[Nest] 157  - [39m07/04/2025, 10:36:48 PM [32m    LOG[39m [38;5;3m[RouterExplorer] [39m[32mMapped {/api/fhir/documentation/examples/:resourceType, GET} route[39m[38;5;3m +0ms[39m
[32m[Nest] 157  - [39m07/04/2025, 10:36:48 PM [32m    LOG[39m [38;5;3m[RouterExplorer] [39m[32mMapped {/api/fhir/documentation/operations, GET} route[39m[38;5;3m +0ms[39m
[32m[Nest] 157  - [39m07/04/2025, 10:36:48 PM [32m    LOG[39m [38;5;3m[RouterExplorer] [39m[32mMapped {/api/fhir/documentation/usage, GET} route[39m[38;5;3m +0ms[39m
[32m[Nest] 157  - [39m07/04/2025, 10:36:48 PM [32m    LOG[39m [38;5;3m[RoutesResolver] [39m[32mExamplePaginationController {/api/fhir/examples}:[39m[38;5;3m +0ms[39m
[32m[Nest] 157  - [39m07/04/2025, 10:36:48 PM [32m    LOG[39m [38;5;3m[RouterExplorer] [39m[32mMapped {/api/fhir/examples/paginated-patients, GET} route[39m[38;5;3m +0ms[39m
[32m[Nest] 157  - [39m07/04/2025, 10:36:48 PM [32m    LOG[39m [38;5;3m[RouterExplorer] [39m[32mMapped {/api/fhir/examples/paginated-practitioners, GET} route[39m[38;5;3m +0ms[39m
[32m[Nest] 157  - [39m07/04/2025, 10:36:48 PM [32m    LOG[39m [38;5;3m[RoutesResolver] [39m[32mAllergyIntoleranceController {/api/fhir/AllergyIntolerance}:[39m[38;5;3m +0ms[39m
[32m[Nest] 157  - [39m07/04/2025, 10:36:48 PM [32m    LOG[39m [38;5;3m[RouterExplorer] [39m[32mMapped {/api/fhir/AllergyIntolerance/$my-allergies, GET} route[39m[38;5;3m +0ms[39m
[32m[Nest] 157  - [39m07/04/2025, 10:36:48 PM [32m    LOG[39m [38;5;3m[RouterExplorer] [39m[32mMapped {/api/fhir/AllergyIntolerance/patient/:patientId, GET} route[39m[38;5;3m +1ms[39m
[32m[Nest] 157  - [39m07/04/2025, 10:36:48 PM [32m    LOG[39m [38;5;3m[RouterExplorer] [39m[32mMapped {/api/fhir/AllergyIntolerance, POST} route[39m[38;5;3m +0ms[39m
[32m[Nest] 157  - [39m07/04/2025, 10:36:48 PM [32m    LOG[39m [38;5;3m[RouterExplorer] [39m[32mMapped {/api/fhir/AllergyIntolerance/$by-code, GET} route[39m[38;5;3m +0ms[39m
[32m[Nest] 157  - [39m07/04/2025, 10:36:48 PM [32m    LOG[39m [38;5;3m[RouterExplorer] [39m[32mMapped {/api/fhir/AllergyIntolerance, POST} route[39m[38;5;3m +0ms[39m
[32m[Nest] 157  - [39m07/04/2025, 10:36:48 PM [32m    LOG[39m [38;5;3m[RouterExplorer] [39m[32mMapped {/api/fhir/AllergyIntolerance/:id, GET} route[39m[38;5;3m +0ms[39m
[32m[Nest] 157  - [39m07/04/2025, 10:36:48 PM [32m    LOG[39m [38;5;3m[RouterExplorer] [39m[32mMapped {/api/fhir/AllergyIntolerance/:id, PUT} route[39m[38;5;3m +0ms[39m
[32m[Nest] 157  - [39m07/04/2025, 10:36:48 PM [32m    LOG[39m [38;5;3m[RouterExplorer] [39m[32mMapped {/api/fhir/AllergyIntolerance/:id, DELETE} route[39m[38;5;3m +1ms[39m
[32m[Nest] 157  - [39m07/04/2025, 10:36:48 PM [32m    LOG[39m [38;5;3m[RouterExplorer] [39m[32mMapped {/api/fhir/AllergyIntolerance, GET} route[39m[38;5;3m +0ms[39m
[32m[Nest] 157  - [39m07/04/2025, 10:36:48 PM [32m    LOG[39m [38;5;3m[RouterExplorer] [39m[32mMapped {/api/fhir/AllergyIntolerance/:id/_history, GET} route[39m[38;5;3m +0ms[39m
[32m[Nest] 157  - [39m07/04/2025, 10:36:48 PM [32m    LOG[39m [38;5;3m[RouterExplorer] [39m[32mMapped {/api/fhir/AllergyIntolerance/$validate, POST} route[39m[38;5;3m +0ms[39m
[32m[Nest] 157  - [39m07/04/2025, 10:36:48 PM [32m    LOG[39m [38;5;3m[RoutesResolver] [39m[32mFhirQueryGuideController {/api/fhir/help}:[39m[38;5;3m +0ms[39m
[32m[Nest] 157  - [39m07/04/2025, 10:36:48 PM [32m    LOG[39m [38;5;3m[RouterExplorer] [39m[32mMapped {/api/fhir/help/query-guide, GET} route[39m[38;5;3m +0ms[39m
[32m[Nest] 157  - [39m07/04/2025, 10:36:48 PM [32m    LOG[39m [38;5;3m[RouterExplorer] [39m[32mMapped {/api/fhir/help/codes, GET} route[39m[38;5;3m +0ms[39m
[32m[Nest] 157  - [39m07/04/2025, 10:36:48 PM [32m    LOG[39m [38;5;3m[RoutesResolver] [39m[32mAuditEventController {/api/api/audit}:[39m[38;5;3m +1ms[39m
[32m[Nest] 157  - [39m07/04/2025, 10:36:48 PM [32m    LOG[39m [38;5;3m[RouterExplorer] [39m[32mMapped {/api/api/audit, GET} route[39m[38;5;3m +0ms[39m
[32m[Nest] 157  - [39m07/04/2025, 10:36:48 PM [32m    LOG[39m [38;5;3m[RouterExplorer] [39m[32mMapped {/api/api/audit/user/:userId, GET} route[39m[38;5;3m +0ms[39m
[32m[Nest] 157  - [39m07/04/2025, 10:36:48 PM [32m    LOG[39m [38;5;3m[RouterExplorer] [39m[32mMapped {/api/api/audit/resource/:resourceType/:resourceId, GET} route[39m[38;5;3m +0ms[39m
[32m[Nest] 157  - [39m07/04/2025, 10:36:48 PM [32m    LOG[39m [38;5;3m[RouterExplorer] [39m[32mMapped {/api/api/audit/search, GET} route[39m[38;5;3m +0ms[39m
[32m[Nest] 157  - [39m07/04/2025, 10:36:48 PM [32m    LOG[39m [38;5;3m[RoutesResolver] [39m[32mHealthController {/api/health}:[39m[38;5;3m +0ms[39m
[32m[Nest] 157  - [39m07/04/2025, 10:36:48 PM [32m    LOG[39m [38;5;3m[RouterExplorer] [39m[32mMapped {/api/health, GET} route[39m[38;5;3m +0ms[39m
[32m[Nest] 157  - [39m07/04/2025, 10:36:48 PM [32m    LOG[39m [38;5;3m[RoutesResolver] [39m[32mDashboardController {/api/dashboard}:[39m[38;5;3m +1ms[39m
[32m[Nest] 157  - [39m07/04/2025, 10:36:48 PM [32m    LOG[39m [38;5;3m[RouterExplorer] [39m[32mMapped {/api/dashboard, GET} route[39m[38;5;3m +0ms[39m
[32m[Nest] 157  - [39m07/04/2025, 10:36:48 PM [32m    LOG[39m [38;5;3m[NestApplication] [39m[32mNest application successfully started[39m[38;5;3m +54ms[39m
🚀 Application is running on: http://localhost:3000/api
📚 API Documentation available at: http://localhost:3000/api/docs
[95m[Nest] 157  - [39m07/04/2025, 10:37:03 PM [95m  DEBUG[39m [38;5;3m[CorrelationIdMiddleware] [39m[95mIncoming request GET / [medicare-1751668623569-d36059c8][39m
[33m[Nest] 157  - [39m07/04/2025, 10:37:03 PM [33m   WARN[39m [38;5;3m[CorrelationIdMiddleware] [39m[33mResponse 404 GET /api/imaging/test/health [medicare-1751668623569-d36059c8] - 4ms[39m

> fhir-ehr-platform@1.0.0 start:dev
> nest start --watch

[2J[3J[H[[90m10:37:17 PM[0m] Starting compilation in watch mode...

[[90m10:37:28 PM[0m] Found 0 errors. Watching for file changes.

[32m[Nest] 31  - [39m07/04/2025, 10:37:29 PM [32m    LOG[39m [38;5;3m[NestFactory] [39m[32mStarting Nest application...[39m
[32m[Nest] 31  - [39m07/04/2025, 10:37:29 PM [32m    LOG[39m [38;5;3m[InstanceLoader] [39m[32mMongooseModule dependencies initialized[39m[38;5;3m +33ms[39m
[32m[Nest] 31  - [39m07/04/2025, 10:37:29 PM [32m    LOG[39m [38;5;3m[InstanceLoader] [39m[32mCacheModule dependencies initialized[39m[38;5;3m +1ms[39m
[32m[Nest] 31  - [39m07/04/2025, 10:37:29 PM [32m    LOG[39m [38;5;3m[InstanceLoader] [39m[32mLoggerModule dependencies initialized[39m[38;5;3m +0ms[39m
[32m[Nest] 31  - [39m07/04/2025, 10:37:29 PM [32m    LOG[39m [38;5;3m[InstanceLoader] [39m[32mMulterModule dependencies initialized[39m[38;5;3m +0ms[39m
[32m[Nest] 31  - [39m07/04/2025, 10:37:29 PM [32m    LOG[39m [38;5;3m[InstanceLoader] [39m[32mPassportModule dependencies initialized[39m[38;5;3m +0ms[39m
[32m[Nest] 31  - [39m07/04/2025, 10:37:29 PM [32m    LOG[39m [38;5;3m[InstanceLoader] [39m[32mHttpModule dependencies initialized[39m[38;5;3m +0ms[39m
[32m[Nest] 31  - [39m07/04/2025, 10:37:29 PM [32m    LOG[39m [38;5;3m[InstanceLoader] [39m[32mConfigHostModule dependencies initialized[39m[38;5;3m +1ms[39m
[32m[Nest] 31  - [39m07/04/2025, 10:37:29 PM [32m    LOG[39m [38;5;3m[InstanceLoader] [39m[32mFhirModule dependencies initialized[39m[38;5;3m +1ms[39m
[32m[Nest] 31  - [39m07/04/2025, 10:37:29 PM [32m    LOG[39m [38;5;3m[UrlRewriteInterceptor] [39m[32mURL Rewrite Interceptor initialized with external URL: http://localhost:3000/api[39m
[32m[Nest] 31  - [39m07/04/2025, 10:37:29 PM [32m    LOG[39m [38;5;3m[UrlRewriteInterceptor] [39m[32mInternal FHIR URL: http://hapi-fhir:8080/fhir[39m
[32m[Nest] 31  - [39m07/04/2025, 10:37:29 PM [32m    LOG[39m [38;5;3m[UrlRewriteInterceptor] [39m[32mURL Rewrite Interceptor initialized with external URL: http://localhost:3000/api[39m
[32m[Nest] 31  - [39m07/04/2025, 10:37:29 PM [32m    LOG[39m [38;5;3m[UrlRewriteInterceptor] [39m[32mInternal FHIR URL: http://hapi-fhir:8080/fhir[39m
[32m[Nest] 31  - [39m07/04/2025, 10:37:29 PM [32m    LOG[39m [38;5;3m[InstanceLoader] [39m[32mTerminusModule dependencies initialized[39m[38;5;3m +0ms[39m
[32m[Nest] 31  - [39m07/04/2025, 10:37:29 PM [32m    LOG[39m [38;5;3m[InstanceLoader] [39m[32mServeStaticModule dependencies initialized[39m[38;5;3m +0ms[39m
[32m[Nest] 31  - [39m07/04/2025, 10:37:29 PM [32m    LOG[39m [38;5;3m[InstanceLoader] [39m[32mConfigModule dependencies initialized[39m[38;5;3m +0ms[39m
[32m[Nest] 31  - [39m07/04/2025, 10:37:29 PM [32m    LOG[39m [38;5;3m[InstanceLoader] [39m[32mConfigModule dependencies initialized[39m[38;5;3m +0ms[39m
Attempting to connect to MongoDB at: mongodb://mongodb:27017/medicare
[32m[Nest] 31  - [39m07/04/2025, 10:37:29 PM [32m    LOG[39m [38;5;3m[MetricsService] [39m[32mMetrics service initialized. Prometheus enabled: true[39m
[33m[Nest] 31  - [39m07/04/2025, 10:37:29 PM [33m   WARN[39m [38;5;3m[EmailService] [39m[33mEmail credentials not provided. Email sending will be disabled.[39m
[32m[Nest] 31  - [39m07/04/2025, 10:37:29 PM [32m    LOG[39m [38;5;3m[InstanceLoader] [39m[32mEmailModule dependencies initialized[39m[38;5;3m +26ms[39m
[32m[Nest] 31  - [39m07/04/2025, 10:37:29 PM [32m    LOG[39m [38;5;3m[InstanceLoader] [39m[32mThrottlerModule dependencies initialized[39m[38;5;3m +0ms[39m
[32m[Nest] 31  - [39m07/04/2025, 10:37:29 PM [32m    LOG[39m [38;5;3m[InstanceLoader] [39m[32mJwtModule dependencies initialized[39m[38;5;3m +0ms[39m
[32m[Nest] 31  - [39m07/04/2025, 10:37:29 PM [32m    LOG[39m [38;5;3m[InstanceLoader] [39m[32mJwtModule dependencies initialized[39m[38;5;3m +0ms[39m
[32m[Nest] 31  - [39m07/04/2025, 10:37:29 PM [32m    LOG[39m [38;5;3m[InstanceLoader] [39m[32mJwtModule dependencies initialized[39m[38;5;3m +0ms[39m
[32m[Nest] 31  - [39m07/04/2025, 10:37:29 PM [32m    LOG[39m [38;5;3m[InstanceLoader] [39m[32mJwtModule dependencies initialized[39m[38;5;3m +0ms[39m
[32m[Nest] 31  - [39m07/04/2025, 10:37:29 PM [32m    LOG[39m [38;5;3m[IpWhitelistGuard] [39m[32mIP whitelist initialized with: 127.0.0.1, ::1[39m
[32m[Nest] 31  - [39m07/04/2025, 10:37:29 PM [32m    LOG[39m [38;5;3m[InstanceLoader] [39m[32mUploadsModule dependencies initialized[39m[38;5;3m +1ms[39m
[32m[Nest] 31  - [39m07/04/2025, 10:37:29 PM [32m    LOG[39m [38;5;3m[InstanceLoader] [39m[32mWinstonModule dependencies initialized[39m[38;5;3m +0ms[39m
[32m[Nest] 31  - [39m07/04/2025, 10:37:29 PM [32m    LOG[39m [38;5;3m[InstanceLoader] [39m[32mHttpModule dependencies initialized[39m[38;5;3m +0ms[39m
[32m[Nest] 31  - [39m07/04/2025, 10:37:29 PM [32m    LOG[39m [38;5;3m[InstanceLoader] [39m[32mAppModule dependencies initialized[39m[38;5;3m +0ms[39m
[32m[Nest] 31  - [39m07/04/2025, 10:37:29 PM [32m    LOG[39m [38;5;3m[HapiFhirAdapter] [39m[32mHAPI FHIR Adapter initialized with server URL: http://hapi-fhir:8080/fhir[39m
[32m[Nest] 31  - [39m07/04/2025, 10:37:29 PM [32m    LOG[39m [38;5;3m[TerminologyAdapter] [39m[32mTerminology Adapter initialized[39m
[32m[Nest] 31  - [39m07/04/2025, 10:37:29 PM [32m    LOG[39m [38;5;3m[FhirValidationInterceptor] [39m[32mFHIR Validation Interceptor initialized with mode: strict[39m
[32m[Nest] 31  - [39m07/04/2025, 10:37:29 PM [32m    LOG[39m [38;5;3m[FhirValidationInterceptor] [39m[32mFHIR Validation Interceptor initialized with mode: strict[39m
[32m[Nest] 31  - [39m07/04/2025, 10:37:29 PM [32m    LOG[39m [38;5;3m[InstanceLoader] [39m[32mMetricsModule dependencies initialized[39m[38;5;3m +0ms[39m
[32m[Nest] 31  - [39m07/04/2025, 10:37:29 PM [32m    LOG[39m [38;5;3m[InstanceLoader] [39m[32mMongooseCoreModule dependencies initialized[39m[38;5;3m +11ms[39m
[32m[Nest] 31  - [39m07/04/2025, 10:37:29 PM [32m    LOG[39m [38;5;3m[InstanceLoader] [39m[32mMongooseModule dependencies initialized[39m[38;5;3m +11ms[39m
[32m[Nest] 31  - [39m07/04/2025, 10:37:29 PM [32m    LOG[39m [38;5;3m[InstanceLoader] [39m[32mMongooseModule dependencies initialized[39m[38;5;3m +0ms[39m
[32m[Nest] 31  - [39m07/04/2025, 10:37:29 PM [32m    LOG[39m [38;5;3m[InstanceLoader] [39m[32mMongooseModule dependencies initialized[39m[38;5;3m +0ms[39m
[32m[Nest] 31  - [39m07/04/2025, 10:37:29 PM [32m    LOG[39m [38;5;3m[FhirService] [39m[32mFHIR Service initialized. HAPI FHIR URL: http://hapi-fhir:8080/fhir, Using HAPI: false[39m
[32m[Nest] 31  - [39m07/04/2025, 10:37:29 PM [32m    LOG[39m [38;5;3m[InstanceLoader] [39m[32mAccessCodesModule dependencies initialized[39m[38;5;3m +3ms[39m
[32m[Nest] 31  - [39m07/04/2025, 10:37:29 PM [32m    LOG[39m [38;5;3m[InstanceLoader] [39m[32mUsersModule dependencies initialized[39m[38;5;3m +1ms[39m
[32m[Nest] 31  - [39m07/04/2025, 10:37:29 PM [32m    LOG[39m [38;5;3m[InstanceLoader] [39m[32mFhirModule dependencies initialized[39m[38;5;3m +0ms[39m
[32m[Nest] 31  - [39m07/04/2025, 10:37:29 PM [32m    LOG[39m [38;5;3m[InstanceLoader] [39m[32mAuthModule dependencies initialized[39m[38;5;3m +1ms[39m
[32m[Nest] 31  - [39m07/04/2025, 10:37:29 PM [32m    LOG[39m [38;5;3m[InstanceLoader] [39m[32mCacheModule dependencies initialized[39m[38;5;3m +7ms[39m
[32m[Nest] 31  - [39m07/04/2025, 10:37:29 PM [32m    LOG[39m [38;5;3m[InstanceLoader] [39m[32mHealthModule dependencies initialized[39m[38;5;3m +0ms[39m
[32m[Nest] 31  - [39m07/04/2025, 10:37:29 PM [32m    LOG[39m [38;5;3m[InstanceLoader] [39m[32mDashboardModule dependencies initialized[39m[38;5;3m +0ms[39m
[32m[Nest] 31  - [39m07/04/2025, 10:37:30 PM [32m    LOG[39m [38;5;3m[RoutesResolver] [39m[32mMetricsController {/api/metrics}:[39m[38;5;3m +77ms[39m
[32m[Nest] 31  - [39m07/04/2025, 10:37:30 PM [32m    LOG[39m [38;5;3m[RouterExplorer] [39m[32mMapped {/api/metrics, GET} route[39m[38;5;3m +2ms[39m
[32m[Nest] 31  - [39m07/04/2025, 10:37:30 PM [32m    LOG[39m [38;5;3m[RoutesResolver] [39m[32mUploadsController {/api/uploads}:[39m[38;5;3m +0ms[39m
[32m[Nest] 31  - [39m07/04/2025, 10:37:30 PM [32m    LOG[39m [38;5;3m[RouterExplorer] [39m[32mMapped {/api/uploads, POST} route[39m[38;5;3m +0ms[39m
[32m[Nest] 31  - [39m07/04/2025, 10:37:30 PM [32m    LOG[39m [38;5;3m[RouterExplorer] [39m[32mMapped {/api/uploads/:filename, GET} route[39m[38;5;3m +1ms[39m
[32m[Nest] 31  - [39m07/04/2025, 10:37:30 PM [32m    LOG[39m [38;5;3m[RouterExplorer] [39m[32mMapped {/api/uploads/:filename, DELETE} route[39m[38;5;3m +0ms[39m
[32m[Nest] 31  - [39m07/04/2025, 10:37:30 PM [32m    LOG[39m [38;5;3m[RoutesResolver] [39m[32mAuthController {/api/auth}:[39m[38;5;3m +0ms[39m
[32m[Nest] 31  - [39m07/04/2025, 10:37:30 PM [32m    LOG[39m [38;5;3m[RouterExplorer] [39m[32mMapped {/api/auth/register, POST} route[39m[38;5;3m +0ms[39m
[32m[Nest] 31  - [39m07/04/2025, 10:37:30 PM [32m    LOG[39m [38;5;3m[RouterExplorer] [39m[32mMapped {/api/auth/login, POST} route[39m[38;5;3m +0ms[39m
[32m[Nest] 31  - [39m07/04/2025, 10:37:30 PM [32m    LOG[39m [38;5;3m[RouterExplorer] [39m[32mMapped {/api/auth/verify-access-code, POST} route[39m[38;5;3m +1ms[39m
[32m[Nest] 31  - [39m07/04/2025, 10:37:30 PM [32m    LOG[39m [38;5;3m[RouterExplorer] [39m[32mMapped {/api/auth/forgot-password, POST} route[39m[38;5;3m +0ms[39m
[32m[Nest] 31  - [39m07/04/2025, 10:37:30 PM [32m    LOG[39m [38;5;3m[RouterExplorer] [39m[32mMapped {/api/auth/reset-password, POST} route[39m[38;5;3m +0ms[39m
[32m[Nest] 31  - [39m07/04/2025, 10:37:30 PM [32m    LOG[39m [38;5;3m[RouterExplorer] [39m[32mMapped {/api/auth/me, GET} route[39m[38;5;3m +0ms[39m
[32m[Nest] 31  - [39m07/04/2025, 10:37:30 PM [32m    LOG[39m [38;5;3m[RoutesResolver] [39m[32mUsersController {/api/users}:[39m[38;5;3m +0ms[39m
[32m[Nest] 31  - [39m07/04/2025, 10:37:30 PM [32m    LOG[39m [38;5;3m[RouterExplorer] [39m[32mMapped {/api/users, POST} route[39m[38;5;3m +1ms[39m
[32m[Nest] 31  - [39m07/04/2025, 10:37:30 PM [32m    LOG[39m [38;5;3m[RouterExplorer] [39m[32mMapped {/api/users/create-with-resource, POST} route[39m[38;5;3m +0ms[39m
[32m[Nest] 31  - [39m07/04/2025, 10:37:30 PM [32m    LOG[39m [38;5;3m[RouterExplorer] [39m[32mMapped {/api/users, GET} route[39m[38;5;3m +0ms[39m
[32m[Nest] 31  - [39m07/04/2025, 10:37:30 PM [32m    LOG[39m [38;5;3m[RouterExplorer] [39m[32mMapped {/api/users/:id, GET} route[39m[38;5;3m +0ms[39m
[32m[Nest] 31  - [39m07/04/2025, 10:37:30 PM [32m    LOG[39m [38;5;3m[RouterExplorer] [39m[32mMapped {/api/users/:id, PUT} route[39m[38;5;3m +0ms[39m
[32m[Nest] 31  - [39m07/04/2025, 10:37:30 PM [32m    LOG[39m [38;5;3m[RouterExplorer] [39m[32mMapped {/api/users/:id, DELETE} route[39m[38;5;3m +1ms[39m
[32m[Nest] 31  - [39m07/04/2025, 10:37:30 PM [32m    LOG[39m [38;5;3m[RouterExplorer] [39m[32mMapped {/api/users/regenerate-access-code, POST} route[39m[38;5;3m +0ms[39m
[32m[Nest] 31  - [39m07/04/2025, 10:37:30 PM [32m    LOG[39m [38;5;3m[RouterExplorer] [39m[32mMapped {/api/users/:id/avatar, PATCH} route[39m[38;5;3m +0ms[39m
[32m[Nest] 31  - [39m07/04/2025, 10:37:30 PM [32m    LOG[39m [38;5;3m[RouterExplorer] [39m[32mMapped {/api/users/:id/profile, GET} route[39m[38;5;3m +0ms[39m
[32m[Nest] 31  - [39m07/04/2025, 10:37:30 PM [32m    LOG[39m [38;5;3m[RouterExplorer] [39m[32mMapped {/api/users/admin, POST} route[39m[38;5;3m +1ms[39m
[32m[Nest] 31  - [39m07/04/2025, 10:37:30 PM [32m    LOG[39m [38;5;3m[RoutesResolver] [39m[32mAccessCodesController {/api/access-codes}:[39m[38;5;3m +0ms[39m
[32m[Nest] 31  - [39m07/04/2025, 10:37:30 PM [32m    LOG[39m [38;5;3m[RouterExplorer] [39m[32mMapped {/api/access-codes, POST} route[39m[38;5;3m +0ms[39m
[32m[Nest] 31  - [39m07/04/2025, 10:37:30 PM [32m    LOG[39m [38;5;3m[RouterExplorer] [39m[32mMapped {/api/access-codes/batch, POST} route[39m[38;5;3m +0ms[39m
[32m[Nest] 31  - [39m07/04/2025, 10:37:30 PM [32m    LOG[39m [38;5;3m[RouterExplorer] [39m[32mMapped {/api/access-codes/resend/:id, POST} route[39m[38;5;3m +0ms[39m
[32m[Nest] 31  - [39m07/04/2025, 10:37:30 PM [32m    LOG[39m [38;5;3m[RouterExplorer] [39m[32mMapped {/api/access-codes/verify, POST} route[39m[38;5;3m +1ms[39m
[32m[Nest] 31  - [39m07/04/2025, 10:37:30 PM [32m    LOG[39m [38;5;3m[RouterExplorer] [39m[32mMapped {/api/access-codes, GET} route[39m[38;5;3m +0ms[39m
[32m[Nest] 31  - [39m07/04/2025, 10:37:30 PM [32m    LOG[39m [38;5;3m[RouterExplorer] [39m[32mMapped {/api/access-codes/:id, DELETE} route[39m[38;5;3m +0ms[39m
[32m[Nest] 31  - [39m07/04/2025, 10:37:30 PM [32m    LOG[39m [38;5;3m[RoutesResolver] [39m[32mFhirController {/api/fhir}:[39m[38;5;3m +0ms[39m
[32m[Nest] 31  - [39m07/04/2025, 10:37:30 PM [32m    LOG[39m [38;5;3m[RouterExplorer] [39m[32mMapped {/api/fhir/:resourceType, POST} route[39m[38;5;3m +0ms[39m
[32m[Nest] 31  - [39m07/04/2025, 10:37:30 PM [32m    LOG[39m [38;5;3m[RouterExplorer] [39m[32mMapped {/api/fhir/:resourceType/:id, GET} route[39m[38;5;3m +1ms[39m
[32m[Nest] 31  - [39m07/04/2025, 10:37:30 PM [32m    LOG[39m [38;5;3m[RouterExplorer] [39m[32mMapped {/api/fhir/:resourceType/:id, PUT} route[39m[38;5;3m +0ms[39m
[32m[Nest] 31  - [39m07/04/2025, 10:37:30 PM [32m    LOG[39m [38;5;3m[RouterExplorer] [39m[32mMapped {/api/fhir/:resourceType/:id, DELETE} route[39m[38;5;3m +0ms[39m
[32m[Nest] 31  - [39m07/04/2025, 10:37:30 PM [32m    LOG[39m [38;5;3m[RouterExplorer] [39m[32mMapped {/api/fhir/:resourceType, GET} route[39m[38;5;3m +0ms[39m
[32m[Nest] 31  - [39m07/04/2025, 10:37:30 PM [32m    LOG[39m [38;5;3m[RouterExplorer] [39m[32mMapped {/api/fhir/my-resources, GET} route[39m[38;5;3m +0ms[39m
[32m[Nest] 31  - [39m07/04/2025, 10:37:30 PM [32m    LOG[39m [38;5;3m[RouterExplorer] [39m[32mMapped {/api/fhir/patient-profile, GET} route[39m[38;5;3m +0ms[39m
[32m[Nest] 31  - [39m07/04/2025, 10:37:30 PM [32m    LOG[39m [38;5;3m[RouterExplorer] [39m[32mMapped {/api/fhir/practitioner-profile, GET} route[39m[38;5;3m +0ms[39m
[32m[Nest] 31  - [39m07/04/2025, 10:37:30 PM [32m    LOG[39m [38;5;3m[RouterExplorer] [39m[32mMapped {/api/fhir/metadata, GET} route[39m[38;5;3m +0ms[39m
[32m[Nest] 31  - [39m07/04/2025, 10:37:30 PM [32m    LOG[39m [38;5;3m[RouterExplorer] [39m[32mMapped {/api/fhir/health, GET} route[39m[38;5;3m +1ms[39m
[32m[Nest] 31  - [39m07/04/2025, 10:37:30 PM [32m    LOG[39m [38;5;3m[RouterExplorer] [39m[32mMapped {/api/fhir/registry, GET} route[39m[38;5;3m +0ms[39m
[32m[Nest] 31  - [39m07/04/2025, 10:37:30 PM [32m    LOG[39m [38;5;3m[RouterExplorer] [39m[32mMapped {/api/fhir/:resourceType/with-access-code, POST} route[39m[38;5;3m +0ms[39m
[32m[Nest] 31  - [39m07/04/2025, 10:37:30 PM [32m    LOG[39m [38;5;3m[RoutesResolver] [39m[32mGenericResourceController {/api/fhir}:[39m[38;5;3m +0ms[39m
[32m[Nest] 31  - [39m07/04/2025, 10:37:30 PM [32m    LOG[39m [38;5;3m[RouterExplorer] [39m[32mMapped {/api/fhir/:resourceType, GET} route[39m[38;5;3m +0ms[39m
[32m[Nest] 31  - [39m07/04/2025, 10:37:30 PM [32m    LOG[39m [38;5;3m[RouterExplorer] [39m[32mMapped {/api/fhir/:resourceType/:id, GET} route[39m[38;5;3m +0ms[39m
[32m[Nest] 31  - [39m07/04/2025, 10:37:30 PM [32m    LOG[39m [38;5;3m[RouterExplorer] [39m[32mMapped {/api/fhir/:resourceType, POST} route[39m[38;5;3m +0ms[39m
[32m[Nest] 31  - [39m07/04/2025, 10:37:30 PM [32m    LOG[39m [38;5;3m[RouterExplorer] [39m[32mMapped {/api/fhir/:resourceType/:id, PUT} route[39m[38;5;3m +0ms[39m
[32m[Nest] 31  - [39m07/04/2025, 10:37:30 PM [32m    LOG[39m [38;5;3m[RouterExplorer] [39m[32mMapped {/api/fhir/:resourceType/:id, DELETE} route[39m[38;5;3m +0ms[39m
[32m[Nest] 31  - [39m07/04/2025, 10:37:30 PM [32m    LOG[39m [38;5;3m[RouterExplorer] [39m[32mMapped {/api/fhir, GET} route[39m[38;5;3m +0ms[39m
[32m[Nest] 31  - [39m07/04/2025, 10:37:30 PM [32m    LOG[39m [38;5;3m[RoutesResolver] [39m[32mPatientController {/api/fhir/Patient}:[39m[38;5;3m +0ms[39m
[32m[Nest] 31  - [39m07/04/2025, 10:37:30 PM [32m    LOG[39m [38;5;3m[RouterExplorer] [39m[32mMapped {/api/fhir/Patient/$my-profile, GET} route[39m[38;5;3m +1ms[39m
[32m[Nest] 31  - [39m07/04/2025, 10:37:30 PM [32m    LOG[39m [38;5;3m[RouterExplorer] [39m[32mMapped {/api/fhir/Patient/$my-encounters, GET} route[39m[38;5;3m +0ms[39m
[32m[Nest] 31  - [39m07/04/2025, 10:37:30 PM [32m    LOG[39m [38;5;3m[RouterExplorer] [39m[32mMapped {/api/fhir/Patient/$my-observations, GET} route[39m[38;5;3m +0ms[39m
[32m[Nest] 31  - [39m07/04/2025, 10:37:30 PM [32m    LOG[39m [38;5;3m[RouterExplorer] [39m[32mMapped {/api/fhir/Patient/$my-medications, GET} route[39m[38;5;3m +0ms[39m
[32m[Nest] 31  - [39m07/04/2025, 10:37:30 PM [32m    LOG[39m [38;5;3m[RouterExplorer] [39m[32mMapped {/api/fhir/Patient/:id/$everything, GET} route[39m[38;5;3m +0ms[39m
[32m[Nest] 31  - [39m07/04/2025, 10:37:30 PM [32m    LOG[39m [38;5;3m[RouterExplorer] [39m[32mMapped {/api/fhir/Patient/$register, POST} route[39m[38;5;3m +0ms[39m
[32m[Nest] 31  - [39m07/04/2025, 10:37:30 PM [32m    LOG[39m [38;5;3m[RouterExplorer] [39m[32mMapped {/api/fhir/Patient/$my-demographics, PATCH} route[39m[38;5;3m +0ms[39m
[32m[Nest] 31  - [39m07/04/2025, 10:37:30 PM [32m    LOG[39m [38;5;3m[RouterExplorer] [39m[32mMapped {/api/fhir/Patient/:id/assign-provider, POST} route[39m[38;5;3m +0ms[39m
[32m[Nest] 31  - [39m07/04/2025, 10:37:30 PM [32m    LOG[39m [38;5;3m[RouterExplorer] [39m[32mMapped {/api/fhir/Patient/:id/providers, GET} route[39m[38;5;3m +0ms[39m
[32m[Nest] 31  - [39m07/04/2025, 10:37:30 PM [32m    LOG[39m [38;5;3m[RouterExplorer] [39m[32mMapped {/api/fhir/Patient/search, GET} route[39m[38;5;3m +0ms[39m
[32m[Nest] 31  - [39m07/04/2025, 10:37:30 PM [32m    LOG[39m [38;5;3m[RouterExplorer] [39m[32mMapped {/api/fhir/Patient/$summary, GET} route[39m[38;5;3m +0ms[39m
[32m[Nest] 31  - [39m07/04/2025, 10:37:30 PM [32m    LOG[39m [38;5;3m[RouterExplorer] [39m[32mMapped {/api/fhir/Patient, GET} route[39m[38;5;3m +1ms[39m
[32m[Nest] 31  - [39m07/04/2025, 10:37:30 PM [32m    LOG[39m [38;5;3m[RouterExplorer] [39m[32mMapped {/api/fhir/Patient/:id, GET} route[39m[38;5;3m +0ms[39m
[32m[Nest] 31  - [39m07/04/2025, 10:37:30 PM [32m    LOG[39m [38;5;3m[RouterExplorer] [39m[32mMapped {/api/fhir/Patient, POST} route[39m[38;5;3m +0ms[39m
[32m[Nest] 31  - [39m07/04/2025, 10:37:30 PM [32m    LOG[39m [38;5;3m[RouterExplorer] [39m[32mMapped {/api/fhir/Patient/:id, PUT} route[39m[38;5;3m +0ms[39m
[32m[Nest] 31  - [39m07/04/2025, 10:37:30 PM [32m    LOG[39m [38;5;3m[RouterExplorer] [39m[32mMapped {/api/fhir/Patient/:id, DELETE} route[39m[38;5;3m +0ms[39m
[32m[Nest] 31  - [39m07/04/2025, 10:37:30 PM [32m    LOG[39m [38;5;3m[RouterExplorer] [39m[32mMapped {/api/fhir/Patient/:id/_history, GET} route[39m[38;5;3m +0ms[39m
[32m[Nest] 31  - [39m07/04/2025, 10:37:30 PM [32m    LOG[39m [38;5;3m[RouterExplorer] [39m[32mMapped {/api/fhir/Patient/$validate, POST} route[39m[38;5;3m +0ms[39m
[32m[Nest] 31  - [39m07/04/2025, 10:37:30 PM [32m    LOG[39m [38;5;3m[RoutesResolver] [39m[32mPractitionerController {/api/fhir/Practitioner}:[39m[38;5;3m +0ms[39m
[32m[Nest] 31  - [39m07/04/2025, 10:37:30 PM [32m    LOG[39m [38;5;3m[RouterExplorer] [39m[32mMapped {/api/fhir/Practitioner/$my-profile, GET} route[39m[38;5;3m +0ms[39m
[32m[Nest] 31  - [39m07/04/2025, 10:37:30 PM [32m    LOG[39m [38;5;3m[RouterExplorer] [39m[32mMapped {/api/fhir/Practitioner/$my-patients, GET} route[39m[38;5;3m +0ms[39m
[32m[Nest] 31  - [39m07/04/2025, 10:37:30 PM [32m    LOG[39m [38;5;3m[RouterExplorer] [39m[32mMapped {/api/fhir/Practitioner/$my-encounters, GET} route[39m[38;5;3m +0ms[39m
[32m[Nest] 31  - [39m07/04/2025, 10:37:30 PM [32m    LOG[39m [38;5;3m[RouterExplorer] [39m[32mMapped {/api/fhir/Practitioner/:id/schedule, GET} route[39m[38;5;3m +1ms[39m
[32m[Nest] 31  - [39m07/04/2025, 10:37:30 PM [32m    LOG[39m [38;5;3m[RouterExplorer] [39m[32mMapped {/api/fhir/Practitioner/$my-details, PATCH} route[39m[38;5;3m +0ms[39m
[32m[Nest] 31  - [39m07/04/2025, 10:37:30 PM [32m    LOG[39m [38;5;3m[RouterExplorer] [39m[32mMapped {/api/fhir/Practitioner/$set-availability, POST} route[39m[38;5;3m +0ms[39m
[32m[Nest] 31  - [39m07/04/2025, 10:37:30 PM [32m    LOG[39m [38;5;3m[RouterExplorer] [39m[32mMapped {/api/fhir/Practitioner/:id/available-slots, GET} route[39m[38;5;3m +0ms[39m
[32m[Nest] 31  - [39m07/04/2025, 10:37:30 PM [32m    LOG[39m [38;5;3m[RouterExplorer] [39m[32mMapped {/api/fhir/Practitioner/search, GET} route[39m[38;5;3m +0ms[39m
[32m[Nest] 31  - [39m07/04/2025, 10:37:30 PM [32m    LOG[39m [38;5;3m[RouterExplorer] [39m[32mMapped {/api/fhir/Practitioner/$statistics, GET} route[39m[38;5;3m +0ms[39m
[32m[Nest] 31  - [39m07/04/2025, 10:37:30 PM [32m    LOG[39m [38;5;3m[RouterExplorer] [39m[32mMapped {/api/fhir/Practitioner, POST} route[39m[38;5;3m +0ms[39m
[32m[Nest] 31  - [39m07/04/2025, 10:37:30 PM [32m    LOG[39m [38;5;3m[RouterExplorer] [39m[32mMapped {/api/fhir/Practitioner/:id, GET} route[39m[38;5;3m +0ms[39m
[32m[Nest] 31  - [39m07/04/2025, 10:37:30 PM [32m    LOG[39m [38;5;3m[RouterExplorer] [39m[32mMapped {/api/fhir/Practitioner/:id, PUT} route[39m[38;5;3m +0ms[39m
[32m[Nest] 31  - [39m07/04/2025, 10:37:30 PM [32m    LOG[39m [38;5;3m[RouterExplorer] [39m[32mMapped {/api/fhir/Practitioner/:id, DELETE} route[39m[38;5;3m +0ms[39m
[32m[Nest] 31  - [39m07/04/2025, 10:37:30 PM [32m    LOG[39m [38;5;3m[RouterExplorer] [39m[32mMapped {/api/fhir/Practitioner, GET} route[39m[38;5;3m +0ms[39m
[32m[Nest] 31  - [39m07/04/2025, 10:37:30 PM [32m    LOG[39m [38;5;3m[RouterExplorer] [39m[32mMapped {/api/fhir/Practitioner/:id/_history, GET} route[39m[38;5;3m +1ms[39m
[32m[Nest] 31  - [39m07/04/2025, 10:37:30 PM [32m    LOG[39m [38;5;3m[RouterExplorer] [39m[32mMapped {/api/fhir/Practitioner/$validate, POST} route[39m[38;5;3m +0ms[39m
[32m[Nest] 31  - [39m07/04/2025, 10:37:30 PM [32m    LOG[39m [38;5;3m[RoutesResolver] [39m[32mOrganizationController {/api/organizations}:[39m[38;5;3m +0ms[39m
[32m[Nest] 31  - [39m07/04/2025, 10:37:30 PM [32m    LOG[39m [38;5;3m[RouterExplorer] [39m[32mMapped {/api/organizations, GET} route[39m[38;5;3m +0ms[39m
[32m[Nest] 31  - [39m07/04/2025, 10:37:30 PM [32m    LOG[39m [38;5;3m[RouterExplorer] [39m[32mMapped {/api/organizations/:id, GET} route[39m[38;5;3m +0ms[39m
[32m[Nest] 31  - [39m07/04/2025, 10:37:30 PM [32m    LOG[39m [38;5;3m[RouterExplorer] [39m[32mMapped {/api/organizations, POST} route[39m[38;5;3m +0ms[39m
[32m[Nest] 31  - [39m07/04/2025, 10:37:30 PM [32m    LOG[39m [38;5;3m[RouterExplorer] [39m[32mMapped {/api/organizations/:id, PUT} route[39m[38;5;3m +0ms[39m
[32m[Nest] 31  - [39m07/04/2025, 10:37:30 PM [32m    LOG[39m [38;5;3m[RouterExplorer] [39m[32mMapped {/api/organizations/:id, DELETE} route[39m[38;5;3m +0ms[39m
[32m[Nest] 31  - [39m07/04/2025, 10:37:30 PM [32m    LOG[39m [38;5;3m[RoutesResolver] [39m[32mEncounterController {/api/fhir/Encounter}:[39m[38;5;3m +0ms[39m
[32m[Nest] 31  - [39m07/04/2025, 10:37:30 PM [32m    LOG[39m [38;5;3m[RouterExplorer] [39m[32mMapped {/api/fhir/Encounter/$my-encounters, GET} route[39m[38;5;3m +1ms[39m
[32m[Nest] 31  - [39m07/04/2025, 10:37:30 PM [32m    LOG[39m [38;5;3m[RouterExplorer] [39m[32mMapped {/api/fhir/Encounter/patient/:patientId, GET} route[39m[38;5;3m +0ms[39m
[32m[Nest] 31  - [39m07/04/2025, 10:37:30 PM [32m    LOG[39m [38;5;3m[RouterExplorer] [39m[32mMapped {/api/fhir/Encounter/$active, GET} route[39m[38;5;3m +0ms[39m
[32m[Nest] 31  - [39m07/04/2025, 10:37:30 PM [32m    LOG[39m [38;5;3m[RouterExplorer] [39m[32mMapped {/api/fhir/Encounter/:id/$everything, GET} route[39m[38;5;3m +0ms[39m
[32m[Nest] 31  - [39m07/04/2025, 10:37:30 PM [32m    LOG[39m [38;5;3m[RouterExplorer] [39m[32mMapped {/api/fhir/Encounter, POST} route[39m[38;5;3m +0ms[39m
[32m[Nest] 31  - [39m07/04/2025, 10:37:30 PM [32m    LOG[39m [38;5;3m[RouterExplorer] [39m[32mMapped {/api/fhir/Encounter/:id/status, PUT} route[39m[38;5;3m +0ms[39m
[32m[Nest] 31  - [39m07/04/2025, 10:37:30 PM [32m    LOG[39m [38;5;3m[RouterExplorer] [39m[32mMapped {/api/fhir/Encounter, POST} route[39m[38;5;3m +0ms[39m
[32m[Nest] 31  - [39m07/04/2025, 10:37:30 PM [32m    LOG[39m [38;5;3m[RouterExplorer] [39m[32mMapped {/api/fhir/Encounter/:id, GET} route[39m[38;5;3m +0ms[39m
[32m[Nest] 31  - [39m07/04/2025, 10:37:30 PM [32m    LOG[39m [38;5;3m[RouterExplorer] [39m[32mMapped {/api/fhir/Encounter/:id, PUT} route[39m[38;5;3m +0ms[39m
[32m[Nest] 31  - [39m07/04/2025, 10:37:30 PM [32m    LOG[39m [38;5;3m[RouterExplorer] [39m[32mMapped {/api/fhir/Encounter/:id, DELETE} route[39m[38;5;3m +1ms[39m
[32m[Nest] 31  - [39m07/04/2025, 10:37:30 PM [32m    LOG[39m [38;5;3m[RouterExplorer] [39m[32mMapped {/api/fhir/Encounter, GET} route[39m[38;5;3m +0ms[39m
[32m[Nest] 31  - [39m07/04/2025, 10:37:30 PM [32m    LOG[39m [38;5;3m[RouterExplorer] [39m[32mMapped {/api/fhir/Encounter/:id/_history, GET} route[39m[38;5;3m +0ms[39m
[32m[Nest] 31  - [39m07/04/2025, 10:37:30 PM [32m    LOG[39m [38;5;3m[RouterExplorer] [39m[32mMapped {/api/fhir/Encounter/$validate, POST} route[39m[38;5;3m +0ms[39m
[32m[Nest] 31  - [39m07/04/2025, 10:37:30 PM [32m    LOG[39m [38;5;3m[RoutesResolver] [39m[32mObservationController {/api/fhir/Observation}:[39m[38;5;3m +0ms[39m
[32m[Nest] 31  - [39m07/04/2025, 10:37:30 PM [32m    LOG[39m [38;5;3m[RouterExplorer] [39m[32mMapped {/api/fhir/Observation/$by-code, GET} route[39m[38;5;3m +0ms[39m
[32m[Nest] 31  - [39m07/04/2025, 10:37:30 PM [32m    LOG[39m [38;5;3m[RouterExplorer] [39m[32mMapped {/api/fhir/Observation/patient/:patientId, GET} route[39m[38;5;3m +0ms[39m
[32m[Nest] 31  - [39m07/04/2025, 10:37:30 PM [32m    LOG[39m [38;5;3m[RouterExplorer] [39m[32mMapped {/api/fhir/Observation/patient/:patientId/latest, GET} route[39m[38;5;3m +0ms[39m
[32m[Nest] 31  - [39m07/04/2025, 10:37:30 PM [32m    LOG[39m [38;5;3m[RouterExplorer] [39m[32mMapped {/api/fhir/Observation/patient/:patientId/vitals, GET} route[39m[38;5;3m +0ms[39m
[32m[Nest] 31  - [39m07/04/2025, 10:37:30 PM [32m    LOG[39m [38;5;3m[RouterExplorer] [39m[32mMapped {/api/fhir/Observation/patient/:patientId/labs, GET} route[39m[38;5;3m +0ms[39m
[32m[Nest] 31  - [39m07/04/2025, 10:37:30 PM [32m    LOG[39m [38;5;3m[RouterExplorer] [39m[32mMapped {/api/fhir/Observation/$by-component, GET} route[39m[38;5;3m +1ms[39m
[32m[Nest] 31  - [39m07/04/2025, 10:37:30 PM [32m    LOG[39m [38;5;3m[RouterExplorer] [39m[32mMapped {/api/fhir/Observation/$by-value-range, GET} route[39m[38;5;3m +0ms[39m
[32m[Nest] 31  - [39m07/04/2025, 10:37:30 PM [32m    LOG[39m [38;5;3m[RouterExplorer] [39m[32mMapped {/api/fhir/Observation/search/by-component-value, GET} route[39m[38;5;3m +0ms[39m
[32m[Nest] 31  - [39m07/04/2025, 10:37:30 PM [32m    LOG[39m [38;5;3m[RouterExplorer] [39m[32mMapped {/api/fhir/Observation/search/by-reference-range, GET} route[39m[38;5;3m +0ms[39m
[32m[Nest] 31  - [39m07/04/2025, 10:37:30 PM [32m    LOG[39m [38;5;3m[RouterExplorer] [39m[32mMapped {/api/fhir/Observation, POST} route[39m[38;5;3m +0ms[39m
[32m[Nest] 31  - [39m07/04/2025, 10:37:30 PM [32m    LOG[39m [38;5;3m[RouterExplorer] [39m[32mMapped {/api/fhir/Observation, POST} route[39m[38;5;3m +0ms[39m
[32m[Nest] 31  - [39m07/04/2025, 10:37:30 PM [32m    LOG[39m [38;5;3m[RouterExplorer] [39m[32mMapped {/api/fhir/Observation/:id, GET} route[39m[38;5;3m +0ms[39m
[32m[Nest] 31  - [39m07/04/2025, 10:37:30 PM [32m    LOG[39m [38;5;3m[RouterExplorer] [39m[32mMapped {/api/fhir/Observation/:id, PUT} route[39m[38;5;3m +0ms[39m
[32m[Nest] 31  - [39m07/04/2025, 10:37:30 PM [32m    LOG[39m [38;5;3m[RouterExplorer] [39m[32mMapped {/api/fhir/Observation/:id, DELETE} route[39m[38;5;3m +0ms[39m
[32m[Nest] 31  - [39m07/04/2025, 10:37:30 PM [32m    LOG[39m [38;5;3m[RouterExplorer] [39m[32mMapped {/api/fhir/Observation, GET} route[39m[38;5;3m +0ms[39m
[32m[Nest] 31  - [39m07/04/2025, 10:37:30 PM [32m    LOG[39m [38;5;3m[RouterExplorer] [39m[32mMapped {/api/fhir/Observation/:id/_history, GET} route[39m[38;5;3m +0ms[39m
[32m[Nest] 31  - [39m07/04/2025, 10:37:30 PM [32m    LOG[39m [38;5;3m[RouterExplorer] [39m[32mMapped {/api/fhir/Observation/$validate, POST} route[39m[38;5;3m +0ms[39m
[32m[Nest] 31  - [39m07/04/2025, 10:37:30 PM [32m    LOG[39m [38;5;3m[RoutesResolver] [39m[32mDiagnosticReportController {/api/fhir/DiagnosticReport}:[39m[38;5;3m +0ms[39m
[32m[Nest] 31  - [39m07/04/2025, 10:37:30 PM [32m    LOG[39m [38;5;3m[RouterExplorer] [39m[32mMapped {/api/fhir/DiagnosticReport/$my-reports, GET} route[39m[38;5;3m +1ms[39m
[32m[Nest] 31  - [39m07/04/2025, 10:37:30 PM [32m    LOG[39m [38;5;3m[RouterExplorer] [39m[32mMapped {/api/fhir/DiagnosticReport/patient/:patientId, GET} route[39m[38;5;3m +0ms[39m
[32m[Nest] 31  - [39m07/04/2025, 10:37:30 PM [32m    LOG[39m [38;5;3m[RouterExplorer] [39m[32mMapped {/api/fhir/DiagnosticReport/$by-category, GET} route[39m[38;5;3m +0ms[39m
[32m[Nest] 31  - [39m07/04/2025, 10:37:30 PM [32m    LOG[39m [38;5;3m[RouterExplorer] [39m[32mMapped {/api/fhir/DiagnosticReport/encounter/:encounterId, GET} route[39m[38;5;3m +0ms[39m
[32m[Nest] 31  - [39m07/04/2025, 10:37:30 PM [32m    LOG[39m [38;5;3m[RouterExplorer] [39m[32mMapped {/api/fhir/DiagnosticReport, POST} route[39m[38;5;3m +0ms[39m
[32m[Nest] 31  - [39m07/04/2025, 10:37:30 PM [32m    LOG[39m [38;5;3m[RouterExplorer] [39m[32mMapped {/api/fhir/DiagnosticReport, POST} route[39m[38;5;3m +0ms[39m
[32m[Nest] 31  - [39m07/04/2025, 10:37:30 PM [32m    LOG[39m [38;5;3m[RouterExplorer] [39m[32mMapped {/api/fhir/DiagnosticReport/:id, GET} route[39m[38;5;3m +0ms[39m
[32m[Nest] 31  - [39m07/04/2025, 10:37:30 PM [32m    LOG[39m [38;5;3m[RouterExplorer] [39m[32mMapped {/api/fhir/DiagnosticReport/:id, PUT} route[39m[38;5;3m +0ms[39m
[32m[Nest] 31  - [39m07/04/2025, 10:37:30 PM [32m    LOG[39m [38;5;3m[RouterExplorer] [39m[32mMapped {/api/fhir/DiagnosticReport/:id, DELETE} route[39m[38;5;3m +0ms[39m
[32m[Nest] 31  - [39m07/04/2025, 10:37:30 PM [32m    LOG[39m [38;5;3m[RouterExplorer] [39m[32mMapped {/api/fhir/DiagnosticReport, GET} route[39m[38;5;3m +0ms[39m
[32m[Nest] 31  - [39m07/04/2025, 10:37:30 PM [32m    LOG[39m [38;5;3m[RouterExplorer] [39m[32mMapped {/api/fhir/DiagnosticReport/:id/_history, GET} route[39m[38;5;3m +0ms[39m
[32m[Nest] 31  - [39m07/04/2025, 10:37:30 PM [32m    LOG[39m [38;5;3m[RouterExplorer] [39m[32mMapped {/api/fhir/DiagnosticReport/$validate, POST} route[39m[38;5;3m +1ms[39m
[32m[Nest] 31  - [39m07/04/2025, 10:37:30 PM [32m    LOG[39m [38;5;3m[RoutesResolver] [39m[32mMedicationController {/api/fhir/Medication}:[39m[38;5;3m +0ms[39m
[32m[Nest] 31  - [39m07/04/2025, 10:37:30 PM [32m    LOG[39m [38;5;3m[RouterExplorer] [39m[32mMapped {/api/fhir/Medication/$by-code, GET} route[39m[38;5;3m +0ms[39m
[32m[Nest] 31  - [39m07/04/2025, 10:37:30 PM [32m    LOG[39m [38;5;3m[RouterExplorer] [39m[32mMapped {/api/fhir/Medication/$common, GET} route[39m[38;5;3m +0ms[39m
[32m[Nest] 31  - [39m07/04/2025, 10:37:30 PM [32m    LOG[39m [38;5;3m[RouterExplorer] [39m[32mMapped {/api/fhir/Medication, POST} route[39m[38;5;3m +0ms[39m
[32m[Nest] 31  - [39m07/04/2025, 10:37:30 PM [32m    LOG[39m [38;5;3m[RouterExplorer] [39m[32mMapped {/api/fhir/Medication, POST} route[39m[38;5;3m +0ms[39m
[32m[Nest] 31  - [39m07/04/2025, 10:37:30 PM [32m    LOG[39m [38;5;3m[RouterExplorer] [39m[32mMapped {/api/fhir/Medication/:id, GET} route[39m[38;5;3m +0ms[39m
[32m[Nest] 31  - [39m07/04/2025, 10:37:30 PM [32m    LOG[39m [38;5;3m[RouterExplorer] [39m[32mMapped {/api/fhir/Medication/:id, PUT} route[39m[38;5;3m +0ms[39m
[32m[Nest] 31  - [39m07/04/2025, 10:37:30 PM [32m    LOG[39m [38;5;3m[RouterExplorer] [39m[32mMapped {/api/fhir/Medication/:id, DELETE} route[39m[38;5;3m +0ms[39m
[32m[Nest] 31  - [39m07/04/2025, 10:37:30 PM [32m    LOG[39m [38;5;3m[RouterExplorer] [39m[32mMapped {/api/fhir/Medication, GET} route[39m[38;5;3m +0ms[39m
[32m[Nest] 31  - [39m07/04/2025, 10:37:30 PM [32m    LOG[39m [38;5;3m[RouterExplorer] [39m[32mMapped {/api/fhir/Medication/:id/_history, GET} route[39m[38;5;3m +0ms[39m
[32m[Nest] 31  - [39m07/04/2025, 10:37:30 PM [32m    LOG[39m [38;5;3m[RouterExplorer] [39m[32mMapped {/api/fhir/Medication/$validate, POST} route[39m[38;5;3m +1ms[39m
[32m[Nest] 31  - [39m07/04/2025, 10:37:30 PM [32m    LOG[39m [38;5;3m[RoutesResolver] [39m[32mMedicationRequestController {/api/fhir/MedicationRequest}:[39m[38;5;3m +0ms[39m
[32m[Nest] 31  - [39m07/04/2025, 10:37:30 PM [32m    LOG[39m [38;5;3m[RouterExplorer] [39m[32mMapped {/api/fhir/MedicationRequest/$my-medications, GET} route[39m[38;5;3m +0ms[39m
[32m[Nest] 31  - [39m07/04/2025, 10:37:30 PM [32m    LOG[39m [38;5;3m[RouterExplorer] [39m[32mMapped {/api/fhir/MedicationRequest/patient/:patientId/active, GET} route[39m[38;5;3m +0ms[39m
[32m[Nest] 31  - [39m07/04/2025, 10:37:30 PM [32m    LOG[39m [38;5;3m[RouterExplorer] [39m[32mMapped {/api/fhir/MedicationRequest/encounter/:encounterId, GET} route[39m[38;5;3m +0ms[39m
[32m[Nest] 31  - [39m07/04/2025, 10:37:30 PM [32m    LOG[39m [38;5;3m[RouterExplorer] [39m[32mMapped {/api/fhir/MedicationRequest, POST} route[39m[38;5;3m +0ms[39m
[32m[Nest] 31  - [39m07/04/2025, 10:37:30 PM [32m    LOG[39m [38;5;3m[RouterExplorer] [39m[32mMapped {/api/fhir/MedicationRequest, POST} route[39m[38;5;3m +0ms[39m
[32m[Nest] 31  - [39m07/04/2025, 10:37:30 PM [32m    LOG[39m [38;5;3m[RouterExplorer] [39m[32mMapped {/api/fhir/MedicationRequest/:id, GET} route[39m[38;5;3m +0ms[39m
[32m[Nest] 31  - [39m07/04/2025, 10:37:30 PM [32m    LOG[39m [38;5;3m[RouterExplorer] [39m[32mMapped {/api/fhir/MedicationRequest/:id, PUT} route[39m[38;5;3m +0ms[39m
[32m[Nest] 31  - [39m07/04/2025, 10:37:30 PM [32m    LOG[39m [38;5;3m[RouterExplorer] [39m[32mMapped {/api/fhir/MedicationRequest/:id, DELETE} route[39m[38;5;3m +0ms[39m
[32m[Nest] 31  - [39m07/04/2025, 10:37:30 PM [32m    LOG[39m [38;5;3m[RouterExplorer] [39m[32mMapped {/api/fhir/MedicationRequest, GET} route[39m[38;5;3m +0ms[39m
[32m[Nest] 31  - [39m07/04/2025, 10:37:30 PM [32m    LOG[39m [38;5;3m[RouterExplorer] [39m[32mMapped {/api/fhir/MedicationRequest/:id/_history, GET} route[39m[38;5;3m +0ms[39m
[32m[Nest] 31  - [39m07/04/2025, 10:37:30 PM [32m    LOG[39m [38;5;3m[RouterExplorer] [39m[32mMapped {/api/fhir/MedicationRequest/$validate, POST} route[39m[38;5;3m +1ms[39m
[32m[Nest] 31  - [39m07/04/2025, 10:37:30 PM [32m    LOG[39m [38;5;3m[RoutesResolver] [39m[32mQuestionnaireController {/api/questionnaires}:[39m[38;5;3m +0ms[39m
[32m[Nest] 31  - [39m07/04/2025, 10:37:30 PM [32m    LOG[39m [38;5;3m[RouterExplorer] [39m[32mMapped {/api/questionnaires, GET} route[39m[38;5;3m +0ms[39m
[32m[Nest] 31  - [39m07/04/2025, 10:37:30 PM [32m    LOG[39m [38;5;3m[RouterExplorer] [39m[32mMapped {/api/questionnaires/:id, GET} route[39m[38;5;3m +0ms[39m
[32m[Nest] 31  - [39m07/04/2025, 10:37:30 PM [32m    LOG[39m [38;5;3m[RouterExplorer] [39m[32mMapped {/api/questionnaires, POST} route[39m[38;5;3m +0ms[39m
[32m[Nest] 31  - [39m07/04/2025, 10:37:30 PM [32m    LOG[39m [38;5;3m[RouterExplorer] [39m[32mMapped {/api/questionnaires/:id, PUT} route[39m[38;5;3m +0ms[39m
[32m[Nest] 31  - [39m07/04/2025, 10:37:30 PM [32m    LOG[39m [38;5;3m[RouterExplorer] [39m[32mMapped {/api/questionnaires/:id, DELETE} route[39m[38;5;3m +0ms[39m
[32m[Nest] 31  - [39m07/04/2025, 10:37:30 PM [32m    LOG[39m [38;5;3m[RoutesResolver] [39m[32mPaymentController {/api/payments}:[39m[38;5;3m +0ms[39m
[32m[Nest] 31  - [39m07/04/2025, 10:37:30 PM [32m    LOG[39m [38;5;3m[RouterExplorer] [39m[32mMapped {/api/payments, GET} route[39m[38;5;3m +0ms[39m
[32m[Nest] 31  - [39m07/04/2025, 10:37:30 PM [32m    LOG[39m [38;5;3m[RouterExplorer] [39m[32mMapped {/api/payments/:id, GET} route[39m[38;5;3m +0ms[39m
[32m[Nest] 31  - [39m07/04/2025, 10:37:30 PM [32m    LOG[39m [38;5;3m[RouterExplorer] [39m[32mMapped {/api/payments, POST} route[39m[38;5;3m +0ms[39m
[32m[Nest] 31  - [39m07/04/2025, 10:37:30 PM [32m    LOG[39m [38;5;3m[RouterExplorer] [39m[32mMapped {/api/payments/:id, PUT} route[39m[38;5;3m +0ms[39m
[32m[Nest] 31  - [39m07/04/2025, 10:37:30 PM [32m    LOG[39m [38;5;3m[RouterExplorer] [39m[32mMapped {/api/payments/:id, DELETE} route[39m[38;5;3m +0ms[39m
[32m[Nest] 31  - [39m07/04/2025, 10:37:30 PM [32m    LOG[39m [38;5;3m[RoutesResolver] [39m[32mConditionController {/api/fhir/Condition}:[39m[38;5;3m +0ms[39m
[32m[Nest] 31  - [39m07/04/2025, 10:37:30 PM [32m    LOG[39m [38;5;3m[RouterExplorer] [39m[32mMapped {/api/fhir/Condition/$my-conditions, GET} route[39m[38;5;3m +1ms[39m
[32m[Nest] 31  - [39m07/04/2025, 10:37:30 PM [32m    LOG[39m [38;5;3m[RouterExplorer] [39m[32mMapped {/api/fhir/Condition/patient/:patientId, GET} route[39m[38;5;3m +0ms[39m
[32m[Nest] 31  - [39m07/04/2025, 10:37:30 PM [32m    LOG[39m [38;5;3m[RouterExplorer] [39m[32mMapped {/api/fhir/Condition/patient/:patientId/active, GET} route[39m[38;5;3m +0ms[39m
[32m[Nest] 31  - [39m07/04/2025, 10:37:30 PM [32m    LOG[39m [38;5;3m[RouterExplorer] [39m[32mMapped {/api/fhir/Condition/$by-category, GET} route[39m[38;5;3m +0ms[39m
[32m[Nest] 31  - [39m07/04/2025, 10:37:30 PM [32m    LOG[39m [38;5;3m[RouterExplorer] [39m[32mMapped {/api/fhir/Condition/encounter/:encounterId, GET} route[39m[38;5;3m +0ms[39m
[32m[Nest] 31  - [39m07/04/2025, 10:37:30 PM [32m    LOG[39m [38;5;3m[RouterExplorer] [39m[32mMapped {/api/fhir/Condition, POST} route[39m[38;5;3m +0ms[39m
[32m[Nest] 31  - [39m07/04/2025, 10:37:30 PM [32m    LOG[39m [38;5;3m[RouterExplorer] [39m[32mMapped {/api/fhir/Condition, POST} route[39m[38;5;3m +0ms[39m
[32m[Nest] 31  - [39m07/04/2025, 10:37:30 PM [32m    LOG[39m [38;5;3m[RouterExplorer] [39m[32mMapped {/api/fhir/Condition/:id, GET} route[39m[38;5;3m +0ms[39m
[32m[Nest] 31  - [39m07/04/2025, 10:37:30 PM [32m    LOG[39m [38;5;3m[RouterExplorer] [39m[32mMapped {/api/fhir/Condition/:id, PUT} route[39m[38;5;3m +0ms[39m
[32m[Nest] 31  - [39m07/04/2025, 10:37:30 PM [32m    LOG[39m [38;5;3m[RouterExplorer] [39m[32mMapped {/api/fhir/Condition/:id, DELETE} route[39m[38;5;3m +0ms[39m
[32m[Nest] 31  - [39m07/04/2025, 10:37:30 PM [32m    LOG[39m [38;5;3m[RouterExplorer] [39m[32mMapped {/api/fhir/Condition, GET} route[39m[38;5;3m +1ms[39m
[32m[Nest] 31  - [39m07/04/2025, 10:37:30 PM [32m    LOG[39m [38;5;3m[RouterExplorer] [39m[32mMapped {/api/fhir/Condition/:id/_history, GET} route[39m[38;5;3m +0ms[39m
[32m[Nest] 31  - [39m07/04/2025, 10:37:30 PM [32m    LOG[39m [38;5;3m[RouterExplorer] [39m[32mMapped {/api/fhir/Condition/$validate, POST} route[39m[38;5;3m +0ms[39m
[32m[Nest] 31  - [39m07/04/2025, 10:37:30 PM [32m    LOG[39m [38;5;3m[RoutesResolver] [39m[32mProcedureController {/api/fhir/Procedure}:[39m[38;5;3m +0ms[39m
[32m[Nest] 31  - [39m07/04/2025, 10:37:30 PM [32m    LOG[39m [38;5;3m[RouterExplorer] [39m[32mMapped {/api/fhir/Procedure/$my-procedures, GET} route[39m[38;5;3m +0ms[39m
[32m[Nest] 31  - [39m07/04/2025, 10:37:30 PM [32m    LOG[39m [38;5;3m[RouterExplorer] [39m[32mMapped {/api/fhir/Procedure/patient/:patientId, GET} route[39m[38;5;3m +0ms[39m
[32m[Nest] 31  - [39m07/04/2025, 10:37:30 PM [32m    LOG[39m [38;5;3m[RouterExplorer] [39m[32mMapped {/api/fhir/Procedure/$by-code, GET} route[39m[38;5;3m +0ms[39m
[32m[Nest] 31  - [39m07/04/2025, 10:37:30 PM [32m    LOG[39m [38;5;3m[RouterExplorer] [39m[32mMapped {/api/fhir/Procedure/encounter/:encounterId, GET} route[39m[38;5;3m +0ms[39m
[32m[Nest] 31  - [39m07/04/2025, 10:37:30 PM [32m    LOG[39m [38;5;3m[RouterExplorer] [39m[32mMapped {/api/fhir/Procedure, POST} route[39m[38;5;3m +0ms[39m
[32m[Nest] 31  - [39m07/04/2025, 10:37:30 PM [32m    LOG[39m [38;5;3m[RouterExplorer] [39m[32mMapped {/api/fhir/Procedure, POST} route[39m[38;5;3m +0ms[39m
[32m[Nest] 31  - [39m07/04/2025, 10:37:30 PM [32m    LOG[39m [38;5;3m[RouterExplorer] [39m[32mMapped {/api/fhir/Procedure/:id, GET} route[39m[38;5;3m +0ms[39m
[32m[Nest] 31  - [39m07/04/2025, 10:37:30 PM [32m    LOG[39m [38;5;3m[RouterExplorer] [39m[32mMapped {/api/fhir/Procedure/:id, PUT} route[39m[38;5;3m +0ms[39m
[32m[Nest] 31  - [39m07/04/2025, 10:37:30 PM [32m    LOG[39m [38;5;3m[RouterExplorer] [39m[32mMapped {/api/fhir/Procedure/:id, DELETE} route[39m[38;5;3m +1ms[39m
[32m[Nest] 31  - [39m07/04/2025, 10:37:30 PM [32m    LOG[39m [38;5;3m[RouterExplorer] [39m[32mMapped {/api/fhir/Procedure, GET} route[39m[38;5;3m +0ms[39m
[32m[Nest] 31  - [39m07/04/2025, 10:37:30 PM [32m    LOG[39m [38;5;3m[RouterExplorer] [39m[32mMapped {/api/fhir/Procedure/:id/_history, GET} route[39m[38;5;3m +0ms[39m
[32m[Nest] 31  - [39m07/04/2025, 10:37:30 PM [32m    LOG[39m [38;5;3m[RouterExplorer] [39m[32mMapped {/api/fhir/Procedure/$validate, POST} route[39m[38;5;3m +0ms[39m
[32m[Nest] 31  - [39m07/04/2025, 10:37:30 PM [32m    LOG[39m [38;5;3m[RoutesResolver] [39m[32mTerminologyController {/api/fhir/terminology}:[39m[38;5;3m +0ms[39m
[32m[Nest] 31  - [39m07/04/2025, 10:37:30 PM [32m    LOG[39m [38;5;3m[RouterExplorer] [39m[32mMapped {/api/fhir/terminology/validate-code, GET} route[39m[38;5;3m +0ms[39m
[32m[Nest] 31  - [39m07/04/2025, 10:37:30 PM [32m    LOG[39m [38;5;3m[RouterExplorer] [39m[32mMapped {/api/fhir/terminology/expand, GET} route[39m[38;5;3m +0ms[39m
[32m[Nest] 31  - [39m07/04/2025, 10:37:30 PM [32m    LOG[39m [38;5;3m[RouterExplorer] [39m[32mMapped {/api/fhir/terminology/translate, GET} route[39m[38;5;3m +0ms[39m
[32m[Nest] 31  - [39m07/04/2025, 10:37:30 PM [32m    LOG[39m [38;5;3m[RouterExplorer] [39m[32mMapped {/api/fhir/terminology/lookup, GET} route[39m[38;5;3m +0ms[39m
[32m[Nest] 31  - [39m07/04/2025, 10:37:30 PM [32m    LOG[39m [38;5;3m[RouterExplorer] [39m[32mMapped {/api/fhir/terminology/find-matches, POST} route[39m[38;5;3m +0ms[39m
[32m[Nest] 31  - [39m07/04/2025, 10:37:30 PM [32m    LOG[39m [38;5;3m[RoutesResolver] [39m[32mValidationController {/api/fhir}:[39m[38;5;3m +0ms[39m
[32m[Nest] 31  - [39m07/04/2025, 10:37:30 PM [32m    LOG[39m [38;5;3m[RouterExplorer] [39m[32mMapped {/api/fhir/:resourceType/$validate, POST} route[39m[38;5;3m +0ms[39m
[32m[Nest] 31  - [39m07/04/2025, 10:37:30 PM [32m    LOG[39m [38;5;3m[RouterExplorer] [39m[32mMapped {/api/fhir/:resourceType/:id/$validate, POST} route[39m[38;5;3m +1ms[39m
[32m[Nest] 31  - [39m07/04/2025, 10:37:30 PM [32m    LOG[39m [38;5;3m[RouterExplorer] [39m[32mMapped {/api/fhir/$validate-batch, POST} route[39m[38;5;3m +0ms[39m
[32m[Nest] 31  - [39m07/04/2025, 10:37:30 PM [32m    LOG[39m [38;5;3m[RoutesResolver] [39m[32mDocumentationController {/api/fhir/documentation}:[39m[38;5;3m +0ms[39m
[32m[Nest] 31  - [39m07/04/2025, 10:37:30 PM [32m    LOG[39m [38;5;3m[RouterExplorer] [39m[32mMapped {/api/fhir/documentation, GET} route[39m[38;5;3m +0ms[39m
[32m[Nest] 31  - [39m07/04/2025, 10:37:30 PM [32m    LOG[39m [38;5;3m[RouterExplorer] [39m[32mMapped {/api/fhir/documentation/examples/:resourceType, GET} route[39m[38;5;3m +0ms[39m
[32m[Nest] 31  - [39m07/04/2025, 10:37:30 PM [32m    LOG[39m [38;5;3m[RouterExplorer] [39m[32mMapped {/api/fhir/documentation/operations, GET} route[39m[38;5;3m +0ms[39m
[32m[Nest] 31  - [39m07/04/2025, 10:37:30 PM [32m    LOG[39m [38;5;3m[RouterExplorer] [39m[32mMapped {/api/fhir/documentation/usage, GET} route[39m[38;5;3m +0ms[39m
[32m[Nest] 31  - [39m07/04/2025, 10:37:30 PM [32m    LOG[39m [38;5;3m[RoutesResolver] [39m[32mExamplePaginationController {/api/fhir/examples}:[39m[38;5;3m +0ms[39m
[32m[Nest] 31  - [39m07/04/2025, 10:37:30 PM [32m    LOG[39m [38;5;3m[RouterExplorer] [39m[32mMapped {/api/fhir/examples/paginated-patients, GET} route[39m[38;5;3m +0ms[39m
[32m[Nest] 31  - [39m07/04/2025, 10:37:30 PM [32m    LOG[39m [38;5;3m[RouterExplorer] [39m[32mMapped {/api/fhir/examples/paginated-practitioners, GET} route[39m[38;5;3m +0ms[39m
[32m[Nest] 31  - [39m07/04/2025, 10:37:30 PM [32m    LOG[39m [38;5;3m[RoutesResolver] [39m[32mAllergyIntoleranceController {/api/fhir/AllergyIntolerance}:[39m[38;5;3m +0ms[39m
[32m[Nest] 31  - [39m07/04/2025, 10:37:30 PM [32m    LOG[39m [38;5;3m[RouterExplorer] [39m[32mMapped {/api/fhir/AllergyIntolerance/$my-allergies, GET} route[39m[38;5;3m +0ms[39m
[32m[Nest] 31  - [39m07/04/2025, 10:37:30 PM [32m    LOG[39m [38;5;3m[RouterExplorer] [39m[32mMapped {/api/fhir/AllergyIntolerance/patient/:patientId, GET} route[39m[38;5;3m +1ms[39m
[32m[Nest] 31  - [39m07/04/2025, 10:37:30 PM [32m    LOG[39m [38;5;3m[RouterExplorer] [39m[32mMapped {/api/fhir/AllergyIntolerance, POST} route[39m[38;5;3m +0ms[39m
[32m[Nest] 31  - [39m07/04/2025, 10:37:30 PM [32m    LOG[39m [38;5;3m[RouterExplorer] [39m[32mMapped {/api/fhir/AllergyIntolerance/$by-code, GET} route[39m[38;5;3m +0ms[39m
[32m[Nest] 31  - [39m07/04/2025, 10:37:30 PM [32m    LOG[39m [38;5;3m[RouterExplorer] [39m[32mMapped {/api/fhir/AllergyIntolerance, POST} route[39m[38;5;3m +0ms[39m
[32m[Nest] 31  - [39m07/04/2025, 10:37:30 PM [32m    LOG[39m [38;5;3m[RouterExplorer] [39m[32mMapped {/api/fhir/AllergyIntolerance/:id, GET} route[39m[38;5;3m +0ms[39m
[32m[Nest] 31  - [39m07/04/2025, 10:37:30 PM [32m    LOG[39m [38;5;3m[RouterExplorer] [39m[32mMapped {/api/fhir/AllergyIntolerance/:id, PUT} route[39m[38;5;3m +1ms[39m
[32m[Nest] 31  - [39m07/04/2025, 10:37:30 PM [32m    LOG[39m [38;5;3m[RouterExplorer] [39m[32mMapped {/api/fhir/AllergyIntolerance/:id, DELETE} route[39m[38;5;3m +0ms[39m
[32m[Nest] 31  - [39m07/04/2025, 10:37:30 PM [32m    LOG[39m [38;5;3m[RouterExplorer] [39m[32mMapped {/api/fhir/AllergyIntolerance, GET} route[39m[38;5;3m +0ms[39m
[32m[Nest] 31  - [39m07/04/2025, 10:37:30 PM [32m    LOG[39m [38;5;3m[RouterExplorer] [39m[32mMapped {/api/fhir/AllergyIntolerance/:id/_history, GET} route[39m[38;5;3m +0ms[39m
[32m[Nest] 31  - [39m07/04/2025, 10:37:30 PM [32m    LOG[39m [38;5;3m[RouterExplorer] [39m[32mMapped {/api/fhir/AllergyIntolerance/$validate, POST} route[39m[38;5;3m +0ms[39m
[32m[Nest] 31  - [39m07/04/2025, 10:37:30 PM [32m    LOG[39m [38;5;3m[RoutesResolver] [39m[32mFhirQueryGuideController {/api/fhir/help}:[39m[38;5;3m +0ms[39m
[32m[Nest] 31  - [39m07/04/2025, 10:37:30 PM [32m    LOG[39m [38;5;3m[RouterExplorer] [39m[32mMapped {/api/fhir/help/query-guide, GET} route[39m[38;5;3m +0ms[39m
[32m[Nest] 31  - [39m07/04/2025, 10:37:30 PM [32m    LOG[39m [38;5;3m[RouterExplorer] [39m[32mMapped {/api/fhir/help/codes, GET} route[39m[38;5;3m +0ms[39m
[32m[Nest] 31  - [39m07/04/2025, 10:37:30 PM [32m    LOG[39m [38;5;3m[RoutesResolver] [39m[32mAuditEventController {/api/api/audit}:[39m[38;5;3m +0ms[39m
[32m[Nest] 31  - [39m07/04/2025, 10:37:30 PM [32m    LOG[39m [38;5;3m[RouterExplorer] [39m[32mMapped {/api/api/audit, GET} route[39m[38;5;3m +0ms[39m
[32m[Nest] 31  - [39m07/04/2025, 10:37:30 PM [32m    LOG[39m [38;5;3m[RouterExplorer] [39m[32mMapped {/api/api/audit/user/:userId, GET} route[39m[38;5;3m +0ms[39m
[32m[Nest] 31  - [39m07/04/2025, 10:37:30 PM [32m    LOG[39m [38;5;3m[RouterExplorer] [39m[32mMapped {/api/api/audit/resource/:resourceType/:resourceId, GET} route[39m[38;5;3m +1ms[39m
[32m[Nest] 31  - [39m07/04/2025, 10:37:30 PM [32m    LOG[39m [38;5;3m[RouterExplorer] [39m[32mMapped {/api/api/audit/search, GET} route[39m[38;5;3m +0ms[39m
[32m[Nest] 31  - [39m07/04/2025, 10:37:30 PM [32m    LOG[39m [38;5;3m[RoutesResolver] [39m[32mHealthController {/api/health}:[39m[38;5;3m +0ms[39m
[32m[Nest] 31  - [39m07/04/2025, 10:37:30 PM [32m    LOG[39m [38;5;3m[RouterExplorer] [39m[32mMapped {/api/health, GET} route[39m[38;5;3m +0ms[39m
[32m[Nest] 31  - [39m07/04/2025, 10:37:30 PM [32m    LOG[39m [38;5;3m[RoutesResolver] [39m[32mDashboardController {/api/dashboard}:[39m[38;5;3m +0ms[39m
[32m[Nest] 31  - [39m07/04/2025, 10:37:30 PM [32m    LOG[39m [38;5;3m[RouterExplorer] [39m[32mMapped {/api/dashboard, GET} route[39m[38;5;3m +0ms[39m
[32m[Nest] 31  - [39m07/04/2025, 10:37:30 PM [32m    LOG[39m [38;5;3m[NestApplication] [39m[32mNest application successfully started[39m[38;5;3m +26ms[39m
🚀 Application is running on: http://localhost:3000/api
📚 API Documentation available at: http://localhost:3000/api/docs

> fhir-ehr-platform@1.0.0 start:dev
> nest start --watch

[2J[3J[H[[90m10:37:36 PM[0m] Starting compilation in watch mode...

[[90m10:37:42 PM[0m] Found 0 errors. Watching for file changes.

[32m[Nest] 31  - [39m07/04/2025, 10:37:44 PM [32m    LOG[39m [38;5;3m[NestFactory] [39m[32mStarting Nest application...[39m
[32m[Nest] 31  - [39m07/04/2025, 10:37:44 PM [32m    LOG[39m [38;5;3m[InstanceLoader] [39m[32mMongooseModule dependencies initialized[39m[38;5;3m +44ms[39m
[32m[Nest] 31  - [39m07/04/2025, 10:37:44 PM [32m    LOG[39m [38;5;3m[InstanceLoader] [39m[32mCacheModule dependencies initialized[39m[38;5;3m +0ms[39m
[32m[Nest] 31  - [39m07/04/2025, 10:37:44 PM [32m    LOG[39m [38;5;3m[InstanceLoader] [39m[32mLoggerModule dependencies initialized[39m[38;5;3m +0ms[39m
[32m[Nest] 31  - [39m07/04/2025, 10:37:44 PM [32m    LOG[39m [38;5;3m[InstanceLoader] [39m[32mMulterModule dependencies initialized[39m[38;5;3m +0ms[39m
[32m[Nest] 31  - [39m07/04/2025, 10:37:44 PM [32m    LOG[39m [38;5;3m[InstanceLoader] [39m[32mPassportModule dependencies initialized[39m[38;5;3m +0ms[39m
[32m[Nest] 31  - [39m07/04/2025, 10:37:44 PM [32m    LOG[39m [38;5;3m[InstanceLoader] [39m[32mHttpModule dependencies initialized[39m[38;5;3m +1ms[39m
[32m[Nest] 31  - [39m07/04/2025, 10:37:44 PM [32m    LOG[39m [38;5;3m[InstanceLoader] [39m[32mConfigHostModule dependencies initialized[39m[38;5;3m +1ms[39m
[32m[Nest] 31  - [39m07/04/2025, 10:37:44 PM [32m    LOG[39m [38;5;3m[InstanceLoader] [39m[32mFhirModule dependencies initialized[39m[38;5;3m +1ms[39m
[32m[Nest] 31  - [39m07/04/2025, 10:37:44 PM [32m    LOG[39m [38;5;3m[UrlRewriteInterceptor] [39m[32mURL Rewrite Interceptor initialized with external URL: http://localhost:3000/api[39m
[32m[Nest] 31  - [39m07/04/2025, 10:37:44 PM [32m    LOG[39m [38;5;3m[UrlRewriteInterceptor] [39m[32mInternal FHIR URL: http://hapi-fhir:8080/fhir[39m
[32m[Nest] 31  - [39m07/04/2025, 10:37:44 PM [32m    LOG[39m [38;5;3m[UrlRewriteInterceptor] [39m[32mURL Rewrite Interceptor initialized with external URL: http://localhost:3000/api[39m
[32m[Nest] 31  - [39m07/04/2025, 10:37:44 PM [32m    LOG[39m [38;5;3m[UrlRewriteInterceptor] [39m[32mInternal FHIR URL: http://hapi-fhir:8080/fhir[39m
[32m[Nest] 31  - [39m07/04/2025, 10:37:44 PM [32m    LOG[39m [38;5;3m[InstanceLoader] [39m[32mTerminusModule dependencies initialized[39m[38;5;3m +1ms[39m
[32m[Nest] 31  - [39m07/04/2025, 10:37:44 PM [32m    LOG[39m [38;5;3m[InstanceLoader] [39m[32mServeStaticModule dependencies initialized[39m[38;5;3m +0ms[39m
[32m[Nest] 31  - [39m07/04/2025, 10:37:44 PM [32m    LOG[39m [38;5;3m[InstanceLoader] [39m[32mConfigModule dependencies initialized[39m[38;5;3m +0ms[39m
[32m[Nest] 31  - [39m07/04/2025, 10:37:44 PM [32m    LOG[39m [38;5;3m[InstanceLoader] [39m[32mConfigModule dependencies initialized[39m[38;5;3m +0ms[39m
Attempting to connect to MongoDB at: mongodb://mongodb:27017/medicare
[32m[Nest] 31  - [39m07/04/2025, 10:37:44 PM [32m    LOG[39m [38;5;3m[MetricsService] [39m[32mMetrics service initialized. Prometheus enabled: true[39m
[33m[Nest] 31  - [39m07/04/2025, 10:37:44 PM [33m   WARN[39m [38;5;3m[EmailService] [39m[33mEmail credentials not provided. Email sending will be disabled.[39m
[32m[Nest] 31  - [39m07/04/2025, 10:37:44 PM [32m    LOG[39m [38;5;3m[InstanceLoader] [39m[32mEmailModule dependencies initialized[39m[38;5;3m +39ms[39m
[32m[Nest] 31  - [39m07/04/2025, 10:37:44 PM [32m    LOG[39m [38;5;3m[InstanceLoader] [39m[32mThrottlerModule dependencies initialized[39m[38;5;3m +0ms[39m
[32m[Nest] 31  - [39m07/04/2025, 10:37:44 PM [32m    LOG[39m [38;5;3m[InstanceLoader] [39m[32mJwtModule dependencies initialized[39m[38;5;3m +0ms[39m
[32m[Nest] 31  - [39m07/04/2025, 10:37:44 PM [32m    LOG[39m [38;5;3m[InstanceLoader] [39m[32mJwtModule dependencies initialized[39m[38;5;3m +0ms[39m
[32m[Nest] 31  - [39m07/04/2025, 10:37:44 PM [32m    LOG[39m [38;5;3m[InstanceLoader] [39m[32mJwtModule dependencies initialized[39m[38;5;3m +0ms[39m
[32m[Nest] 31  - [39m07/04/2025, 10:37:44 PM [32m    LOG[39m [38;5;3m[InstanceLoader] [39m[32mJwtModule dependencies initialized[39m[38;5;3m +1ms[39m
[32m[Nest] 31  - [39m07/04/2025, 10:37:44 PM [32m    LOG[39m [38;5;3m[IpWhitelistGuard] [39m[32mIP whitelist initialized with: 127.0.0.1, ::1[39m
[32m[Nest] 31  - [39m07/04/2025, 10:37:44 PM [32m    LOG[39m [38;5;3m[InstanceLoader] [39m[32mUploadsModule dependencies initialized[39m[38;5;3m +0ms[39m
[32m[Nest] 31  - [39m07/04/2025, 10:37:44 PM [32m    LOG[39m [38;5;3m[InstanceLoader] [39m[32mWinstonModule dependencies initialized[39m[38;5;3m +0ms[39m
[32m[Nest] 31  - [39m07/04/2025, 10:37:44 PM [32m    LOG[39m [38;5;3m[InstanceLoader] [39m[32mHttpModule dependencies initialized[39m[38;5;3m +0ms[39m
[32m[Nest] 31  - [39m07/04/2025, 10:37:44 PM [32m    LOG[39m [38;5;3m[InstanceLoader] [39m[32mAppModule dependencies initialized[39m[38;5;3m +0ms[39m
[32m[Nest] 31  - [39m07/04/2025, 10:37:44 PM [32m    LOG[39m [38;5;3m[HapiFhirAdapter] [39m[32mHAPI FHIR Adapter initialized with server URL: http://hapi-fhir:8080/fhir[39m
[32m[Nest] 31  - [39m07/04/2025, 10:37:44 PM [32m    LOG[39m [38;5;3m[TerminologyAdapter] [39m[32mTerminology Adapter initialized[39m
[32m[Nest] 31  - [39m07/04/2025, 10:37:44 PM [32m    LOG[39m [38;5;3m[FhirValidationInterceptor] [39m[32mFHIR Validation Interceptor initialized with mode: strict[39m
[32m[Nest] 31  - [39m07/04/2025, 10:37:44 PM [32m    LOG[39m [38;5;3m[FhirValidationInterceptor] [39m[32mFHIR Validation Interceptor initialized with mode: strict[39m
[32m[Nest] 31  - [39m07/04/2025, 10:37:44 PM [32m    LOG[39m [38;5;3m[InstanceLoader] [39m[32mMetricsModule dependencies initialized[39m[38;5;3m +0ms[39m
[32m[Nest] 31  - [39m07/04/2025, 10:37:44 PM [32m    LOG[39m [38;5;3m[InstanceLoader] [39m[32mCacheModule dependencies initialized[39m[38;5;3m +13ms[39m
[32m[Nest] 31  - [39m07/04/2025, 10:37:44 PM [32m    LOG[39m [38;5;3m[InstanceLoader] [39m[32mMongooseCoreModule dependencies initialized[39m[38;5;3m +6ms[39m
[32m[Nest] 31  - [39m07/04/2025, 10:37:44 PM [32m    LOG[39m [38;5;3m[InstanceLoader] [39m[32mMongooseModule dependencies initialized[39m[38;5;3m +15ms[39m
[32m[Nest] 31  - [39m07/04/2025, 10:37:44 PM [32m    LOG[39m [38;5;3m[InstanceLoader] [39m[32mMongooseModule dependencies initialized[39m[38;5;3m +0ms[39m
[32m[Nest] 31  - [39m07/04/2025, 10:37:44 PM [32m    LOG[39m [38;5;3m[InstanceLoader] [39m[32mMongooseModule dependencies initialized[39m[38;5;3m +0ms[39m
[32m[Nest] 31  - [39m07/04/2025, 10:37:44 PM [32m    LOG[39m [38;5;3m[FhirService] [39m[32mFHIR Service initialized. HAPI FHIR URL: http://hapi-fhir:8080/fhir, Using HAPI: false[39m
[32m[Nest] 31  - [39m07/04/2025, 10:37:44 PM [32m    LOG[39m [38;5;3m[InstanceLoader] [39m[32mHealthModule dependencies initialized[39m[38;5;3m +1ms[39m
[32m[Nest] 31  - [39m07/04/2025, 10:37:44 PM [32m    LOG[39m [38;5;3m[InstanceLoader] [39m[32mAccessCodesModule dependencies initialized[39m[38;5;3m +2ms[39m
[32m[Nest] 31  - [39m07/04/2025, 10:37:44 PM [32m    LOG[39m [38;5;3m[InstanceLoader] [39m[32mUsersModule dependencies initialized[39m[38;5;3m +2ms[39m
[32m[Nest] 31  - [39m07/04/2025, 10:37:44 PM [32m    LOG[39m [38;5;3m[InstanceLoader] [39m[32mFhirModule dependencies initialized[39m[38;5;3m +0ms[39m
[32m[Nest] 31  - [39m07/04/2025, 10:37:44 PM [32m    LOG[39m [38;5;3m[InstanceLoader] [39m[32mAuthModule dependencies initialized[39m[38;5;3m +0ms[39m
[32m[Nest] 31  - [39m07/04/2025, 10:37:44 PM [32m    LOG[39m [38;5;3m[InstanceLoader] [39m[32mDashboardModule dependencies initialized[39m[38;5;3m +0ms[39m
[32m[Nest] 31  - [39m07/04/2025, 10:37:44 PM [32m    LOG[39m [38;5;3m[RoutesResolver] [39m[32mMetricsController {/api/metrics}:[39m[38;5;3m +106ms[39m
[32m[Nest] 31  - [39m07/04/2025, 10:37:44 PM [32m    LOG[39m [38;5;3m[RouterExplorer] [39m[32mMapped {/api/metrics, GET} route[39m[38;5;3m +3ms[39m
[32m[Nest] 31  - [39m07/04/2025, 10:37:44 PM [32m    LOG[39m [38;5;3m[RoutesResolver] [39m[32mUploadsController {/api/uploads}:[39m[38;5;3m +1ms[39m
[32m[Nest] 31  - [39m07/04/2025, 10:37:44 PM [32m    LOG[39m [38;5;3m[RouterExplorer] [39m[32mMapped {/api/uploads, POST} route[39m[38;5;3m +1ms[39m
[32m[Nest] 31  - [39m07/04/2025, 10:37:44 PM [32m    LOG[39m [38;5;3m[RouterExplorer] [39m[32mMapped {/api/uploads/:filename, GET} route[39m[38;5;3m +0ms[39m
[32m[Nest] 31  - [39m07/04/2025, 10:37:44 PM [32m    LOG[39m [38;5;3m[RouterExplorer] [39m[32mMapped {/api/uploads/:filename, DELETE} route[39m[38;5;3m +1ms[39m
[32m[Nest] 31  - [39m07/04/2025, 10:37:44 PM [32m    LOG[39m [38;5;3m[RoutesResolver] [39m[32mAuthController {/api/auth}:[39m[38;5;3m +0ms[39m
[32m[Nest] 31  - [39m07/04/2025, 10:37:44 PM [32m    LOG[39m [38;5;3m[RouterExplorer] [39m[32mMapped {/api/auth/register, POST} route[39m[38;5;3m +0ms[39m
[32m[Nest] 31  - [39m07/04/2025, 10:37:44 PM [32m    LOG[39m [38;5;3m[RouterExplorer] [39m[32mMapped {/api/auth/login, POST} route[39m[38;5;3m +0ms[39m
[32m[Nest] 31  - [39m07/04/2025, 10:37:44 PM [32m    LOG[39m [38;5;3m[RouterExplorer] [39m[32mMapped {/api/auth/verify-access-code, POST} route[39m[38;5;3m +1ms[39m
[32m[Nest] 31  - [39m07/04/2025, 10:37:44 PM [32m    LOG[39m [38;5;3m[RouterExplorer] [39m[32mMapped {/api/auth/forgot-password, POST} route[39m[38;5;3m +0ms[39m
[32m[Nest] 31  - [39m07/04/2025, 10:37:44 PM [32m    LOG[39m [38;5;3m[RouterExplorer] [39m[32mMapped {/api/auth/reset-password, POST} route[39m[38;5;3m +1ms[39m
[32m[Nest] 31  - [39m07/04/2025, 10:37:44 PM [32m    LOG[39m [38;5;3m[RouterExplorer] [39m[32mMapped {/api/auth/me, GET} route[39m[38;5;3m +0ms[39m
[32m[Nest] 31  - [39m07/04/2025, 10:37:44 PM [32m    LOG[39m [38;5;3m[RoutesResolver] [39m[32mUsersController {/api/users}:[39m[38;5;3m +0ms[39m
[32m[Nest] 31  - [39m07/04/2025, 10:37:44 PM [32m    LOG[39m [38;5;3m[RouterExplorer] [39m[32mMapped {/api/users, POST} route[39m[38;5;3m +0ms[39m
[32m[Nest] 31  - [39m07/04/2025, 10:37:44 PM [32m    LOG[39m [38;5;3m[RouterExplorer] [39m[32mMapped {/api/users/create-with-resource, POST} route[39m[38;5;3m +1ms[39m
[32m[Nest] 31  - [39m07/04/2025, 10:37:44 PM [32m    LOG[39m [38;5;3m[RouterExplorer] [39m[32mMapped {/api/users, GET} route[39m[38;5;3m +0ms[39m
[32m[Nest] 31  - [39m07/04/2025, 10:37:44 PM [32m    LOG[39m [38;5;3m[RouterExplorer] [39m[32mMapped {/api/users/:id, GET} route[39m[38;5;3m +1ms[39m
[32m[Nest] 31  - [39m07/04/2025, 10:37:44 PM [32m    LOG[39m [38;5;3m[RouterExplorer] [39m[32mMapped {/api/users/:id, PUT} route[39m[38;5;3m +0ms[39m
[32m[Nest] 31  - [39m07/04/2025, 10:37:44 PM [32m    LOG[39m [38;5;3m[RouterExplorer] [39m[32mMapped {/api/users/:id, DELETE} route[39m[38;5;3m +1ms[39m
[32m[Nest] 31  - [39m07/04/2025, 10:37:44 PM [32m    LOG[39m [38;5;3m[RouterExplorer] [39m[32mMapped {/api/users/regenerate-access-code, POST} route[39m[38;5;3m +0ms[39m
[32m[Nest] 31  - [39m07/04/2025, 10:37:44 PM [32m    LOG[39m [38;5;3m[RouterExplorer] [39m[32mMapped {/api/users/:id/avatar, PATCH} route[39m[38;5;3m +0ms[39m
[32m[Nest] 31  - [39m07/04/2025, 10:37:44 PM [32m    LOG[39m [38;5;3m[RouterExplorer] [39m[32mMapped {/api/users/:id/profile, GET} route[39m[38;5;3m +0ms[39m
[32m[Nest] 31  - [39m07/04/2025, 10:37:44 PM [32m    LOG[39m [38;5;3m[RouterExplorer] [39m[32mMapped {/api/users/admin, POST} route[39m[38;5;3m +0ms[39m
[32m[Nest] 31  - [39m07/04/2025, 10:37:44 PM [32m    LOG[39m [38;5;3m[RoutesResolver] [39m[32mAccessCodesController {/api/access-codes}:[39m[38;5;3m +1ms[39m
[32m[Nest] 31  - [39m07/04/2025, 10:37:44 PM [32m    LOG[39m [38;5;3m[RouterExplorer] [39m[32mMapped {/api/access-codes, POST} route[39m[38;5;3m +0ms[39m
[32m[Nest] 31  - [39m07/04/2025, 10:37:44 PM [32m    LOG[39m [38;5;3m[RouterExplorer] [39m[32mMapped {/api/access-codes/batch, POST} route[39m[38;5;3m +0ms[39m
[32m[Nest] 31  - [39m07/04/2025, 10:37:44 PM [32m    LOG[39m [38;5;3m[RouterExplorer] [39m[32mMapped {/api/access-codes/resend/:id, POST} route[39m[38;5;3m +0ms[39m
[32m[Nest] 31  - [39m07/04/2025, 10:37:44 PM [32m    LOG[39m [38;5;3m[RouterExplorer] [39m[32mMapped {/api/access-codes/verify, POST} route[39m[38;5;3m +0ms[39m
[32m[Nest] 31  - [39m07/04/2025, 10:37:44 PM [32m    LOG[39m [38;5;3m[RouterExplorer] [39m[32mMapped {/api/access-codes, GET} route[39m[38;5;3m +1ms[39m
[32m[Nest] 31  - [39m07/04/2025, 10:37:44 PM [32m    LOG[39m [38;5;3m[RouterExplorer] [39m[32mMapped {/api/access-codes/:id, DELETE} route[39m[38;5;3m +0ms[39m
[32m[Nest] 31  - [39m07/04/2025, 10:37:44 PM [32m    LOG[39m [38;5;3m[RoutesResolver] [39m[32mFhirController {/api/fhir}:[39m[38;5;3m +0ms[39m
[32m[Nest] 31  - [39m07/04/2025, 10:37:44 PM [32m    LOG[39m [38;5;3m[RouterExplorer] [39m[32mMapped {/api/fhir/:resourceType, POST} route[39m[38;5;3m +0ms[39m
[32m[Nest] 31  - [39m07/04/2025, 10:37:44 PM [32m    LOG[39m [38;5;3m[RouterExplorer] [39m[32mMapped {/api/fhir/:resourceType/:id, GET} route[39m[38;5;3m +1ms[39m
[32m[Nest] 31  - [39m07/04/2025, 10:37:44 PM [32m    LOG[39m [38;5;3m[RouterExplorer] [39m[32mMapped {/api/fhir/:resourceType/:id, PUT} route[39m[38;5;3m +0ms[39m
[32m[Nest] 31  - [39m07/04/2025, 10:37:44 PM [32m    LOG[39m [38;5;3m[RouterExplorer] [39m[32mMapped {/api/fhir/:resourceType/:id, DELETE} route[39m[38;5;3m +0ms[39m
[32m[Nest] 31  - [39m07/04/2025, 10:37:44 PM [32m    LOG[39m [38;5;3m[RouterExplorer] [39m[32mMapped {/api/fhir/:resourceType, GET} route[39m[38;5;3m +0ms[39m
[32m[Nest] 31  - [39m07/04/2025, 10:37:44 PM [32m    LOG[39m [38;5;3m[RouterExplorer] [39m[32mMapped {/api/fhir/my-resources, GET} route[39m[38;5;3m +0ms[39m
[32m[Nest] 31  - [39m07/04/2025, 10:37:44 PM [32m    LOG[39m [38;5;3m[RouterExplorer] [39m[32mMapped {/api/fhir/patient-profile, GET} route[39m[38;5;3m +1ms[39m
[32m[Nest] 31  - [39m07/04/2025, 10:37:44 PM [32m    LOG[39m [38;5;3m[RouterExplorer] [39m[32mMapped {/api/fhir/practitioner-profile, GET} route[39m[38;5;3m +0ms[39m
[32m[Nest] 31  - [39m07/04/2025, 10:37:44 PM [32m    LOG[39m [38;5;3m[RouterExplorer] [39m[32mMapped {/api/fhir/metadata, GET} route[39m[38;5;3m +0ms[39m
[32m[Nest] 31  - [39m07/04/2025, 10:37:44 PM [32m    LOG[39m [38;5;3m[RouterExplorer] [39m[32mMapped {/api/fhir/health, GET} route[39m[38;5;3m +0ms[39m
[32m[Nest] 31  - [39m07/04/2025, 10:37:44 PM [32m    LOG[39m [38;5;3m[RouterExplorer] [39m[32mMapped {/api/fhir/registry, GET} route[39m[38;5;3m +0ms[39m
[32m[Nest] 31  - [39m07/04/2025, 10:37:44 PM [32m    LOG[39m [38;5;3m[RouterExplorer] [39m[32mMapped {/api/fhir/:resourceType/with-access-code, POST} route[39m[38;5;3m +1ms[39m
[32m[Nest] 31  - [39m07/04/2025, 10:37:44 PM [32m    LOG[39m [38;5;3m[RoutesResolver] [39m[32mGenericResourceController {/api/fhir}:[39m[38;5;3m +0ms[39m
[32m[Nest] 31  - [39m07/04/2025, 10:37:44 PM [32m    LOG[39m [38;5;3m[RouterExplorer] [39m[32mMapped {/api/fhir/:resourceType, GET} route[39m[38;5;3m +1ms[39m
[32m[Nest] 31  - [39m07/04/2025, 10:37:44 PM [32m    LOG[39m [38;5;3m[RouterExplorer] [39m[32mMapped {/api/fhir/:resourceType/:id, GET} route[39m[38;5;3m +0ms[39m
[32m[Nest] 31  - [39m07/04/2025, 10:37:44 PM [32m    LOG[39m [38;5;3m[RouterExplorer] [39m[32mMapped {/api/fhir/:resourceType, POST} route[39m[38;5;3m +0ms[39m
[32m[Nest] 31  - [39m07/04/2025, 10:37:44 PM [32m    LOG[39m [38;5;3m[RouterExplorer] [39m[32mMapped {/api/fhir/:resourceType/:id, PUT} route[39m[38;5;3m +0ms[39m
[32m[Nest] 31  - [39m07/04/2025, 10:37:44 PM [32m    LOG[39m [38;5;3m[RouterExplorer] [39m[32mMapped {/api/fhir/:resourceType/:id, DELETE} route[39m[38;5;3m +0ms[39m
[32m[Nest] 31  - [39m07/04/2025, 10:37:44 PM [32m    LOG[39m [38;5;3m[RouterExplorer] [39m[32mMapped {/api/fhir, GET} route[39m[38;5;3m +0ms[39m
[32m[Nest] 31  - [39m07/04/2025, 10:37:44 PM [32m    LOG[39m [38;5;3m[RoutesResolver] [39m[32mPatientController {/api/fhir/Patient}:[39m[38;5;3m +1ms[39m
[32m[Nest] 31  - [39m07/04/2025, 10:37:44 PM [32m    LOG[39m [38;5;3m[RouterExplorer] [39m[32mMapped {/api/fhir/Patient/$my-profile, GET} route[39m[38;5;3m +0ms[39m
[32m[Nest] 31  - [39m07/04/2025, 10:37:44 PM [32m    LOG[39m [38;5;3m[RouterExplorer] [39m[32mMapped {/api/fhir/Patient/$my-encounters, GET} route[39m[38;5;3m +0ms[39m
[32m[Nest] 31  - [39m07/04/2025, 10:37:44 PM [32m    LOG[39m [38;5;3m[RouterExplorer] [39m[32mMapped {/api/fhir/Patient/$my-observations, GET} route[39m[38;5;3m +0ms[39m
[32m[Nest] 31  - [39m07/04/2025, 10:37:44 PM [32m    LOG[39m [38;5;3m[RouterExplorer] [39m[32mMapped {/api/fhir/Patient/$my-medications, GET} route[39m[38;5;3m +0ms[39m
[32m[Nest] 31  - [39m07/04/2025, 10:37:44 PM [32m    LOG[39m [38;5;3m[RouterExplorer] [39m[32mMapped {/api/fhir/Patient/:id/$everything, GET} route[39m[38;5;3m +0ms[39m
[32m[Nest] 31  - [39m07/04/2025, 10:37:44 PM [32m    LOG[39m [38;5;3m[RouterExplorer] [39m[32mMapped {/api/fhir/Patient/$register, POST} route[39m[38;5;3m +1ms[39m
[32m[Nest] 31  - [39m07/04/2025, 10:37:44 PM [32m    LOG[39m [38;5;3m[RouterExplorer] [39m[32mMapped {/api/fhir/Patient/$my-demographics, PATCH} route[39m[38;5;3m +0ms[39m
[32m[Nest] 31  - [39m07/04/2025, 10:37:44 PM [32m    LOG[39m [38;5;3m[RouterExplorer] [39m[32mMapped {/api/fhir/Patient/:id/assign-provider, POST} route[39m[38;5;3m +0ms[39m
[32m[Nest] 31  - [39m07/04/2025, 10:37:44 PM [32m    LOG[39m [38;5;3m[RouterExplorer] [39m[32mMapped {/api/fhir/Patient/:id/providers, GET} route[39m[38;5;3m +0ms[39m
[32m[Nest] 31  - [39m07/04/2025, 10:37:44 PM [32m    LOG[39m [38;5;3m[RouterExplorer] [39m[32mMapped {/api/fhir/Patient/search, GET} route[39m[38;5;3m +0ms[39m
[32m[Nest] 31  - [39m07/04/2025, 10:37:44 PM [32m    LOG[39m [38;5;3m[RouterExplorer] [39m[32mMapped {/api/fhir/Patient/$summary, GET} route[39m[38;5;3m +0ms[39m
[32m[Nest] 31  - [39m07/04/2025, 10:37:44 PM [32m    LOG[39m [38;5;3m[RouterExplorer] [39m[32mMapped {/api/fhir/Patient, GET} route[39m[38;5;3m +0ms[39m
[32m[Nest] 31  - [39m07/04/2025, 10:37:44 PM [32m    LOG[39m [38;5;3m[RouterExplorer] [39m[32mMapped {/api/fhir/Patient/:id, GET} route[39m[38;5;3m +1ms[39m
[32m[Nest] 31  - [39m07/04/2025, 10:37:44 PM [32m    LOG[39m [38;5;3m[RouterExplorer] [39m[32mMapped {/api/fhir/Patient, POST} route[39m[38;5;3m +0ms[39m
[32m[Nest] 31  - [39m07/04/2025, 10:37:44 PM [32m    LOG[39m [38;5;3m[RouterExplorer] [39m[32mMapped {/api/fhir/Patient/:id, PUT} route[39m[38;5;3m +0ms[39m
[32m[Nest] 31  - [39m07/04/2025, 10:37:44 PM [32m    LOG[39m [38;5;3m[RouterExplorer] [39m[32mMapped {/api/fhir/Patient/:id, DELETE} route[39m[38;5;3m +0ms[39m
[32m[Nest] 31  - [39m07/04/2025, 10:37:44 PM [32m    LOG[39m [38;5;3m[RouterExplorer] [39m[32mMapped {/api/fhir/Patient/:id/_history, GET} route[39m[38;5;3m +0ms[39m
[32m[Nest] 31  - [39m07/04/2025, 10:37:44 PM [32m    LOG[39m [38;5;3m[RouterExplorer] [39m[32mMapped {/api/fhir/Patient/$validate, POST} route[39m[38;5;3m +1ms[39m
[32m[Nest] 31  - [39m07/04/2025, 10:37:44 PM [32m    LOG[39m [38;5;3m[RoutesResolver] [39m[32mPractitionerController {/api/fhir/Practitioner}:[39m[38;5;3m +0ms[39m
[32m[Nest] 31  - [39m07/04/2025, 10:37:44 PM [32m    LOG[39m [38;5;3m[RouterExplorer] [39m[32mMapped {/api/fhir/Practitioner/$my-profile, GET} route[39m[38;5;3m +0ms[39m
[32m[Nest] 31  - [39m07/04/2025, 10:37:44 PM [32m    LOG[39m [38;5;3m[RouterExplorer] [39m[32mMapped {/api/fhir/Practitioner/$my-patients, GET} route[39m[38;5;3m +1ms[39m
[32m[Nest] 31  - [39m07/04/2025, 10:37:44 PM [32m    LOG[39m [38;5;3m[RouterExplorer] [39m[32mMapped {/api/fhir/Practitioner/$my-encounters, GET} route[39m[38;5;3m +1ms[39m
[32m[Nest] 31  - [39m07/04/2025, 10:37:44 PM [32m    LOG[39m [38;5;3m[RouterExplorer] [39m[32mMapped {/api/fhir/Practitioner/:id/schedule, GET} route[39m[38;5;3m +0ms[39m
[32m[Nest] 31  - [39m07/04/2025, 10:37:44 PM [32m    LOG[39m [38;5;3m[RouterExplorer] [39m[32mMapped {/api/fhir/Practitioner/$my-details, PATCH} route[39m[38;5;3m +0ms[39m
[32m[Nest] 31  - [39m07/04/2025, 10:37:44 PM [32m    LOG[39m [38;5;3m[RouterExplorer] [39m[32mMapped {/api/fhir/Practitioner/$set-availability, POST} route[39m[38;5;3m +0ms[39m
[32m[Nest] 31  - [39m07/04/2025, 10:37:44 PM [32m    LOG[39m [38;5;3m[RouterExplorer] [39m[32mMapped {/api/fhir/Practitioner/:id/available-slots, GET} route[39m[38;5;3m +0ms[39m
[32m[Nest] 31  - [39m07/04/2025, 10:37:44 PM [32m    LOG[39m [38;5;3m[RouterExplorer] [39m[32mMapped {/api/fhir/Practitioner/search, GET} route[39m[38;5;3m +1ms[39m
[32m[Nest] 31  - [39m07/04/2025, 10:37:44 PM [32m    LOG[39m [38;5;3m[RouterExplorer] [39m[32mMapped {/api/fhir/Practitioner/$statistics, GET} route[39m[38;5;3m +0ms[39m
[32m[Nest] 31  - [39m07/04/2025, 10:37:44 PM [32m    LOG[39m [38;5;3m[RouterExplorer] [39m[32mMapped {/api/fhir/Practitioner, POST} route[39m[38;5;3m +0ms[39m
[32m[Nest] 31  - [39m07/04/2025, 10:37:44 PM [32m    LOG[39m [38;5;3m[RouterExplorer] [39m[32mMapped {/api/fhir/Practitioner/:id, GET} route[39m[38;5;3m +0ms[39m
[32m[Nest] 31  - [39m07/04/2025, 10:37:44 PM [32m    LOG[39m [38;5;3m[RouterExplorer] [39m[32mMapped {/api/fhir/Practitioner/:id, PUT} route[39m[38;5;3m +0ms[39m
[32m[Nest] 31  - [39m07/04/2025, 10:37:44 PM [32m    LOG[39m [38;5;3m[RouterExplorer] [39m[32mMapped {/api/fhir/Practitioner/:id, DELETE} route[39m[38;5;3m +0ms[39m
[32m[Nest] 31  - [39m07/04/2025, 10:37:44 PM [32m    LOG[39m [38;5;3m[RouterExplorer] [39m[32mMapped {/api/fhir/Practitioner, GET} route[39m[38;5;3m +0ms[39m
[32m[Nest] 31  - [39m07/04/2025, 10:37:44 PM [32m    LOG[39m [38;5;3m[RouterExplorer] [39m[32mMapped {/api/fhir/Practitioner/:id/_history, GET} route[39m[38;5;3m +0ms[39m
[32m[Nest] 31  - [39m07/04/2025, 10:37:44 PM [32m    LOG[39m [38;5;3m[RouterExplorer] [39m[32mMapped {/api/fhir/Practitioner/$validate, POST} route[39m[38;5;3m +1ms[39m
[32m[Nest] 31  - [39m07/04/2025, 10:37:44 PM [32m    LOG[39m [38;5;3m[RoutesResolver] [39m[32mOrganizationController {/api/organizations}:[39m[38;5;3m +0ms[39m
[32m[Nest] 31  - [39m07/04/2025, 10:37:44 PM [32m    LOG[39m [38;5;3m[RouterExplorer] [39m[32mMapped {/api/organizations, GET} route[39m[38;5;3m +0ms[39m
[32m[Nest] 31  - [39m07/04/2025, 10:37:44 PM [32m    LOG[39m [38;5;3m[RouterExplorer] [39m[32mMapped {/api/organizations/:id, GET} route[39m[38;5;3m +0ms[39m
[32m[Nest] 31  - [39m07/04/2025, 10:37:44 PM [32m    LOG[39m [38;5;3m[RouterExplorer] [39m[32mMapped {/api/organizations, POST} route[39m[38;5;3m +0ms[39m
[32m[Nest] 31  - [39m07/04/2025, 10:37:44 PM [32m    LOG[39m [38;5;3m[RouterExplorer] [39m[32mMapped {/api/organizations/:id, PUT} route[39m[38;5;3m +1ms[39m
[32m[Nest] 31  - [39m07/04/2025, 10:37:44 PM [32m    LOG[39m [38;5;3m[RouterExplorer] [39m[32mMapped {/api/organizations/:id, DELETE} route[39m[38;5;3m +0ms[39m
[32m[Nest] 31  - [39m07/04/2025, 10:37:44 PM [32m    LOG[39m [38;5;3m[RoutesResolver] [39m[32mEncounterController {/api/fhir/Encounter}:[39m[38;5;3m +0ms[39m
[32m[Nest] 31  - [39m07/04/2025, 10:37:44 PM [32m    LOG[39m [38;5;3m[RouterExplorer] [39m[32mMapped {/api/fhir/Encounter/$my-encounters, GET} route[39m[38;5;3m +0ms[39m
[32m[Nest] 31  - [39m07/04/2025, 10:37:44 PM [32m    LOG[39m [38;5;3m[RouterExplorer] [39m[32mMapped {/api/fhir/Encounter/patient/:patientId, GET} route[39m[38;5;3m +0ms[39m
[32m[Nest] 31  - [39m07/04/2025, 10:37:44 PM [32m    LOG[39m [38;5;3m[RouterExplorer] [39m[32mMapped {/api/fhir/Encounter/$active, GET} route[39m[38;5;3m +0ms[39m
[32m[Nest] 31  - [39m07/04/2025, 10:37:44 PM [32m    LOG[39m [38;5;3m[RouterExplorer] [39m[32mMapped {/api/fhir/Encounter/:id/$everything, GET} route[39m[38;5;3m +0ms[39m
[32m[Nest] 31  - [39m07/04/2025, 10:37:44 PM [32m    LOG[39m [38;5;3m[RouterExplorer] [39m[32mMapped {/api/fhir/Encounter, POST} route[39m[38;5;3m +1ms[39m
[32m[Nest] 31  - [39m07/04/2025, 10:37:44 PM [32m    LOG[39m [38;5;3m[RouterExplorer] [39m[32mMapped {/api/fhir/Encounter/:id/status, PUT} route[39m[38;5;3m +0ms[39m
[32m[Nest] 31  - [39m07/04/2025, 10:37:44 PM [32m    LOG[39m [38;5;3m[RouterExplorer] [39m[32mMapped {/api/fhir/Encounter, POST} route[39m[38;5;3m +0ms[39m
[32m[Nest] 31  - [39m07/04/2025, 10:37:44 PM [32m    LOG[39m [38;5;3m[RouterExplorer] [39m[32mMapped {/api/fhir/Encounter/:id, GET} route[39m[38;5;3m +0ms[39m
[32m[Nest] 31  - [39m07/04/2025, 10:37:44 PM [32m    LOG[39m [38;5;3m[RouterExplorer] [39m[32mMapped {/api/fhir/Encounter/:id, PUT} route[39m[38;5;3m +0ms[39m
[32m[Nest] 31  - [39m07/04/2025, 10:37:44 PM [32m    LOG[39m [38;5;3m[RouterExplorer] [39m[32mMapped {/api/fhir/Encounter/:id, DELETE} route[39m[38;5;3m +0ms[39m
[32m[Nest] 31  - [39m07/04/2025, 10:37:44 PM [32m    LOG[39m [38;5;3m[RouterExplorer] [39m[32mMapped {/api/fhir/Encounter, GET} route[39m[38;5;3m +1ms[39m
[32m[Nest] 31  - [39m07/04/2025, 10:37:44 PM [32m    LOG[39m [38;5;3m[RouterExplorer] [39m[32mMapped {/api/fhir/Encounter/:id/_history, GET} route[39m[38;5;3m +0ms[39m
[32m[Nest] 31  - [39m07/04/2025, 10:37:44 PM [32m    LOG[39m [38;5;3m[RouterExplorer] [39m[32mMapped {/api/fhir/Encounter/$validate, POST} route[39m[38;5;3m +0ms[39m
[32m[Nest] 31  - [39m07/04/2025, 10:37:44 PM [32m    LOG[39m [38;5;3m[RoutesResolver] [39m[32mObservationController {/api/fhir/Observation}:[39m[38;5;3m +0ms[39m
[32m[Nest] 31  - [39m07/04/2025, 10:37:44 PM [32m    LOG[39m [38;5;3m[RouterExplorer] [39m[32mMapped {/api/fhir/Observation/$by-code, GET} route[39m[38;5;3m +1ms[39m
[32m[Nest] 31  - [39m07/04/2025, 10:37:44 PM [32m    LOG[39m [38;5;3m[RouterExplorer] [39m[32mMapped {/api/fhir/Observation/patient/:patientId, GET} route[39m[38;5;3m +0ms[39m
[32m[Nest] 31  - [39m07/04/2025, 10:37:44 PM [32m    LOG[39m [38;5;3m[RouterExplorer] [39m[32mMapped {/api/fhir/Observation/patient/:patientId/latest, GET} route[39m[38;5;3m +0ms[39m
[32m[Nest] 31  - [39m07/04/2025, 10:37:44 PM [32m    LOG[39m [38;5;3m[RouterExplorer] [39m[32mMapped {/api/fhir/Observation/patient/:patientId/vitals, GET} route[39m[38;5;3m +0ms[39m
[32m[Nest] 31  - [39m07/04/2025, 10:37:44 PM [32m    LOG[39m [38;5;3m[RouterExplorer] [39m[32mMapped {/api/fhir/Observation/patient/:patientId/labs, GET} route[39m[38;5;3m +0ms[39m
[32m[Nest] 31  - [39m07/04/2025, 10:37:44 PM [32m    LOG[39m [38;5;3m[RouterExplorer] [39m[32mMapped {/api/fhir/Observation/$by-component, GET} route[39m[38;5;3m +1ms[39m
[32m[Nest] 31  - [39m07/04/2025, 10:37:44 PM [32m    LOG[39m [38;5;3m[RouterExplorer] [39m[32mMapped {/api/fhir/Observation/$by-value-range, GET} route[39m[38;5;3m +0ms[39m
[32m[Nest] 31  - [39m07/04/2025, 10:37:44 PM [32m    LOG[39m [38;5;3m[RouterExplorer] [39m[32mMapped {/api/fhir/Observation/search/by-component-value, GET} route[39m[38;5;3m +0ms[39m
[32m[Nest] 31  - [39m07/04/2025, 10:37:44 PM [32m    LOG[39m [38;5;3m[RouterExplorer] [39m[32mMapped {/api/fhir/Observation/search/by-reference-range, GET} route[39m[38;5;3m +0ms[39m
[32m[Nest] 31  - [39m07/04/2025, 10:37:44 PM [32m    LOG[39m [38;5;3m[RouterExplorer] [39m[32mMapped {/api/fhir/Observation, POST} route[39m[38;5;3m +0ms[39m
[32m[Nest] 31  - [39m07/04/2025, 10:37:44 PM [32m    LOG[39m [38;5;3m[RouterExplorer] [39m[32mMapped {/api/fhir/Observation, POST} route[39m[38;5;3m +1ms[39m
[32m[Nest] 31  - [39m07/04/2025, 10:37:44 PM [32m    LOG[39m [38;5;3m[RouterExplorer] [39m[32mMapped {/api/fhir/Observation/:id, GET} route[39m[38;5;3m +0ms[39m
[32m[Nest] 31  - [39m07/04/2025, 10:37:44 PM [32m    LOG[39m [38;5;3m[RouterExplorer] [39m[32mMapped {/api/fhir/Observation/:id, PUT} route[39m[38;5;3m +0ms[39m
[32m[Nest] 31  - [39m07/04/2025, 10:37:44 PM [32m    LOG[39m [38;5;3m[RouterExplorer] [39m[32mMapped {/api/fhir/Observation/:id, DELETE} route[39m[38;5;3m +0ms[39m
[32m[Nest] 31  - [39m07/04/2025, 10:37:44 PM [32m    LOG[39m [38;5;3m[RouterExplorer] [39m[32mMapped {/api/fhir/Observation, GET} route[39m[38;5;3m +0ms[39m
[32m[Nest] 31  - [39m07/04/2025, 10:37:44 PM [32m    LOG[39m [38;5;3m[RouterExplorer] [39m[32mMapped {/api/fhir/Observation/:id/_history, GET} route[39m[38;5;3m +0ms[39m
[32m[Nest] 31  - [39m07/04/2025, 10:37:44 PM [32m    LOG[39m [38;5;3m[RouterExplorer] [39m[32mMapped {/api/fhir/Observation/$validate, POST} route[39m[38;5;3m +0ms[39m
[32m[Nest] 31  - [39m07/04/2025, 10:37:44 PM [32m    LOG[39m [38;5;3m[RoutesResolver] [39m[32mDiagnosticReportController {/api/fhir/DiagnosticReport}:[39m[38;5;3m +0ms[39m
[32m[Nest] 31  - [39m07/04/2025, 10:37:44 PM [32m    LOG[39m [38;5;3m[RouterExplorer] [39m[32mMapped {/api/fhir/DiagnosticReport/$my-reports, GET} route[39m[38;5;3m +0ms[39m
[32m[Nest] 31  - [39m07/04/2025, 10:37:44 PM [32m    LOG[39m [38;5;3m[RouterExplorer] [39m[32mMapped {/api/fhir/DiagnosticReport/patient/:patientId, GET} route[39m[38;5;3m +0ms[39m
[32m[Nest] 31  - [39m07/04/2025, 10:37:44 PM [32m    LOG[39m [38;5;3m[RouterExplorer] [39m[32mMapped {/api/fhir/DiagnosticReport/$by-category, GET} route[39m[38;5;3m +0ms[39m
[32m[Nest] 31  - [39m07/04/2025, 10:37:44 PM [32m    LOG[39m [38;5;3m[RouterExplorer] [39m[32mMapped {/api/fhir/DiagnosticReport/encounter/:encounterId, GET} route[39m[38;5;3m +0ms[39m
[32m[Nest] 31  - [39m07/04/2025, 10:37:44 PM [32m    LOG[39m [38;5;3m[RouterExplorer] [39m[32mMapped {/api/fhir/DiagnosticReport, POST} route[39m[38;5;3m +1ms[39m
[32m[Nest] 31  - [39m07/04/2025, 10:37:44 PM [32m    LOG[39m [38;5;3m[RouterExplorer] [39m[32mMapped {/api/fhir/DiagnosticReport, POST} route[39m[38;5;3m +0ms[39m
[32m[Nest] 31  - [39m07/04/2025, 10:37:44 PM [32m    LOG[39m [38;5;3m[RouterExplorer] [39m[32mMapped {/api/fhir/DiagnosticReport/:id, GET} route[39m[38;5;3m +0ms[39m
[32m[Nest] 31  - [39m07/04/2025, 10:37:44 PM [32m    LOG[39m [38;5;3m[RouterExplorer] [39m[32mMapped {/api/fhir/DiagnosticReport/:id, PUT} route[39m[38;5;3m +0ms[39m
[32m[Nest] 31  - [39m07/04/2025, 10:37:44 PM [32m    LOG[39m [38;5;3m[RouterExplorer] [39m[32mMapped {/api/fhir/DiagnosticReport/:id, DELETE} route[39m[38;5;3m +0ms[39m
[32m[Nest] 31  - [39m07/04/2025, 10:37:44 PM [32m    LOG[39m [38;5;3m[RouterExplorer] [39m[32mMapped {/api/fhir/DiagnosticReport, GET} route[39m[38;5;3m +1ms[39m
[32m[Nest] 31  - [39m07/04/2025, 10:37:44 PM [32m    LOG[39m [38;5;3m[RouterExplorer] [39m[32mMapped {/api/fhir/DiagnosticReport/:id/_history, GET} route[39m[38;5;3m +0ms[39m
[32m[Nest] 31  - [39m07/04/2025, 10:37:44 PM [32m    LOG[39m [38;5;3m[RouterExplorer] [39m[32mMapped {/api/fhir/DiagnosticReport/$validate, POST} route[39m[38;5;3m +1ms[39m
[32m[Nest] 31  - [39m07/04/2025, 10:37:44 PM [32m    LOG[39m [38;5;3m[RoutesResolver] [39m[32mMedicationController {/api/fhir/Medication}:[39m[38;5;3m +0ms[39m
[32m[Nest] 31  - [39m07/04/2025, 10:37:44 PM [32m    LOG[39m [38;5;3m[RouterExplorer] [39m[32mMapped {/api/fhir/Medication/$by-code, GET} route[39m[38;5;3m +1ms[39m
[32m[Nest] 31  - [39m07/04/2025, 10:37:44 PM [32m    LOG[39m [38;5;3m[RouterExplorer] [39m[32mMapped {/api/fhir/Medication/$common, GET} route[39m[38;5;3m +0ms[39m
[32m[Nest] 31  - [39m07/04/2025, 10:37:44 PM [32m    LOG[39m [38;5;3m[RouterExplorer] [39m[32mMapped {/api/fhir/Medication, POST} route[39m[38;5;3m +0ms[39m
[32m[Nest] 31  - [39m07/04/2025, 10:37:44 PM [32m    LOG[39m [38;5;3m[RouterExplorer] [39m[32mMapped {/api/fhir/Medication, POST} route[39m[38;5;3m +0ms[39m
[32m[Nest] 31  - [39m07/04/2025, 10:37:44 PM [32m    LOG[39m [38;5;3m[RouterExplorer] [39m[32mMapped {/api/fhir/Medication/:id, GET} route[39m[38;5;3m +1ms[39m
[32m[Nest] 31  - [39m07/04/2025, 10:37:44 PM [32m    LOG[39m [38;5;3m[RouterExplorer] [39m[32mMapped {/api/fhir/Medication/:id, PUT} route[39m[38;5;3m +0ms[39m
[32m[Nest] 31  - [39m07/04/2025, 10:37:44 PM [32m    LOG[39m [38;5;3m[RouterExplorer] [39m[32mMapped {/api/fhir/Medication/:id, DELETE} route[39m[38;5;3m +0ms[39m
[32m[Nest] 31  - [39m07/04/2025, 10:37:44 PM [32m    LOG[39m [38;5;3m[RouterExplorer] [39m[32mMapped {/api/fhir/Medication, GET} route[39m[38;5;3m +0ms[39m
[32m[Nest] 31  - [39m07/04/2025, 10:37:44 PM [32m    LOG[39m [38;5;3m[RouterExplorer] [39m[32mMapped {/api/fhir/Medication/:id/_history, GET} route[39m[38;5;3m +1ms[39m
[32m[Nest] 31  - [39m07/04/2025, 10:37:44 PM [32m    LOG[39m [38;5;3m[RouterExplorer] [39m[32mMapped {/api/fhir/Medication/$validate, POST} route[39m[38;5;3m +0ms[39m
[32m[Nest] 31  - [39m07/04/2025, 10:37:44 PM [32m    LOG[39m [38;5;3m[RoutesResolver] [39m[32mMedicationRequestController {/api/fhir/MedicationRequest}:[39m[38;5;3m +0ms[39m
[32m[Nest] 31  - [39m07/04/2025, 10:37:44 PM [32m    LOG[39m [38;5;3m[RouterExplorer] [39m[32mMapped {/api/fhir/MedicationRequest/$my-medications, GET} route[39m[38;5;3m +0ms[39m
[32m[Nest] 31  - [39m07/04/2025, 10:37:44 PM [32m    LOG[39m [38;5;3m[RouterExplorer] [39m[32mMapped {/api/fhir/MedicationRequest/patient/:patientId/active, GET} route[39m[38;5;3m +1ms[39m
[32m[Nest] 31  - [39m07/04/2025, 10:37:44 PM [32m    LOG[39m [38;5;3m[RouterExplorer] [39m[32mMapped {/api/fhir/MedicationRequest/encounter/:encounterId, GET} route[39m[38;5;3m +1ms[39m
[32m[Nest] 31  - [39m07/04/2025, 10:37:44 PM [32m    LOG[39m [38;5;3m[RouterExplorer] [39m[32mMapped {/api/fhir/MedicationRequest, POST} route[39m[38;5;3m +0ms[39m
[32m[Nest] 31  - [39m07/04/2025, 10:37:44 PM [32m    LOG[39m [38;5;3m[RouterExplorer] [39m[32mMapped {/api/fhir/MedicationRequest, POST} route[39m[38;5;3m +0ms[39m
[32m[Nest] 31  - [39m07/04/2025, 10:37:44 PM [32m    LOG[39m [38;5;3m[RouterExplorer] [39m[32mMapped {/api/fhir/MedicationRequest/:id, GET} route[39m[38;5;3m +0ms[39m
[32m[Nest] 31  - [39m07/04/2025, 10:37:44 PM [32m    LOG[39m [38;5;3m[RouterExplorer] [39m[32mMapped {/api/fhir/MedicationRequest/:id, PUT} route[39m[38;5;3m +0ms[39m
[32m[Nest] 31  - [39m07/04/2025, 10:37:44 PM [32m    LOG[39m [38;5;3m[RouterExplorer] [39m[32mMapped {/api/fhir/MedicationRequest/:id, DELETE} route[39m[38;5;3m +1ms[39m
[32m[Nest] 31  - [39m07/04/2025, 10:37:44 PM [32m    LOG[39m [38;5;3m[RouterExplorer] [39m[32mMapped {/api/fhir/MedicationRequest, GET} route[39m[38;5;3m +0ms[39m
[32m[Nest] 31  - [39m07/04/2025, 10:37:44 PM [32m    LOG[39m [38;5;3m[RouterExplorer] [39m[32mMapped {/api/fhir/MedicationRequest/:id/_history, GET} route[39m[38;5;3m +0ms[39m
[32m[Nest] 31  - [39m07/04/2025, 10:37:44 PM [32m    LOG[39m [38;5;3m[RouterExplorer] [39m[32mMapped {/api/fhir/MedicationRequest/$validate, POST} route[39m[38;5;3m +0ms[39m
[32m[Nest] 31  - [39m07/04/2025, 10:37:44 PM [32m    LOG[39m [38;5;3m[RoutesResolver] [39m[32mQuestionnaireController {/api/questionnaires}:[39m[38;5;3m +0ms[39m
[32m[Nest] 31  - [39m07/04/2025, 10:37:44 PM [32m    LOG[39m [38;5;3m[RouterExplorer] [39m[32mMapped {/api/questionnaires, GET} route[39m[38;5;3m +0ms[39m
[32m[Nest] 31  - [39m07/04/2025, 10:37:44 PM [32m    LOG[39m [38;5;3m[RouterExplorer] [39m[32mMapped {/api/questionnaires/:id, GET} route[39m[38;5;3m +1ms[39m
[32m[Nest] 31  - [39m07/04/2025, 10:37:44 PM [32m    LOG[39m [38;5;3m[RouterExplorer] [39m[32mMapped {/api/questionnaires, POST} route[39m[38;5;3m +0ms[39m
[32m[Nest] 31  - [39m07/04/2025, 10:37:44 PM [32m    LOG[39m [38;5;3m[RouterExplorer] [39m[32mMapped {/api/questionnaires/:id, PUT} route[39m[38;5;3m +0ms[39m
[32m[Nest] 31  - [39m07/04/2025, 10:37:44 PM [32m    LOG[39m [38;5;3m[RouterExplorer] [39m[32mMapped {/api/questionnaires/:id, DELETE} route[39m[38;5;3m +0ms[39m
[32m[Nest] 31  - [39m07/04/2025, 10:37:44 PM [32m    LOG[39m [38;5;3m[RoutesResolver] [39m[32mPaymentController {/api/payments}:[39m[38;5;3m +0ms[39m
[32m[Nest] 31  - [39m07/04/2025, 10:37:44 PM [32m    LOG[39m [38;5;3m[RouterExplorer] [39m[32mMapped {/api/payments, GET} route[39m[38;5;3m +0ms[39m
[32m[Nest] 31  - [39m07/04/2025, 10:37:44 PM [32m    LOG[39m [38;5;3m[RouterExplorer] [39m[32mMapped {/api/payments/:id, GET} route[39m[38;5;3m +1ms[39m
[32m[Nest] 31  - [39m07/04/2025, 10:37:44 PM [32m    LOG[39m [38;5;3m[RouterExplorer] [39m[32mMapped {/api/payments, POST} route[39m[38;5;3m +0ms[39m
[32m[Nest] 31  - [39m07/04/2025, 10:37:44 PM [32m    LOG[39m [38;5;3m[RouterExplorer] [39m[32mMapped {/api/payments/:id, PUT} route[39m[38;5;3m +0ms[39m
[32m[Nest] 31  - [39m07/04/2025, 10:37:44 PM [32m    LOG[39m [38;5;3m[RouterExplorer] [39m[32mMapped {/api/payments/:id, DELETE} route[39m[38;5;3m +0ms[39m
[32m[Nest] 31  - [39m07/04/2025, 10:37:44 PM [32m    LOG[39m [38;5;3m[RoutesResolver] [39m[32mConditionController {/api/fhir/Condition}:[39m[38;5;3m +0ms[39m
[32m[Nest] 31  - [39m07/04/2025, 10:37:44 PM [32m    LOG[39m [38;5;3m[RouterExplorer] [39m[32mMapped {/api/fhir/Condition/$my-conditions, GET} route[39m[38;5;3m +0ms[39m
[32m[Nest] 31  - [39m07/04/2025, 10:37:44 PM [32m    LOG[39m [38;5;3m[RouterExplorer] [39m[32mMapped {/api/fhir/Condition/patient/:patientId, GET} route[39m[38;5;3m +0ms[39m
[32m[Nest] 31  - [39m07/04/2025, 10:37:44 PM [32m    LOG[39m [38;5;3m[RouterExplorer] [39m[32mMapped {/api/fhir/Condition/patient/:patientId/active, GET} route[39m[38;5;3m +0ms[39m
[32m[Nest] 31  - [39m07/04/2025, 10:37:44 PM [32m    LOG[39m [38;5;3m[RouterExplorer] [39m[32mMapped {/api/fhir/Condition/$by-category, GET} route[39m[38;5;3m +1ms[39m
[32m[Nest] 31  - [39m07/04/2025, 10:37:44 PM [32m    LOG[39m [38;5;3m[RouterExplorer] [39m[32mMapped {/api/fhir/Condition/encounter/:encounterId, GET} route[39m[38;5;3m +0ms[39m
[32m[Nest] 31  - [39m07/04/2025, 10:37:44 PM [32m    LOG[39m [38;5;3m[RouterExplorer] [39m[32mMapped {/api/fhir/Condition, POST} route[39m[38;5;3m +0ms[39m
[32m[Nest] 31  - [39m07/04/2025, 10:37:44 PM [32m    LOG[39m [38;5;3m[RouterExplorer] [39m[32mMapped {/api/fhir/Condition, POST} route[39m[38;5;3m +0ms[39m
[32m[Nest] 31  - [39m07/04/2025, 10:37:44 PM [32m    LOG[39m [38;5;3m[RouterExplorer] [39m[32mMapped {/api/fhir/Condition/:id, GET} route[39m[38;5;3m +0ms[39m
[32m[Nest] 31  - [39m07/04/2025, 10:37:44 PM [32m    LOG[39m [38;5;3m[RouterExplorer] [39m[32mMapped {/api/fhir/Condition/:id, PUT} route[39m[38;5;3m +0ms[39m
[32m[Nest] 31  - [39m07/04/2025, 10:37:44 PM [32m    LOG[39m [38;5;3m[RouterExplorer] [39m[32mMapped {/api/fhir/Condition/:id, DELETE} route[39m[38;5;3m +0ms[39m
[32m[Nest] 31  - [39m07/04/2025, 10:37:44 PM [32m    LOG[39m [38;5;3m[RouterExplorer] [39m[32mMapped {/api/fhir/Condition, GET} route[39m[38;5;3m +0ms[39m
[32m[Nest] 31  - [39m07/04/2025, 10:37:44 PM [32m    LOG[39m [38;5;3m[RouterExplorer] [39m[32mMapped {/api/fhir/Condition/:id/_history, GET} route[39m[38;5;3m +1ms[39m
[32m[Nest] 31  - [39m07/04/2025, 10:37:44 PM [32m    LOG[39m [38;5;3m[RouterExplorer] [39m[32mMapped {/api/fhir/Condition/$validate, POST} route[39m[38;5;3m +0ms[39m
[32m[Nest] 31  - [39m07/04/2025, 10:37:44 PM [32m    LOG[39m [38;5;3m[RoutesResolver] [39m[32mProcedureController {/api/fhir/Procedure}:[39m[38;5;3m +0ms[39m
[32m[Nest] 31  - [39m07/04/2025, 10:37:44 PM [32m    LOG[39m [38;5;3m[RouterExplorer] [39m[32mMapped {/api/fhir/Procedure/$my-procedures, GET} route[39m[38;5;3m +0ms[39m
[32m[Nest] 31  - [39m07/04/2025, 10:37:44 PM [32m    LOG[39m [38;5;3m[RouterExplorer] [39m[32mMapped {/api/fhir/Procedure/patient/:patientId, GET} route[39m[38;5;3m +0ms[39m
[32m[Nest] 31  - [39m07/04/2025, 10:37:44 PM [32m    LOG[39m [38;5;3m[RouterExplorer] [39m[32mMapped {/api/fhir/Procedure/$by-code, GET} route[39m[38;5;3m +0ms[39m
[32m[Nest] 31  - [39m07/04/2025, 10:37:44 PM [32m    LOG[39m [38;5;3m[RouterExplorer] [39m[32mMapped {/api/fhir/Procedure/encounter/:encounterId, GET} route[39m[38;5;3m +0ms[39m
[32m[Nest] 31  - [39m07/04/2025, 10:37:44 PM [32m    LOG[39m [38;5;3m[RouterExplorer] [39m[32mMapped {/api/fhir/Procedure, POST} route[39m[38;5;3m +1ms[39m
[32m[Nest] 31  - [39m07/04/2025, 10:37:44 PM [32m    LOG[39m [38;5;3m[RouterExplorer] [39m[32mMapped {/api/fhir/Procedure, POST} route[39m[38;5;3m +0ms[39m
[32m[Nest] 31  - [39m07/04/2025, 10:37:44 PM [32m    LOG[39m [38;5;3m[RouterExplorer] [39m[32mMapped {/api/fhir/Procedure/:id, GET} route[39m[38;5;3m +0ms[39m
[32m[Nest] 31  - [39m07/04/2025, 10:37:44 PM [32m    LOG[39m [38;5;3m[RouterExplorer] [39m[32mMapped {/api/fhir/Procedure/:id, PUT} route[39m[38;5;3m +0ms[39m
[32m[Nest] 31  - [39m07/04/2025, 10:37:44 PM [32m    LOG[39m [38;5;3m[RouterExplorer] [39m[32mMapped {/api/fhir/Procedure/:id, DELETE} route[39m[38;5;3m +0ms[39m
[32m[Nest] 31  - [39m07/04/2025, 10:37:44 PM [32m    LOG[39m [38;5;3m[RouterExplorer] [39m[32mMapped {/api/fhir/Procedure, GET} route[39m[38;5;3m +1ms[39m
[32m[Nest] 31  - [39m07/04/2025, 10:37:44 PM [32m    LOG[39m [38;5;3m[RouterExplorer] [39m[32mMapped {/api/fhir/Procedure/:id/_history, GET} route[39m[38;5;3m +0ms[39m
[32m[Nest] 31  - [39m07/04/2025, 10:37:44 PM [32m    LOG[39m [38;5;3m[RouterExplorer] [39m[32mMapped {/api/fhir/Procedure/$validate, POST} route[39m[38;5;3m +0ms[39m
[32m[Nest] 31  - [39m07/04/2025, 10:37:44 PM [32m    LOG[39m [38;5;3m[RoutesResolver] [39m[32mTerminologyController {/api/fhir/terminology}:[39m[38;5;3m +0ms[39m
[32m[Nest] 31  - [39m07/04/2025, 10:37:44 PM [32m    LOG[39m [38;5;3m[RouterExplorer] [39m[32mMapped {/api/fhir/terminology/validate-code, GET} route[39m[38;5;3m +0ms[39m
[32m[Nest] 31  - [39m07/04/2025, 10:37:44 PM [32m    LOG[39m [38;5;3m[RouterExplorer] [39m[32mMapped {/api/fhir/terminology/expand, GET} route[39m[38;5;3m +1ms[39m
[32m[Nest] 31  - [39m07/04/2025, 10:37:44 PM [32m    LOG[39m [38;5;3m[RouterExplorer] [39m[32mMapped {/api/fhir/terminology/translate, GET} route[39m[38;5;3m +0ms[39m
[32m[Nest] 31  - [39m07/04/2025, 10:37:44 PM [32m    LOG[39m [38;5;3m[RouterExplorer] [39m[32mMapped {/api/fhir/terminology/lookup, GET} route[39m[38;5;3m +0ms[39m
[32m[Nest] 31  - [39m07/04/2025, 10:37:44 PM [32m    LOG[39m [38;5;3m[RouterExplorer] [39m[32mMapped {/api/fhir/terminology/find-matches, POST} route[39m[38;5;3m +0ms[39m
[32m[Nest] 31  - [39m07/04/2025, 10:37:44 PM [32m    LOG[39m [38;5;3m[RoutesResolver] [39m[32mValidationController {/api/fhir}:[39m[38;5;3m +0ms[39m
[32m[Nest] 31  - [39m07/04/2025, 10:37:44 PM [32m    LOG[39m [38;5;3m[RouterExplorer] [39m[32mMapped {/api/fhir/:resourceType/$validate, POST} route[39m[38;5;3m +1ms[39m
[32m[Nest] 31  - [39m07/04/2025, 10:37:44 PM [32m    LOG[39m [38;5;3m[RouterExplorer] [39m[32mMapped {/api/fhir/:resourceType/:id/$validate, POST} route[39m[38;5;3m +0ms[39m
[32m[Nest] 31  - [39m07/04/2025, 10:37:44 PM [32m    LOG[39m [38;5;3m[RouterExplorer] [39m[32mMapped {/api/fhir/$validate-batch, POST} route[39m[38;5;3m +0ms[39m
[32m[Nest] 31  - [39m07/04/2025, 10:37:44 PM [32m    LOG[39m [38;5;3m[RoutesResolver] [39m[32mDocumentationController {/api/fhir/documentation}:[39m[38;5;3m +0ms[39m
[32m[Nest] 31  - [39m07/04/2025, 10:37:44 PM [32m    LOG[39m [38;5;3m[RouterExplorer] [39m[32mMapped {/api/fhir/documentation, GET} route[39m[38;5;3m +0ms[39m
[32m[Nest] 31  - [39m07/04/2025, 10:37:44 PM [32m    LOG[39m [38;5;3m[RouterExplorer] [39m[32mMapped {/api/fhir/documentation/examples/:resourceType, GET} route[39m[38;5;3m +0ms[39m
[32m[Nest] 31  - [39m07/04/2025, 10:37:44 PM [32m    LOG[39m [38;5;3m[RouterExplorer] [39m[32mMapped {/api/fhir/documentation/operations, GET} route[39m[38;5;3m +0ms[39m
[32m[Nest] 31  - [39m07/04/2025, 10:37:44 PM [32m    LOG[39m [38;5;3m[RouterExplorer] [39m[32mMapped {/api/fhir/documentation/usage, GET} route[39m[38;5;3m +1ms[39m
[32m[Nest] 31  - [39m07/04/2025, 10:37:44 PM [32m    LOG[39m [38;5;3m[RoutesResolver] [39m[32mExamplePaginationController {/api/fhir/examples}:[39m[38;5;3m +0ms[39m
[32m[Nest] 31  - [39m07/04/2025, 10:37:44 PM [32m    LOG[39m [38;5;3m[RouterExplorer] [39m[32mMapped {/api/fhir/examples/paginated-patients, GET} route[39m[38;5;3m +0ms[39m
[32m[Nest] 31  - [39m07/04/2025, 10:37:44 PM [32m    LOG[39m [38;5;3m[RouterExplorer] [39m[32mMapped {/api/fhir/examples/paginated-practitioners, GET} route[39m[38;5;3m +0ms[39m
[32m[Nest] 31  - [39m07/04/2025, 10:37:44 PM [32m    LOG[39m [38;5;3m[RoutesResolver] [39m[32mAllergyIntoleranceController {/api/fhir/AllergyIntolerance}:[39m[38;5;3m +0ms[39m
[32m[Nest] 31  - [39m07/04/2025, 10:37:44 PM [32m    LOG[39m [38;5;3m[RouterExplorer] [39m[32mMapped {/api/fhir/AllergyIntolerance/$my-allergies, GET} route[39m[38;5;3m +1ms[39m
[32m[Nest] 31  - [39m07/04/2025, 10:37:44 PM [32m    LOG[39m [38;5;3m[RouterExplorer] [39m[32mMapped {/api/fhir/AllergyIntolerance/patient/:patientId, GET} route[39m[38;5;3m +0ms[39m
[32m[Nest] 31  - [39m07/04/2025, 10:37:44 PM [32m    LOG[39m [38;5;3m[RouterExplorer] [39m[32mMapped {/api/fhir/AllergyIntolerance, POST} route[39m[38;5;3m +0ms[39m
[32m[Nest] 31  - [39m07/04/2025, 10:37:44 PM [32m    LOG[39m [38;5;3m[RouterExplorer] [39m[32mMapped {/api/fhir/AllergyIntolerance/$by-code, GET} route[39m[38;5;3m +0ms[39m
[32m[Nest] 31  - [39m07/04/2025, 10:37:44 PM [32m    LOG[39m [38;5;3m[RouterExplorer] [39m[32mMapped {/api/fhir/AllergyIntolerance, POST} route[39m[38;5;3m +0ms[39m
[32m[Nest] 31  - [39m07/04/2025, 10:37:44 PM [32m    LOG[39m [38;5;3m[RouterExplorer] [39m[32mMapped {/api/fhir/AllergyIntolerance/:id, GET} route[39m[38;5;3m +1ms[39m
[32m[Nest] 31  - [39m07/04/2025, 10:37:44 PM [32m    LOG[39m [38;5;3m[RouterExplorer] [39m[32mMapped {/api/fhir/AllergyIntolerance/:id, PUT} route[39m[38;5;3m +0ms[39m
[32m[Nest] 31  - [39m07/04/2025, 10:37:44 PM [32m    LOG[39m [38;5;3m[RouterExplorer] [39m[32mMapped {/api/fhir/AllergyIntolerance/:id, DELETE} route[39m[38;5;3m +1ms[39m
[32m[Nest] 31  - [39m07/04/2025, 10:37:44 PM [32m    LOG[39m [38;5;3m[RouterExplorer] [39m[32mMapped {/api/fhir/AllergyIntolerance, GET} route[39m[38;5;3m +0ms[39m
[32m[Nest] 31  - [39m07/04/2025, 10:37:44 PM [32m    LOG[39m [38;5;3m[RouterExplorer] [39m[32mMapped {/api/fhir/AllergyIntolerance/:id/_history, GET} route[39m[38;5;3m +0ms[39m
[32m[Nest] 31  - [39m07/04/2025, 10:37:44 PM [32m    LOG[39m [38;5;3m[RouterExplorer] [39m[32mMapped {/api/fhir/AllergyIntolerance/$validate, POST} route[39m[38;5;3m +0ms[39m
[32m[Nest] 31  - [39m07/04/2025, 10:37:44 PM [32m    LOG[39m [38;5;3m[RoutesResolver] [39m[32mFhirQueryGuideController {/api/fhir/help}:[39m[38;5;3m +0ms[39m
[32m[Nest] 31  - [39m07/04/2025, 10:37:44 PM [32m    LOG[39m [38;5;3m[RouterExplorer] [39m[32mMapped {/api/fhir/help/query-guide, GET} route[39m[38;5;3m +1ms[39m
[32m[Nest] 31  - [39m07/04/2025, 10:37:44 PM [32m    LOG[39m [38;5;3m[RouterExplorer] [39m[32mMapped {/api/fhir/help/codes, GET} route[39m[38;5;3m +0ms[39m
[32m[Nest] 31  - [39m07/04/2025, 10:37:44 PM [32m    LOG[39m [38;5;3m[RoutesResolver] [39m[32mAuditEventController {/api/api/audit}:[39m[38;5;3m +1ms[39m
[32m[Nest] 31  - [39m07/04/2025, 10:37:44 PM [32m    LOG[39m [38;5;3m[RouterExplorer] [39m[32mMapped {/api/api/audit, GET} route[39m[38;5;3m +0ms[39m
[32m[Nest] 31  - [39m07/04/2025, 10:37:44 PM [32m    LOG[39m [38;5;3m[RouterExplorer] [39m[32mMapped {/api/api/audit/user/:userId, GET} route[39m[38;5;3m +0ms[39m
[32m[Nest] 31  - [39m07/04/2025, 10:37:44 PM [32m    LOG[39m [38;5;3m[RouterExplorer] [39m[32mMapped {/api/api/audit/resource/:resourceType/:resourceId, GET} route[39m[38;5;3m +0ms[39m
[32m[Nest] 31  - [39m07/04/2025, 10:37:44 PM [32m    LOG[39m [38;5;3m[RouterExplorer] [39m[32mMapped {/api/api/audit/search, GET} route[39m[38;5;3m +1ms[39m
[32m[Nest] 31  - [39m07/04/2025, 10:37:44 PM [32m    LOG[39m [38;5;3m[RoutesResolver] [39m[32mHealthController {/api/health}:[39m[38;5;3m +0ms[39m
[32m[Nest] 31  - [39m07/04/2025, 10:37:44 PM [32m    LOG[39m [38;5;3m[RouterExplorer] [39m[32mMapped {/api/health, GET} route[39m[38;5;3m +0ms[39m
[32m[Nest] 31  - [39m07/04/2025, 10:37:44 PM [32m    LOG[39m [38;5;3m[RoutesResolver] [39m[32mDashboardController {/api/dashboard}:[39m[38;5;3m +0ms[39m
[32m[Nest] 31  - [39m07/04/2025, 10:37:44 PM [32m    LOG[39m [38;5;3m[RouterExplorer] [39m[32mMapped {/api/dashboard, GET} route[39m[38;5;3m +0ms[39m
[32m[Nest] 31  - [39m07/04/2025, 10:37:44 PM [32m    LOG[39m [38;5;3m[NestApplication] [39m[32mNest application successfully started[39m[38;5;3m +38ms[39m
🚀 Application is running on: http://localhost:3000/api
📚 API Documentation available at: http://localhost:3000/api/docs
[95m[Nest] 31  - [39m07/04/2025, 10:38:06 PM [95m  DEBUG[39m [38;5;3m[CorrelationIdMiddleware] [39m[95mIncoming request GET / [medicare-1751668686514-39e63618][39m
[33m[Nest] 31  - [39m07/04/2025, 10:38:06 PM [33m   WARN[39m [38;5;3m[CorrelationIdMiddleware] [39m[33mResponse 404 GET /api/imaging/test/health [medicare-1751668686514-39e63618] - 9ms[39m
[2J[3J[H[[90m10:38:20 PM[0m] File change detected. Starting incremental compilation...

[[90m10:38:20 PM[0m] Found 0 errors. Watching for file changes.

[32m[Nest] 51  - [39m07/04/2025, 10:38:22 PM [32m    LOG[39m [38;5;3m[NestFactory] [39m[32mStarting Nest application...[39m
[32m[Nest] 51  - [39m07/04/2025, 10:38:22 PM [32m    LOG[39m [38;5;3m[InstanceLoader] [39m[32mMongooseModule dependencies initialized[39m[38;5;3m +32ms[39m
[32m[Nest] 51  - [39m07/04/2025, 10:38:22 PM [32m    LOG[39m [38;5;3m[InstanceLoader] [39m[32mCacheModule dependencies initialized[39m[38;5;3m +0ms[39m
[32m[Nest] 51  - [39m07/04/2025, 10:38:22 PM [32m    LOG[39m [38;5;3m[InstanceLoader] [39m[32mLoggerModule dependencies initialized[39m[38;5;3m +0ms[39m
[32m[Nest] 51  - [39m07/04/2025, 10:38:22 PM [32m    LOG[39m [38;5;3m[InstanceLoader] [39m[32mMulterModule dependencies initialized[39m[38;5;3m +0ms[39m
[32m[Nest] 51  - [39m07/04/2025, 10:38:22 PM [32m    LOG[39m [38;5;3m[InstanceLoader] [39m[32mPassportModule dependencies initialized[39m[38;5;3m +0ms[39m
[32m[Nest] 51  - [39m07/04/2025, 10:38:22 PM [32m    LOG[39m [38;5;3m[InstanceLoader] [39m[32mHttpModule dependencies initialized[39m[38;5;3m +1ms[39m
[32m[Nest] 51  - [39m07/04/2025, 10:38:22 PM [32m    LOG[39m [38;5;3m[InstanceLoader] [39m[32mConfigHostModule dependencies initialized[39m[38;5;3m +0ms[39m
[32m[Nest] 51  - [39m07/04/2025, 10:38:22 PM [32m    LOG[39m [38;5;3m[InstanceLoader] [39m[32mFhirModule dependencies initialized[39m[38;5;3m +1ms[39m
[32m[Nest] 51  - [39m07/04/2025, 10:38:22 PM [32m    LOG[39m [38;5;3m[UrlRewriteInterceptor] [39m[32mURL Rewrite Interceptor initialized with external URL: http://localhost:3000/api[39m
[32m[Nest] 51  - [39m07/04/2025, 10:38:22 PM [32m    LOG[39m [38;5;3m[UrlRewriteInterceptor] [39m[32mInternal FHIR URL: http://hapi-fhir:8080/fhir[39m
[32m[Nest] 51  - [39m07/04/2025, 10:38:22 PM [32m    LOG[39m [38;5;3m[UrlRewriteInterceptor] [39m[32mURL Rewrite Interceptor initialized with external URL: http://localhost:3000/api[39m
[32m[Nest] 51  - [39m07/04/2025, 10:38:22 PM [32m    LOG[39m [38;5;3m[UrlRewriteInterceptor] [39m[32mInternal FHIR URL: http://hapi-fhir:8080/fhir[39m
[32m[Nest] 51  - [39m07/04/2025, 10:38:22 PM [32m    LOG[39m [38;5;3m[InstanceLoader] [39m[32mTerminusModule dependencies initialized[39m[38;5;3m +1ms[39m
[32m[Nest] 51  - [39m07/04/2025, 10:38:22 PM [32m    LOG[39m [38;5;3m[InstanceLoader] [39m[32mServeStaticModule dependencies initialized[39m[38;5;3m +0ms[39m
[32m[Nest] 51  - [39m07/04/2025, 10:38:22 PM [32m    LOG[39m [38;5;3m[InstanceLoader] [39m[32mConfigModule dependencies initialized[39m[38;5;3m +0ms[39m
[32m[Nest] 51  - [39m07/04/2025, 10:38:22 PM [32m    LOG[39m [38;5;3m[InstanceLoader] [39m[32mConfigModule dependencies initialized[39m[38;5;3m +0ms[39m
Attempting to connect to MongoDB at: mongodb://mongodb:27017/medicare
[32m[Nest] 51  - [39m07/04/2025, 10:38:22 PM [32m    LOG[39m [38;5;3m[MetricsService] [39m[32mMetrics service initialized. Prometheus enabled: true[39m
[33m[Nest] 51  - [39m07/04/2025, 10:38:22 PM [33m   WARN[39m [38;5;3m[EmailService] [39m[33mEmail credentials not provided. Email sending will be disabled.[39m
[2J[3J[H[[90m10:38:22 PM[0m] File change detected. Starting incremental compilation...

[32m[Nest] 51  - [39m07/04/2025, 10:38:22 PM [32m    LOG[39m [38;5;3m[InstanceLoader] [39m[32mEmailModule dependencies initialized[39m[38;5;3m +33ms[39m
[32m[Nest] 51  - [39m07/04/2025, 10:38:22 PM [32m    LOG[39m [38;5;3m[InstanceLoader] [39m[32mThrottlerModule dependencies initialized[39m[38;5;3m +0ms[39m
[32m[Nest] 51  - [39m07/04/2025, 10:38:22 PM [32m    LOG[39m [38;5;3m[InstanceLoader] [39m[32mJwtModule dependencies initialized[39m[38;5;3m +0ms[39m
[32m[Nest] 51  - [39m07/04/2025, 10:38:22 PM [32m    LOG[39m [38;5;3m[InstanceLoader] [39m[32mJwtModule dependencies initialized[39m[38;5;3m +0ms[39m
[32m[Nest] 51  - [39m07/04/2025, 10:38:22 PM [32m    LOG[39m [38;5;3m[InstanceLoader] [39m[32mJwtModule dependencies initialized[39m[38;5;3m +0ms[39m
[32m[Nest] 51  - [39m07/04/2025, 10:38:22 PM [32m    LOG[39m [38;5;3m[InstanceLoader] [39m[32mJwtModule dependencies initialized[39m[38;5;3m +0ms[39m
[32m[Nest] 51  - [39m07/04/2025, 10:38:22 PM [32m    LOG[39m [38;5;3m[IpWhitelistGuard] [39m[32mIP whitelist initialized with: 127.0.0.1, ::1[39m
[32m[Nest] 51  - [39m07/04/2025, 10:38:22 PM [32m    LOG[39m [38;5;3m[InstanceLoader] [39m[32mUploadsModule dependencies initialized[39m[38;5;3m +0ms[39m
[32m[Nest] 51  - [39m07/04/2025, 10:38:22 PM [32m    LOG[39m [38;5;3m[InstanceLoader] [39m[32mWinstonModule dependencies initialized[39m[38;5;3m +0ms[39m
[32m[Nest] 51  - [39m07/04/2025, 10:38:22 PM [32m    LOG[39m [38;5;3m[InstanceLoader] [39m[32mHttpModule dependencies initialized[39m[38;5;3m +0ms[39m
[32m[Nest] 51  - [39m07/04/2025, 10:38:22 PM [32m    LOG[39m [38;5;3m[InstanceLoader] [39m[32mAppModule dependencies initialized[39m[38;5;3m +0ms[39m
[32m[Nest] 51  - [39m07/04/2025, 10:38:22 PM [32m    LOG[39m [38;5;3m[HapiFhirAdapter] [39m[32mHAPI FHIR Adapter initialized with server URL: http://hapi-fhir:8080/fhir[39m
[32m[Nest] 51  - [39m07/04/2025, 10:38:22 PM [32m    LOG[39m [38;5;3m[TerminologyAdapter] [39m[32mTerminology Adapter initialized[39m
[32m[Nest] 51  - [39m07/04/2025, 10:38:22 PM [32m    LOG[39m [38;5;3m[FhirValidationInterceptor] [39m[32mFHIR Validation Interceptor initialized with mode: strict[39m
[32m[Nest] 51  - [39m07/04/2025, 10:38:22 PM [32m    LOG[39m [38;5;3m[FhirValidationInterceptor] [39m[32mFHIR Validation Interceptor initialized with mode: strict[39m
[32m[Nest] 51  - [39m07/04/2025, 10:38:22 PM [32m    LOG[39m [38;5;3m[InstanceLoader] [39m[32mMetricsModule dependencies initialized[39m[38;5;3m +0ms[39m
[32m[Nest] 51  - [39m07/04/2025, 10:38:22 PM [32m    LOG[39m [38;5;3m[InstanceLoader] [39m[32mMongooseCoreModule dependencies initialized[39m[38;5;3m +13ms[39m
[32m[Nest] 51  - [39m07/04/2025, 10:38:22 PM [32m    LOG[39m [38;5;3m[InstanceLoader] [39m[32mMongooseModule dependencies initialized[39m[38;5;3m +11ms[39m
[32m[Nest] 51  - [39m07/04/2025, 10:38:22 PM [32m    LOG[39m [38;5;3m[InstanceLoader] [39m[32mMongooseModule dependencies initialized[39m[38;5;3m +0ms[39m
[32m[Nest] 51  - [39m07/04/2025, 10:38:22 PM [32m    LOG[39m [38;5;3m[InstanceLoader] [39m[32mMongooseModule dependencies initialized[39m[38;5;3m +0ms[39m
[32m[Nest] 51  - [39m07/04/2025, 10:38:22 PM [32m    LOG[39m [38;5;3m[FhirService] [39m[32mFHIR Service initialized. HAPI FHIR URL: http://hapi-fhir:8080/fhir, Using HAPI: false[39m
[32m[Nest] 51  - [39m07/04/2025, 10:38:22 PM [32m    LOG[39m [38;5;3m[InstanceLoader] [39m[32mAccessCodesModule dependencies initialized[39m[38;5;3m +3ms[39m
[32m[Nest] 51  - [39m07/04/2025, 10:38:22 PM [32m    LOG[39m [38;5;3m[InstanceLoader] [39m[32mUsersModule dependencies initialized[39m[38;5;3m +1ms[39m
[32m[Nest] 51  - [39m07/04/2025, 10:38:22 PM [32m    LOG[39m [38;5;3m[InstanceLoader] [39m[32mFhirModule dependencies initialized[39m[38;5;3m +1ms[39m
[32m[Nest] 51  - [39m07/04/2025, 10:38:22 PM [32m    LOG[39m [38;5;3m[InstanceLoader] [39m[32mAuthModule dependencies initialized[39m[38;5;3m +0ms[39m
[32m[Nest] 51  - [39m07/04/2025, 10:38:22 PM [32m    LOG[39m [38;5;3m[InstanceLoader] [39m[32mCacheModule dependencies initialized[39m[38;5;3m +6ms[39m
[32m[Nest] 51  - [39m07/04/2025, 10:38:22 PM [32m    LOG[39m [38;5;3m[InstanceLoader] [39m[32mHealthModule dependencies initialized[39m[38;5;3m +0ms[39m
[32m[Nest] 51  - [39m07/04/2025, 10:38:22 PM [32m    LOG[39m [38;5;3m[InstanceLoader] [39m[32mDashboardModule dependencies initialized[39m[38;5;3m +1ms[39m
[32m[Nest] 51  - [39m07/04/2025, 10:38:22 PM [32m    LOG[39m [38;5;3m[RoutesResolver] [39m[32mMetricsController {/api/metrics}:[39m[38;5;3m +78ms[39m
[32m[Nest] 51  - [39m07/04/2025, 10:38:22 PM [32m    LOG[39m [38;5;3m[RouterExplorer] [39m[32mMapped {/api/metrics, GET} route[39m[38;5;3m +3ms[39m
[32m[Nest] 51  - [39m07/04/2025, 10:38:22 PM [32m    LOG[39m [38;5;3m[RoutesResolver] [39m[32mUploadsController {/api/uploads}:[39m[38;5;3m +0ms[39m
[32m[Nest] 51  - [39m07/04/2025, 10:38:22 PM [32m    LOG[39m [38;5;3m[RouterExplorer] [39m[32mMapped {/api/uploads, POST} route[39m[38;5;3m +0ms[39m
[32m[Nest] 51  - [39m07/04/2025, 10:38:22 PM [32m    LOG[39m [38;5;3m[RouterExplorer] [39m[32mMapped {/api/uploads/:filename, GET} route[39m[38;5;3m +1ms[39m
[32m[Nest] 51  - [39m07/04/2025, 10:38:22 PM [32m    LOG[39m [38;5;3m[RouterExplorer] [39m[32mMapped {/api/uploads/:filename, DELETE} route[39m[38;5;3m +0ms[39m
[32m[Nest] 51  - [39m07/04/2025, 10:38:22 PM [32m    LOG[39m [38;5;3m[RoutesResolver] [39m[32mAuthController {/api/auth}:[39m[38;5;3m +0ms[39m
[32m[Nest] 51  - [39m07/04/2025, 10:38:22 PM [32m    LOG[39m [38;5;3m[RouterExplorer] [39m[32mMapped {/api/auth/register, POST} route[39m[38;5;3m +1ms[39m
[32m[Nest] 51  - [39m07/04/2025, 10:38:22 PM [32m    LOG[39m [38;5;3m[RouterExplorer] [39m[32mMapped {/api/auth/login, POST} route[39m[38;5;3m +0ms[39m
[32m[Nest] 51  - [39m07/04/2025, 10:38:22 PM [32m    LOG[39m [38;5;3m[RouterExplorer] [39m[32mMapped {/api/auth/verify-access-code, POST} route[39m[38;5;3m +0ms[39m
[32m[Nest] 51  - [39m07/04/2025, 10:38:22 PM [32m    LOG[39m [38;5;3m[RouterExplorer] [39m[32mMapped {/api/auth/forgot-password, POST} route[39m[38;5;3m +0ms[39m
[32m[Nest] 51  - [39m07/04/2025, 10:38:22 PM [32m    LOG[39m [38;5;3m[RouterExplorer] [39m[32mMapped {/api/auth/reset-password, POST} route[39m[38;5;3m +1ms[39m
[32m[Nest] 51  - [39m07/04/2025, 10:38:22 PM [32m    LOG[39m [38;5;3m[RouterExplorer] [39m[32mMapped {/api/auth/me, GET} route[39m[38;5;3m +0ms[39m
[32m[Nest] 51  - [39m07/04/2025, 10:38:22 PM [32m    LOG[39m [38;5;3m[RoutesResolver] [39m[32mUsersController {/api/users}:[39m[38;5;3m +0ms[39m
[32m[Nest] 51  - [39m07/04/2025, 10:38:22 PM [32m    LOG[39m [38;5;3m[RouterExplorer] [39m[32mMapped {/api/users, POST} route[39m[38;5;3m +0ms[39m
[32m[Nest] 51  - [39m07/04/2025, 10:38:22 PM [32m    LOG[39m [38;5;3m[RouterExplorer] [39m[32mMapped {/api/users/create-with-resource, POST} route[39m[38;5;3m +0ms[39m
[32m[Nest] 51  - [39m07/04/2025, 10:38:22 PM [32m    LOG[39m [38;5;3m[RouterExplorer] [39m[32mMapped {/api/users, GET} route[39m[38;5;3m +0ms[39m
[32m[Nest] 51  - [39m07/04/2025, 10:38:22 PM [32m    LOG[39m [38;5;3m[RouterExplorer] [39m[32mMapped {/api/users/:id, GET} route[39m[38;5;3m +1ms[39m
[32m[Nest] 51  - [39m07/04/2025, 10:38:22 PM [32m    LOG[39m [38;5;3m[RouterExplorer] [39m[32mMapped {/api/users/:id, PUT} route[39m[38;5;3m +0ms[39m
[32m[Nest] 51  - [39m07/04/2025, 10:38:22 PM [32m    LOG[39m [38;5;3m[RouterExplorer] [39m[32mMapped {/api/users/:id, DELETE} route[39m[38;5;3m +0ms[39m
[32m[Nest] 51  - [39m07/04/2025, 10:38:22 PM [32m    LOG[39m [38;5;3m[RouterExplorer] [39m[32mMapped {/api/users/regenerate-access-code, POST} route[39m[38;5;3m +0ms[39m
[32m[Nest] 51  - [39m07/04/2025, 10:38:22 PM [32m    LOG[39m [38;5;3m[RouterExplorer] [39m[32mMapped {/api/users/:id/avatar, PATCH} route[39m[38;5;3m +1ms[39m
[32m[Nest] 51  - [39m07/04/2025, 10:38:22 PM [32m    LOG[39m [38;5;3m[RouterExplorer] [39m[32mMapped {/api/users/:id/profile, GET} route[39m[38;5;3m +0ms[39m
[32m[Nest] 51  - [39m07/04/2025, 10:38:22 PM [32m    LOG[39m [38;5;3m[RouterExplorer] [39m[32mMapped {/api/users/admin, POST} route[39m[38;5;3m +0ms[39m
[32m[Nest] 51  - [39m07/04/2025, 10:38:22 PM [32m    LOG[39m [38;5;3m[RoutesResolver] [39m[32mAccessCodesController {/api/access-codes}:[39m[38;5;3m +0ms[39m
[32m[Nest] 51  - [39m07/04/2025, 10:38:22 PM [32m    LOG[39m [38;5;3m[RouterExplorer] [39m[32mMapped {/api/access-codes, POST} route[39m[38;5;3m +1ms[39m
[32m[Nest] 51  - [39m07/04/2025, 10:38:22 PM [32m    LOG[39m [38;5;3m[RouterExplorer] [39m[32mMapped {/api/access-codes/batch, POST} route[39m[38;5;3m +0ms[39m
[32m[Nest] 51  - [39m07/04/2025, 10:38:22 PM [32m    LOG[39m [38;5;3m[RouterExplorer] [39m[32mMapped {/api/access-codes/resend/:id, POST} route[39m[38;5;3m +0ms[39m
[32m[Nest] 51  - [39m07/04/2025, 10:38:22 PM [32m    LOG[39m [38;5;3m[RouterExplorer] [39m[32mMapped {/api/access-codes/verify, POST} route[39m[38;5;3m +0ms[39m
[32m[Nest] 51  - [39m07/04/2025, 10:38:22 PM [32m    LOG[39m [38;5;3m[RouterExplorer] [39m[32mMapped {/api/access-codes, GET} route[39m[38;5;3m +0ms[39m
[32m[Nest] 51  - [39m07/04/2025, 10:38:22 PM [32m    LOG[39m [38;5;3m[RouterExplorer] [39m[32mMapped {/api/access-codes/:id, DELETE} route[39m[38;5;3m +0ms[39m
[32m[Nest] 51  - [39m07/04/2025, 10:38:22 PM [32m    LOG[39m [38;5;3m[RoutesResolver] [39m[32mFhirController {/api/fhir}:[39m[38;5;3m +0ms[39m
[32m[Nest] 51  - [39m07/04/2025, 10:38:22 PM [32m    LOG[39m [38;5;3m[RouterExplorer] [39m[32mMapped {/api/fhir/:resourceType, POST} route[39m[38;5;3m +1ms[39m
[32m[Nest] 51  - [39m07/04/2025, 10:38:22 PM [32m    LOG[39m [38;5;3m[RouterExplorer] [39m[32mMapped {/api/fhir/:resourceType/:id, GET} route[39m[38;5;3m +0ms[39m
[32m[Nest] 51  - [39m07/04/2025, 10:38:22 PM [32m    LOG[39m [38;5;3m[RouterExplorer] [39m[32mMapped {/api/fhir/:resourceType/:id, PUT} route[39m[38;5;3m +0ms[39m
[32m[Nest] 51  - [39m07/04/2025, 10:38:22 PM [32m    LOG[39m [38;5;3m[RouterExplorer] [39m[32mMapped {/api/fhir/:resourceType/:id, DELETE} route[39m[38;5;3m +0ms[39m
[32m[Nest] 51  - [39m07/04/2025, 10:38:22 PM [32m    LOG[39m [38;5;3m[RouterExplorer] [39m[32mMapped {/api/fhir/:resourceType, GET} route[39m[38;5;3m +0ms[39m
[32m[Nest] 51  - [39m07/04/2025, 10:38:22 PM [32m    LOG[39m [38;5;3m[RouterExplorer] [39m[32mMapped {/api/fhir/my-resources, GET} route[39m[38;5;3m +0ms[39m
[32m[Nest] 51  - [39m07/04/2025, 10:38:22 PM [32m    LOG[39m [38;5;3m[RouterExplorer] [39m[32mMapped {/api/fhir/patient-profile, GET} route[39m[38;5;3m +0ms[39m
[32m[Nest] 51  - [39m07/04/2025, 10:38:22 PM [32m    LOG[39m [38;5;3m[RouterExplorer] [39m[32mMapped {/api/fhir/practitioner-profile, GET} route[39m[38;5;3m +0ms[39m
[32m[Nest] 51  - [39m07/04/2025, 10:38:22 PM [32m    LOG[39m [38;5;3m[RouterExplorer] [39m[32mMapped {/api/fhir/metadata, GET} route[39m[38;5;3m +1ms[39m
[32m[Nest] 51  - [39m07/04/2025, 10:38:22 PM [32m    LOG[39m [38;5;3m[RouterExplorer] [39m[32mMapped {/api/fhir/health, GET} route[39m[38;5;3m +0ms[39m
[32m[Nest] 51  - [39m07/04/2025, 10:38:22 PM [32m    LOG[39m [38;5;3m[RouterExplorer] [39m[32mMapped {/api/fhir/registry, GET} route[39m[38;5;3m +0ms[39m
[32m[Nest] 51  - [39m07/04/2025, 10:38:22 PM [32m    LOG[39m [38;5;3m[RouterExplorer] [39m[32mMapped {/api/fhir/:resourceType/with-access-code, POST} route[39m[38;5;3m +0ms[39m
[32m[Nest] 51  - [39m07/04/2025, 10:38:22 PM [32m    LOG[39m [38;5;3m[RoutesResolver] [39m[32mGenericResourceController {/api/fhir}:[39m[38;5;3m +0ms[39m
[32m[Nest] 51  - [39m07/04/2025, 10:38:22 PM [32m    LOG[39m [38;5;3m[RouterExplorer] [39m[32mMapped {/api/fhir/:resourceType, GET} route[39m[38;5;3m +0ms[39m
[32m[Nest] 51  - [39m07/04/2025, 10:38:22 PM [32m    LOG[39m [38;5;3m[RouterExplorer] [39m[32mMapped {/api/fhir/:resourceType/:id, GET} route[39m[38;5;3m +0ms[39m
[32m[Nest] 51  - [39m07/04/2025, 10:38:22 PM [32m    LOG[39m [38;5;3m[RouterExplorer] [39m[32mMapped {/api/fhir/:resourceType, POST} route[39m[38;5;3m +0ms[39m
[32m[Nest] 51  - [39m07/04/2025, 10:38:22 PM [32m    LOG[39m [38;5;3m[RouterExplorer] [39m[32mMapped {/api/fhir/:resourceType/:id, PUT} route[39m[38;5;3m +0ms[39m
[32m[Nest] 51  - [39m07/04/2025, 10:38:22 PM [32m    LOG[39m [38;5;3m[RouterExplorer] [39m[32mMapped {/api/fhir/:resourceType/:id, DELETE} route[39m[38;5;3m +0ms[39m
[32m[Nest] 51  - [39m07/04/2025, 10:38:22 PM [32m    LOG[39m [38;5;3m[RouterExplorer] [39m[32mMapped {/api/fhir, GET} route[39m[38;5;3m +1ms[39m
[32m[Nest] 51  - [39m07/04/2025, 10:38:22 PM [32m    LOG[39m [38;5;3m[RoutesResolver] [39m[32mPatientController {/api/fhir/Patient}:[39m[38;5;3m +0ms[39m
[32m[Nest] 51  - [39m07/04/2025, 10:38:22 PM [32m    LOG[39m [38;5;3m[RouterExplorer] [39m[32mMapped {/api/fhir/Patient/$my-profile, GET} route[39m[38;5;3m +0ms[39m
[32m[Nest] 51  - [39m07/04/2025, 10:38:22 PM [32m    LOG[39m [38;5;3m[RouterExplorer] [39m[32mMapped {/api/fhir/Patient/$my-encounters, GET} route[39m[38;5;3m +0ms[39m
[32m[Nest] 51  - [39m07/04/2025, 10:38:22 PM [32m    LOG[39m [38;5;3m[RouterExplorer] [39m[32mMapped {/api/fhir/Patient/$my-observations, GET} route[39m[38;5;3m +0ms[39m
[32m[Nest] 51  - [39m07/04/2025, 10:38:22 PM [32m    LOG[39m [38;5;3m[RouterExplorer] [39m[32mMapped {/api/fhir/Patient/$my-medications, GET} route[39m[38;5;3m +0ms[39m
[32m[Nest] 51  - [39m07/04/2025, 10:38:22 PM [32m    LOG[39m [38;5;3m[RouterExplorer] [39m[32mMapped {/api/fhir/Patient/:id/$everything, GET} route[39m[38;5;3m +0ms[39m
[32m[Nest] 51  - [39m07/04/2025, 10:38:22 PM [32m    LOG[39m [38;5;3m[RouterExplorer] [39m[32mMapped {/api/fhir/Patient/$register, POST} route[39m[38;5;3m +1ms[39m
[32m[Nest] 51  - [39m07/04/2025, 10:38:22 PM [32m    LOG[39m [38;5;3m[RouterExplorer] [39m[32mMapped {/api/fhir/Patient/$my-demographics, PATCH} route[39m[38;5;3m +0ms[39m
[32m[Nest] 51  - [39m07/04/2025, 10:38:22 PM [32m    LOG[39m [38;5;3m[RouterExplorer] [39m[32mMapped {/api/fhir/Patient/:id/assign-provider, POST} route[39m[38;5;3m +0ms[39m
[32m[Nest] 51  - [39m07/04/2025, 10:38:22 PM [32m    LOG[39m [38;5;3m[RouterExplorer] [39m[32mMapped {/api/fhir/Patient/:id/providers, GET} route[39m[38;5;3m +0ms[39m
[32m[Nest] 51  - [39m07/04/2025, 10:38:22 PM [32m    LOG[39m [38;5;3m[RouterExplorer] [39m[32mMapped {/api/fhir/Patient/search, GET} route[39m[38;5;3m +0ms[39m
[32m[Nest] 51  - [39m07/04/2025, 10:38:22 PM [32m    LOG[39m [38;5;3m[RouterExplorer] [39m[32mMapped {/api/fhir/Patient/$summary, GET} route[39m[38;5;3m +0ms[39m
[32m[Nest] 51  - [39m07/04/2025, 10:38:22 PM [32m    LOG[39m [38;5;3m[RouterExplorer] [39m[32mMapped {/api/fhir/Patient, GET} route[39m[38;5;3m +0ms[39m
[32m[Nest] 51  - [39m07/04/2025, 10:38:22 PM [32m    LOG[39m [38;5;3m[RouterExplorer] [39m[32mMapped {/api/fhir/Patient/:id, GET} route[39m[38;5;3m +0ms[39m
[32m[Nest] 51  - [39m07/04/2025, 10:38:22 PM [32m    LOG[39m [38;5;3m[RouterExplorer] [39m[32mMapped {/api/fhir/Patient, POST} route[39m[38;5;3m +0ms[39m
[32m[Nest] 51  - [39m07/04/2025, 10:38:22 PM [32m    LOG[39m [38;5;3m[RouterExplorer] [39m[32mMapped {/api/fhir/Patient/:id, PUT} route[39m[38;5;3m +0ms[39m
[32m[Nest] 51  - [39m07/04/2025, 10:38:22 PM [32m    LOG[39m [38;5;3m[RouterExplorer] [39m[32mMapped {/api/fhir/Patient/:id, DELETE} route[39m[38;5;3m +1ms[39m
[32m[Nest] 51  - [39m07/04/2025, 10:38:22 PM [32m    LOG[39m [38;5;3m[RouterExplorer] [39m[32mMapped {/api/fhir/Patient/:id/_history, GET} route[39m[38;5;3m +0ms[39m
[32m[Nest] 51  - [39m07/04/2025, 10:38:22 PM [32m    LOG[39m [38;5;3m[RouterExplorer] [39m[32mMapped {/api/fhir/Patient/$validate, POST} route[39m[38;5;3m +0ms[39m
[32m[Nest] 51  - [39m07/04/2025, 10:38:22 PM [32m    LOG[39m [38;5;3m[RoutesResolver] [39m[32mPractitionerController {/api/fhir/Practitioner}:[39m[38;5;3m +0ms[39m
[32m[Nest] 51  - [39m07/04/2025, 10:38:22 PM [32m    LOG[39m [38;5;3m[RouterExplorer] [39m[32mMapped {/api/fhir/Practitioner/$my-profile, GET} route[39m[38;5;3m +0ms[39m
[32m[Nest] 51  - [39m07/04/2025, 10:38:22 PM [32m    LOG[39m [38;5;3m[RouterExplorer] [39m[32mMapped {/api/fhir/Practitioner/$my-patients, GET} route[39m[38;5;3m +0ms[39m
[32m[Nest] 51  - [39m07/04/2025, 10:38:22 PM [32m    LOG[39m [38;5;3m[RouterExplorer] [39m[32mMapped {/api/fhir/Practitioner/$my-encounters, GET} route[39m[38;5;3m +1ms[39m
[32m[Nest] 51  - [39m07/04/2025, 10:38:22 PM [32m    LOG[39m [38;5;3m[RouterExplorer] [39m[32mMapped {/api/fhir/Practitioner/:id/schedule, GET} route[39m[38;5;3m +0ms[39m
[32m[Nest] 51  - [39m07/04/2025, 10:38:22 PM [32m    LOG[39m [38;5;3m[RouterExplorer] [39m[32mMapped {/api/fhir/Practitioner/$my-details, PATCH} route[39m[38;5;3m +0ms[39m
[32m[Nest] 51  - [39m07/04/2025, 10:38:22 PM [32m    LOG[39m [38;5;3m[RouterExplorer] [39m[32mMapped {/api/fhir/Practitioner/$set-availability, POST} route[39m[38;5;3m +0ms[39m
[32m[Nest] 51  - [39m07/04/2025, 10:38:22 PM [32m    LOG[39m [38;5;3m[RouterExplorer] [39m[32mMapped {/api/fhir/Practitioner/:id/available-slots, GET} route[39m[38;5;3m +0ms[39m
[32m[Nest] 51  - [39m07/04/2025, 10:38:22 PM [32m    LOG[39m [38;5;3m[RouterExplorer] [39m[32mMapped {/api/fhir/Practitioner/search, GET} route[39m[38;5;3m +1ms[39m
[32m[Nest] 51  - [39m07/04/2025, 10:38:22 PM [32m    LOG[39m [38;5;3m[RouterExplorer] [39m[32mMapped {/api/fhir/Practitioner/$statistics, GET} route[39m[38;5;3m +0ms[39m
[32m[Nest] 51  - [39m07/04/2025, 10:38:22 PM [32m    LOG[39m [38;5;3m[RouterExplorer] [39m[32mMapped {/api/fhir/Practitioner, POST} route[39m[38;5;3m +0ms[39m
[32m[Nest] 51  - [39m07/04/2025, 10:38:22 PM [32m    LOG[39m [38;5;3m[RouterExplorer] [39m[32mMapped {/api/fhir/Practitioner/:id, GET} route[39m[38;5;3m +0ms[39m
[32m[Nest] 51  - [39m07/04/2025, 10:38:22 PM [32m    LOG[39m [38;5;3m[RouterExplorer] [39m[32mMapped {/api/fhir/Practitioner/:id, PUT} route[39m[38;5;3m +0ms[39m
[32m[Nest] 51  - [39m07/04/2025, 10:38:22 PM [32m    LOG[39m [38;5;3m[RouterExplorer] [39m[32mMapped {/api/fhir/Practitioner/:id, DELETE} route[39m[38;5;3m +0ms[39m
[32m[Nest] 51  - [39m07/04/2025, 10:38:22 PM [32m    LOG[39m [38;5;3m[RouterExplorer] [39m[32mMapped {/api/fhir/Practitioner, GET} route[39m[38;5;3m +0ms[39m
[32m[Nest] 51  - [39m07/04/2025, 10:38:22 PM [32m    LOG[39m [38;5;3m[RouterExplorer] [39m[32mMapped {/api/fhir/Practitioner/:id/_history, GET} route[39m[38;5;3m +0ms[39m
[32m[Nest] 51  - [39m07/04/2025, 10:38:22 PM [32m    LOG[39m [38;5;3m[RouterExplorer] [39m[32mMapped {/api/fhir/Practitioner/$validate, POST} route[39m[38;5;3m +1ms[39m
[32m[Nest] 51  - [39m07/04/2025, 10:38:22 PM [32m    LOG[39m [38;5;3m[RoutesResolver] [39m[32mOrganizationController {/api/organizations}:[39m[38;5;3m +0ms[39m
[32m[Nest] 51  - [39m07/04/2025, 10:38:22 PM [32m    LOG[39m [38;5;3m[RouterExplorer] [39m[32mMapped {/api/organizations, GET} route[39m[38;5;3m +0ms[39m
[32m[Nest] 51  - [39m07/04/2025, 10:38:22 PM [32m    LOG[39m [38;5;3m[RouterExplorer] [39m[32mMapped {/api/organizations/:id, GET} route[39m[38;5;3m +0ms[39m
[32m[Nest] 51  - [39m07/04/2025, 10:38:22 PM [32m    LOG[39m [38;5;3m[RouterExplorer] [39m[32mMapped {/api/organizations, POST} route[39m[38;5;3m +1ms[39m
[32m[Nest] 51  - [39m07/04/2025, 10:38:22 PM [32m    LOG[39m [38;5;3m[RouterExplorer] [39m[32mMapped {/api/organizations/:id, PUT} route[39m[38;5;3m +0ms[39m
[32m[Nest] 51  - [39m07/04/2025, 10:38:22 PM [32m    LOG[39m [38;5;3m[RouterExplorer] [39m[32mMapped {/api/organizations/:id, DELETE} route[39m[38;5;3m +0ms[39m
[32m[Nest] 51  - [39m07/04/2025, 10:38:22 PM [32m    LOG[39m [38;5;3m[RoutesResolver] [39m[32mEncounterController {/api/fhir/Encounter}:[39m[38;5;3m +0ms[39m
[32m[Nest] 51  - [39m07/04/2025, 10:38:22 PM [32m    LOG[39m [38;5;3m[RouterExplorer] [39m[32mMapped {/api/fhir/Encounter/$my-encounters, GET} route[39m[38;5;3m +0ms[39m
[32m[Nest] 51  - [39m07/04/2025, 10:38:22 PM [32m    LOG[39m [38;5;3m[RouterExplorer] [39m[32mMapped {/api/fhir/Encounter/patient/:patientId, GET} route[39m[38;5;3m +0ms[39m
[32m[Nest] 51  - [39m07/04/2025, 10:38:22 PM [32m    LOG[39m [38;5;3m[RouterExplorer] [39m[32mMapped {/api/fhir/Encounter/$active, GET} route[39m[38;5;3m +0ms[39m
[32m[Nest] 51  - [39m07/04/2025, 10:38:22 PM [32m    LOG[39m [38;5;3m[RouterExplorer] [39m[32mMapped {/api/fhir/Encounter/:id/$everything, GET} route[39m[38;5;3m +0ms[39m
[32m[Nest] 51  - [39m07/04/2025, 10:38:22 PM [32m    LOG[39m [38;5;3m[RouterExplorer] [39m[32mMapped {/api/fhir/Encounter, POST} route[39m[38;5;3m +0ms[39m
[32m[Nest] 51  - [39m07/04/2025, 10:38:22 PM [32m    LOG[39m [38;5;3m[RouterExplorer] [39m[32mMapped {/api/fhir/Encounter/:id/status, PUT} route[39m[38;5;3m +0ms[39m
[32m[Nest] 51  - [39m07/04/2025, 10:38:22 PM [32m    LOG[39m [38;5;3m[RouterExplorer] [39m[32mMapped {/api/fhir/Encounter, POST} route[39m[38;5;3m +0ms[39m
[32m[Nest] 51  - [39m07/04/2025, 10:38:22 PM [32m    LOG[39m [38;5;3m[RouterExplorer] [39m[32mMapped {/api/fhir/Encounter/:id, GET} route[39m[38;5;3m +0ms[39m
[32m[Nest] 51  - [39m07/04/2025, 10:38:22 PM [32m    LOG[39m [38;5;3m[RouterExplorer] [39m[32mMapped {/api/fhir/Encounter/:id, PUT} route[39m[38;5;3m +1ms[39m
[32m[Nest] 51  - [39m07/04/2025, 10:38:22 PM [32m    LOG[39m [38;5;3m[RouterExplorer] [39m[32mMapped {/api/fhir/Encounter/:id, DELETE} route[39m[38;5;3m +0ms[39m
[32m[Nest] 51  - [39m07/04/2025, 10:38:22 PM [32m    LOG[39m [38;5;3m[RouterExplorer] [39m[32mMapped {/api/fhir/Encounter, GET} route[39m[38;5;3m +0ms[39m
[32m[Nest] 51  - [39m07/04/2025, 10:38:22 PM [32m    LOG[39m [38;5;3m[RouterExplorer] [39m[32mMapped {/api/fhir/Encounter/:id/_history, GET} route[39m[38;5;3m +0ms[39m
[32m[Nest] 51  - [39m07/04/2025, 10:38:22 PM [32m    LOG[39m [38;5;3m[RouterExplorer] [39m[32mMapped {/api/fhir/Encounter/$validate, POST} route[39m[38;5;3m +0ms[39m
[32m[Nest] 51  - [39m07/04/2025, 10:38:22 PM [32m    LOG[39m [38;5;3m[RoutesResolver] [39m[32mObservationController {/api/fhir/Observation}:[39m[38;5;3m +0ms[39m
[32m[Nest] 51  - [39m07/04/2025, 10:38:22 PM [32m    LOG[39m [38;5;3m[RouterExplorer] [39m[32mMapped {/api/fhir/Observation/$by-code, GET} route[39m[38;5;3m +0ms[39m
[32m[Nest] 51  - [39m07/04/2025, 10:38:22 PM [32m    LOG[39m [38;5;3m[RouterExplorer] [39m[32mMapped {/api/fhir/Observation/patient/:patientId, GET} route[39m[38;5;3m +1ms[39m
[32m[Nest] 51  - [39m07/04/2025, 10:38:22 PM [32m    LOG[39m [38;5;3m[RouterExplorer] [39m[32mMapped {/api/fhir/Observation/patient/:patientId/latest, GET} route[39m[38;5;3m +0ms[39m
[32m[Nest] 51  - [39m07/04/2025, 10:38:22 PM [32m    LOG[39m [38;5;3m[RouterExplorer] [39m[32mMapped {/api/fhir/Observation/patient/:patientId/vitals, GET} route[39m[38;5;3m +0ms[39m
[32m[Nest] 51  - [39m07/04/2025, 10:38:22 PM [32m    LOG[39m [38;5;3m[RouterExplorer] [39m[32mMapped {/api/fhir/Observation/patient/:patientId/labs, GET} route[39m[38;5;3m +0ms[39m
[32m[Nest] 51  - [39m07/04/2025, 10:38:22 PM [32m    LOG[39m [38;5;3m[RouterExplorer] [39m[32mMapped {/api/fhir/Observation/$by-component, GET} route[39m[38;5;3m +1ms[39m
[32m[Nest] 51  - [39m07/04/2025, 10:38:22 PM [32m    LOG[39m [38;5;3m[RouterExplorer] [39m[32mMapped {/api/fhir/Observation/$by-value-range, GET} route[39m[38;5;3m +0ms[39m
[32m[Nest] 51  - [39m07/04/2025, 10:38:22 PM [32m    LOG[39m [38;5;3m[RouterExplorer] [39m[32mMapped {/api/fhir/Observation/search/by-component-value, GET} route[39m[38;5;3m +0ms[39m
[32m[Nest] 51  - [39m07/04/2025, 10:38:22 PM [32m    LOG[39m [38;5;3m[RouterExplorer] [39m[32mMapped {/api/fhir/Observation/search/by-reference-range, GET} route[39m[38;5;3m +0ms[39m
[32m[Nest] 51  - [39m07/04/2025, 10:38:22 PM [32m    LOG[39m [38;5;3m[RouterExplorer] [39m[32mMapped {/api/fhir/Observation, POST} route[39m[38;5;3m +0ms[39m
[32m[Nest] 51  - [39m07/04/2025, 10:38:22 PM [32m    LOG[39m [38;5;3m[RouterExplorer] [39m[32mMapped {/api/fhir/Observation, POST} route[39m[38;5;3m +0ms[39m
[32m[Nest] 51  - [39m07/04/2025, 10:38:22 PM [32m    LOG[39m [38;5;3m[RouterExplorer] [39m[32mMapped {/api/fhir/Observation/:id, GET} route[39m[38;5;3m +0ms[39m
[32m[Nest] 51  - [39m07/04/2025, 10:38:22 PM [32m    LOG[39m [38;5;3m[RouterExplorer] [39m[32mMapped {/api/fhir/Observation/:id, PUT} route[39m[38;5;3m +1ms[39m
[32m[Nest] 51  - [39m07/04/2025, 10:38:22 PM [32m    LOG[39m [38;5;3m[RouterExplorer] [39m[32mMapped {/api/fhir/Observation/:id, DELETE} route[39m[38;5;3m +0ms[39m
[32m[Nest] 51  - [39m07/04/2025, 10:38:22 PM [32m    LOG[39m [38;5;3m[RouterExplorer] [39m[32mMapped {/api/fhir/Observation, GET} route[39m[38;5;3m +0ms[39m
[32m[Nest] 51  - [39m07/04/2025, 10:38:22 PM [32m    LOG[39m [38;5;3m[RouterExplorer] [39m[32mMapped {/api/fhir/Observation/:id/_history, GET} route[39m[38;5;3m +0ms[39m
[32m[Nest] 51  - [39m07/04/2025, 10:38:22 PM [32m    LOG[39m [38;5;3m[RouterExplorer] [39m[32mMapped {/api/fhir/Observation/$validate, POST} route[39m[38;5;3m +0ms[39m
[32m[Nest] 51  - [39m07/04/2025, 10:38:22 PM [32m    LOG[39m [38;5;3m[RoutesResolver] [39m[32mDiagnosticReportController {/api/fhir/DiagnosticReport}:[39m[38;5;3m +0ms[39m
[32m[Nest] 51  - [39m07/04/2025, 10:38:22 PM [32m    LOG[39m [38;5;3m[RouterExplorer] [39m[32mMapped {/api/fhir/DiagnosticReport/$my-reports, GET} route[39m[38;5;3m +0ms[39m
[32m[Nest] 51  - [39m07/04/2025, 10:38:22 PM [32m    LOG[39m [38;5;3m[RouterExplorer] [39m[32mMapped {/api/fhir/DiagnosticReport/patient/:patientId, GET} route[39m[38;5;3m +0ms[39m
[32m[Nest] 51  - [39m07/04/2025, 10:38:22 PM [32m    LOG[39m [38;5;3m[RouterExplorer] [39m[32mMapped {/api/fhir/DiagnosticReport/$by-category, GET} route[39m[38;5;3m +0ms[39m
[32m[Nest] 51  - [39m07/04/2025, 10:38:22 PM [32m    LOG[39m [38;5;3m[RouterExplorer] [39m[32mMapped {/api/fhir/DiagnosticReport/encounter/:encounterId, GET} route[39m[38;5;3m +1ms[39m
[32m[Nest] 51  - [39m07/04/2025, 10:38:22 PM [32m    LOG[39m [38;5;3m[RouterExplorer] [39m[32mMapped {/api/fhir/DiagnosticReport, POST} route[39m[38;5;3m +0ms[39m
[32m[Nest] 51  - [39m07/04/2025, 10:38:22 PM [32m    LOG[39m [38;5;3m[RouterExplorer] [39m[32mMapped {/api/fhir/DiagnosticReport, POST} route[39m[38;5;3m +0ms[39m
[32m[Nest] 51  - [39m07/04/2025, 10:38:22 PM [32m    LOG[39m [38;5;3m[RouterExplorer] [39m[32mMapped {/api/fhir/DiagnosticReport/:id, GET} route[39m[38;5;3m +0ms[39m
[32m[Nest] 51  - [39m07/04/2025, 10:38:22 PM [32m    LOG[39m [38;5;3m[RouterExplorer] [39m[32mMapped {/api/fhir/DiagnosticReport/:id, PUT} route[39m[38;5;3m +0ms[39m
[32m[Nest] 51  - [39m07/04/2025, 10:38:22 PM [32m    LOG[39m [38;5;3m[RouterExplorer] [39m[32mMapped {/api/fhir/DiagnosticReport/:id, DELETE} route[39m[38;5;3m +0ms[39m
[32m[Nest] 51  - [39m07/04/2025, 10:38:22 PM [32m    LOG[39m [38;5;3m[RouterExplorer] [39m[32mMapped {/api/fhir/DiagnosticReport, GET} route[39m[38;5;3m +0ms[39m
[32m[Nest] 51  - [39m07/04/2025, 10:38:22 PM [32m    LOG[39m [38;5;3m[RouterExplorer] [39m[32mMapped {/api/fhir/DiagnosticReport/:id/_history, GET} route[39m[38;5;3m +1ms[39m
[32m[Nest] 51  - [39m07/04/2025, 10:38:22 PM [32m    LOG[39m [38;5;3m[RouterExplorer] [39m[32mMapped {/api/fhir/DiagnosticReport/$validate, POST} route[39m[38;5;3m +0ms[39m
[32m[Nest] 51  - [39m07/04/2025, 10:38:22 PM [32m    LOG[39m [38;5;3m[RoutesResolver] [39m[32mMedicationController {/api/fhir/Medication}:[39m[38;5;3m +0ms[39m
[32m[Nest] 51  - [39m07/04/2025, 10:38:22 PM [32m    LOG[39m [38;5;3m[RouterExplorer] [39m[32mMapped {/api/fhir/Medication/$by-code, GET} route[39m[38;5;3m +0ms[39m
[32m[Nest] 51  - [39m07/04/2025, 10:38:22 PM [32m    LOG[39m [38;5;3m[RouterExplorer] [39m[32mMapped {/api/fhir/Medication/$common, GET} route[39m[38;5;3m +0ms[39m
[32m[Nest] 51  - [39m07/04/2025, 10:38:22 PM [32m    LOG[39m [38;5;3m[RouterExplorer] [39m[32mMapped {/api/fhir/Medication, POST} route[39m[38;5;3m +0ms[39m
[32m[Nest] 51  - [39m07/04/2025, 10:38:22 PM [32m    LOG[39m [38;5;3m[RouterExplorer] [39m[32mMapped {/api/fhir/Medication, POST} route[39m[38;5;3m +0ms[39m
[32m[Nest] 51  - [39m07/04/2025, 10:38:22 PM [32m    LOG[39m [38;5;3m[RouterExplorer] [39m[32mMapped {/api/fhir/Medication/:id, GET} route[39m[38;5;3m +0ms[39m
[32m[Nest] 51  - [39m07/04/2025, 10:38:22 PM [32m    LOG[39m [38;5;3m[RouterExplorer] [39m[32mMapped {/api/fhir/Medication/:id, PUT} route[39m[38;5;3m +0ms[39m
[32m[Nest] 51  - [39m07/04/2025, 10:38:22 PM [32m    LOG[39m [38;5;3m[RouterExplorer] [39m[32mMapped {/api/fhir/Medication/:id, DELETE} route[39m[38;5;3m +1ms[39m
[32m[Nest] 51  - [39m07/04/2025, 10:38:22 PM [32m    LOG[39m [38;5;3m[RouterExplorer] [39m[32mMapped {/api/fhir/Medication, GET} route[39m[38;5;3m +0ms[39m
[32m[Nest] 51  - [39m07/04/2025, 10:38:22 PM [32m    LOG[39m [38;5;3m[RouterExplorer] [39m[32mMapped {/api/fhir/Medication/:id/_history, GET} route[39m[38;5;3m +0ms[39m
[32m[Nest] 51  - [39m07/04/2025, 10:38:22 PM [32m    LOG[39m [38;5;3m[RouterExplorer] [39m[32mMapped {/api/fhir/Medication/$validate, POST} route[39m[38;5;3m +0ms[39m
[32m[Nest] 51  - [39m07/04/2025, 10:38:22 PM [32m    LOG[39m [38;5;3m[RoutesResolver] [39m[32mMedicationRequestController {/api/fhir/MedicationRequest}:[39m[38;5;3m +0ms[39m
[32m[Nest] 51  - [39m07/04/2025, 10:38:22 PM [32m    LOG[39m [38;5;3m[RouterExplorer] [39m[32mMapped {/api/fhir/MedicationRequest/$my-medications, GET} route[39m[38;5;3m +0ms[39m
[32m[Nest] 51  - [39m07/04/2025, 10:38:22 PM [32m    LOG[39m [38;5;3m[RouterExplorer] [39m[32mMapped {/api/fhir/MedicationRequest/patient/:patientId/active, GET} route[39m[38;5;3m +0ms[39m
[32m[Nest] 51  - [39m07/04/2025, 10:38:22 PM [32m    LOG[39m [38;5;3m[RouterExplorer] [39m[32mMapped {/api/fhir/MedicationRequest/encounter/:encounterId, GET} route[39m[38;5;3m +0ms[39m
[32m[Nest] 51  - [39m07/04/2025, 10:38:22 PM [32m    LOG[39m [38;5;3m[RouterExplorer] [39m[32mMapped {/api/fhir/MedicationRequest, POST} route[39m[38;5;3m +0ms[39m
[32m[Nest] 51  - [39m07/04/2025, 10:38:22 PM [32m    LOG[39m [38;5;3m[RouterExplorer] [39m[32mMapped {/api/fhir/MedicationRequest, POST} route[39m[38;5;3m +0ms[39m
[32m[Nest] 51  - [39m07/04/2025, 10:38:22 PM [32m    LOG[39m [38;5;3m[RouterExplorer] [39m[32mMapped {/api/fhir/MedicationRequest/:id, GET} route[39m[38;5;3m +0ms[39m
[32m[Nest] 51  - [39m07/04/2025, 10:38:22 PM [32m    LOG[39m [38;5;3m[RouterExplorer] [39m[32mMapped {/api/fhir/MedicationRequest/:id, PUT} route[39m[38;5;3m +1ms[39m
[32m[Nest] 51  - [39m07/04/2025, 10:38:22 PM [32m    LOG[39m [38;5;3m[RouterExplorer] [39m[32mMapped {/api/fhir/MedicationRequest/:id, DELETE} route[39m[38;5;3m +0ms[39m
[32m[Nest] 51  - [39m07/04/2025, 10:38:22 PM [32m    LOG[39m [38;5;3m[RouterExplorer] [39m[32mMapped {/api/fhir/MedicationRequest, GET} route[39m[38;5;3m +0ms[39m
[32m[Nest] 51  - [39m07/04/2025, 10:38:22 PM [32m    LOG[39m [38;5;3m[RouterExplorer] [39m[32mMapped {/api/fhir/MedicationRequest/:id/_history, GET} route[39m[38;5;3m +0ms[39m
[32m[Nest] 51  - [39m07/04/2025, 10:38:22 PM [32m    LOG[39m [38;5;3m[RouterExplorer] [39m[32mMapped {/api/fhir/MedicationRequest/$validate, POST} route[39m[38;5;3m +0ms[39m
[32m[Nest] 51  - [39m07/04/2025, 10:38:22 PM [32m    LOG[39m [38;5;3m[RoutesResolver] [39m[32mQuestionnaireController {/api/questionnaires}:[39m[38;5;3m +0ms[39m
[32m[Nest] 51  - [39m07/04/2025, 10:38:22 PM [32m    LOG[39m [38;5;3m[RouterExplorer] [39m[32mMapped {/api/questionnaires, GET} route[39m[38;5;3m +0ms[39m
[32m[Nest] 51  - [39m07/04/2025, 10:38:22 PM [32m    LOG[39m [38;5;3m[RouterExplorer] [39m[32mMapped {/api/questionnaires/:id, GET} route[39m[38;5;3m +0ms[39m
[32m[Nest] 51  - [39m07/04/2025, 10:38:22 PM [32m    LOG[39m [38;5;3m[RouterExplorer] [39m[32mMapped {/api/questionnaires, POST} route[39m[38;5;3m +1ms[39m
[32m[Nest] 51  - [39m07/04/2025, 10:38:22 PM [32m    LOG[39m [38;5;3m[RouterExplorer] [39m[32mMapped {/api/questionnaires/:id, PUT} route[39m[38;5;3m +0ms[39m
[32m[Nest] 51  - [39m07/04/2025, 10:38:22 PM [32m    LOG[39m [38;5;3m[RouterExplorer] [39m[32mMapped {/api/questionnaires/:id, DELETE} route[39m[38;5;3m +0ms[39m
[32m[Nest] 51  - [39m07/04/2025, 10:38:22 PM [32m    LOG[39m [38;5;3m[RoutesResolver] [39m[32mPaymentController {/api/payments}:[39m[38;5;3m +0ms[39m
[32m[Nest] 51  - [39m07/04/2025, 10:38:22 PM [32m    LOG[39m [38;5;3m[RouterExplorer] [39m[32mMapped {/api/payments, GET} route[39m[38;5;3m +0ms[39m
[32m[Nest] 51  - [39m07/04/2025, 10:38:22 PM [32m    LOG[39m [38;5;3m[RouterExplorer] [39m[32mMapped {/api/payments/:id, GET} route[39m[38;5;3m +1ms[39m
[32m[Nest] 51  - [39m07/04/2025, 10:38:22 PM [32m    LOG[39m [38;5;3m[RouterExplorer] [39m[32mMapped {/api/payments, POST} route[39m[38;5;3m +0ms[39m
[32m[Nest] 51  - [39m07/04/2025, 10:38:22 PM [32m    LOG[39m [38;5;3m[RouterExplorer] [39m[32mMapped {/api/payments/:id, PUT} route[39m[38;5;3m +0ms[39m
[32m[Nest] 51  - [39m07/04/2025, 10:38:22 PM [32m    LOG[39m [38;5;3m[RouterExplorer] [39m[32mMapped {/api/payments/:id, DELETE} route[39m[38;5;3m +0ms[39m
[32m[Nest] 51  - [39m07/04/2025, 10:38:22 PM [32m    LOG[39m [38;5;3m[RoutesResolver] [39m[32mConditionController {/api/fhir/Condition}:[39m[38;5;3m +0ms[39m
[32m[Nest] 51  - [39m07/04/2025, 10:38:22 PM [32m    LOG[39m [38;5;3m[RouterExplorer] [39m[32mMapped {/api/fhir/Condition/$my-conditions, GET} route[39m[38;5;3m +1ms[39m
[32m[Nest] 51  - [39m07/04/2025, 10:38:22 PM [32m    LOG[39m [38;5;3m[RouterExplorer] [39m[32mMapped {/api/fhir/Condition/patient/:patientId, GET} route[39m[38;5;3m +0ms[39m
[32m[Nest] 51  - [39m07/04/2025, 10:38:22 PM [32m    LOG[39m [38;5;3m[RouterExplorer] [39m[32mMapped {/api/fhir/Condition/patient/:patientId/active, GET} route[39m[38;5;3m +0ms[39m
[32m[Nest] 51  - [39m07/04/2025, 10:38:22 PM [32m    LOG[39m [38;5;3m[RouterExplorer] [39m[32mMapped {/api/fhir/Condition/$by-category, GET} route[39m[38;5;3m +0ms[39m
[32m[Nest] 51  - [39m07/04/2025, 10:38:22 PM [32m    LOG[39m [38;5;3m[RouterExplorer] [39m[32mMapped {/api/fhir/Condition/encounter/:encounterId, GET} route[39m[38;5;3m +0ms[39m
[32m[Nest] 51  - [39m07/04/2025, 10:38:22 PM [32m    LOG[39m [38;5;3m[RouterExplorer] [39m[32mMapped {/api/fhir/Condition, POST} route[39m[38;5;3m +0ms[39m
[32m[Nest] 51  - [39m07/04/2025, 10:38:22 PM [32m    LOG[39m [38;5;3m[RouterExplorer] [39m[32mMapped {/api/fhir/Condition, POST} route[39m[38;5;3m +0ms[39m
[32m[Nest] 51  - [39m07/04/2025, 10:38:22 PM [32m    LOG[39m [38;5;3m[RouterExplorer] [39m[32mMapped {/api/fhir/Condition/:id, GET} route[39m[38;5;3m +0ms[39m
[32m[Nest] 51  - [39m07/04/2025, 10:38:22 PM [32m    LOG[39m [38;5;3m[RouterExplorer] [39m[32mMapped {/api/fhir/Condition/:id, PUT} route[39m[38;5;3m +1ms[39m
[32m[Nest] 51  - [39m07/04/2025, 10:38:22 PM [32m    LOG[39m [38;5;3m[RouterExplorer] [39m[32mMapped {/api/fhir/Condition/:id, DELETE} route[39m[38;5;3m +0ms[39m
[32m[Nest] 51  - [39m07/04/2025, 10:38:22 PM [32m    LOG[39m [38;5;3m[RouterExplorer] [39m[32mMapped {/api/fhir/Condition, GET} route[39m[38;5;3m +0ms[39m
[32m[Nest] 51  - [39m07/04/2025, 10:38:22 PM [32m    LOG[39m [38;5;3m[RouterExplorer] [39m[32mMapped {/api/fhir/Condition/:id/_history, GET} route[39m[38;5;3m +0ms[39m
[32m[Nest] 51  - [39m07/04/2025, 10:38:22 PM [32m    LOG[39m [38;5;3m[RouterExplorer] [39m[32mMapped {/api/fhir/Condition/$validate, POST} route[39m[38;5;3m +0ms[39m
[32m[Nest] 51  - [39m07/04/2025, 10:38:22 PM [32m    LOG[39m [38;5;3m[RoutesResolver] [39m[32mProcedureController {/api/fhir/Procedure}:[39m[38;5;3m +0ms[39m
[32m[Nest] 51  - [39m07/04/2025, 10:38:22 PM [32m    LOG[39m [38;5;3m[RouterExplorer] [39m[32mMapped {/api/fhir/Procedure/$my-procedures, GET} route[39m[38;5;3m +0ms[39m
[32m[Nest] 51  - [39m07/04/2025, 10:38:22 PM [32m    LOG[39m [38;5;3m[RouterExplorer] [39m[32mMapped {/api/fhir/Procedure/patient/:patientId, GET} route[39m[38;5;3m +0ms[39m
[32m[Nest] 51  - [39m07/04/2025, 10:38:22 PM [32m    LOG[39m [38;5;3m[RouterExplorer] [39m[32mMapped {/api/fhir/Procedure/$by-code, GET} route[39m[38;5;3m +0ms[39m
[32m[Nest] 51  - [39m07/04/2025, 10:38:22 PM [32m    LOG[39m [38;5;3m[RouterExplorer] [39m[32mMapped {/api/fhir/Procedure/encounter/:encounterId, GET} route[39m[38;5;3m +1ms[39m
[32m[Nest] 51  - [39m07/04/2025, 10:38:22 PM [32m    LOG[39m [38;5;3m[RouterExplorer] [39m[32mMapped {/api/fhir/Procedure, POST} route[39m[38;5;3m +0ms[39m
[32m[Nest] 51  - [39m07/04/2025, 10:38:22 PM [32m    LOG[39m [38;5;3m[RouterExplorer] [39m[32mMapped {/api/fhir/Procedure, POST} route[39m[38;5;3m +0ms[39m
[32m[Nest] 51  - [39m07/04/2025, 10:38:22 PM [32m    LOG[39m [38;5;3m[RouterExplorer] [39m[32mMapped {/api/fhir/Procedure/:id, GET} route[39m[38;5;3m +0ms[39m
[32m[Nest] 51  - [39m07/04/2025, 10:38:22 PM [32m    LOG[39m [38;5;3m[RouterExplorer] [39m[32mMapped {/api/fhir/Procedure/:id, PUT} route[39m[38;5;3m +0ms[39m
[32m[Nest] 51  - [39m07/04/2025, 10:38:22 PM [32m    LOG[39m [38;5;3m[RouterExplorer] [39m[32mMapped {/api/fhir/Procedure/:id, DELETE} route[39m[38;5;3m +0ms[39m
[32m[Nest] 51  - [39m07/04/2025, 10:38:22 PM [32m    LOG[39m [38;5;3m[RouterExplorer] [39m[32mMapped {/api/fhir/Procedure, GET} route[39m[38;5;3m +0ms[39m
[32m[Nest] 51  - [39m07/04/2025, 10:38:22 PM [32m    LOG[39m [38;5;3m[RouterExplorer] [39m[32mMapped {/api/fhir/Procedure/:id/_history, GET} route[39m[38;5;3m +0ms[39m
[32m[Nest] 51  - [39m07/04/2025, 10:38:22 PM [32m    LOG[39m [38;5;3m[RouterExplorer] [39m[32mMapped {/api/fhir/Procedure/$validate, POST} route[39m[38;5;3m +0ms[39m
[32m[Nest] 51  - [39m07/04/2025, 10:38:22 PM [32m    LOG[39m [38;5;3m[RoutesResolver] [39m[32mTerminologyController {/api/fhir/terminology}:[39m[38;5;3m +0ms[39m
[32m[Nest] 51  - [39m07/04/2025, 10:38:22 PM [32m    LOG[39m [38;5;3m[RouterExplorer] [39m[32mMapped {/api/fhir/terminology/validate-code, GET} route[39m[38;5;3m +0ms[39m
[32m[Nest] 51  - [39m07/04/2025, 10:38:22 PM [32m    LOG[39m [38;5;3m[RouterExplorer] [39m[32mMapped {/api/fhir/terminology/expand, GET} route[39m[38;5;3m +1ms[39m
[32m[Nest] 51  - [39m07/04/2025, 10:38:22 PM [32m    LOG[39m [38;5;3m[RouterExplorer] [39m[32mMapped {/api/fhir/terminology/translate, GET} route[39m[38;5;3m +0ms[39m
[32m[Nest] 51  - [39m07/04/2025, 10:38:22 PM [32m    LOG[39m [38;5;3m[RouterExplorer] [39m[32mMapped {/api/fhir/terminology/lookup, GET} route[39m[38;5;3m +0ms[39m
[32m[Nest] 51  - [39m07/04/2025, 10:38:22 PM [32m    LOG[39m [38;5;3m[RouterExplorer] [39m[32mMapped {/api/fhir/terminology/find-matches, POST} route[39m[38;5;3m +0ms[39m
[32m[Nest] 51  - [39m07/04/2025, 10:38:22 PM [32m    LOG[39m [38;5;3m[RoutesResolver] [39m[32mValidationController {/api/fhir}:[39m[38;5;3m +0ms[39m
[32m[Nest] 51  - [39m07/04/2025, 10:38:22 PM [32m    LOG[39m [38;5;3m[RouterExplorer] [39m[32mMapped {/api/fhir/:resourceType/$validate, POST} route[39m[38;5;3m +0ms[39m
[32m[Nest] 51  - [39m07/04/2025, 10:38:22 PM [32m    LOG[39m [38;5;3m[RouterExplorer] [39m[32mMapped {/api/fhir/:resourceType/:id/$validate, POST} route[39m[38;5;3m +0ms[39m
[32m[Nest] 51  - [39m07/04/2025, 10:38:22 PM [32m    LOG[39m [38;5;3m[RouterExplorer] [39m[32mMapped {/api/fhir/$validate-batch, POST} route[39m[38;5;3m +0ms[39m
[32m[Nest] 51  - [39m07/04/2025, 10:38:22 PM [32m    LOG[39m [38;5;3m[RoutesResolver] [39m[32mDocumentationController {/api/fhir/documentation}:[39m[38;5;3m +0ms[39m
[32m[Nest] 51  - [39m07/04/2025, 10:38:22 PM [32m    LOG[39m [38;5;3m[RouterExplorer] [39m[32mMapped {/api/fhir/documentation, GET} route[39m[38;5;3m +0ms[39m
[32m[Nest] 51  - [39m07/04/2025, 10:38:22 PM [32m    LOG[39m [38;5;3m[RouterExplorer] [39m[32mMapped {/api/fhir/documentation/examples/:resourceType, GET} route[39m[38;5;3m +0ms[39m
[32m[Nest] 51  - [39m07/04/2025, 10:38:22 PM [32m    LOG[39m [38;5;3m[RouterExplorer] [39m[32mMapped {/api/fhir/documentation/operations, GET} route[39m[38;5;3m +0ms[39m
[32m[Nest] 51  - [39m07/04/2025, 10:38:22 PM [32m    LOG[39m [38;5;3m[RouterExplorer] [39m[32mMapped {/api/fhir/documentation/usage, GET} route[39m[38;5;3m +0ms[39m
[32m[Nest] 51  - [39m07/04/2025, 10:38:22 PM [32m    LOG[39m [38;5;3m[RoutesResolver] [39m[32mExamplePaginationController {/api/fhir/examples}:[39m[38;5;3m +0ms[39m
[32m[Nest] 51  - [39m07/04/2025, 10:38:22 PM [32m    LOG[39m [38;5;3m[RouterExplorer] [39m[32mMapped {/api/fhir/examples/paginated-patients, GET} route[39m[38;5;3m +1ms[39m
[32m[Nest] 51  - [39m07/04/2025, 10:38:22 PM [32m    LOG[39m [38;5;3m[RouterExplorer] [39m[32mMapped {/api/fhir/examples/paginated-practitioners, GET} route[39m[38;5;3m +0ms[39m
[32m[Nest] 51  - [39m07/04/2025, 10:38:22 PM [32m    LOG[39m [38;5;3m[RoutesResolver] [39m[32mAllergyIntoleranceController {/api/fhir/AllergyIntolerance}:[39m[38;5;3m +0ms[39m
[32m[Nest] 51  - [39m07/04/2025, 10:38:22 PM [32m    LOG[39m [38;5;3m[RouterExplorer] [39m[32mMapped {/api/fhir/AllergyIntolerance/$my-allergies, GET} route[39m[38;5;3m +0ms[39m
[32m[Nest] 51  - [39m07/04/2025, 10:38:22 PM [32m    LOG[39m [38;5;3m[RouterExplorer] [39m[32mMapped {/api/fhir/AllergyIntolerance/patient/:patientId, GET} route[39m[38;5;3m +0ms[39m
[32m[Nest] 51  - [39m07/04/2025, 10:38:22 PM [32m    LOG[39m [38;5;3m[RouterExplorer] [39m[32mMapped {/api/fhir/AllergyIntolerance, POST} route[39m[38;5;3m +0ms[39m
[32m[Nest] 51  - [39m07/04/2025, 10:38:22 PM [32m    LOG[39m [38;5;3m[RouterExplorer] [39m[32mMapped {/api/fhir/AllergyIntolerance/$by-code, GET} route[39m[38;5;3m +0ms[39m
[32m[Nest] 51  - [39m07/04/2025, 10:38:22 PM [32m    LOG[39m [38;5;3m[RouterExplorer] [39m[32mMapped {/api/fhir/AllergyIntolerance, POST} route[39m[38;5;3m +0ms[39m
[32m[Nest] 51  - [39m07/04/2025, 10:38:22 PM [32m    LOG[39m [38;5;3m[RouterExplorer] [39m[32mMapped {/api/fhir/AllergyIntolerance/:id, GET} route[39m[38;5;3m +0ms[39m
[32m[Nest] 51  - [39m07/04/2025, 10:38:22 PM [32m    LOG[39m [38;5;3m[RouterExplorer] [39m[32mMapped {/api/fhir/AllergyIntolerance/:id, PUT} route[39m[38;5;3m +0ms[39m
[32m[Nest] 51  - [39m07/04/2025, 10:38:22 PM [32m    LOG[39m [38;5;3m[RouterExplorer] [39m[32mMapped {/api/fhir/AllergyIntolerance/:id, DELETE} route[39m[38;5;3m +1ms[39m
[32m[Nest] 51  - [39m07/04/2025, 10:38:22 PM [32m    LOG[39m [38;5;3m[RouterExplorer] [39m[32mMapped {/api/fhir/AllergyIntolerance, GET} route[39m[38;5;3m +0ms[39m
[32m[Nest] 51  - [39m07/04/2025, 10:38:22 PM [32m    LOG[39m [38;5;3m[RouterExplorer] [39m[32mMapped {/api/fhir/AllergyIntolerance/:id/_history, GET} route[39m[38;5;3m +1ms[39m
[32m[Nest] 51  - [39m07/04/2025, 10:38:22 PM [32m    LOG[39m [38;5;3m[RouterExplorer] [39m[32mMapped {/api/fhir/AllergyIntolerance/$validate, POST} route[39m[38;5;3m +0ms[39m
[32m[Nest] 51  - [39m07/04/2025, 10:38:22 PM [32m    LOG[39m [38;5;3m[RoutesResolver] [39m[32mFhirQueryGuideController {/api/fhir/help}:[39m[38;5;3m +0ms[39m
[32m[Nest] 51  - [39m07/04/2025, 10:38:22 PM [32m    LOG[39m [38;5;3m[RouterExplorer] [39m[32mMapped {/api/fhir/help/query-guide, GET} route[39m[38;5;3m +0ms[39m
[32m[Nest] 51  - [39m07/04/2025, 10:38:22 PM [32m    LOG[39m [38;5;3m[RouterExplorer] [39m[32mMapped {/api/fhir/help/codes, GET} route[39m[38;5;3m +1ms[39m
[32m[Nest] 51  - [39m07/04/2025, 10:38:22 PM [32m    LOG[39m [38;5;3m[RoutesResolver] [39m[32mAuditEventController {/api/api/audit}:[39m[38;5;3m +0ms[39m
[32m[Nest] 51  - [39m07/04/2025, 10:38:22 PM [32m    LOG[39m [38;5;3m[RouterExplorer] [39m[32mMapped {/api/api/audit, GET} route[39m[38;5;3m +0ms[39m
[32m[Nest] 51  - [39m07/04/2025, 10:38:22 PM [32m    LOG[39m [38;5;3m[RouterExplorer] [39m[32mMapped {/api/api/audit/user/:userId, GET} route[39m[38;5;3m +0ms[39m
[32m[Nest] 51  - [39m07/04/2025, 10:38:22 PM [32m    LOG[39m [38;5;3m[RouterExplorer] [39m[32mMapped {/api/api/audit/resource/:resourceType/:resourceId, GET} route[39m[38;5;3m +1ms[39m
[32m[Nest] 51  - [39m07/04/2025, 10:38:22 PM [32m    LOG[39m [38;5;3m[RouterExplorer] [39m[32mMapped {/api/api/audit/search, GET} route[39m[38;5;3m +0ms[39m
[32m[Nest] 51  - [39m07/04/2025, 10:38:22 PM [32m    LOG[39m [38;5;3m[RoutesResolver] [39m[32mHealthController {/api/health}:[39m[38;5;3m +0ms[39m
[32m[Nest] 51  - [39m07/04/2025, 10:38:22 PM [32m    LOG[39m [38;5;3m[RouterExplorer] [39m[32mMapped {/api/health, GET} route[39m[38;5;3m +0ms[39m
[32m[Nest] 51  - [39m07/04/2025, 10:38:22 PM [32m    LOG[39m [38;5;3m[RoutesResolver] [39m[32mDashboardController {/api/dashboard}:[39m[38;5;3m +0ms[39m
[32m[Nest] 51  - [39m07/04/2025, 10:38:22 PM [32m    LOG[39m [38;5;3m[RouterExplorer] [39m[32mMapped {/api/dashboard, GET} route[39m[38;5;3m +1ms[39m
[96msrc/imaging/imaging.module.ts[0m:[93m4[0m:[93m35[0m - [91merror[0m[90m TS2307: [0mCannot find module './imaging.controller' or its corresponding type declarations.

[7m4[0m import { ImagingController } from './imaging.controller';
[7m [0m [91m                                  ~~~~~~~~~~~~~~~~~~~~~~[0m

[96msrc/imaging/imaging.module.ts[0m:[93m5[0m:[93m32[0m - [91merror[0m[90m TS2307: [0mCannot find module './imaging.service' or its corresponding type declarations.

[7m5[0m import { ImagingService } from './imaging.service';
[7m [0m [91m                               ~~~~~~~~~~~~~~~~~~~[0m

[96msrc/imaging/imaging.module.ts[0m:[93m6[0m:[93m30[0m - [91merror[0m[90m TS2307: [0mCannot find module './dicom.service' or its corresponding type declarations.

[7m6[0m import { DicomService } from './dicom.service';
[7m [0m [91m                             ~~~~~~~~~~~~~~~~~[0m

[96msrc/imaging/imaging.module.ts[0m:[93m7[0m:[93m44[0m - [91merror[0m[90m TS2307: [0mCannot find module './brain-tumor-detection.service' or its corresponding type declarations.

[7m7[0m import { BrainTumorDetectionService } from './brain-tumor-detection.service';
[7m [0m [91m                                           ~~~~~~~~~~~~~~~~~~~~~~~~~~~~~~~~~[0m

[96msrc/imaging/imaging.module.ts[0m:[93m9[0m:[93m46[0m - [91merror[0m[90m TS2307: [0mCannot find module './schemas/dicom-image.schema' or its corresponding type declarations.

[7m9[0m import { DicomImage, DicomImageSchema } from './schemas/dicom-image.schema';
[7m [0m [91m                                             ~~~~~~~~~~~~~~~~~~~~~~~~~~~~~~[0m

[96msrc/imaging/imaging.module.ts[0m:[93m10[0m:[93m48[0m - [91merror[0m[90m TS2307: [0mCannot find module './schemas/dicom-series.schema' or its corresponding type declarations.

[7m10[0m import { DicomSeries, DicomSeriesSchema } from './schemas/dicom-series.schema';
[7m  [0m [91m                                               ~~~~~~~~~~~~~~~~~~~~~~~~~~~~~~~[0m

[96msrc/imaging/imaging.module.ts[0m:[93m11[0m:[93m46[0m - [91merror[0m[90m TS2307: [0mCannot find module './schemas/dicom-study.schema' or its corresponding type declarations.

[7m11[0m import { DicomStudy, DicomStudySchema } from './schemas/dicom-study.schema';
[7m  [0m [91m                                             ~~~~~~~~~~~~~~~~~~~~~~~~~~~~~~[0m

[96msrc/imaging/imaging.module.ts[0m:[93m12[0m:[93m62[0m - [91merror[0m[90m TS2307: [0mCannot find module './schemas/brain-tumor-analysis.schema' or its corresponding type declarations.

[7m12[0m import { BrainTumorAnalysis, BrainTumorAnalysisSchema } from './schemas/brain-tumor-analysis.schema';
[7m  [0m [91m                                                             ~~~~~~~~~~~~~~~~~~~~~~~~~~~~~~~~~~~~~~~[0m

[[90m10:38:22 PM[0m] Found 8 errors. Watching for file changes.

[32m[Nest] 51  - [39m07/04/2025, 10:38:22 PM [32m    LOG[39m [38;5;3m[NestApplication] [39m[32mNest application successfully started[39m[38;5;3m +34ms[39m
🚀 Application is running on: http://localhost:3000/api
📚 API Documentation available at: http://localhost:3000/api/docs
[2J[3J[H[[90m10:38:23 PM[0m] File change detected. Starting incremental compilation...

[96msrc/imaging/imaging.module.ts[0m:[93m4[0m:[93m35[0m - [91merror[0m[90m TS2307: [0mCannot find module './imaging.controller' or its corresponding type declarations.

[7m4[0m import { ImagingController } from './imaging.controller';
[7m [0m [91m                                  ~~~~~~~~~~~~~~~~~~~~~~[0m

[96msrc/imaging/imaging.module.ts[0m:[93m5[0m:[93m32[0m - [91merror[0m[90m TS2307: [0mCannot find module './imaging.service' or its corresponding type declarations.

[7m5[0m import { ImagingService } from './imaging.service';
[7m [0m [91m                               ~~~~~~~~~~~~~~~~~~~[0m

[96msrc/imaging/imaging.module.ts[0m:[93m6[0m:[93m30[0m - [91merror[0m[90m TS2307: [0mCannot find module './dicom.service' or its corresponding type declarations.

[7m6[0m import { DicomService } from './dicom.service';
[7m [0m [91m                             ~~~~~~~~~~~~~~~~~[0m

[96msrc/imaging/imaging.module.ts[0m:[93m7[0m:[93m44[0m - [91merror[0m[90m TS2307: [0mCannot find module './brain-tumor-detection.service' or its corresponding type declarations.

[7m7[0m import { BrainTumorDetectionService } from './brain-tumor-detection.service';
[7m [0m [91m                                           ~~~~~~~~~~~~~~~~~~~~~~~~~~~~~~~~~[0m

[96msrc/imaging/imaging.module.ts[0m:[93m9[0m:[93m46[0m - [91merror[0m[90m TS2307: [0mCannot find module './schemas/dicom-image.schema' or its corresponding type declarations.

[7m9[0m import { DicomImage, DicomImageSchema } from './schemas/dicom-image.schema';
[7m [0m [91m                                             ~~~~~~~~~~~~~~~~~~~~~~~~~~~~~~[0m

[96msrc/imaging/imaging.module.ts[0m:[93m10[0m:[93m48[0m - [91merror[0m[90m TS2307: [0mCannot find module './schemas/dicom-series.schema' or its corresponding type declarations.

[7m10[0m import { DicomSeries, DicomSeriesSchema } from './schemas/dicom-series.schema';
[7m  [0m [91m                                               ~~~~~~~~~~~~~~~~~~~~~~~~~~~~~~~[0m

[96msrc/imaging/imaging.module.ts[0m:[93m11[0m:[93m46[0m - [91merror[0m[90m TS2307: [0mCannot find module './schemas/dicom-study.schema' or its corresponding type declarations.

[7m11[0m import { DicomStudy, DicomStudySchema } from './schemas/dicom-study.schema';
[7m  [0m [91m                                             ~~~~~~~~~~~~~~~~~~~~~~~~~~~~~~[0m

[96msrc/imaging/imaging.module.ts[0m:[93m12[0m:[93m62[0m - [91merror[0m[90m TS2307: [0mCannot find module './schemas/brain-tumor-analysis.schema' or its corresponding type declarations.

[7m12[0m import { BrainTumorAnalysis, BrainTumorAnalysisSchema } from './schemas/brain-tumor-analysis.schema';
[7m  [0m [91m                                                             ~~~~~~~~~~~~~~~~~~~~~~~~~~~~~~~~~~~~~~~[0m

[[90m10:38:23 PM[0m] Found 8 errors. Watching for file changes.

[95m[Nest] 51  - [39m07/04/2025, 10:38:36 PM [95m  DEBUG[39m [38;5;3m[CorrelationIdMiddleware] [39m[95mIncoming request GET / [medicare-1751668716562-302d4984][39m
[33m[Nest] 51  - [39m07/04/2025, 10:38:36 PM [33m   WARN[39m [38;5;3m[CorrelationIdMiddleware] [39m[33mResponse 404 GET /api/imaging/test/health [medicare-1751668716562-302d4984] - 4ms[39m
[2J[3J[H[[90m10:38:43 PM[0m] File change detected. Starting incremental compilation...

[96msrc/imaging/imaging.module.ts[0m:[93m4[0m:[93m35[0m - [91merror[0m[90m TS2307: [0mCannot find module './imaging.controller' or its corresponding type declarations.

[7m4[0m import { ImagingController } from './imaging.controller';
[7m [0m [91m                                  ~~~~~~~~~~~~~~~~~~~~~~[0m

[96msrc/imaging/imaging.module.ts[0m:[93m5[0m:[93m32[0m - [91merror[0m[90m TS2307: [0mCannot find module './imaging.service' or its corresponding type declarations.

[7m5[0m import { ImagingService } from './imaging.service';
[7m [0m [91m                               ~~~~~~~~~~~~~~~~~~~[0m

[96msrc/imaging/imaging.module.ts[0m:[93m6[0m:[93m30[0m - [91merror[0m[90m TS2307: [0mCannot find module './dicom.service' or its corresponding type declarations.

[7m6[0m import { DicomService } from './dicom.service';
[7m [0m [91m                             ~~~~~~~~~~~~~~~~~[0m

[96msrc/imaging/imaging.module.ts[0m:[93m7[0m:[93m44[0m - [91merror[0m[90m TS2307: [0mCannot find module './brain-tumor-detection.service' or its corresponding type declarations.

[7m7[0m import { BrainTumorDetectionService } from './brain-tumor-detection.service';
[7m [0m [91m                                           ~~~~~~~~~~~~~~~~~~~~~~~~~~~~~~~~~[0m

[96msrc/imaging/imaging.module.ts[0m:[93m9[0m:[93m46[0m - [91merror[0m[90m TS2307: [0mCannot find module './schemas/dicom-image.schema' or its corresponding type declarations.

[7m9[0m import { DicomImage, DicomImageSchema } from './schemas/dicom-image.schema';
[7m [0m [91m                                             ~~~~~~~~~~~~~~~~~~~~~~~~~~~~~~[0m

[96msrc/imaging/imaging.module.ts[0m:[93m10[0m:[93m48[0m - [91merror[0m[90m TS2307: [0mCannot find module './schemas/dicom-series.schema' or its corresponding type declarations.

[7m10[0m import { DicomSeries, DicomSeriesSchema } from './schemas/dicom-series.schema';
[7m  [0m [91m                                               ~~~~~~~~~~~~~~~~~~~~~~~~~~~~~~~[0m

[96msrc/imaging/imaging.module.ts[0m:[93m11[0m:[93m46[0m - [91merror[0m[90m TS2307: [0mCannot find module './schemas/dicom-study.schema' or its corresponding type declarations.

[7m11[0m import { DicomStudy, DicomStudySchema } from './schemas/dicom-study.schema';
[7m  [0m [91m                                             ~~~~~~~~~~~~~~~~~~~~~~~~~~~~~~[0m

[96msrc/imaging/imaging.module.ts[0m:[93m12[0m:[93m62[0m - [91merror[0m[90m TS2307: [0mCannot find module './schemas/brain-tumor-analysis.schema' or its corresponding type declarations.

[7m12[0m import { BrainTumorAnalysis, BrainTumorAnalysisSchema } from './schemas/brain-tumor-analysis.schema';
[7m  [0m [91m                                                             ~~~~~~~~~~~~~~~~~~~~~~~~~~~~~~~~~~~~~~~[0m

[[90m10:38:43 PM[0m] Found 8 errors. Watching for file changes.

[2J[3J[H[[90m10:38:44 PM[0m] File change detected. Starting incremental compilation...

[96msrc/imaging/imaging.module.ts[0m:[93m4[0m:[93m35[0m - [91merror[0m[90m TS2307: [0mCannot find module './imaging.controller' or its corresponding type declarations.

[7m4[0m import { ImagingController } from './imaging.controller';
[7m [0m [91m                                  ~~~~~~~~~~~~~~~~~~~~~~[0m

[96msrc/imaging/imaging.module.ts[0m:[93m5[0m:[93m32[0m - [91merror[0m[90m TS2307: [0mCannot find module './imaging.service' or its corresponding type declarations.

[7m5[0m import { ImagingService } from './imaging.service';
[7m [0m [91m                               ~~~~~~~~~~~~~~~~~~~[0m

[96msrc/imaging/imaging.module.ts[0m:[93m6[0m:[93m30[0m - [91merror[0m[90m TS2307: [0mCannot find module './dicom.service' or its corresponding type declarations.

[7m6[0m import { DicomService } from './dicom.service';
[7m [0m [91m                             ~~~~~~~~~~~~~~~~~[0m

[96msrc/imaging/imaging.module.ts[0m:[93m7[0m:[93m44[0m - [91merror[0m[90m TS2307: [0mCannot find module './brain-tumor-detection.service' or its corresponding type declarations.

[7m7[0m import { BrainTumorDetectionService } from './brain-tumor-detection.service';
[7m [0m [91m                                           ~~~~~~~~~~~~~~~~~~~~~~~~~~~~~~~~~[0m

[96msrc/imaging/imaging.module.ts[0m:[93m9[0m:[93m46[0m - [91merror[0m[90m TS2307: [0mCannot find module './schemas/dicom-image.schema' or its corresponding type declarations.

[7m9[0m import { DicomImage, DicomImageSchema } from './schemas/dicom-image.schema';
[7m [0m [91m                                             ~~~~~~~~~~~~~~~~~~~~~~~~~~~~~~[0m

[96msrc/imaging/imaging.module.ts[0m:[93m10[0m:[93m48[0m - [91merror[0m[90m TS2307: [0mCannot find module './schemas/dicom-series.schema' or its corresponding type declarations.

[7m10[0m import { DicomSeries, DicomSeriesSchema } from './schemas/dicom-series.schema';
[7m  [0m [91m                                               ~~~~~~~~~~~~~~~~~~~~~~~~~~~~~~~[0m

[96msrc/imaging/imaging.module.ts[0m:[93m11[0m:[93m46[0m - [91merror[0m[90m TS2307: [0mCannot find module './schemas/dicom-study.schema' or its corresponding type declarations.

[7m11[0m import { DicomStudy, DicomStudySchema } from './schemas/dicom-study.schema';
[7m  [0m [91m                                             ~~~~~~~~~~~~~~~~~~~~~~~~~~~~~~[0m

[96msrc/imaging/imaging.module.ts[0m:[93m12[0m:[93m62[0m - [91merror[0m[90m TS2307: [0mCannot find module './schemas/brain-tumor-analysis.schema' or its corresponding type declarations.

[7m12[0m import { BrainTumorAnalysis, BrainTumorAnalysisSchema } from './schemas/brain-tumor-analysis.schema';
[7m  [0m [91m                                                             ~~~~~~~~~~~~~~~~~~~~~~~~~~~~~~~~~~~~~~~[0m

[[90m10:38:44 PM[0m] Found 8 errors. Watching for file changes.

[2J[3J[H[[90m10:38:46 PM[0m] File change detected. Starting incremental compilation...

[96msrc/imaging/imaging.module.ts[0m:[93m4[0m:[93m35[0m - [91merror[0m[90m TS2307: [0mCannot find module './imaging.controller' or its corresponding type declarations.

[7m4[0m import { ImagingController } from './imaging.controller';
[7m [0m [91m                                  ~~~~~~~~~~~~~~~~~~~~~~[0m

[96msrc/imaging/imaging.module.ts[0m:[93m5[0m:[93m32[0m - [91merror[0m[90m TS2307: [0mCannot find module './imaging.service' or its corresponding type declarations.

[7m5[0m import { ImagingService } from './imaging.service';
[7m [0m [91m                               ~~~~~~~~~~~~~~~~~~~[0m

[96msrc/imaging/imaging.module.ts[0m:[93m6[0m:[93m30[0m - [91merror[0m[90m TS2307: [0mCannot find module './dicom.service' or its corresponding type declarations.

[7m6[0m import { DicomService } from './dicom.service';
[7m [0m [91m                             ~~~~~~~~~~~~~~~~~[0m

[96msrc/imaging/imaging.module.ts[0m:[93m7[0m:[93m44[0m - [91merror[0m[90m TS2307: [0mCannot find module './brain-tumor-detection.service' or its corresponding type declarations.

[7m7[0m import { BrainTumorDetectionService } from './brain-tumor-detection.service';
[7m [0m [91m                                           ~~~~~~~~~~~~~~~~~~~~~~~~~~~~~~~~~[0m

[96msrc/imaging/imaging.module.ts[0m:[93m10[0m:[93m48[0m - [91merror[0m[90m TS2307: [0mCannot find module './schemas/dicom-series.schema' or its corresponding type declarations.

[7m10[0m import { DicomSeries, DicomSeriesSchema } from './schemas/dicom-series.schema';
[7m  [0m [91m                                               ~~~~~~~~~~~~~~~~~~~~~~~~~~~~~~~[0m

[96msrc/imaging/imaging.module.ts[0m:[93m11[0m:[93m46[0m - [91merror[0m[90m TS2307: [0mCannot find module './schemas/dicom-study.schema' or its corresponding type declarations.

[7m11[0m import { DicomStudy, DicomStudySchema } from './schemas/dicom-study.schema';
[7m  [0m [91m                                             ~~~~~~~~~~~~~~~~~~~~~~~~~~~~~~[0m

[96msrc/imaging/imaging.module.ts[0m:[93m12[0m:[93m62[0m - [91merror[0m[90m TS2307: [0mCannot find module './schemas/brain-tumor-analysis.schema' or its corresponding type declarations.

[7m12[0m import { BrainTumorAnalysis, BrainTumorAnalysisSchema } from './schemas/brain-tumor-analysis.schema';
[7m  [0m [91m                                                             ~~~~~~~~~~~~~~~~~~~~~~~~~~~~~~~~~~~~~~~[0m

[[90m10:38:46 PM[0m] Found 7 errors. Watching for file changes.

[2J[3J[H[[90m10:38:47 PM[0m] File change detected. Starting incremental compilation...

[96msrc/imaging/imaging.module.ts[0m:[93m4[0m:[93m35[0m - [91merror[0m[90m TS2307: [0mCannot find module './imaging.controller' or its corresponding type declarations.

[7m4[0m import { ImagingController } from './imaging.controller';
[7m [0m [91m                                  ~~~~~~~~~~~~~~~~~~~~~~[0m

[96msrc/imaging/imaging.module.ts[0m:[93m5[0m:[93m32[0m - [91merror[0m[90m TS2307: [0mCannot find module './imaging.service' or its corresponding type declarations.

[7m5[0m import { ImagingService } from './imaging.service';
[7m [0m [91m                               ~~~~~~~~~~~~~~~~~~~[0m

[96msrc/imaging/imaging.module.ts[0m:[93m6[0m:[93m30[0m - [91merror[0m[90m TS2307: [0mCannot find module './dicom.service' or its corresponding type declarations.

[7m6[0m import { DicomService } from './dicom.service';
[7m [0m [91m                             ~~~~~~~~~~~~~~~~~[0m

[96msrc/imaging/imaging.module.ts[0m:[93m7[0m:[93m44[0m - [91merror[0m[90m TS2307: [0mCannot find module './brain-tumor-detection.service' or its corresponding type declarations.

[7m7[0m import { BrainTumorDetectionService } from './brain-tumor-detection.service';
[7m [0m [91m                                           ~~~~~~~~~~~~~~~~~~~~~~~~~~~~~~~~~[0m

[96msrc/imaging/imaging.module.ts[0m:[93m10[0m:[93m48[0m - [91merror[0m[90m TS2307: [0mCannot find module './schemas/dicom-series.schema' or its corresponding type declarations.

[7m10[0m import { DicomSeries, DicomSeriesSchema } from './schemas/dicom-series.schema';
[7m  [0m [91m                                               ~~~~~~~~~~~~~~~~~~~~~~~~~~~~~~~[0m

[96msrc/imaging/imaging.module.ts[0m:[93m11[0m:[93m46[0m - [91merror[0m[90m TS2307: [0mCannot find module './schemas/dicom-study.schema' or its corresponding type declarations.

[7m11[0m import { DicomStudy, DicomStudySchema } from './schemas/dicom-study.schema';
[7m  [0m [91m                                             ~~~~~~~~~~~~~~~~~~~~~~~~~~~~~~[0m

[96msrc/imaging/imaging.module.ts[0m:[93m12[0m:[93m62[0m - [91merror[0m[90m TS2307: [0mCannot find module './schemas/brain-tumor-analysis.schema' or its corresponding type declarations.

[7m12[0m import { BrainTumorAnalysis, BrainTumorAnalysisSchema } from './schemas/brain-tumor-analysis.schema';
[7m  [0m [91m                                                             ~~~~~~~~~~~~~~~~~~~~~~~~~~~~~~~~~~~~~~~[0m

[[90m10:38:48 PM[0m] Found 7 errors. Watching for file changes.

[2J[3J[H[[90m10:39:02 PM[0m] File change detected. Starting incremental compilation...

[96msrc/imaging/imaging.module.ts[0m:[93m4[0m:[93m35[0m - [91merror[0m[90m TS2307: [0mCannot find module './imaging.controller' or its corresponding type declarations.

[7m4[0m import { ImagingController } from './imaging.controller';
[7m [0m [91m                                  ~~~~~~~~~~~~~~~~~~~~~~[0m

[96msrc/imaging/imaging.module.ts[0m:[93m5[0m:[93m32[0m - [91merror[0m[90m TS2307: [0mCannot find module './imaging.service' or its corresponding type declarations.

[7m5[0m import { ImagingService } from './imaging.service';
[7m [0m [91m                               ~~~~~~~~~~~~~~~~~~~[0m

[96msrc/imaging/imaging.module.ts[0m:[93m6[0m:[93m30[0m - [91merror[0m[90m TS2307: [0mCannot find module './dicom.service' or its corresponding type declarations.

[7m6[0m import { DicomService } from './dicom.service';
[7m [0m [91m                             ~~~~~~~~~~~~~~~~~[0m

[96msrc/imaging/imaging.module.ts[0m:[93m7[0m:[93m44[0m - [91merror[0m[90m TS2307: [0mCannot find module './brain-tumor-detection.service' or its corresponding type declarations.

[7m7[0m import { BrainTumorDetectionService } from './brain-tumor-detection.service';
[7m [0m [91m                                           ~~~~~~~~~~~~~~~~~~~~~~~~~~~~~~~~~[0m

[96msrc/imaging/imaging.module.ts[0m:[93m10[0m:[93m48[0m - [91merror[0m[90m TS2307: [0mCannot find module './schemas/dicom-series.schema' or its corresponding type declarations.

[7m10[0m import { DicomSeries, DicomSeriesSchema } from './schemas/dicom-series.schema';
[7m  [0m [91m                                               ~~~~~~~~~~~~~~~~~~~~~~~~~~~~~~~[0m

[96msrc/imaging/imaging.module.ts[0m:[93m11[0m:[93m46[0m - [91merror[0m[90m TS2307: [0mCannot find module './schemas/dicom-study.schema' or its corresponding type declarations.

[7m11[0m import { DicomStudy, DicomStudySchema } from './schemas/dicom-study.schema';
[7m  [0m [91m                                             ~~~~~~~~~~~~~~~~~~~~~~~~~~~~~~[0m

[96msrc/imaging/imaging.module.ts[0m:[93m12[0m:[93m62[0m - [91merror[0m[90m TS2307: [0mCannot find module './schemas/brain-tumor-analysis.schema' or its corresponding type declarations.

[7m12[0m import { BrainTumorAnalysis, BrainTumorAnalysisSchema } from './schemas/brain-tumor-analysis.schema';
[7m  [0m [91m                                                             ~~~~~~~~~~~~~~~~~~~~~~~~~~~~~~~~~~~~~~~[0m

[[90m10:39:02 PM[0m] Found 7 errors. Watching for file changes.

[2J[3J[H[[90m10:39:03 PM[0m] File change detected. Starting incremental compilation...

[96msrc/imaging/imaging.module.ts[0m:[93m4[0m:[93m35[0m - [91merror[0m[90m TS2307: [0mCannot find module './imaging.controller' or its corresponding type declarations.

[7m4[0m import { ImagingController } from './imaging.controller';
[7m [0m [91m                                  ~~~~~~~~~~~~~~~~~~~~~~[0m

[96msrc/imaging/imaging.module.ts[0m:[93m5[0m:[93m32[0m - [91merror[0m[90m TS2307: [0mCannot find module './imaging.service' or its corresponding type declarations.

[7m5[0m import { ImagingService } from './imaging.service';
[7m [0m [91m                               ~~~~~~~~~~~~~~~~~~~[0m

[96msrc/imaging/imaging.module.ts[0m:[93m6[0m:[93m30[0m - [91merror[0m[90m TS2307: [0mCannot find module './dicom.service' or its corresponding type declarations.

[7m6[0m import { DicomService } from './dicom.service';
[7m [0m [91m                             ~~~~~~~~~~~~~~~~~[0m

[96msrc/imaging/imaging.module.ts[0m:[93m7[0m:[93m44[0m - [91merror[0m[90m TS2307: [0mCannot find module './brain-tumor-detection.service' or its corresponding type declarations.

[7m7[0m import { BrainTumorDetectionService } from './brain-tumor-detection.service';
[7m [0m [91m                                           ~~~~~~~~~~~~~~~~~~~~~~~~~~~~~~~~~[0m

[96msrc/imaging/imaging.module.ts[0m:[93m10[0m:[93m48[0m - [91merror[0m[90m TS2307: [0mCannot find module './schemas/dicom-series.schema' or its corresponding type declarations.

[7m10[0m import { DicomSeries, DicomSeriesSchema } from './schemas/dicom-series.schema';
[7m  [0m [91m                                               ~~~~~~~~~~~~~~~~~~~~~~~~~~~~~~~[0m

[96msrc/imaging/imaging.module.ts[0m:[93m11[0m:[93m46[0m - [91merror[0m[90m TS2307: [0mCannot find module './schemas/dicom-study.schema' or its corresponding type declarations.

[7m11[0m import { DicomStudy, DicomStudySchema } from './schemas/dicom-study.schema';
[7m  [0m [91m                                             ~~~~~~~~~~~~~~~~~~~~~~~~~~~~~~[0m

[96msrc/imaging/imaging.module.ts[0m:[93m12[0m:[93m62[0m - [91merror[0m[90m TS2307: [0mCannot find module './schemas/brain-tumor-analysis.schema' or its corresponding type declarations.

[7m12[0m import { BrainTumorAnalysis, BrainTumorAnalysisSchema } from './schemas/brain-tumor-analysis.schema';
[7m  [0m [91m                                                             ~~~~~~~~~~~~~~~~~~~~~~~~~~~~~~~~~~~~~~~[0m

[[90m10:39:03 PM[0m] Found 7 errors. Watching for file changes.

[2J[3J[H[[90m10:39:05 PM[0m] File change detected. Starting incremental compilation...

[96msrc/imaging/imaging.module.ts[0m:[93m4[0m:[93m35[0m - [91merror[0m[90m TS2307: [0mCannot find module './imaging.controller' or its corresponding type declarations.

[7m4[0m import { ImagingController } from './imaging.controller';
[7m [0m [91m                                  ~~~~~~~~~~~~~~~~~~~~~~[0m

[96msrc/imaging/imaging.module.ts[0m:[93m5[0m:[93m32[0m - [91merror[0m[90m TS2307: [0mCannot find module './imaging.service' or its corresponding type declarations.

[7m5[0m import { ImagingService } from './imaging.service';
[7m [0m [91m                               ~~~~~~~~~~~~~~~~~~~[0m

[96msrc/imaging/imaging.module.ts[0m:[93m6[0m:[93m30[0m - [91merror[0m[90m TS2307: [0mCannot find module './dicom.service' or its corresponding type declarations.

[7m6[0m import { DicomService } from './dicom.service';
[7m [0m [91m                             ~~~~~~~~~~~~~~~~~[0m

[96msrc/imaging/imaging.module.ts[0m:[93m7[0m:[93m44[0m - [91merror[0m[90m TS2307: [0mCannot find module './brain-tumor-detection.service' or its corresponding type declarations.

[7m7[0m import { BrainTumorDetectionService } from './brain-tumor-detection.service';
[7m [0m [91m                                           ~~~~~~~~~~~~~~~~~~~~~~~~~~~~~~~~~[0m

[96msrc/imaging/imaging.module.ts[0m:[93m11[0m:[93m46[0m - [91merror[0m[90m TS2307: [0mCannot find module './schemas/dicom-study.schema' or its corresponding type declarations.

[7m11[0m import { DicomStudy, DicomStudySchema } from './schemas/dicom-study.schema';
[7m  [0m [91m                                             ~~~~~~~~~~~~~~~~~~~~~~~~~~~~~~[0m

[96msrc/imaging/imaging.module.ts[0m:[93m12[0m:[93m62[0m - [91merror[0m[90m TS2307: [0mCannot find module './schemas/brain-tumor-analysis.schema' or its corresponding type declarations.

[7m12[0m import { BrainTumorAnalysis, BrainTumorAnalysisSchema } from './schemas/brain-tumor-analysis.schema';
[7m  [0m [91m                                                             ~~~~~~~~~~~~~~~~~~~~~~~~~~~~~~~~~~~~~~~[0m

[[90m10:39:06 PM[0m] Found 6 errors. Watching for file changes.

[2J[3J[H[[90m10:39:06 PM[0m] File change detected. Starting incremental compilation...

[96msrc/imaging/imaging.module.ts[0m:[93m4[0m:[93m35[0m - [91merror[0m[90m TS2307: [0mCannot find module './imaging.controller' or its corresponding type declarations.

[7m4[0m import { ImagingController } from './imaging.controller';
[7m [0m [91m                                  ~~~~~~~~~~~~~~~~~~~~~~[0m

[96msrc/imaging/imaging.module.ts[0m:[93m5[0m:[93m32[0m - [91merror[0m[90m TS2307: [0mCannot find module './imaging.service' or its corresponding type declarations.

[7m5[0m import { ImagingService } from './imaging.service';
[7m [0m [91m                               ~~~~~~~~~~~~~~~~~~~[0m

[96msrc/imaging/imaging.module.ts[0m:[93m6[0m:[93m30[0m - [91merror[0m[90m TS2307: [0mCannot find module './dicom.service' or its corresponding type declarations.

[7m6[0m import { DicomService } from './dicom.service';
[7m [0m [91m                             ~~~~~~~~~~~~~~~~~[0m

[96msrc/imaging/imaging.module.ts[0m:[93m7[0m:[93m44[0m - [91merror[0m[90m TS2307: [0mCannot find module './brain-tumor-detection.service' or its corresponding type declarations.

[7m7[0m import { BrainTumorDetectionService } from './brain-tumor-detection.service';
[7m [0m [91m                                           ~~~~~~~~~~~~~~~~~~~~~~~~~~~~~~~~~[0m

[96msrc/imaging/imaging.module.ts[0m:[93m11[0m:[93m46[0m - [91merror[0m[90m TS2307: [0mCannot find module './schemas/dicom-study.schema' or its corresponding type declarations.

[7m11[0m import { DicomStudy, DicomStudySchema } from './schemas/dicom-study.schema';
[7m  [0m [91m                                             ~~~~~~~~~~~~~~~~~~~~~~~~~~~~~~[0m

[96msrc/imaging/imaging.module.ts[0m:[93m12[0m:[93m62[0m - [91merror[0m[90m TS2307: [0mCannot find module './schemas/brain-tumor-analysis.schema' or its corresponding type declarations.

[7m12[0m import { BrainTumorAnalysis, BrainTumorAnalysisSchema } from './schemas/brain-tumor-analysis.schema';
[7m  [0m [91m                                                             ~~~~~~~~~~~~~~~~~~~~~~~~~~~~~~~~~~~~~~~[0m

[[90m10:39:06 PM[0m] Found 6 errors. Watching for file changes.

[95m[Nest] 51  - [39m07/04/2025, 10:39:07 PM [95m  DEBUG[39m [38;5;3m[CorrelationIdMiddleware] [39m[95mIncoming request GET / [medicare-1751668747321-99bcc949][39m
[33m[Nest] 51  - [39m07/04/2025, 10:39:07 PM [33m   WARN[39m [38;5;3m[CorrelationIdMiddleware] [39m[33mResponse 404 GET /api/imaging/test/health [medicare-1751668747321-99bcc949] - 1ms[39m
[2J[3J[H[[90m10:39:17 PM[0m] File change detected. Starting incremental compilation...

[96msrc/imaging/imaging.module.ts[0m:[93m4[0m:[93m35[0m - [91merror[0m[90m TS2307: [0mCannot find module './imaging.controller' or its corresponding type declarations.

[7m4[0m import { ImagingController } from './imaging.controller';
[7m [0m [91m                                  ~~~~~~~~~~~~~~~~~~~~~~[0m

[96msrc/imaging/imaging.module.ts[0m:[93m5[0m:[93m32[0m - [91merror[0m[90m TS2307: [0mCannot find module './imaging.service' or its corresponding type declarations.

[7m5[0m import { ImagingService } from './imaging.service';
[7m [0m [91m                               ~~~~~~~~~~~~~~~~~~~[0m

[96msrc/imaging/imaging.module.ts[0m:[93m6[0m:[93m30[0m - [91merror[0m[90m TS2307: [0mCannot find module './dicom.service' or its corresponding type declarations.

[7m6[0m import { DicomService } from './dicom.service';
[7m [0m [91m                             ~~~~~~~~~~~~~~~~~[0m

[96msrc/imaging/imaging.module.ts[0m:[93m7[0m:[93m44[0m - [91merror[0m[90m TS2307: [0mCannot find module './brain-tumor-detection.service' or its corresponding type declarations.

[7m7[0m import { BrainTumorDetectionService } from './brain-tumor-detection.service';
[7m [0m [91m                                           ~~~~~~~~~~~~~~~~~~~~~~~~~~~~~~~~~[0m

[96msrc/imaging/imaging.module.ts[0m:[93m11[0m:[93m46[0m - [91merror[0m[90m TS2307: [0mCannot find module './schemas/dicom-study.schema' or its corresponding type declarations.

[7m11[0m import { DicomStudy, DicomStudySchema } from './schemas/dicom-study.schema';
[7m  [0m [91m                                             ~~~~~~~~~~~~~~~~~~~~~~~~~~~~~~[0m

[96msrc/imaging/imaging.module.ts[0m:[93m12[0m:[93m62[0m - [91merror[0m[90m TS2307: [0mCannot find module './schemas/brain-tumor-analysis.schema' or its corresponding type declarations.

[7m12[0m import { BrainTumorAnalysis, BrainTumorAnalysisSchema } from './schemas/brain-tumor-analysis.schema';
[7m  [0m [91m                                                             ~~~~~~~~~~~~~~~~~~~~~~~~~~~~~~~~~~~~~~~[0m

[[90m10:39:17 PM[0m] Found 6 errors. Watching for file changes.

[2J[3J[H[[90m10:39:19 PM[0m] File change detected. Starting incremental compilation...

[96msrc/imaging/imaging.module.ts[0m:[93m4[0m:[93m35[0m - [91merror[0m[90m TS2307: [0mCannot find module './imaging.controller' or its corresponding type declarations.

[7m4[0m import { ImagingController } from './imaging.controller';
[7m [0m [91m                                  ~~~~~~~~~~~~~~~~~~~~~~[0m

[96msrc/imaging/imaging.module.ts[0m:[93m5[0m:[93m32[0m - [91merror[0m[90m TS2307: [0mCannot find module './imaging.service' or its corresponding type declarations.

[7m5[0m import { ImagingService } from './imaging.service';
[7m [0m [91m                               ~~~~~~~~~~~~~~~~~~~[0m

[96msrc/imaging/imaging.module.ts[0m:[93m6[0m:[93m30[0m - [91merror[0m[90m TS2307: [0mCannot find module './dicom.service' or its corresponding type declarations.

[7m6[0m import { DicomService } from './dicom.service';
[7m [0m [91m                             ~~~~~~~~~~~~~~~~~[0m

[96msrc/imaging/imaging.module.ts[0m:[93m7[0m:[93m44[0m - [91merror[0m[90m TS2307: [0mCannot find module './brain-tumor-detection.service' or its corresponding type declarations.

[7m7[0m import { BrainTumorDetectionService } from './brain-tumor-detection.service';
[7m [0m [91m                                           ~~~~~~~~~~~~~~~~~~~~~~~~~~~~~~~~~[0m

[96msrc/imaging/imaging.module.ts[0m:[93m11[0m:[93m46[0m - [91merror[0m[90m TS2307: [0mCannot find module './schemas/dicom-study.schema' or its corresponding type declarations.

[7m11[0m import { DicomStudy, DicomStudySchema } from './schemas/dicom-study.schema';
[7m  [0m [91m                                             ~~~~~~~~~~~~~~~~~~~~~~~~~~~~~~[0m

[96msrc/imaging/imaging.module.ts[0m:[93m12[0m:[93m62[0m - [91merror[0m[90m TS2307: [0mCannot find module './schemas/brain-tumor-analysis.schema' or its corresponding type declarations.

[7m12[0m import { BrainTumorAnalysis, BrainTumorAnalysisSchema } from './schemas/brain-tumor-analysis.schema';
[7m  [0m [91m                                                             ~~~~~~~~~~~~~~~~~~~~~~~~~~~~~~~~~~~~~~~[0m

[[90m10:39:19 PM[0m] Found 6 errors. Watching for file changes.

[2J[3J[H[[90m10:39:24 PM[0m] File change detected. Starting incremental compilation...

[96msrc/imaging/imaging.module.ts[0m:[93m4[0m:[93m35[0m - [91merror[0m[90m TS2307: [0mCannot find module './imaging.controller' or its corresponding type declarations.

[7m4[0m import { ImagingController } from './imaging.controller';
[7m [0m [91m                                  ~~~~~~~~~~~~~~~~~~~~~~[0m

[96msrc/imaging/imaging.module.ts[0m:[93m5[0m:[93m32[0m - [91merror[0m[90m TS2307: [0mCannot find module './imaging.service' or its corresponding type declarations.

[7m5[0m import { ImagingService } from './imaging.service';
[7m [0m [91m                               ~~~~~~~~~~~~~~~~~~~[0m

[96msrc/imaging/imaging.module.ts[0m:[93m6[0m:[93m30[0m - [91merror[0m[90m TS2307: [0mCannot find module './dicom.service' or its corresponding type declarations.

[7m6[0m import { DicomService } from './dicom.service';
[7m [0m [91m                             ~~~~~~~~~~~~~~~~~[0m

[96msrc/imaging/imaging.module.ts[0m:[93m7[0m:[93m44[0m - [91merror[0m[90m TS2307: [0mCannot find module './brain-tumor-detection.service' or its corresponding type declarations.

[7m7[0m import { BrainTumorDetectionService } from './brain-tumor-detection.service';
[7m [0m [91m                                           ~~~~~~~~~~~~~~~~~~~~~~~~~~~~~~~~~[0m

[96msrc/imaging/imaging.module.ts[0m:[93m12[0m:[93m62[0m - [91merror[0m[90m TS2307: [0mCannot find module './schemas/brain-tumor-analysis.schema' or its corresponding type declarations.

[7m12[0m import { BrainTumorAnalysis, BrainTumorAnalysisSchema } from './schemas/brain-tumor-analysis.schema';
[7m  [0m [91m                                                             ~~~~~~~~~~~~~~~~~~~~~~~~~~~~~~~~~~~~~~~[0m

[[90m10:39:25 PM[0m] Found 5 errors. Watching for file changes.

[2J[3J[H[[90m10:39:26 PM[0m] File change detected. Starting incremental compilation...

[96msrc/imaging/imaging.module.ts[0m:[93m4[0m:[93m35[0m - [91merror[0m[90m TS2307: [0mCannot find module './imaging.controller' or its corresponding type declarations.

[7m4[0m import { ImagingController } from './imaging.controller';
[7m [0m [91m                                  ~~~~~~~~~~~~~~~~~~~~~~[0m

[96msrc/imaging/imaging.module.ts[0m:[93m5[0m:[93m32[0m - [91merror[0m[90m TS2307: [0mCannot find module './imaging.service' or its corresponding type declarations.

[7m5[0m import { ImagingService } from './imaging.service';
[7m [0m [91m                               ~~~~~~~~~~~~~~~~~~~[0m

[96msrc/imaging/imaging.module.ts[0m:[93m6[0m:[93m30[0m - [91merror[0m[90m TS2307: [0mCannot find module './dicom.service' or its corresponding type declarations.

[7m6[0m import { DicomService } from './dicom.service';
[7m [0m [91m                             ~~~~~~~~~~~~~~~~~[0m

[96msrc/imaging/imaging.module.ts[0m:[93m7[0m:[93m44[0m - [91merror[0m[90m TS2307: [0mCannot find module './brain-tumor-detection.service' or its corresponding type declarations.

[7m7[0m import { BrainTumorDetectionService } from './brain-tumor-detection.service';
[7m [0m [91m                                           ~~~~~~~~~~~~~~~~~~~~~~~~~~~~~~~~~[0m

[96msrc/imaging/imaging.module.ts[0m:[93m12[0m:[93m62[0m - [91merror[0m[90m TS2307: [0mCannot find module './schemas/brain-tumor-analysis.schema' or its corresponding type declarations.

[7m12[0m import { BrainTumorAnalysis, BrainTumorAnalysisSchema } from './schemas/brain-tumor-analysis.schema';
[7m  [0m [91m                                                             ~~~~~~~~~~~~~~~~~~~~~~~~~~~~~~~~~~~~~~~[0m

[[90m10:39:26 PM[0m] Found 5 errors. Watching for file changes.

[95m[Nest] 51  - [39m07/04/2025, 10:39:38 PM [95m  DEBUG[39m [38;5;3m[CorrelationIdMiddleware] [39m[95mIncoming request GET / [medicare-1751668778051-4fb34e31][39m
[33m[Nest] 51  - [39m07/04/2025, 10:39:38 PM [33m   WARN[39m [38;5;3m[CorrelationIdMiddleware] [39m[33mResponse 404 GET /api/imaging/test/health [medicare-1751668778051-4fb34e31] - 3ms[39m
[2J[3J[H[[90m10:39:52 PM[0m] File change detected. Starting incremental compilation...

[96msrc/imaging/imaging.module.ts[0m:[93m4[0m:[93m35[0m - [91merror[0m[90m TS2307: [0mCannot find module './imaging.controller' or its corresponding type declarations.

[7m4[0m import { ImagingController } from './imaging.controller';
[7m [0m [91m                                  ~~~~~~~~~~~~~~~~~~~~~~[0m

[96msrc/imaging/imaging.module.ts[0m:[93m5[0m:[93m32[0m - [91merror[0m[90m TS2307: [0mCannot find module './imaging.service' or its corresponding type declarations.

[7m5[0m import { ImagingService } from './imaging.service';
[7m [0m [91m                               ~~~~~~~~~~~~~~~~~~~[0m

[96msrc/imaging/imaging.module.ts[0m:[93m6[0m:[93m30[0m - [91merror[0m[90m TS2307: [0mCannot find module './dicom.service' or its corresponding type declarations.

[7m6[0m import { DicomService } from './dicom.service';
[7m [0m [91m                             ~~~~~~~~~~~~~~~~~[0m

[96msrc/imaging/imaging.module.ts[0m:[93m7[0m:[93m44[0m - [91merror[0m[90m TS2307: [0mCannot find module './brain-tumor-detection.service' or its corresponding type declarations.

[7m7[0m import { BrainTumorDetectionService } from './brain-tumor-detection.service';
[7m [0m [91m                                           ~~~~~~~~~~~~~~~~~~~~~~~~~~~~~~~~~[0m

[96msrc/imaging/imaging.module.ts[0m:[93m12[0m:[93m62[0m - [91merror[0m[90m TS2307: [0mCannot find module './schemas/brain-tumor-analysis.schema' or its corresponding type declarations.

[7m12[0m import { BrainTumorAnalysis, BrainTumorAnalysisSchema } from './schemas/brain-tumor-analysis.schema';
[7m  [0m [91m                                                             ~~~~~~~~~~~~~~~~~~~~~~~~~~~~~~~~~~~~~~~[0m

[[90m10:39:52 PM[0m] Found 5 errors. Watching for file changes.

[2J[3J[H[[90m10:39:53 PM[0m] File change detected. Starting incremental compilation...

[96msrc/imaging/imaging.module.ts[0m:[93m4[0m:[93m35[0m - [91merror[0m[90m TS2307: [0mCannot find module './imaging.controller' or its corresponding type declarations.

[7m4[0m import { ImagingController } from './imaging.controller';
[7m [0m [91m                                  ~~~~~~~~~~~~~~~~~~~~~~[0m

[96msrc/imaging/imaging.module.ts[0m:[93m5[0m:[93m32[0m - [91merror[0m[90m TS2307: [0mCannot find module './imaging.service' or its corresponding type declarations.

[7m5[0m import { ImagingService } from './imaging.service';
[7m [0m [91m                               ~~~~~~~~~~~~~~~~~~~[0m

[96msrc/imaging/imaging.module.ts[0m:[93m6[0m:[93m30[0m - [91merror[0m[90m TS2307: [0mCannot find module './dicom.service' or its corresponding type declarations.

[7m6[0m import { DicomService } from './dicom.service';
[7m [0m [91m                             ~~~~~~~~~~~~~~~~~[0m

[96msrc/imaging/imaging.module.ts[0m:[93m7[0m:[93m44[0m - [91merror[0m[90m TS2307: [0mCannot find module './brain-tumor-detection.service' or its corresponding type declarations.

[7m7[0m import { BrainTumorDetectionService } from './brain-tumor-detection.service';
[7m [0m [91m                                           ~~~~~~~~~~~~~~~~~~~~~~~~~~~~~~~~~[0m

[96msrc/imaging/imaging.module.ts[0m:[93m12[0m:[93m62[0m - [91merror[0m[90m TS2307: [0mCannot find module './schemas/brain-tumor-analysis.schema' or its corresponding type declarations.

[7m12[0m import { BrainTumorAnalysis, BrainTumorAnalysisSchema } from './schemas/brain-tumor-analysis.schema';
[7m  [0m [91m                                                             ~~~~~~~~~~~~~~~~~~~~~~~~~~~~~~~~~~~~~~~[0m

[[90m10:39:54 PM[0m] Found 5 errors. Watching for file changes.

[95m[Nest] 51  - [39m07/04/2025, 10:39:55 PM [95m  DEBUG[39m [38;5;3m[CorrelationIdMiddleware] [39m[95mIncoming request POST / [medicare-1751668795246-3157e376][39m
[95m[Nest] 51  - [39m07/04/2025, 10:39:55 PM [95m  DEBUG[39m [38;5;3m[FhirValidationInterceptor] [39m[95mCould not extract resource type from URL: /api/auth/login[39m
[95m[Nest] 51  - [39m07/04/2025, 10:39:55 PM [95m  DEBUG[39m [38;5;3m[MetricsService] [39m[95mRecorded metric: http_request_duration_ms = 151[39m
[95m[Nest] 51  - [39m07/04/2025, 10:39:55 PM [95m  DEBUG[39m [38;5;3m[MetricsService] [39m[95mObject:[39m
{
  "metric": {
    "name": "http_request_duration_ms",
    "value": 151,
    "tags": {
      "method": "POST",
      "path": "/api/auth/login",
      "status": "success"
    },
    "timestamp": 1751668795403
  }
}

[95m[Nest] 51  - [39m07/04/2025, 10:39:55 PM [95m  DEBUG[39m [38;5;3m[MetricsService] [39m[95mRecorded metric: http_request_count = 1[39m
[95m[Nest] 51  - [39m07/04/2025, 10:39:55 PM [95m  DEBUG[39m [38;5;3m[MetricsService] [39m[95mObject:[39m
{
  "metric": {
    "name": "http_request_count",
    "value": 1,
    "tags": {
      "method": "POST",
      "path": "/api/auth/login",
      "status": "success"
    },
    "timestamp": 1751668795409
  }
}

[95m[Nest] 51  - [39m07/04/2025, 10:39:55 PM [95m  DEBUG[39m [38;5;3m[CorrelationIdMiddleware] [39m[95mResponse 200 POST /api/auth/login [medicare-1751668795246-3157e376] - 166ms[39m
[2J[3J[H[[90m10:39:56 PM[0m] File change detected. Starting incremental compilation...

[96msrc/imaging/imaging.module.ts[0m:[93m4[0m:[93m35[0m - [91merror[0m[90m TS2307: [0mCannot find module './imaging.controller' or its corresponding type declarations.

[7m4[0m import { ImagingController } from './imaging.controller';
[7m [0m [91m                                  ~~~~~~~~~~~~~~~~~~~~~~[0m

[96msrc/imaging/imaging.module.ts[0m:[93m5[0m:[93m32[0m - [91merror[0m[90m TS2307: [0mCannot find module './imaging.service' or its corresponding type declarations.

[7m5[0m import { ImagingService } from './imaging.service';
[7m [0m [91m                               ~~~~~~~~~~~~~~~~~~~[0m

[96msrc/imaging/imaging.module.ts[0m:[93m6[0m:[93m30[0m - [91merror[0m[90m TS2307: [0mCannot find module './dicom.service' or its corresponding type declarations.

[7m6[0m import { DicomService } from './dicom.service';
[7m [0m [91m                             ~~~~~~~~~~~~~~~~~[0m

[96msrc/imaging/imaging.module.ts[0m:[93m7[0m:[93m44[0m - [91merror[0m[90m TS2307: [0mCannot find module './brain-tumor-detection.service' or its corresponding type declarations.

[7m7[0m import { BrainTumorDetectionService } from './brain-tumor-detection.service';
[7m [0m [91m                                           ~~~~~~~~~~~~~~~~~~~~~~~~~~~~~~~~~[0m

[[90m10:39:57 PM[0m] Found 4 errors. Watching for file changes.

[2J[3J[H[[90m10:39:58 PM[0m] File change detected. Starting incremental compilation...

[96msrc/imaging/imaging.module.ts[0m:[93m4[0m:[93m35[0m - [91merror[0m[90m TS2307: [0mCannot find module './imaging.controller' or its corresponding type declarations.

[7m4[0m import { ImagingController } from './imaging.controller';
[7m [0m [91m                                  ~~~~~~~~~~~~~~~~~~~~~~[0m

[96msrc/imaging/imaging.module.ts[0m:[93m5[0m:[93m32[0m - [91merror[0m[90m TS2307: [0mCannot find module './imaging.service' or its corresponding type declarations.

[7m5[0m import { ImagingService } from './imaging.service';
[7m [0m [91m                               ~~~~~~~~~~~~~~~~~~~[0m

[96msrc/imaging/imaging.module.ts[0m:[93m6[0m:[93m30[0m - [91merror[0m[90m TS2307: [0mCannot find module './dicom.service' or its corresponding type declarations.

[7m6[0m import { DicomService } from './dicom.service';
[7m [0m [91m                             ~~~~~~~~~~~~~~~~~[0m

[96msrc/imaging/imaging.module.ts[0m:[93m7[0m:[93m44[0m - [91merror[0m[90m TS2307: [0mCannot find module './brain-tumor-detection.service' or its corresponding type declarations.

[7m7[0m import { BrainTumorDetectionService } from './brain-tumor-detection.service';
[7m [0m [91m                                           ~~~~~~~~~~~~~~~~~~~~~~~~~~~~~~~~~[0m

[[90m10:39:58 PM[0m] Found 4 errors. Watching for file changes.

[95m[Nest] 51  - [39m07/04/2025, 10:40:08 PM [95m  DEBUG[39m [38;5;3m[CorrelationIdMiddleware] [39m[95mIncoming request GET / [medicare-1751668808094-5f7a3a27][39m
[33m[Nest] 51  - [39m07/04/2025, 10:40:08 PM [33m   WARN[39m [38;5;3m[CorrelationIdMiddleware] [39m[33mResponse 404 GET /api/imaging/test/health [medicare-1751668808094-5f7a3a27] - 1ms[39m
[2J[3J[H[[90m10:40:15 PM[0m] File change detected. Starting incremental compilation...

[96msrc/imaging/imaging.module.ts[0m:[93m4[0m:[93m35[0m - [91merror[0m[90m TS2307: [0mCannot find module './imaging.controller' or its corresponding type declarations.

[7m4[0m import { ImagingController } from './imaging.controller';
[7m [0m [91m                                  ~~~~~~~~~~~~~~~~~~~~~~[0m

[96msrc/imaging/imaging.module.ts[0m:[93m5[0m:[93m32[0m - [91merror[0m[90m TS2307: [0mCannot find module './imaging.service' or its corresponding type declarations.

[7m5[0m import { ImagingService } from './imaging.service';
[7m [0m [91m                               ~~~~~~~~~~~~~~~~~~~[0m

[96msrc/imaging/imaging.module.ts[0m:[93m6[0m:[93m30[0m - [91merror[0m[90m TS2307: [0mCannot find module './dicom.service' or its corresponding type declarations.

[7m6[0m import { DicomService } from './dicom.service';
[7m [0m [91m                             ~~~~~~~~~~~~~~~~~[0m

[96msrc/imaging/imaging.module.ts[0m:[93m7[0m:[93m44[0m - [91merror[0m[90m TS2307: [0mCannot find module './brain-tumor-detection.service' or its corresponding type declarations.

[7m7[0m import { BrainTumorDetectionService } from './brain-tumor-detection.service';
[7m [0m [91m                                           ~~~~~~~~~~~~~~~~~~~~~~~~~~~~~~~~~[0m

[[90m10:40:15 PM[0m] Found 4 errors. Watching for file changes.

[2J[3J[H[[90m10:40:18 PM[0m] File change detected. Starting incremental compilation...

[96msrc/imaging/imaging.module.ts[0m:[93m4[0m:[93m35[0m - [91merror[0m[90m TS2307: [0mCannot find module './imaging.controller' or its corresponding type declarations.

[7m4[0m import { ImagingController } from './imaging.controller';
[7m [0m [91m                                  ~~~~~~~~~~~~~~~~~~~~~~[0m

[96msrc/imaging/imaging.module.ts[0m:[93m5[0m:[93m32[0m - [91merror[0m[90m TS2307: [0mCannot find module './imaging.service' or its corresponding type declarations.

[7m5[0m import { ImagingService } from './imaging.service';
[7m [0m [91m                               ~~~~~~~~~~~~~~~~~~~[0m

[96msrc/imaging/imaging.module.ts[0m:[93m6[0m:[93m30[0m - [91merror[0m[90m TS2307: [0mCannot find module './dicom.service' or its corresponding type declarations.

[7m6[0m import { DicomService } from './dicom.service';
[7m [0m [91m                             ~~~~~~~~~~~~~~~~~[0m

[96msrc/imaging/imaging.module.ts[0m:[93m7[0m:[93m44[0m - [91merror[0m[90m TS2307: [0mCannot find module './brain-tumor-detection.service' or its corresponding type declarations.

[7m7[0m import { BrainTumorDetectionService } from './brain-tumor-detection.service';
[7m [0m [91m                                           ~~~~~~~~~~~~~~~~~~~~~~~~~~~~~~~~~[0m

[[90m10:40:18 PM[0m] Found 4 errors. Watching for file changes.

[2J[3J[H[[90m10:40:23 PM[0m] File change detected. Starting incremental compilation...

[96msrc/imaging/imaging.module.ts[0m:[93m4[0m:[93m35[0m - [91merror[0m[90m TS2307: [0mCannot find module './imaging.controller' or its corresponding type declarations.

[7m4[0m import { ImagingController } from './imaging.controller';
[7m [0m [91m                                  ~~~~~~~~~~~~~~~~~~~~~~[0m

[96msrc/imaging/imaging.module.ts[0m:[93m5[0m:[93m32[0m - [91merror[0m[90m TS2307: [0mCannot find module './imaging.service' or its corresponding type declarations.

[7m5[0m import { ImagingService } from './imaging.service';
[7m [0m [91m                               ~~~~~~~~~~~~~~~~~~~[0m

[96msrc/imaging/imaging.module.ts[0m:[93m6[0m:[93m30[0m - [91merror[0m[90m TS2307: [0mCannot find module './dicom.service' or its corresponding type declarations.

[7m6[0m import { DicomService } from './dicom.service';
[7m [0m [91m                             ~~~~~~~~~~~~~~~~~[0m

[96msrc/imaging/imaging.module.ts[0m:[93m7[0m:[93m44[0m - [91merror[0m[90m TS2307: [0mCannot find module './brain-tumor-detection.service' or its corresponding type declarations.

[7m7[0m import { BrainTumorDetectionService } from './brain-tumor-detection.service';
[7m [0m [91m                                           ~~~~~~~~~~~~~~~~~~~~~~~~~~~~~~~~~[0m

[[90m10:40:23 PM[0m] Found 4 errors. Watching for file changes.

[95m[Nest] 51  - [39m07/04/2025, 10:40:38 PM [95m  DEBUG[39m [38;5;3m[CorrelationIdMiddleware] [39m[95mIncoming request GET / [medicare-1751668838782-bd5d197a][39m
[33m[Nest] 51  - [39m07/04/2025, 10:40:38 PM [33m   WARN[39m [38;5;3m[CorrelationIdMiddleware] [39m[33mResponse 404 GET /api/imaging/test/health [medicare-1751668838782-bd5d197a] - 1ms[39m
[2J[3J[H[[90m10:40:55 PM[0m] File change detected. Starting incremental compilation...

[96msrc/imaging/imaging.module.ts[0m:[93m4[0m:[93m35[0m - [91merror[0m[90m TS2307: [0mCannot find module './imaging.controller' or its corresponding type declarations.

[7m4[0m import { ImagingController } from './imaging.controller';
[7m [0m [91m                                  ~~~~~~~~~~~~~~~~~~~~~~[0m

[96msrc/imaging/imaging.module.ts[0m:[93m5[0m:[93m32[0m - [91merror[0m[90m TS2307: [0mCannot find module './imaging.service' or its corresponding type declarations.

[7m5[0m import { ImagingService } from './imaging.service';
[7m [0m [91m                               ~~~~~~~~~~~~~~~~~~~[0m

[96msrc/imaging/imaging.module.ts[0m:[93m6[0m:[93m30[0m - [91merror[0m[90m TS2307: [0mCannot find module './dicom.service' or its corresponding type declarations.

[7m6[0m import { DicomService } from './dicom.service';
[7m [0m [91m                             ~~~~~~~~~~~~~~~~~[0m

[96msrc/imaging/imaging.module.ts[0m:[93m7[0m:[93m44[0m - [91merror[0m[90m TS2307: [0mCannot find module './brain-tumor-detection.service' or its corresponding type declarations.

[7m7[0m import { BrainTumorDetectionService } from './brain-tumor-detection.service';
[7m [0m [91m                                           ~~~~~~~~~~~~~~~~~~~~~~~~~~~~~~~~~[0m

[[90m10:40:55 PM[0m] Found 4 errors. Watching for file changes.

[2J[3J[H[[90m10:40:57 PM[0m] File change detected. Starting incremental compilation...

[96msrc/imaging/imaging.module.ts[0m:[93m4[0m:[93m35[0m - [91merror[0m[90m TS2307: [0mCannot find module './imaging.controller' or its corresponding type declarations.

[7m4[0m import { ImagingController } from './imaging.controller';
[7m [0m [91m                                  ~~~~~~~~~~~~~~~~~~~~~~[0m

[96msrc/imaging/imaging.module.ts[0m:[93m5[0m:[93m32[0m - [91merror[0m[90m TS2307: [0mCannot find module './imaging.service' or its corresponding type declarations.

[7m5[0m import { ImagingService } from './imaging.service';
[7m [0m [91m                               ~~~~~~~~~~~~~~~~~~~[0m

[96msrc/imaging/imaging.module.ts[0m:[93m6[0m:[93m30[0m - [91merror[0m[90m TS2307: [0mCannot find module './dicom.service' or its corresponding type declarations.

[7m6[0m import { DicomService } from './dicom.service';
[7m [0m [91m                             ~~~~~~~~~~~~~~~~~[0m

[96msrc/imaging/imaging.module.ts[0m:[93m7[0m:[93m44[0m - [91merror[0m[90m TS2307: [0mCannot find module './brain-tumor-detection.service' or its corresponding type declarations.

[7m7[0m import { BrainTumorDetectionService } from './brain-tumor-detection.service';
[7m [0m [91m                                           ~~~~~~~~~~~~~~~~~~~~~~~~~~~~~~~~~[0m

[[90m10:40:57 PM[0m] Found 4 errors. Watching for file changes.

[2J[3J[H[[90m10:40:59 PM[0m] File change detected. Starting incremental compilation...

[96msrc/imaging/imaging.module.ts[0m:[93m4[0m:[93m35[0m - [91merror[0m[90m TS2307: [0mCannot find module './imaging.controller' or its corresponding type declarations.

[7m4[0m import { ImagingController } from './imaging.controller';
[7m [0m [91m                                  ~~~~~~~~~~~~~~~~~~~~~~[0m

[96msrc/imaging/imaging.module.ts[0m:[93m5[0m:[93m32[0m - [91merror[0m[90m TS2307: [0mCannot find module './imaging.service' or its corresponding type declarations.

[7m5[0m import { ImagingService } from './imaging.service';
[7m [0m [91m                               ~~~~~~~~~~~~~~~~~~~[0m

[96msrc/imaging/imaging.module.ts[0m:[93m6[0m:[93m30[0m - [91merror[0m[90m TS2307: [0mCannot find module './dicom.service' or its corresponding type declarations.

[7m6[0m import { DicomService } from './dicom.service';
[7m [0m [91m                             ~~~~~~~~~~~~~~~~~[0m

[96msrc/imaging/imaging.module.ts[0m:[93m7[0m:[93m44[0m - [91merror[0m[90m TS2307: [0mCannot find module './brain-tumor-detection.service' or its corresponding type declarations.

[7m7[0m import { BrainTumorDetectionService } from './brain-tumor-detection.service';
[7m [0m [91m                                           ~~~~~~~~~~~~~~~~~~~~~~~~~~~~~~~~~[0m

[[90m10:40:59 PM[0m] Found 4 errors. Watching for file changes.

[95m[Nest] 51  - [39m07/04/2025, 10:41:09 PM [95m  DEBUG[39m [38;5;3m[CorrelationIdMiddleware] [39m[95mIncoming request GET / [medicare-1751668869593-61035370][39m
[33m[Nest] 51  - [39m07/04/2025, 10:41:09 PM [33m   WARN[39m [38;5;3m[CorrelationIdMiddleware] [39m[33mResponse 404 GET /api/imaging/test/health [medicare-1751668869593-61035370] - 1ms[39m
[95m[Nest] 51  - [39m07/04/2025, 10:41:40 PM [95m  DEBUG[39m [38;5;3m[CorrelationIdMiddleware] [39m[95mIncoming request GET / [medicare-1751668900033-4c415ce3][39m
[33m[Nest] 51  - [39m07/04/2025, 10:41:40 PM [33m   WARN[39m [38;5;3m[CorrelationIdMiddleware] [39m[33mResponse 404 GET /api/imaging/test/health [medicare-1751668900033-4c415ce3] - 0ms[39m
[95m[Nest] 51  - [39m07/04/2025, 10:42:10 PM [95m  DEBUG[39m [38;5;3m[CorrelationIdMiddleware] [39m[95mIncoming request GET / [medicare-1751668930776-e8ee6fa5][39m
[33m[Nest] 51  - [39m07/04/2025, 10:42:10 PM [33m   WARN[39m [38;5;3m[CorrelationIdMiddleware] [39m[33mResponse 404 GET /api/imaging/test/health [medicare-1751668930776-e8ee6fa5] - 0ms[39m
[2J[3J[H[[90m10:42:30 PM[0m] File change detected. Starting incremental compilation...

[96msrc/imaging/imaging.module.ts[0m:[93m4[0m:[93m35[0m - [91merror[0m[90m TS2307: [0mCannot find module './imaging.controller' or its corresponding type declarations.

[7m4[0m import { ImagingController } from './imaging.controller';
[7m [0m [91m                                  ~~~~~~~~~~~~~~~~~~~~~~[0m

[96msrc/imaging/imaging.module.ts[0m:[93m5[0m:[93m32[0m - [91merror[0m[90m TS2307: [0mCannot find module './imaging.service' or its corresponding type declarations.

[7m5[0m import { ImagingService } from './imaging.service';
[7m [0m [91m                               ~~~~~~~~~~~~~~~~~~~[0m

[96msrc/imaging/imaging.module.ts[0m:[93m6[0m:[93m30[0m - [91merror[0m[90m TS2307: [0mCannot find module './dicom.service' or its corresponding type declarations.

[7m6[0m import { DicomService } from './dicom.service';
[7m [0m [91m                             ~~~~~~~~~~~~~~~~~[0m

[96msrc/imaging/imaging.module.ts[0m:[93m7[0m:[93m44[0m - [91merror[0m[90m TS2307: [0mCannot find module './brain-tumor-detection.service' or its corresponding type declarations.

[7m7[0m import { BrainTumorDetectionService } from './brain-tumor-detection.service';
[7m [0m [91m                                           ~~~~~~~~~~~~~~~~~~~~~~~~~~~~~~~~~[0m

[[90m10:42:30 PM[0m] Found 4 errors. Watching for file changes.

[2J[3J[H[[90m10:42:32 PM[0m] File change detected. Starting incremental compilation...

[96msrc/imaging/imaging.module.ts[0m:[93m4[0m:[93m35[0m - [91merror[0m[90m TS2307: [0mCannot find module './imaging.controller' or its corresponding type declarations.

[7m4[0m import { ImagingController } from './imaging.controller';
[7m [0m [91m                                  ~~~~~~~~~~~~~~~~~~~~~~[0m

[96msrc/imaging/imaging.module.ts[0m:[93m5[0m:[93m32[0m - [91merror[0m[90m TS2307: [0mCannot find module './imaging.service' or its corresponding type declarations.

[7m5[0m import { ImagingService } from './imaging.service';
[7m [0m [91m                               ~~~~~~~~~~~~~~~~~~~[0m

[96msrc/imaging/imaging.module.ts[0m:[93m6[0m:[93m30[0m - [91merror[0m[90m TS2307: [0mCannot find module './dicom.service' or its corresponding type declarations.

[7m6[0m import { DicomService } from './dicom.service';
[7m [0m [91m                             ~~~~~~~~~~~~~~~~~[0m

[96msrc/imaging/imaging.module.ts[0m:[93m7[0m:[93m44[0m - [91merror[0m[90m TS2307: [0mCannot find module './brain-tumor-detection.service' or its corresponding type declarations.

[7m7[0m import { BrainTumorDetectionService } from './brain-tumor-detection.service';
[7m [0m [91m                                           ~~~~~~~~~~~~~~~~~~~~~~~~~~~~~~~~~[0m

[[90m10:42:32 PM[0m] Found 4 errors. Watching for file changes.

[2J[3J[H[[90m10:42:33 PM[0m] File change detected. Starting incremental compilation...

[96msrc/imaging/dicom.service.ts[0m:[93m12[0m:[93m30[0m - [91merror[0m[90m TS2307: [0mCannot find module 'dicom-parser' or its corresponding type declarations.

[7m12[0m import * as dicomParser from 'dicom-parser';
[7m  [0m [91m                             ~~~~~~~~~~~~~~[0m

[96msrc/imaging/dicom.service.ts[0m:[93m13[0m:[93m24[0m - [91merror[0m[90m TS2307: [0mCannot find module 'dcmjs' or its corresponding type declarations.

[7m13[0m import * as dcmjs from 'dcmjs';
[7m  [0m [91m                       ~~~~~~~[0m

[96msrc/imaging/dicom.service.ts[0m:[93m48[0m:[93m19[0m - [91merror[0m[90m TS2694: [0mNamespace 'global.Express' has no exported member 'Multer'.

[7m48[0m     file: Express.Multer.File,
[7m  [0m [91m                  ~~~~~~[0m

[96msrc/imaging/imaging.module.ts[0m:[93m4[0m:[93m35[0m - [91merror[0m[90m TS2307: [0mCannot find module './imaging.controller' or its corresponding type declarations.

[7m4[0m import { ImagingController } from './imaging.controller';
[7m [0m [91m                                  ~~~~~~~~~~~~~~~~~~~~~~[0m

[96msrc/imaging/imaging.module.ts[0m:[93m5[0m:[93m32[0m - [91merror[0m[90m TS2307: [0mCannot find module './imaging.service' or its corresponding type declarations.

[7m5[0m import { ImagingService } from './imaging.service';
[7m [0m [91m                               ~~~~~~~~~~~~~~~~~~~[0m

[96msrc/imaging/imaging.module.ts[0m:[93m7[0m:[93m44[0m - [91merror[0m[90m TS2307: [0mCannot find module './brain-tumor-detection.service' or its corresponding type declarations.

[7m7[0m import { BrainTumorDetectionService } from './brain-tumor-detection.service';
[7m [0m [91m                                           ~~~~~~~~~~~~~~~~~~~~~~~~~~~~~~~~~[0m

[[90m10:42:34 PM[0m] Found 6 errors. Watching for file changes.

[2J[3J[H[[90m10:42:35 PM[0m] File change detected. Starting incremental compilation...

[96msrc/imaging/dicom.service.ts[0m:[93m12[0m:[93m30[0m - [91merror[0m[90m TS2307: [0mCannot find module 'dicom-parser' or its corresponding type declarations.

[7m12[0m import * as dicomParser from 'dicom-parser';
[7m  [0m [91m                             ~~~~~~~~~~~~~~[0m

[96msrc/imaging/dicom.service.ts[0m:[93m13[0m:[93m24[0m - [91merror[0m[90m TS2307: [0mCannot find module 'dcmjs' or its corresponding type declarations.

[7m13[0m import * as dcmjs from 'dcmjs';
[7m  [0m [91m                       ~~~~~~~[0m

[96msrc/imaging/dicom.service.ts[0m:[93m48[0m:[93m23[0m - [91merror[0m[90m TS2694: [0mNamespace 'global.Express' has no exported member 'Multer'.

[7m48[0m         file: Express.Multer.File,
[7m  [0m [91m                      ~~~~~~[0m

[96msrc/imaging/imaging.module.ts[0m:[93m4[0m:[93m35[0m - [91merror[0m[90m TS2307: [0mCannot find module './imaging.controller' or its corresponding type declarations.

[7m4[0m import { ImagingController } from './imaging.controller';
[7m [0m [91m                                  ~~~~~~~~~~~~~~~~~~~~~~[0m

[96msrc/imaging/imaging.module.ts[0m:[93m5[0m:[93m32[0m - [91merror[0m[90m TS2307: [0mCannot find module './imaging.service' or its corresponding type declarations.

[7m5[0m import { ImagingService } from './imaging.service';
[7m [0m [91m                               ~~~~~~~~~~~~~~~~~~~[0m

[96msrc/imaging/imaging.module.ts[0m:[93m7[0m:[93m44[0m - [91merror[0m[90m TS2307: [0mCannot find module './brain-tumor-detection.service' or its corresponding type declarations.

[7m7[0m import { BrainTumorDetectionService } from './brain-tumor-detection.service';
[7m [0m [91m                                           ~~~~~~~~~~~~~~~~~~~~~~~~~~~~~~~~~[0m

[[90m10:42:35 PM[0m] Found 6 errors. Watching for file changes.

[95m[Nest] 51  - [39m07/04/2025, 10:42:41 PM [95m  DEBUG[39m [38;5;3m[CorrelationIdMiddleware] [39m[95mIncoming request GET / [medicare-1751668961441-1a127f89][39m
[33m[Nest] 51  - [39m07/04/2025, 10:42:41 PM [33m   WARN[39m [38;5;3m[CorrelationIdMiddleware] [39m[33mResponse 404 GET /api/imaging/test/health [medicare-1751668961441-1a127f89] - 1ms[39m
[95m[Nest] 51  - [39m07/04/2025, 10:43:12 PM [95m  DEBUG[39m [38;5;3m[CorrelationIdMiddleware] [39m[95mIncoming request GET / [medicare-1751668992099-ad93fb1c][39m
[33m[Nest] 51  - [39m07/04/2025, 10:43:12 PM [33m   WARN[39m [38;5;3m[CorrelationIdMiddleware] [39m[33mResponse 404 GET /api/imaging/test/health [medicare-1751668992099-ad93fb1c] - 0ms[39m
[95m[Nest] 51  - [39m07/04/2025, 10:43:42 PM [95m  DEBUG[39m [38;5;3m[CorrelationIdMiddleware] [39m[95mIncoming request GET / [medicare-1751669022835-13ecece6][39m
[33m[Nest] 51  - [39m07/04/2025, 10:43:42 PM [33m   WARN[39m [38;5;3m[CorrelationIdMiddleware] [39m[33mResponse 404 GET /api/imaging/test/health [medicare-1751669022835-13ecece6] - 1ms[39m
[95m[Nest] 51  - [39m07/04/2025, 10:44:13 PM [95m  DEBUG[39m [38;5;3m[CorrelationIdMiddleware] [39m[95mIncoming request GET / [medicare-1751669053546-dc124b13][39m
[33m[Nest] 51  - [39m07/04/2025, 10:44:13 PM [33m   WARN[39m [38;5;3m[CorrelationIdMiddleware] [39m[33mResponse 404 GET /api/imaging/test/health [medicare-1751669053546-dc124b13] - 1ms[39m
[2J[3J[H[[90m10:44:28 PM[0m] File change detected. Starting incremental compilation...

[96msrc/imaging/dicom.service.ts[0m:[93m12[0m:[93m30[0m - [91merror[0m[90m TS2307: [0mCannot find module 'dicom-parser' or its corresponding type declarations.

[7m12[0m import * as dicomParser from 'dicom-parser';
[7m  [0m [91m                             ~~~~~~~~~~~~~~[0m

[96msrc/imaging/dicom.service.ts[0m:[93m13[0m:[93m24[0m - [91merror[0m[90m TS2307: [0mCannot find module 'dcmjs' or its corresponding type declarations.

[7m13[0m import * as dcmjs from 'dcmjs';
[7m  [0m [91m                       ~~~~~~~[0m

[96msrc/imaging/dicom.service.ts[0m:[93m48[0m:[93m23[0m - [91merror[0m[90m TS2694: [0mNamespace 'global.Express' has no exported member 'Multer'.

[7m48[0m         file: Express.Multer.File,
[7m  [0m [91m                      ~~~~~~[0m

[96msrc/imaging/imaging.module.ts[0m:[93m4[0m:[93m35[0m - [91merror[0m[90m TS2307: [0mCannot find module './imaging.controller' or its corresponding type declarations.

[7m4[0m import { ImagingController } from './imaging.controller';
[7m [0m [91m                                  ~~~~~~~~~~~~~~~~~~~~~~[0m

[96msrc/imaging/imaging.module.ts[0m:[93m5[0m:[93m32[0m - [91merror[0m[90m TS2307: [0mCannot find module './imaging.service' or its corresponding type declarations.

[7m5[0m import { ImagingService } from './imaging.service';
[7m [0m [91m                               ~~~~~~~~~~~~~~~~~~~[0m

[96msrc/imaging/imaging.module.ts[0m:[93m7[0m:[93m44[0m - [91merror[0m[90m TS2307: [0mCannot find module './brain-tumor-detection.service' or its corresponding type declarations.

[7m7[0m import { BrainTumorDetectionService } from './brain-tumor-detection.service';
[7m [0m [91m                                           ~~~~~~~~~~~~~~~~~~~~~~~~~~~~~~~~~[0m

[[90m10:44:28 PM[0m] Found 6 errors. Watching for file changes.

[2J[3J[H[[90m10:44:30 PM[0m] File change detected. Starting incremental compilation...

[96msrc/imaging/dicom.service.ts[0m:[93m12[0m:[93m30[0m - [91merror[0m[90m TS2307: [0mCannot find module 'dicom-parser' or its corresponding type declarations.

[7m12[0m import * as dicomParser from 'dicom-parser';
[7m  [0m [91m                             ~~~~~~~~~~~~~~[0m

[96msrc/imaging/dicom.service.ts[0m:[93m13[0m:[93m24[0m - [91merror[0m[90m TS2307: [0mCannot find module 'dcmjs' or its corresponding type declarations.

[7m13[0m import * as dcmjs from 'dcmjs';
[7m  [0m [91m                       ~~~~~~~[0m

[96msrc/imaging/dicom.service.ts[0m:[93m48[0m:[93m23[0m - [91merror[0m[90m TS2694: [0mNamespace 'global.Express' has no exported member 'Multer'.

[7m48[0m         file: Express.Multer.File,
[7m  [0m [91m                      ~~~~~~[0m

[96msrc/imaging/imaging.module.ts[0m:[93m4[0m:[93m35[0m - [91merror[0m[90m TS2307: [0mCannot find module './imaging.controller' or its corresponding type declarations.

[7m4[0m import { ImagingController } from './imaging.controller';
[7m [0m [91m                                  ~~~~~~~~~~~~~~~~~~~~~~[0m

[96msrc/imaging/imaging.module.ts[0m:[93m5[0m:[93m32[0m - [91merror[0m[90m TS2307: [0mCannot find module './imaging.service' or its corresponding type declarations.

[7m5[0m import { ImagingService } from './imaging.service';
[7m [0m [91m                               ~~~~~~~~~~~~~~~~~~~[0m

[96msrc/imaging/imaging.module.ts[0m:[93m7[0m:[93m44[0m - [91merror[0m[90m TS2307: [0mCannot find module './brain-tumor-detection.service' or its corresponding type declarations.

[7m7[0m import { BrainTumorDetectionService } from './brain-tumor-detection.service';
[7m [0m [91m                                           ~~~~~~~~~~~~~~~~~~~~~~~~~~~~~~~~~[0m

[[90m10:44:30 PM[0m] Found 6 errors. Watching for file changes.

[2J[3J[H[[90m10:44:31 PM[0m] File change detected. Starting incremental compilation...

[96msrc/imaging/dicom.service.ts[0m:[93m12[0m:[93m30[0m - [91merror[0m[90m TS2307: [0mCannot find module 'dicom-parser' or its corresponding type declarations.

[7m12[0m import * as dicomParser from 'dicom-parser';
[7m  [0m [91m                             ~~~~~~~~~~~~~~[0m

[96msrc/imaging/dicom.service.ts[0m:[93m13[0m:[93m24[0m - [91merror[0m[90m TS2307: [0mCannot find module 'dcmjs' or its corresponding type declarations.

[7m13[0m import * as dcmjs from 'dcmjs';
[7m  [0m [91m                       ~~~~~~~[0m

[96msrc/imaging/dicom.service.ts[0m:[93m48[0m:[93m23[0m - [91merror[0m[90m TS2694: [0mNamespace 'global.Express' has no exported member 'Multer'.

[7m48[0m         file: Express.Multer.File,
[7m  [0m [91m                      ~~~~~~[0m

[96msrc/imaging/imaging.module.ts[0m:[93m4[0m:[93m35[0m - [91merror[0m[90m TS2307: [0mCannot find module './imaging.controller' or its corresponding type declarations.

[7m4[0m import { ImagingController } from './imaging.controller';
[7m [0m [91m                                  ~~~~~~~~~~~~~~~~~~~~~~[0m

[96msrc/imaging/imaging.module.ts[0m:[93m5[0m:[93m32[0m - [91merror[0m[90m TS2307: [0mCannot find module './imaging.service' or its corresponding type declarations.

[7m5[0m import { ImagingService } from './imaging.service';
[7m [0m [91m                               ~~~~~~~~~~~~~~~~~~~[0m

[[90m10:44:31 PM[0m] Found 5 errors. Watching for file changes.

[2J[3J[H[[90m10:44:38 PM[0m] File change detected. Starting incremental compilation...

[96msrc/imaging/dicom.service.ts[0m:[93m12[0m:[93m30[0m - [91merror[0m[90m TS2307: [0mCannot find module 'dicom-parser' or its corresponding type declarations.

[7m12[0m import * as dicomParser from 'dicom-parser';
[7m  [0m [91m                             ~~~~~~~~~~~~~~[0m

[96msrc/imaging/dicom.service.ts[0m:[93m13[0m:[93m24[0m - [91merror[0m[90m TS2307: [0mCannot find module 'dcmjs' or its corresponding type declarations.

[7m13[0m import * as dcmjs from 'dcmjs';
[7m  [0m [91m                       ~~~~~~~[0m

[96msrc/imaging/dicom.service.ts[0m:[93m48[0m:[93m23[0m - [91merror[0m[90m TS2694: [0mNamespace 'global.Express' has no exported member 'Multer'.

[7m48[0m         file: Express.Multer.File,
[7m  [0m [91m                      ~~~~~~[0m

[96msrc/imaging/imaging.module.ts[0m:[93m4[0m:[93m35[0m - [91merror[0m[90m TS2307: [0mCannot find module './imaging.controller' or its corresponding type declarations.

[7m4[0m import { ImagingController } from './imaging.controller';
[7m [0m [91m                                  ~~~~~~~~~~~~~~~~~~~~~~[0m

[96msrc/imaging/imaging.module.ts[0m:[93m5[0m:[93m32[0m - [91merror[0m[90m TS2307: [0mCannot find module './imaging.service' or its corresponding type declarations.

[7m5[0m import { ImagingService } from './imaging.service';
[7m [0m [91m                               ~~~~~~~~~~~~~~~~~~~[0m

[[90m10:44:39 PM[0m] Found 5 errors. Watching for file changes.

[95m[Nest] 51  - [39m07/04/2025, 10:44:44 PM [95m  DEBUG[39m [38;5;3m[CorrelationIdMiddleware] [39m[95mIncoming request GET / [medicare-1751669084339-89a5ef28][39m
[33m[Nest] 51  - [39m07/04/2025, 10:44:44 PM [33m   WARN[39m [38;5;3m[CorrelationIdMiddleware] [39m[33mResponse 404 GET /api/imaging/test/health [medicare-1751669084339-89a5ef28] - 1ms[39m
[95m[Nest] 51  - [39m07/04/2025, 10:45:15 PM [95m  DEBUG[39m [38;5;3m[CorrelationIdMiddleware] [39m[95mIncoming request GET / [medicare-1751669115157-33732e61][39m
[33m[Nest] 51  - [39m07/04/2025, 10:45:15 PM [33m   WARN[39m [38;5;3m[CorrelationIdMiddleware] [39m[33mResponse 404 GET /api/imaging/test/health [medicare-1751669115157-33732e61] - 1ms[39m
[2J[3J[H[[90m10:45:33 PM[0m] File change detected. Starting incremental compilation...

[96msrc/imaging/dicom.service.ts[0m:[93m12[0m:[93m30[0m - [91merror[0m[90m TS2307: [0mCannot find module 'dicom-parser' or its corresponding type declarations.

[7m12[0m import * as dicomParser from 'dicom-parser';
[7m  [0m [91m                             ~~~~~~~~~~~~~~[0m

[96msrc/imaging/dicom.service.ts[0m:[93m13[0m:[93m24[0m - [91merror[0m[90m TS2307: [0mCannot find module 'dcmjs' or its corresponding type declarations.

[7m13[0m import * as dcmjs from 'dcmjs';
[7m  [0m [91m                       ~~~~~~~[0m

[96msrc/imaging/dicom.service.ts[0m:[93m48[0m:[93m23[0m - [91merror[0m[90m TS2694: [0mNamespace 'global.Express' has no exported member 'Multer'.

[7m48[0m         file: Express.Multer.File,
[7m  [0m [91m                      ~~~~~~[0m

[96msrc/imaging/imaging.module.ts[0m:[93m4[0m:[93m35[0m - [91merror[0m[90m TS2307: [0mCannot find module './imaging.controller' or its corresponding type declarations.

[7m4[0m import { ImagingController } from './imaging.controller';
[7m [0m [91m                                  ~~~~~~~~~~~~~~~~~~~~~~[0m

[96msrc/imaging/imaging.module.ts[0m:[93m5[0m:[93m32[0m - [91merror[0m[90m TS2307: [0mCannot find module './imaging.service' or its corresponding type declarations.

[7m5[0m import { ImagingService } from './imaging.service';
[7m [0m [91m                               ~~~~~~~~~~~~~~~~~~~[0m

[[90m10:45:33 PM[0m] Found 5 errors. Watching for file changes.

[2J[3J[H[[90m10:45:34 PM[0m] File change detected. Starting incremental compilation...

[96msrc/imaging/dicom.service.ts[0m:[93m12[0m:[93m30[0m - [91merror[0m[90m TS2307: [0mCannot find module 'dicom-parser' or its corresponding type declarations.

[7m12[0m import * as dicomParser from 'dicom-parser';
[7m  [0m [91m                             ~~~~~~~~~~~~~~[0m

[96msrc/imaging/dicom.service.ts[0m:[93m13[0m:[93m24[0m - [91merror[0m[90m TS2307: [0mCannot find module 'dcmjs' or its corresponding type declarations.

[7m13[0m import * as dcmjs from 'dcmjs';
[7m  [0m [91m                       ~~~~~~~[0m

[96msrc/imaging/dicom.service.ts[0m:[93m48[0m:[93m23[0m - [91merror[0m[90m TS2694: [0mNamespace 'global.Express' has no exported member 'Multer'.

[7m48[0m         file: Express.Multer.File,
[7m  [0m [91m                      ~~~~~~[0m

[96msrc/imaging/imaging.module.ts[0m:[93m4[0m:[93m35[0m - [91merror[0m[90m TS2307: [0mCannot find module './imaging.controller' or its corresponding type declarations.

[7m4[0m import { ImagingController } from './imaging.controller';
[7m [0m [91m                                  ~~~~~~~~~~~~~~~~~~~~~~[0m

[96msrc/imaging/imaging.module.ts[0m:[93m5[0m:[93m32[0m - [91merror[0m[90m TS2307: [0mCannot find module './imaging.service' or its corresponding type declarations.

[7m5[0m import { ImagingService } from './imaging.service';
[7m [0m [91m                               ~~~~~~~~~~~~~~~~~~~[0m

[[90m10:45:34 PM[0m] Found 5 errors. Watching for file changes.

[2J[3J[H[[90m10:45:38 PM[0m] File change detected. Starting incremental compilation...

[96msrc/imaging/dicom.service.ts[0m:[93m12[0m:[93m30[0m - [91merror[0m[90m TS2307: [0mCannot find module 'dicom-parser' or its corresponding type declarations.

[7m12[0m import * as dicomParser from 'dicom-parser';
[7m  [0m [91m                             ~~~~~~~~~~~~~~[0m

[96msrc/imaging/dicom.service.ts[0m:[93m13[0m:[93m24[0m - [91merror[0m[90m TS2307: [0mCannot find module 'dcmjs' or its corresponding type declarations.

[7m13[0m import * as dcmjs from 'dcmjs';
[7m  [0m [91m                       ~~~~~~~[0m

[96msrc/imaging/dicom.service.ts[0m:[93m48[0m:[93m23[0m - [91merror[0m[90m TS2694: [0mNamespace 'global.Express' has no exported member 'Multer'.

[7m48[0m         file: Express.Multer.File,
[7m  [0m [91m                      ~~~~~~[0m

[96msrc/imaging/imaging.module.ts[0m:[93m4[0m:[93m35[0m - [91merror[0m[90m TS2307: [0mCannot find module './imaging.controller' or its corresponding type declarations.

[7m4[0m import { ImagingController } from './imaging.controller';
[7m [0m [91m                                  ~~~~~~~~~~~~~~~~~~~~~~[0m

[96msrc/imaging/imaging.service.ts[0m:[93m23[0m:[93m20[0m - [91merror[0m[90m TS2694: [0mNamespace 'global.Express' has no exported member 'Multer'.

[7m23[0m     files: Express.Multer.File[],
[7m  [0m [91m                   ~~~~~~[0m

[[90m10:45:39 PM[0m] Found 5 errors. Watching for file changes.

[2J[3J[H[[90m10:45:39 PM[0m] File change detected. Starting incremental compilation...

[96msrc/imaging/dicom.service.ts[0m:[93m12[0m:[93m30[0m - [91merror[0m[90m TS2307: [0mCannot find module 'dicom-parser' or its corresponding type declarations.

[7m12[0m import * as dicomParser from 'dicom-parser';
[7m  [0m [91m                             ~~~~~~~~~~~~~~[0m

[96msrc/imaging/dicom.service.ts[0m:[93m13[0m:[93m24[0m - [91merror[0m[90m TS2307: [0mCannot find module 'dcmjs' or its corresponding type declarations.

[7m13[0m import * as dcmjs from 'dcmjs';
[7m  [0m [91m                       ~~~~~~~[0m

[96msrc/imaging/dicom.service.ts[0m:[93m48[0m:[93m23[0m - [91merror[0m[90m TS2694: [0mNamespace 'global.Express' has no exported member 'Multer'.

[7m48[0m         file: Express.Multer.File,
[7m  [0m [91m                      ~~~~~~[0m

[96msrc/imaging/imaging.module.ts[0m:[93m4[0m:[93m35[0m - [91merror[0m[90m TS2307: [0mCannot find module './imaging.controller' or its corresponding type declarations.

[7m4[0m import { ImagingController } from './imaging.controller';
[7m [0m [91m                                  ~~~~~~~~~~~~~~~~~~~~~~[0m

[96msrc/imaging/imaging.service.ts[0m:[93m23[0m:[93m24[0m - [91merror[0m[90m TS2694: [0mNamespace 'global.Express' has no exported member 'Multer'.

[7m23[0m         files: Express.Multer.File[],
[7m  [0m [91m                       ~~~~~~[0m

[[90m10:45:39 PM[0m] Found 5 errors. Watching for file changes.

[95m[Nest] 51  - [39m07/04/2025, 10:45:45 PM [95m  DEBUG[39m [38;5;3m[CorrelationIdMiddleware] [39m[95mIncoming request GET / [medicare-1751669145194-f51722e3][39m
[33m[Nest] 51  - [39m07/04/2025, 10:45:45 PM [33m   WARN[39m [38;5;3m[CorrelationIdMiddleware] [39m[33mResponse 404 GET /api/imaging/test/health [medicare-1751669145194-f51722e3] - 1ms[39m
[95m[Nest] 51  - [39m07/04/2025, 10:46:16 PM [95m  DEBUG[39m [38;5;3m[CorrelationIdMiddleware] [39m[95mIncoming request GET / [medicare-1751669176022-c88efba4][39m
[33m[Nest] 51  - [39m07/04/2025, 10:46:16 PM [33m   WARN[39m [38;5;3m[CorrelationIdMiddleware] [39m[33mResponse 404 GET /api/imaging/test/health [medicare-1751669176022-c88efba4] - 1ms[39m
[2J[3J[H[[90m10:46:45 PM[0m] File change detected. Starting incremental compilation...

[96msrc/imaging/dicom.service.ts[0m:[93m12[0m:[93m30[0m - [91merror[0m[90m TS2307: [0mCannot find module 'dicom-parser' or its corresponding type declarations.

[7m12[0m import * as dicomParser from 'dicom-parser';
[7m  [0m [91m                             ~~~~~~~~~~~~~~[0m

[96msrc/imaging/dicom.service.ts[0m:[93m13[0m:[93m24[0m - [91merror[0m[90m TS2307: [0mCannot find module 'dcmjs' or its corresponding type declarations.

[7m13[0m import * as dcmjs from 'dcmjs';
[7m  [0m [91m                       ~~~~~~~[0m

[96msrc/imaging/dicom.service.ts[0m:[93m48[0m:[93m23[0m - [91merror[0m[90m TS2694: [0mNamespace 'global.Express' has no exported member 'Multer'.

[7m48[0m         file: Express.Multer.File,
[7m  [0m [91m                      ~~~~~~[0m

[96msrc/imaging/imaging.module.ts[0m:[93m4[0m:[93m35[0m - [91merror[0m[90m TS2307: [0mCannot find module './imaging.controller' or its corresponding type declarations.

[7m4[0m import { ImagingController } from './imaging.controller';
[7m [0m [91m                                  ~~~~~~~~~~~~~~~~~~~~~~[0m

[96msrc/imaging/imaging.service.ts[0m:[93m23[0m:[93m24[0m - [91merror[0m[90m TS2694: [0mNamespace 'global.Express' has no exported member 'Multer'.

[7m23[0m         files: Express.Multer.File[],
[7m  [0m [91m                       ~~~~~~[0m

[[90m10:46:45 PM[0m] Found 5 errors. Watching for file changes.

[2J[3J[H[[90m10:46:46 PM[0m] File change detected. Starting incremental compilation...

[96msrc/imaging/dicom.service.ts[0m:[93m12[0m:[93m30[0m - [91merror[0m[90m TS2307: [0mCannot find module 'dicom-parser' or its corresponding type declarations.

[7m12[0m import * as dicomParser from 'dicom-parser';
[7m  [0m [91m                             ~~~~~~~~~~~~~~[0m

[96msrc/imaging/dicom.service.ts[0m:[93m13[0m:[93m24[0m - [91merror[0m[90m TS2307: [0mCannot find module 'dcmjs' or its corresponding type declarations.

[7m13[0m import * as dcmjs from 'dcmjs';
[7m  [0m [91m                       ~~~~~~~[0m

[96msrc/imaging/dicom.service.ts[0m:[93m48[0m:[93m23[0m - [91merror[0m[90m TS2694: [0mNamespace 'global.Express' has no exported member 'Multer'.

[7m48[0m         file: Express.Multer.File,
[7m  [0m [91m                      ~~~~~~[0m

[96msrc/imaging/imaging.module.ts[0m:[93m4[0m:[93m35[0m - [91merror[0m[90m TS2307: [0mCannot find module './imaging.controller' or its corresponding type declarations.

[7m4[0m import { ImagingController } from './imaging.controller';
[7m [0m [91m                                  ~~~~~~~~~~~~~~~~~~~~~~[0m

[96msrc/imaging/imaging.service.ts[0m:[93m23[0m:[93m24[0m - [91merror[0m[90m TS2694: [0mNamespace 'global.Express' has no exported member 'Multer'.

[7m23[0m         files: Express.Multer.File[],
[7m  [0m [91m                       ~~~~~~[0m

[[90m10:46:46 PM[0m] Found 5 errors. Watching for file changes.

[95m[Nest] 51  - [39m07/04/2025, 10:46:46 PM [95m  DEBUG[39m [38;5;3m[CorrelationIdMiddleware] [39m[95mIncoming request GET / [medicare-1751669206871-e8ea0a0f][39m
[33m[Nest] 51  - [39m07/04/2025, 10:46:46 PM [33m   WARN[39m [38;5;3m[CorrelationIdMiddleware] [39m[33mResponse 404 GET /api/imaging/test/health [medicare-1751669206871-e8ea0a0f] - 1ms[39m
[2J[3J[H[[90m10:46:47 PM[0m] File change detected. Starting incremental compilation...

[96msrc/imaging/dicom.service.ts[0m:[93m12[0m:[93m30[0m - [91merror[0m[90m TS2307: [0mCannot find module 'dicom-parser' or its corresponding type declarations.

[7m12[0m import * as dicomParser from 'dicom-parser';
[7m  [0m [91m                             ~~~~~~~~~~~~~~[0m

[96msrc/imaging/dicom.service.ts[0m:[93m13[0m:[93m24[0m - [91merror[0m[90m TS2307: [0mCannot find module 'dcmjs' or its corresponding type declarations.

[7m13[0m import * as dcmjs from 'dcmjs';
[7m  [0m [91m                       ~~~~~~~[0m

[96msrc/imaging/dicom.service.ts[0m:[93m48[0m:[93m23[0m - [91merror[0m[90m TS2694: [0mNamespace 'global.Express' has no exported member 'Multer'.

[7m48[0m         file: Express.Multer.File,
[7m  [0m [91m                      ~~~~~~[0m

[96msrc/imaging/imaging.controller.ts[0m:[93m28[0m:[93m29[0m - [91merror[0m[90m TS2307: [0mCannot find module '../auth/decorators/current-user.decorator' or its corresponding type declarations.

[7m28[0m import { CurrentUser } from '../auth/decorators/current-user.decorator';
[7m  [0m [91m                            ~~~~~~~~~~~~~~~~~~~~~~~~~~~~~~~~~~~~~~~~~~~[0m

[96msrc/imaging/imaging.controller.ts[0m:[93m54[0m:[93m10[0m - [91merror[0m[90m TS2345: [0mArgument of type 'UserRole.ADMIN' is not assignable to parameter of type 'Role'.

[7m54[0m   @Roles(UserRole.ADMIN, UserRole.DOCTOR)
[7m  [0m [91m         ~~~~~~~~~~~~~~[0m

[96msrc/imaging/imaging.controller.ts[0m:[93m54[0m:[93m35[0m - [91merror[0m[90m TS2339: [0mProperty 'DOCTOR' does not exist on type 'typeof UserRole'.

[7m54[0m   @Roles(UserRole.ADMIN, UserRole.DOCTOR)
[7m  [0m [91m                                  ~~~~~~[0m

[96msrc/imaging/imaging.controller.ts[0m:[93m109[0m:[93m37[0m - [91merror[0m[90m TS2694: [0mNamespace 'global.Express' has no exported member 'Multer'.

[7m109[0m     @UploadedFiles() files: Express.Multer.File[],
[7m   [0m [91m                                    ~~~~~~[0m

[96msrc/imaging/imaging.controller.ts[0m:[93m131[0m:[93m7[0m - [91merror[0m[90m TS2739: [0mType '{ success: false; error: any; }' is missing the following properties from type 'DicomUploadResponseDto': studyInstanceUID, seriesInstanceUID, instanceUIDs

[7m131[0m       return {
[7m   [0m [91m      ~~~~~~[0m

[96msrc/imaging/imaging.controller.ts[0m:[93m148[0m:[93m10[0m - [91merror[0m[90m TS2345: [0mArgument of type 'UserRole.ADMIN' is not assignable to parameter of type 'Role'.

[7m148[0m   @Roles(UserRole.ADMIN, UserRole.DOCTOR)
[7m   [0m [91m         ~~~~~~~~~~~~~~[0m

[96msrc/imaging/imaging.controller.ts[0m:[93m148[0m:[93m35[0m - [91merror[0m[90m TS2339: [0mProperty 'DOCTOR' does not exist on type 'typeof UserRole'.

[7m148[0m   @Roles(UserRole.ADMIN, UserRole.DOCTOR)
[7m   [0m [91m                                  ~~~~~~[0m

[96msrc/imaging/imaging.controller.ts[0m:[93m179[0m:[93m7[0m - [91merror[0m[90m TS2739: [0mType '{ success: false; error: any; }' is missing the following properties from type 'BrainTumorDetectionResponseDto': analysisId, status, tumorType

[7m179[0m       return {
[7m   [0m [91m      ~~~~~~[0m

[96msrc/imaging/imaging.controller.ts[0m:[93m187[0m:[93m10[0m - [91merror[0m[90m TS2345: [0mArgument of type 'UserRole.ADMIN' is not assignable to parameter of type 'Role'.

[7m187[0m   @Roles(UserRole.ADMIN, UserRole.DOCTOR, UserRole.PATIENT)
[7m   [0m [91m         ~~~~~~~~~~~~~~[0m

[96msrc/imaging/imaging.controller.ts[0m:[93m187[0m:[93m35[0m - [91merror[0m[90m TS2339: [0mProperty 'DOCTOR' does not exist on type 'typeof UserRole'.

[7m187[0m   @Roles(UserRole.ADMIN, UserRole.DOCTOR, UserRole.PATIENT)
[7m   [0m [91m                                  ~~~~~~[0m

[96msrc/imaging/imaging.controller.ts[0m:[93m203[0m:[93m10[0m - [91merror[0m[90m TS2345: [0mArgument of type 'UserRole.ADMIN' is not assignable to parameter of type 'Role'.

[7m203[0m   @Roles(UserRole.ADMIN, UserRole.DOCTOR, UserRole.PATIENT)
[7m   [0m [91m         ~~~~~~~~~~~~~~[0m

[96msrc/imaging/imaging.controller.ts[0m:[93m203[0m:[93m35[0m - [91merror[0m[90m TS2339: [0mProperty 'DOCTOR' does not exist on type 'typeof UserRole'.

[7m203[0m   @Roles(UserRole.ADMIN, UserRole.DOCTOR, UserRole.PATIENT)
[7m   [0m [91m                                  ~~~~~~[0m

[96msrc/imaging/imaging.controller.ts[0m:[93m219[0m:[93m10[0m - [91merror[0m[90m TS2345: [0mArgument of type 'UserRole.ADMIN' is not assignable to parameter of type 'Role'.

[7m219[0m   @Roles(UserRole.ADMIN, UserRole.DOCTOR, UserRole.PATIENT)
[7m   [0m [91m         ~~~~~~~~~~~~~~[0m

[96msrc/imaging/imaging.controller.ts[0m:[93m219[0m:[93m35[0m - [91merror[0m[90m TS2339: [0mProperty 'DOCTOR' does not exist on type 'typeof UserRole'.

[7m219[0m   @Roles(UserRole.ADMIN, UserRole.DOCTOR, UserRole.PATIENT)
[7m   [0m [91m                                  ~~~~~~[0m

[96msrc/imaging/imaging.controller.ts[0m:[93m235[0m:[93m10[0m - [91merror[0m[90m TS2345: [0mArgument of type 'UserRole.ADMIN' is not assignable to parameter of type 'Role'.

[7m235[0m   @Roles(UserRole.ADMIN, UserRole.DOCTOR, UserRole.PATIENT)
[7m   [0m [91m         ~~~~~~~~~~~~~~[0m

[96msrc/imaging/imaging.controller.ts[0m:[93m235[0m:[93m35[0m - [91merror[0m[90m TS2339: [0mProperty 'DOCTOR' does not exist on type 'typeof UserRole'.

[7m235[0m   @Roles(UserRole.ADMIN, UserRole.DOCTOR, UserRole.PATIENT)
[7m   [0m [91m                                  ~~~~~~[0m

[96msrc/imaging/imaging.controller.ts[0m:[93m251[0m:[93m10[0m - [91merror[0m[90m TS2345: [0mArgument of type 'UserRole.ADMIN' is not assignable to parameter of type 'Role'.

[7m251[0m   @Roles(UserRole.ADMIN, UserRole.DOCTOR, UserRole.PATIENT)
[7m   [0m [91m         ~~~~~~~~~~~~~~[0m

[96msrc/imaging/imaging.controller.ts[0m:[93m251[0m:[93m35[0m - [91merror[0m[90m TS2339: [0mProperty 'DOCTOR' does not exist on type 'typeof UserRole'.

[7m251[0m   @Roles(UserRole.ADMIN, UserRole.DOCTOR, UserRole.PATIENT)
[7m   [0m [91m                                  ~~~~~~[0m

[96msrc/imaging/imaging.controller.ts[0m:[93m268[0m:[93m10[0m - [91merror[0m[90m TS2345: [0mArgument of type 'UserRole.ADMIN' is not assignable to parameter of type 'Role'.

[7m268[0m   @Roles(UserRole.ADMIN, UserRole.DOCTOR, UserRole.PATIENT)
[7m   [0m [91m         ~~~~~~~~~~~~~~[0m

[96msrc/imaging/imaging.controller.ts[0m:[93m268[0m:[93m35[0m - [91merror[0m[90m TS2339: [0mProperty 'DOCTOR' does not exist on type 'typeof UserRole'.

[7m268[0m   @Roles(UserRole.ADMIN, UserRole.DOCTOR, UserRole.PATIENT)
[7m   [0m [91m                                  ~~~~~~[0m

[96msrc/imaging/imaging.controller.ts[0m:[93m278[0m:[93m10[0m - [91merror[0m[90m TS2345: [0mArgument of type 'UserRole.ADMIN' is not assignable to parameter of type 'Role'.

[7m278[0m   @Roles(UserRole.ADMIN, UserRole.DOCTOR, UserRole.PATIENT)
[7m   [0m [91m         ~~~~~~~~~~~~~~[0m

[96msrc/imaging/imaging.controller.ts[0m:[93m278[0m:[93m35[0m - [91merror[0m[90m TS2339: [0mProperty 'DOCTOR' does not exist on type 'typeof UserRole'.

[7m278[0m   @Roles(UserRole.ADMIN, UserRole.DOCTOR, UserRole.PATIENT)
[7m   [0m [91m                                  ~~~~~~[0m

[96msrc/imaging/imaging.controller.ts[0m:[93m290[0m:[93m10[0m - [91merror[0m[90m TS2345: [0mArgument of type 'UserRole.ADMIN' is not assignable to parameter of type 'Role'.

[7m290[0m   @Roles(UserRole.ADMIN, UserRole.DOCTOR, UserRole.PATIENT)
[7m   [0m [91m         ~~~~~~~~~~~~~~[0m

[96msrc/imaging/imaging.controller.ts[0m:[93m290[0m:[93m35[0m - [91merror[0m[90m TS2339: [0mProperty 'DOCTOR' does not exist on type 'typeof UserRole'.

[7m290[0m   @Roles(UserRole.ADMIN, UserRole.DOCTOR, UserRole.PATIENT)
[7m   [0m [91m                                  ~~~~~~[0m

[96msrc/imaging/imaging.service.ts[0m:[93m23[0m:[93m24[0m - [91merror[0m[90m TS2694: [0mNamespace 'global.Express' has no exported member 'Multer'.

[7m23[0m         files: Express.Multer.File[],
[7m  [0m [91m                       ~~~~~~[0m

[[90m10:46:48 PM[0m] Found 28 errors. Watching for file changes.

[2J[3J[H[[90m10:46:49 PM[0m] File change detected. Starting incremental compilation...

[96msrc/imaging/dicom.service.ts[0m:[93m12[0m:[93m30[0m - [91merror[0m[90m TS2307: [0mCannot find module 'dicom-parser' or its corresponding type declarations.

[7m12[0m import * as dicomParser from 'dicom-parser';
[7m  [0m [91m                             ~~~~~~~~~~~~~~[0m

[96msrc/imaging/dicom.service.ts[0m:[93m13[0m:[93m24[0m - [91merror[0m[90m TS2307: [0mCannot find module 'dcmjs' or its corresponding type declarations.

[7m13[0m import * as dcmjs from 'dcmjs';
[7m  [0m [91m                       ~~~~~~~[0m

[96msrc/imaging/dicom.service.ts[0m:[93m48[0m:[93m23[0m - [91merror[0m[90m TS2694: [0mNamespace 'global.Express' has no exported member 'Multer'.

[7m48[0m         file: Express.Multer.File,
[7m  [0m [91m                      ~~~~~~[0m

[96msrc/imaging/imaging.controller.ts[0m:[93m28[0m:[93m29[0m - [91merror[0m[90m TS2307: [0mCannot find module '../auth/decorators/current-user.decorator' or its corresponding type declarations.

[7m28[0m import { CurrentUser } from '../auth/decorators/current-user.decorator';
[7m  [0m [91m                            ~~~~~~~~~~~~~~~~~~~~~~~~~~~~~~~~~~~~~~~~~~~[0m

[96msrc/imaging/imaging.controller.ts[0m:[93m54[0m:[93m12[0m - [91merror[0m[90m TS2345: [0mArgument of type 'UserRole.ADMIN' is not assignable to parameter of type 'Role'.

[7m54[0m     @Roles(UserRole.ADMIN, UserRole.DOCTOR)
[7m  [0m [91m           ~~~~~~~~~~~~~~[0m

[96msrc/imaging/imaging.controller.ts[0m:[93m54[0m:[93m37[0m - [91merror[0m[90m TS2339: [0mProperty 'DOCTOR' does not exist on type 'typeof UserRole'.

[7m54[0m     @Roles(UserRole.ADMIN, UserRole.DOCTOR)
[7m  [0m [91m                                    ~~~~~~[0m

[96msrc/imaging/imaging.controller.ts[0m:[93m109[0m:[93m41[0m - [91merror[0m[90m TS2694: [0mNamespace 'global.Express' has no exported member 'Multer'.

[7m109[0m         @UploadedFiles() files: Express.Multer.File[],
[7m   [0m [91m                                        ~~~~~~[0m

[96msrc/imaging/imaging.controller.ts[0m:[93m131[0m:[93m13[0m - [91merror[0m[90m TS2739: [0mType '{ success: false; error: any; }' is missing the following properties from type 'DicomUploadResponseDto': studyInstanceUID, seriesInstanceUID, instanceUIDs

[7m131[0m             return {
[7m   [0m [91m            ~~~~~~[0m

[96msrc/imaging/imaging.controller.ts[0m:[93m148[0m:[93m12[0m - [91merror[0m[90m TS2345: [0mArgument of type 'UserRole.ADMIN' is not assignable to parameter of type 'Role'.

[7m148[0m     @Roles(UserRole.ADMIN, UserRole.DOCTOR)
[7m   [0m [91m           ~~~~~~~~~~~~~~[0m

[96msrc/imaging/imaging.controller.ts[0m:[93m148[0m:[93m37[0m - [91merror[0m[90m TS2339: [0mProperty 'DOCTOR' does not exist on type 'typeof UserRole'.

[7m148[0m     @Roles(UserRole.ADMIN, UserRole.DOCTOR)
[7m   [0m [91m                                    ~~~~~~[0m

[96msrc/imaging/imaging.controller.ts[0m:[93m179[0m:[93m13[0m - [91merror[0m[90m TS2739: [0mType '{ success: false; error: any; }' is missing the following properties from type 'BrainTumorDetectionResponseDto': analysisId, status, tumorType

[7m179[0m             return {
[7m   [0m [91m            ~~~~~~[0m

[96msrc/imaging/imaging.controller.ts[0m:[93m187[0m:[93m12[0m - [91merror[0m[90m TS2345: [0mArgument of type 'UserRole.ADMIN' is not assignable to parameter of type 'Role'.

[7m187[0m     @Roles(UserRole.ADMIN, UserRole.DOCTOR, UserRole.PATIENT)
[7m   [0m [91m           ~~~~~~~~~~~~~~[0m

[96msrc/imaging/imaging.controller.ts[0m:[93m187[0m:[93m37[0m - [91merror[0m[90m TS2339: [0mProperty 'DOCTOR' does not exist on type 'typeof UserRole'.

[7m187[0m     @Roles(UserRole.ADMIN, UserRole.DOCTOR, UserRole.PATIENT)
[7m   [0m [91m                                    ~~~~~~[0m

[96msrc/imaging/imaging.controller.ts[0m:[93m203[0m:[93m12[0m - [91merror[0m[90m TS2345: [0mArgument of type 'UserRole.ADMIN' is not assignable to parameter of type 'Role'.

[7m203[0m     @Roles(UserRole.ADMIN, UserRole.DOCTOR, UserRole.PATIENT)
[7m   [0m [91m           ~~~~~~~~~~~~~~[0m

[96msrc/imaging/imaging.controller.ts[0m:[93m203[0m:[93m37[0m - [91merror[0m[90m TS2339: [0mProperty 'DOCTOR' does not exist on type 'typeof UserRole'.

[7m203[0m     @Roles(UserRole.ADMIN, UserRole.DOCTOR, UserRole.PATIENT)
[7m   [0m [91m                                    ~~~~~~[0m

[96msrc/imaging/imaging.controller.ts[0m:[93m219[0m:[93m12[0m - [91merror[0m[90m TS2345: [0mArgument of type 'UserRole.ADMIN' is not assignable to parameter of type 'Role'.

[7m219[0m     @Roles(UserRole.ADMIN, UserRole.DOCTOR, UserRole.PATIENT)
[7m   [0m [91m           ~~~~~~~~~~~~~~[0m

[96msrc/imaging/imaging.controller.ts[0m:[93m219[0m:[93m37[0m - [91merror[0m[90m TS2339: [0mProperty 'DOCTOR' does not exist on type 'typeof UserRole'.

[7m219[0m     @Roles(UserRole.ADMIN, UserRole.DOCTOR, UserRole.PATIENT)
[7m   [0m [91m                                    ~~~~~~[0m

[96msrc/imaging/imaging.controller.ts[0m:[93m235[0m:[93m12[0m - [91merror[0m[90m TS2345: [0mArgument of type 'UserRole.ADMIN' is not assignable to parameter of type 'Role'.

[7m235[0m     @Roles(UserRole.ADMIN, UserRole.DOCTOR, UserRole.PATIENT)
[7m   [0m [91m           ~~~~~~~~~~~~~~[0m

[96msrc/imaging/imaging.controller.ts[0m:[93m235[0m:[93m37[0m - [91merror[0m[90m TS2339: [0mProperty 'DOCTOR' does not exist on type 'typeof UserRole'.

[7m235[0m     @Roles(UserRole.ADMIN, UserRole.DOCTOR, UserRole.PATIENT)
[7m   [0m [91m                                    ~~~~~~[0m

[96msrc/imaging/imaging.controller.ts[0m:[93m251[0m:[93m12[0m - [91merror[0m[90m TS2345: [0mArgument of type 'UserRole.ADMIN' is not assignable to parameter of type 'Role'.

[7m251[0m     @Roles(UserRole.ADMIN, UserRole.DOCTOR, UserRole.PATIENT)
[7m   [0m [91m           ~~~~~~~~~~~~~~[0m

[96msrc/imaging/imaging.controller.ts[0m:[93m251[0m:[93m37[0m - [91merror[0m[90m TS2339: [0mProperty 'DOCTOR' does not exist on type 'typeof UserRole'.

[7m251[0m     @Roles(UserRole.ADMIN, UserRole.DOCTOR, UserRole.PATIENT)
[7m   [0m [91m                                    ~~~~~~[0m

[96msrc/imaging/imaging.controller.ts[0m:[93m268[0m:[93m12[0m - [91merror[0m[90m TS2345: [0mArgument of type 'UserRole.ADMIN' is not assignable to parameter of type 'Role'.

[7m268[0m     @Roles(UserRole.ADMIN, UserRole.DOCTOR, UserRole.PATIENT)
[7m   [0m [91m           ~~~~~~~~~~~~~~[0m

[96msrc/imaging/imaging.controller.ts[0m:[93m268[0m:[93m37[0m - [91merror[0m[90m TS2339: [0mProperty 'DOCTOR' does not exist on type 'typeof UserRole'.

[7m268[0m     @Roles(UserRole.ADMIN, UserRole.DOCTOR, UserRole.PATIENT)
[7m   [0m [91m                                    ~~~~~~[0m

[96msrc/imaging/imaging.controller.ts[0m:[93m278[0m:[93m12[0m - [91merror[0m[90m TS2345: [0mArgument of type 'UserRole.ADMIN' is not assignable to parameter of type 'Role'.

[7m278[0m     @Roles(UserRole.ADMIN, UserRole.DOCTOR, UserRole.PATIENT)
[7m   [0m [91m           ~~~~~~~~~~~~~~[0m

[96msrc/imaging/imaging.controller.ts[0m:[93m278[0m:[93m37[0m - [91merror[0m[90m TS2339: [0mProperty 'DOCTOR' does not exist on type 'typeof UserRole'.

[7m278[0m     @Roles(UserRole.ADMIN, UserRole.DOCTOR, UserRole.PATIENT)
[7m   [0m [91m                                    ~~~~~~[0m

[96msrc/imaging/imaging.controller.ts[0m:[93m290[0m:[93m12[0m - [91merror[0m[90m TS2345: [0mArgument of type 'UserRole.ADMIN' is not assignable to parameter of type 'Role'.

[7m290[0m     @Roles(UserRole.ADMIN, UserRole.DOCTOR, UserRole.PATIENT)
[7m   [0m [91m           ~~~~~~~~~~~~~~[0m

[96msrc/imaging/imaging.controller.ts[0m:[93m290[0m:[93m37[0m - [91merror[0m[90m TS2339: [0mProperty 'DOCTOR' does not exist on type 'typeof UserRole'.

[7m290[0m     @Roles(UserRole.ADMIN, UserRole.DOCTOR, UserRole.PATIENT)
[7m   [0m [91m                                    ~~~~~~[0m

[96msrc/imaging/imaging.service.ts[0m:[93m23[0m:[93m24[0m - [91merror[0m[90m TS2694: [0mNamespace 'global.Express' has no exported member 'Multer'.

[7m23[0m         files: Express.Multer.File[],
[7m  [0m [91m                       ~~~~~~[0m

[[90m10:46:49 PM[0m] Found 28 errors. Watching for file changes.

[2J[3J[H[[90m10:47:06 PM[0m] File change detected. Starting incremental compilation...

[96msrc/imaging/dicom.service.ts[0m:[93m12[0m:[93m30[0m - [91merror[0m[90m TS2307: [0mCannot find module 'dicom-parser' or its corresponding type declarations.

[7m12[0m import * as dicomParser from 'dicom-parser';
[7m  [0m [91m                             ~~~~~~~~~~~~~~[0m

[96msrc/imaging/dicom.service.ts[0m:[93m13[0m:[93m24[0m - [91merror[0m[90m TS2307: [0mCannot find module 'dcmjs' or its corresponding type declarations.

[7m13[0m import * as dcmjs from 'dcmjs';
[7m  [0m [91m                       ~~~~~~~[0m

[96msrc/imaging/dicom.service.ts[0m:[93m48[0m:[93m23[0m - [91merror[0m[90m TS2694: [0mNamespace 'global.Express' has no exported member 'Multer'.

[7m48[0m         file: Express.Multer.File,
[7m  [0m [91m                      ~~~~~~[0m

[96msrc/imaging/imaging.controller.ts[0m:[93m28[0m:[93m29[0m - [91merror[0m[90m TS2307: [0mCannot find module '../auth/decorators/current-user.decorator' or its corresponding type declarations.

[7m28[0m import { CurrentUser } from '../auth/decorators/current-user.decorator';
[7m  [0m [91m                            ~~~~~~~~~~~~~~~~~~~~~~~~~~~~~~~~~~~~~~~~~~~[0m

[96msrc/imaging/imaging.controller.ts[0m:[93m54[0m:[93m12[0m - [91merror[0m[90m TS2345: [0mArgument of type 'UserRole.ADMIN' is not assignable to parameter of type 'Role'.

[7m54[0m     @Roles(UserRole.ADMIN, UserRole.DOCTOR)
[7m  [0m [91m           ~~~~~~~~~~~~~~[0m

[96msrc/imaging/imaging.controller.ts[0m:[93m54[0m:[93m37[0m - [91merror[0m[90m TS2339: [0mProperty 'DOCTOR' does not exist on type 'typeof UserRole'.

[7m54[0m     @Roles(UserRole.ADMIN, UserRole.DOCTOR)
[7m  [0m [91m                                    ~~~~~~[0m

[96msrc/imaging/imaging.controller.ts[0m:[93m109[0m:[93m41[0m - [91merror[0m[90m TS2694: [0mNamespace 'global.Express' has no exported member 'Multer'.

[7m109[0m         @UploadedFiles() files: Express.Multer.File[],
[7m   [0m [91m                                        ~~~~~~[0m

[96msrc/imaging/imaging.controller.ts[0m:[93m131[0m:[93m13[0m - [91merror[0m[90m TS2739: [0mType '{ success: false; error: any; }' is missing the following properties from type 'DicomUploadResponseDto': studyInstanceUID, seriesInstanceUID, instanceUIDs

[7m131[0m             return {
[7m   [0m [91m            ~~~~~~[0m

[96msrc/imaging/imaging.controller.ts[0m:[93m148[0m:[93m12[0m - [91merror[0m[90m TS2345: [0mArgument of type 'UserRole.ADMIN' is not assignable to parameter of type 'Role'.

[7m148[0m     @Roles(UserRole.ADMIN, UserRole.DOCTOR)
[7m   [0m [91m           ~~~~~~~~~~~~~~[0m

[96msrc/imaging/imaging.controller.ts[0m:[93m148[0m:[93m37[0m - [91merror[0m[90m TS2339: [0mProperty 'DOCTOR' does not exist on type 'typeof UserRole'.

[7m148[0m     @Roles(UserRole.ADMIN, UserRole.DOCTOR)
[7m   [0m [91m                                    ~~~~~~[0m

[96msrc/imaging/imaging.controller.ts[0m:[93m179[0m:[93m13[0m - [91merror[0m[90m TS2739: [0mType '{ success: false; error: any; }' is missing the following properties from type 'BrainTumorDetectionResponseDto': analysisId, status, tumorType

[7m179[0m             return {
[7m   [0m [91m            ~~~~~~[0m

[96msrc/imaging/imaging.controller.ts[0m:[93m187[0m:[93m12[0m - [91merror[0m[90m TS2345: [0mArgument of type 'UserRole.ADMIN' is not assignable to parameter of type 'Role'.

[7m187[0m     @Roles(UserRole.ADMIN, UserRole.DOCTOR, UserRole.PATIENT)
[7m   [0m [91m           ~~~~~~~~~~~~~~[0m

[96msrc/imaging/imaging.controller.ts[0m:[93m187[0m:[93m37[0m - [91merror[0m[90m TS2339: [0mProperty 'DOCTOR' does not exist on type 'typeof UserRole'.

[7m187[0m     @Roles(UserRole.ADMIN, UserRole.DOCTOR, UserRole.PATIENT)
[7m   [0m [91m                                    ~~~~~~[0m

[96msrc/imaging/imaging.controller.ts[0m:[93m203[0m:[93m12[0m - [91merror[0m[90m TS2345: [0mArgument of type 'UserRole.ADMIN' is not assignable to parameter of type 'Role'.

[7m203[0m     @Roles(UserRole.ADMIN, UserRole.DOCTOR, UserRole.PATIENT)
[7m   [0m [91m           ~~~~~~~~~~~~~~[0m

[96msrc/imaging/imaging.controller.ts[0m:[93m203[0m:[93m37[0m - [91merror[0m[90m TS2339: [0mProperty 'DOCTOR' does not exist on type 'typeof UserRole'.

[7m203[0m     @Roles(UserRole.ADMIN, UserRole.DOCTOR, UserRole.PATIENT)
[7m   [0m [91m                                    ~~~~~~[0m

[96msrc/imaging/imaging.controller.ts[0m:[93m219[0m:[93m12[0m - [91merror[0m[90m TS2345: [0mArgument of type 'UserRole.ADMIN' is not assignable to parameter of type 'Role'.

[7m219[0m     @Roles(UserRole.ADMIN, UserRole.DOCTOR, UserRole.PATIENT)
[7m   [0m [91m           ~~~~~~~~~~~~~~[0m

[96msrc/imaging/imaging.controller.ts[0m:[93m219[0m:[93m37[0m - [91merror[0m[90m TS2339: [0mProperty 'DOCTOR' does not exist on type 'typeof UserRole'.

[7m219[0m     @Roles(UserRole.ADMIN, UserRole.DOCTOR, UserRole.PATIENT)
[7m   [0m [91m                                    ~~~~~~[0m

[96msrc/imaging/imaging.controller.ts[0m:[93m235[0m:[93m12[0m - [91merror[0m[90m TS2345: [0mArgument of type 'UserRole.ADMIN' is not assignable to parameter of type 'Role'.

[7m235[0m     @Roles(UserRole.ADMIN, UserRole.DOCTOR, UserRole.PATIENT)
[7m   [0m [91m           ~~~~~~~~~~~~~~[0m

[96msrc/imaging/imaging.controller.ts[0m:[93m235[0m:[93m37[0m - [91merror[0m[90m TS2339: [0mProperty 'DOCTOR' does not exist on type 'typeof UserRole'.

[7m235[0m     @Roles(UserRole.ADMIN, UserRole.DOCTOR, UserRole.PATIENT)
[7m   [0m [91m                                    ~~~~~~[0m

[96msrc/imaging/imaging.controller.ts[0m:[93m251[0m:[93m12[0m - [91merror[0m[90m TS2345: [0mArgument of type 'UserRole.ADMIN' is not assignable to parameter of type 'Role'.

[7m251[0m     @Roles(UserRole.ADMIN, UserRole.DOCTOR, UserRole.PATIENT)
[7m   [0m [91m           ~~~~~~~~~~~~~~[0m

[96msrc/imaging/imaging.controller.ts[0m:[93m251[0m:[93m37[0m - [91merror[0m[90m TS2339: [0mProperty 'DOCTOR' does not exist on type 'typeof UserRole'.

[7m251[0m     @Roles(UserRole.ADMIN, UserRole.DOCTOR, UserRole.PATIENT)
[7m   [0m [91m                                    ~~~~~~[0m

[96msrc/imaging/imaging.controller.ts[0m:[93m268[0m:[93m12[0m - [91merror[0m[90m TS2345: [0mArgument of type 'UserRole.ADMIN' is not assignable to parameter of type 'Role'.

[7m268[0m     @Roles(UserRole.ADMIN, UserRole.DOCTOR, UserRole.PATIENT)
[7m   [0m [91m           ~~~~~~~~~~~~~~[0m

[96msrc/imaging/imaging.controller.ts[0m:[93m268[0m:[93m37[0m - [91merror[0m[90m TS2339: [0mProperty 'DOCTOR' does not exist on type 'typeof UserRole'.

[7m268[0m     @Roles(UserRole.ADMIN, UserRole.DOCTOR, UserRole.PATIENT)
[7m   [0m [91m                                    ~~~~~~[0m

[96msrc/imaging/imaging.controller.ts[0m:[93m278[0m:[93m12[0m - [91merror[0m[90m TS2345: [0mArgument of type 'UserRole.ADMIN' is not assignable to parameter of type 'Role'.

[7m278[0m     @Roles(UserRole.ADMIN, UserRole.DOCTOR, UserRole.PATIENT)
[7m   [0m [91m           ~~~~~~~~~~~~~~[0m

[96msrc/imaging/imaging.controller.ts[0m:[93m278[0m:[93m37[0m - [91merror[0m[90m TS2339: [0mProperty 'DOCTOR' does not exist on type 'typeof UserRole'.

[7m278[0m     @Roles(UserRole.ADMIN, UserRole.DOCTOR, UserRole.PATIENT)
[7m   [0m [91m                                    ~~~~~~[0m

[96msrc/imaging/imaging.controller.ts[0m:[93m290[0m:[93m12[0m - [91merror[0m[90m TS2345: [0mArgument of type 'UserRole.ADMIN' is not assignable to parameter of type 'Role'.

[7m290[0m     @Roles(UserRole.ADMIN, UserRole.DOCTOR, UserRole.PATIENT)
[7m   [0m [91m           ~~~~~~~~~~~~~~[0m

[96msrc/imaging/imaging.controller.ts[0m:[93m290[0m:[93m37[0m - [91merror[0m[90m TS2339: [0mProperty 'DOCTOR' does not exist on type 'typeof UserRole'.

[7m290[0m     @Roles(UserRole.ADMIN, UserRole.DOCTOR, UserRole.PATIENT)
[7m   [0m [91m                                    ~~~~~~[0m

[96msrc/imaging/imaging.service.ts[0m:[93m23[0m:[93m24[0m - [91merror[0m[90m TS2694: [0mNamespace 'global.Express' has no exported member 'Multer'.

[7m23[0m         files: Express.Multer.File[],
[7m  [0m [91m                       ~~~~~~[0m

[[90m10:47:07 PM[0m] Found 28 errors. Watching for file changes.

[2J[3J[H[[90m10:47:07 PM[0m] File change detected. Starting incremental compilation...

[96msrc/imaging/dicom.service.ts[0m:[93m12[0m:[93m30[0m - [91merror[0m[90m TS2307: [0mCannot find module 'dicom-parser' or its corresponding type declarations.

[7m12[0m import * as dicomParser from 'dicom-parser';
[7m  [0m [91m                             ~~~~~~~~~~~~~~[0m

[96msrc/imaging/dicom.service.ts[0m:[93m13[0m:[93m24[0m - [91merror[0m[90m TS2307: [0mCannot find module 'dcmjs' or its corresponding type declarations.

[7m13[0m import * as dcmjs from 'dcmjs';
[7m  [0m [91m                       ~~~~~~~[0m

[96msrc/imaging/dicom.service.ts[0m:[93m48[0m:[93m23[0m - [91merror[0m[90m TS2694: [0mNamespace 'global.Express' has no exported member 'Multer'.

[7m48[0m         file: Express.Multer.File,
[7m  [0m [91m                      ~~~~~~[0m

[96msrc/imaging/imaging.controller.ts[0m:[93m28[0m:[93m29[0m - [91merror[0m[90m TS2307: [0mCannot find module '../auth/decorators/current-user.decorator' or its corresponding type declarations.

[7m28[0m import { CurrentUser } from '../auth/decorators/current-user.decorator';
[7m  [0m [91m                            ~~~~~~~~~~~~~~~~~~~~~~~~~~~~~~~~~~~~~~~~~~~[0m

[96msrc/imaging/imaging.controller.ts[0m:[93m54[0m:[93m12[0m - [91merror[0m[90m TS2345: [0mArgument of type 'UserRole.ADMIN' is not assignable to parameter of type 'Role'.

[7m54[0m     @Roles(UserRole.ADMIN, UserRole.DOCTOR)
[7m  [0m [91m           ~~~~~~~~~~~~~~[0m

[96msrc/imaging/imaging.controller.ts[0m:[93m54[0m:[93m37[0m - [91merror[0m[90m TS2339: [0mProperty 'DOCTOR' does not exist on type 'typeof UserRole'.

[7m54[0m     @Roles(UserRole.ADMIN, UserRole.DOCTOR)
[7m  [0m [91m                                    ~~~~~~[0m

[96msrc/imaging/imaging.controller.ts[0m:[93m109[0m:[93m41[0m - [91merror[0m[90m TS2694: [0mNamespace 'global.Express' has no exported member 'Multer'.

[7m109[0m         @UploadedFiles() files: Express.Multer.File[],
[7m   [0m [91m                                        ~~~~~~[0m

[96msrc/imaging/imaging.controller.ts[0m:[93m131[0m:[93m13[0m - [91merror[0m[90m TS2739: [0mType '{ success: false; error: any; }' is missing the following properties from type 'DicomUploadResponseDto': studyInstanceUID, seriesInstanceUID, instanceUIDs

[7m131[0m             return {
[7m   [0m [91m            ~~~~~~[0m

[96msrc/imaging/imaging.controller.ts[0m:[93m148[0m:[93m12[0m - [91merror[0m[90m TS2345: [0mArgument of type 'UserRole.ADMIN' is not assignable to parameter of type 'Role'.

[7m148[0m     @Roles(UserRole.ADMIN, UserRole.DOCTOR)
[7m   [0m [91m           ~~~~~~~~~~~~~~[0m

[96msrc/imaging/imaging.controller.ts[0m:[93m148[0m:[93m37[0m - [91merror[0m[90m TS2339: [0mProperty 'DOCTOR' does not exist on type 'typeof UserRole'.

[7m148[0m     @Roles(UserRole.ADMIN, UserRole.DOCTOR)
[7m   [0m [91m                                    ~~~~~~[0m

[96msrc/imaging/imaging.controller.ts[0m:[93m179[0m:[93m13[0m - [91merror[0m[90m TS2739: [0mType '{ success: false; error: any; }' is missing the following properties from type 'BrainTumorDetectionResponseDto': analysisId, status, tumorType

[7m179[0m             return {
[7m   [0m [91m            ~~~~~~[0m

[96msrc/imaging/imaging.controller.ts[0m:[93m187[0m:[93m12[0m - [91merror[0m[90m TS2345: [0mArgument of type 'UserRole.ADMIN' is not assignable to parameter of type 'Role'.

[7m187[0m     @Roles(UserRole.ADMIN, UserRole.DOCTOR, UserRole.PATIENT)
[7m   [0m [91m           ~~~~~~~~~~~~~~[0m

[96msrc/imaging/imaging.controller.ts[0m:[93m187[0m:[93m37[0m - [91merror[0m[90m TS2339: [0mProperty 'DOCTOR' does not exist on type 'typeof UserRole'.

[7m187[0m     @Roles(UserRole.ADMIN, UserRole.DOCTOR, UserRole.PATIENT)
[7m   [0m [91m                                    ~~~~~~[0m

[96msrc/imaging/imaging.controller.ts[0m:[93m203[0m:[93m12[0m - [91merror[0m[90m TS2345: [0mArgument of type 'UserRole.ADMIN' is not assignable to parameter of type 'Role'.

[7m203[0m     @Roles(UserRole.ADMIN, UserRole.DOCTOR, UserRole.PATIENT)
[7m   [0m [91m           ~~~~~~~~~~~~~~[0m

[96msrc/imaging/imaging.controller.ts[0m:[93m203[0m:[93m37[0m - [91merror[0m[90m TS2339: [0mProperty 'DOCTOR' does not exist on type 'typeof UserRole'.

[7m203[0m     @Roles(UserRole.ADMIN, UserRole.DOCTOR, UserRole.PATIENT)
[7m   [0m [91m                                    ~~~~~~[0m

[96msrc/imaging/imaging.controller.ts[0m:[93m219[0m:[93m12[0m - [91merror[0m[90m TS2345: [0mArgument of type 'UserRole.ADMIN' is not assignable to parameter of type 'Role'.

[7m219[0m     @Roles(UserRole.ADMIN, UserRole.DOCTOR, UserRole.PATIENT)
[7m   [0m [91m           ~~~~~~~~~~~~~~[0m

[96msrc/imaging/imaging.controller.ts[0m:[93m219[0m:[93m37[0m - [91merror[0m[90m TS2339: [0mProperty 'DOCTOR' does not exist on type 'typeof UserRole'.

[7m219[0m     @Roles(UserRole.ADMIN, UserRole.DOCTOR, UserRole.PATIENT)
[7m   [0m [91m                                    ~~~~~~[0m

[96msrc/imaging/imaging.controller.ts[0m:[93m235[0m:[93m12[0m - [91merror[0m[90m TS2345: [0mArgument of type 'UserRole.ADMIN' is not assignable to parameter of type 'Role'.

[7m235[0m     @Roles(UserRole.ADMIN, UserRole.DOCTOR, UserRole.PATIENT)
[7m   [0m [91m           ~~~~~~~~~~~~~~[0m

[96msrc/imaging/imaging.controller.ts[0m:[93m235[0m:[93m37[0m - [91merror[0m[90m TS2339: [0mProperty 'DOCTOR' does not exist on type 'typeof UserRole'.

[7m235[0m     @Roles(UserRole.ADMIN, UserRole.DOCTOR, UserRole.PATIENT)
[7m   [0m [91m                                    ~~~~~~[0m

[96msrc/imaging/imaging.controller.ts[0m:[93m251[0m:[93m12[0m - [91merror[0m[90m TS2345: [0mArgument of type 'UserRole.ADMIN' is not assignable to parameter of type 'Role'.

[7m251[0m     @Roles(UserRole.ADMIN, UserRole.DOCTOR, UserRole.PATIENT)
[7m   [0m [91m           ~~~~~~~~~~~~~~[0m

[96msrc/imaging/imaging.controller.ts[0m:[93m251[0m:[93m37[0m - [91merror[0m[90m TS2339: [0mProperty 'DOCTOR' does not exist on type 'typeof UserRole'.

[7m251[0m     @Roles(UserRole.ADMIN, UserRole.DOCTOR, UserRole.PATIENT)
[7m   [0m [91m                                    ~~~~~~[0m

[96msrc/imaging/imaging.controller.ts[0m:[93m268[0m:[93m12[0m - [91merror[0m[90m TS2345: [0mArgument of type 'UserRole.ADMIN' is not assignable to parameter of type 'Role'.

[7m268[0m     @Roles(UserRole.ADMIN, UserRole.DOCTOR, UserRole.PATIENT)
[7m   [0m [91m           ~~~~~~~~~~~~~~[0m

[96msrc/imaging/imaging.controller.ts[0m:[93m268[0m:[93m37[0m - [91merror[0m[90m TS2339: [0mProperty 'DOCTOR' does not exist on type 'typeof UserRole'.

[7m268[0m     @Roles(UserRole.ADMIN, UserRole.DOCTOR, UserRole.PATIENT)
[7m   [0m [91m                                    ~~~~~~[0m

[96msrc/imaging/imaging.controller.ts[0m:[93m278[0m:[93m12[0m - [91merror[0m[90m TS2345: [0mArgument of type 'UserRole.ADMIN' is not assignable to parameter of type 'Role'.

[7m278[0m     @Roles(UserRole.ADMIN, UserRole.DOCTOR, UserRole.PATIENT)
[7m   [0m [91m           ~~~~~~~~~~~~~~[0m

[96msrc/imaging/imaging.controller.ts[0m:[93m278[0m:[93m37[0m - [91merror[0m[90m TS2339: [0mProperty 'DOCTOR' does not exist on type 'typeof UserRole'.

[7m278[0m     @Roles(UserRole.ADMIN, UserRole.DOCTOR, UserRole.PATIENT)
[7m   [0m [91m                                    ~~~~~~[0m

[96msrc/imaging/imaging.controller.ts[0m:[93m290[0m:[93m12[0m - [91merror[0m[90m TS2345: [0mArgument of type 'UserRole.ADMIN' is not assignable to parameter of type 'Role'.

[7m290[0m     @Roles(UserRole.ADMIN, UserRole.DOCTOR, UserRole.PATIENT)
[7m   [0m [91m           ~~~~~~~~~~~~~~[0m

[96msrc/imaging/imaging.controller.ts[0m:[93m290[0m:[93m37[0m - [91merror[0m[90m TS2339: [0mProperty 'DOCTOR' does not exist on type 'typeof UserRole'.

[7m290[0m     @Roles(UserRole.ADMIN, UserRole.DOCTOR, UserRole.PATIENT)
[7m   [0m [91m                                    ~~~~~~[0m

[96msrc/imaging/imaging.service.ts[0m:[93m23[0m:[93m24[0m - [91merror[0m[90m TS2694: [0mNamespace 'global.Express' has no exported member 'Multer'.

[7m23[0m         files: Express.Multer.File[],
[7m  [0m [91m                       ~~~~~~[0m

[[90m10:47:08 PM[0m] Found 28 errors. Watching for file changes.

[95m[Nest] 51  - [39m07/04/2025, 10:47:17 PM [95m  DEBUG[39m [38;5;3m[CorrelationIdMiddleware] [39m[95mIncoming request GET / [medicare-1751669237737-6a7e6a04][39m
[33m[Nest] 51  - [39m07/04/2025, 10:47:17 PM [33m   WARN[39m [38;5;3m[CorrelationIdMiddleware] [39m[33mResponse 404 GET /api/imaging/test/health [medicare-1751669237737-6a7e6a04] - 1ms[39m
[95m[Nest] 51  - [39m07/04/2025, 10:47:48 PM [95m  DEBUG[39m [38;5;3m[CorrelationIdMiddleware] [39m[95mIncoming request GET / [medicare-1751669268515-86b2f7da][39m
[33m[Nest] 51  - [39m07/04/2025, 10:47:48 PM [33m   WARN[39m [38;5;3m[CorrelationIdMiddleware] [39m[33mResponse 404 GET /api/imaging/test/health [medicare-1751669268515-86b2f7da] - 1ms[39m
[2J[3J[H[[90m10:47:52 PM[0m] File change detected. Starting incremental compilation...

[96msrc/imaging/dicom.service.ts[0m:[93m12[0m:[93m30[0m - [91merror[0m[90m TS2307: [0mCannot find module 'dicom-parser' or its corresponding type declarations.

[7m12[0m import * as dicomParser from 'dicom-parser';
[7m  [0m [91m                             ~~~~~~~~~~~~~~[0m

[96msrc/imaging/dicom.service.ts[0m:[93m13[0m:[93m24[0m - [91merror[0m[90m TS2307: [0mCannot find module 'dcmjs' or its corresponding type declarations.

[7m13[0m import * as dcmjs from 'dcmjs';
[7m  [0m [91m                       ~~~~~~~[0m

[96msrc/imaging/dicom.service.ts[0m:[93m48[0m:[93m23[0m - [91merror[0m[90m TS2694: [0mNamespace 'global.Express' has no exported member 'Multer'.

[7m48[0m         file: Express.Multer.File,
[7m  [0m [91m                      ~~~~~~[0m

[96msrc/imaging/imaging.controller.ts[0m:[93m28[0m:[93m29[0m - [91merror[0m[90m TS2307: [0mCannot find module '../auth/decorators/current-user.decorator' or its corresponding type declarations.

[7m28[0m import { CurrentUser } from '../auth/decorators/current-user.decorator';
[7m  [0m [91m                            ~~~~~~~~~~~~~~~~~~~~~~~~~~~~~~~~~~~~~~~~~~~[0m

[96msrc/imaging/imaging.controller.ts[0m:[93m54[0m:[93m12[0m - [91merror[0m[90m TS2345: [0mArgument of type 'UserRole.ADMIN' is not assignable to parameter of type 'Role'.

[7m54[0m     @Roles(UserRole.ADMIN, UserRole.DOCTOR)
[7m  [0m [91m           ~~~~~~~~~~~~~~[0m

[96msrc/imaging/imaging.controller.ts[0m:[93m54[0m:[93m37[0m - [91merror[0m[90m TS2339: [0mProperty 'DOCTOR' does not exist on type 'typeof UserRole'.

[7m54[0m     @Roles(UserRole.ADMIN, UserRole.DOCTOR)
[7m  [0m [91m                                    ~~~~~~[0m

[96msrc/imaging/imaging.controller.ts[0m:[93m109[0m:[93m41[0m - [91merror[0m[90m TS2694: [0mNamespace 'global.Express' has no exported member 'Multer'.

[7m109[0m         @UploadedFiles() files: Express.Multer.File[],
[7m   [0m [91m                                        ~~~~~~[0m

[96msrc/imaging/imaging.controller.ts[0m:[93m131[0m:[93m13[0m - [91merror[0m[90m TS2739: [0mType '{ success: false; error: any; }' is missing the following properties from type 'DicomUploadResponseDto': studyInstanceUID, seriesInstanceUID, instanceUIDs

[7m131[0m             return {
[7m   [0m [91m            ~~~~~~[0m

[96msrc/imaging/imaging.controller.ts[0m:[93m148[0m:[93m12[0m - [91merror[0m[90m TS2345: [0mArgument of type 'UserRole.ADMIN' is not assignable to parameter of type 'Role'.

[7m148[0m     @Roles(UserRole.ADMIN, UserRole.DOCTOR)
[7m   [0m [91m           ~~~~~~~~~~~~~~[0m

[96msrc/imaging/imaging.controller.ts[0m:[93m148[0m:[93m37[0m - [91merror[0m[90m TS2339: [0mProperty 'DOCTOR' does not exist on type 'typeof UserRole'.

[7m148[0m     @Roles(UserRole.ADMIN, UserRole.DOCTOR)
[7m   [0m [91m                                    ~~~~~~[0m

[96msrc/imaging/imaging.controller.ts[0m:[93m179[0m:[93m13[0m - [91merror[0m[90m TS2739: [0mType '{ success: false; error: any; }' is missing the following properties from type 'BrainTumorDetectionResponseDto': analysisId, status, tumorType

[7m179[0m             return {
[7m   [0m [91m            ~~~~~~[0m

[96msrc/imaging/imaging.controller.ts[0m:[93m187[0m:[93m12[0m - [91merror[0m[90m TS2345: [0mArgument of type 'UserRole.ADMIN' is not assignable to parameter of type 'Role'.

[7m187[0m     @Roles(UserRole.ADMIN, UserRole.DOCTOR, UserRole.PATIENT)
[7m   [0m [91m           ~~~~~~~~~~~~~~[0m

[96msrc/imaging/imaging.controller.ts[0m:[93m187[0m:[93m37[0m - [91merror[0m[90m TS2339: [0mProperty 'DOCTOR' does not exist on type 'typeof UserRole'.

[7m187[0m     @Roles(UserRole.ADMIN, UserRole.DOCTOR, UserRole.PATIENT)
[7m   [0m [91m                                    ~~~~~~[0m

[96msrc/imaging/imaging.controller.ts[0m:[93m203[0m:[93m12[0m - [91merror[0m[90m TS2345: [0mArgument of type 'UserRole.ADMIN' is not assignable to parameter of type 'Role'.

[7m203[0m     @Roles(UserRole.ADMIN, UserRole.DOCTOR, UserRole.PATIENT)
[7m   [0m [91m           ~~~~~~~~~~~~~~[0m

[96msrc/imaging/imaging.controller.ts[0m:[93m203[0m:[93m37[0m - [91merror[0m[90m TS2339: [0mProperty 'DOCTOR' does not exist on type 'typeof UserRole'.

[7m203[0m     @Roles(UserRole.ADMIN, UserRole.DOCTOR, UserRole.PATIENT)
[7m   [0m [91m                                    ~~~~~~[0m

[96msrc/imaging/imaging.controller.ts[0m:[93m219[0m:[93m12[0m - [91merror[0m[90m TS2345: [0mArgument of type 'UserRole.ADMIN' is not assignable to parameter of type 'Role'.

[7m219[0m     @Roles(UserRole.ADMIN, UserRole.DOCTOR, UserRole.PATIENT)
[7m   [0m [91m           ~~~~~~~~~~~~~~[0m

[96msrc/imaging/imaging.controller.ts[0m:[93m219[0m:[93m37[0m - [91merror[0m[90m TS2339: [0mProperty 'DOCTOR' does not exist on type 'typeof UserRole'.

[7m219[0m     @Roles(UserRole.ADMIN, UserRole.DOCTOR, UserRole.PATIENT)
[7m   [0m [91m                                    ~~~~~~[0m

[96msrc/imaging/imaging.controller.ts[0m:[93m235[0m:[93m12[0m - [91merror[0m[90m TS2345: [0mArgument of type 'UserRole.ADMIN' is not assignable to parameter of type 'Role'.

[7m235[0m     @Roles(UserRole.ADMIN, UserRole.DOCTOR, UserRole.PATIENT)
[7m   [0m [91m           ~~~~~~~~~~~~~~[0m

[96msrc/imaging/imaging.controller.ts[0m:[93m235[0m:[93m37[0m - [91merror[0m[90m TS2339: [0mProperty 'DOCTOR' does not exist on type 'typeof UserRole'.

[7m235[0m     @Roles(UserRole.ADMIN, UserRole.DOCTOR, UserRole.PATIENT)
[7m   [0m [91m                                    ~~~~~~[0m

[96msrc/imaging/imaging.controller.ts[0m:[93m251[0m:[93m12[0m - [91merror[0m[90m TS2345: [0mArgument of type 'UserRole.ADMIN' is not assignable to parameter of type 'Role'.

[7m251[0m     @Roles(UserRole.ADMIN, UserRole.DOCTOR, UserRole.PATIENT)
[7m   [0m [91m           ~~~~~~~~~~~~~~[0m

[96msrc/imaging/imaging.controller.ts[0m:[93m251[0m:[93m37[0m - [91merror[0m[90m TS2339: [0mProperty 'DOCTOR' does not exist on type 'typeof UserRole'.

[7m251[0m     @Roles(UserRole.ADMIN, UserRole.DOCTOR, UserRole.PATIENT)
[7m   [0m [91m                                    ~~~~~~[0m

[96msrc/imaging/imaging.controller.ts[0m:[93m268[0m:[93m12[0m - [91merror[0m[90m TS2345: [0mArgument of type 'UserRole.ADMIN' is not assignable to parameter of type 'Role'.

[7m268[0m     @Roles(UserRole.ADMIN, UserRole.DOCTOR, UserRole.PATIENT)
[7m   [0m [91m           ~~~~~~~~~~~~~~[0m

[96msrc/imaging/imaging.controller.ts[0m:[93m268[0m:[93m37[0m - [91merror[0m[90m TS2339: [0mProperty 'DOCTOR' does not exist on type 'typeof UserRole'.

[7m268[0m     @Roles(UserRole.ADMIN, UserRole.DOCTOR, UserRole.PATIENT)
[7m   [0m [91m                                    ~~~~~~[0m

[96msrc/imaging/imaging.controller.ts[0m:[93m278[0m:[93m12[0m - [91merror[0m[90m TS2345: [0mArgument of type 'UserRole.ADMIN' is not assignable to parameter of type 'Role'.

[7m278[0m     @Roles(UserRole.ADMIN, UserRole.DOCTOR, UserRole.PATIENT)
[7m   [0m [91m           ~~~~~~~~~~~~~~[0m

[96msrc/imaging/imaging.controller.ts[0m:[93m278[0m:[93m37[0m - [91merror[0m[90m TS2339: [0mProperty 'DOCTOR' does not exist on type 'typeof UserRole'.

[7m278[0m     @Roles(UserRole.ADMIN, UserRole.DOCTOR, UserRole.PATIENT)
[7m   [0m [91m                                    ~~~~~~[0m

[96msrc/imaging/imaging.controller.ts[0m:[93m290[0m:[93m12[0m - [91merror[0m[90m TS2345: [0mArgument of type 'UserRole.ADMIN' is not assignable to parameter of type 'Role'.

[7m290[0m     @Roles(UserRole.ADMIN, UserRole.DOCTOR, UserRole.PATIENT)
[7m   [0m [91m           ~~~~~~~~~~~~~~[0m

[96msrc/imaging/imaging.controller.ts[0m:[93m290[0m:[93m37[0m - [91merror[0m[90m TS2339: [0mProperty 'DOCTOR' does not exist on type 'typeof UserRole'.

[7m290[0m     @Roles(UserRole.ADMIN, UserRole.DOCTOR, UserRole.PATIENT)
[7m   [0m [91m                                    ~~~~~~[0m

[96msrc/imaging/imaging.service.ts[0m:[93m23[0m:[93m24[0m - [91merror[0m[90m TS2694: [0mNamespace 'global.Express' has no exported member 'Multer'.

[7m23[0m         files: Express.Multer.File[],
[7m  [0m [91m                       ~~~~~~[0m

[[90m10:47:52 PM[0m] Found 28 errors. Watching for file changes.

[95m[Nest] 51  - [39m07/04/2025, 10:48:19 PM [95m  DEBUG[39m [38;5;3m[CorrelationIdMiddleware] [39m[95mIncoming request GET / [medicare-1751669299311-4404ab0d][39m
[33m[Nest] 51  - [39m07/04/2025, 10:48:19 PM [33m   WARN[39m [38;5;3m[CorrelationIdMiddleware] [39m[33mResponse 404 GET /api/imaging/test/health [medicare-1751669299311-4404ab0d] - 1ms[39m
[95m[Nest] 51  - [39m07/04/2025, 10:48:50 PM [95m  DEBUG[39m [38;5;3m[CorrelationIdMiddleware] [39m[95mIncoming request GET / [medicare-1751669330104-b79203e1][39m
[33m[Nest] 51  - [39m07/04/2025, 10:48:50 PM [33m   WARN[39m [38;5;3m[CorrelationIdMiddleware] [39m[33mResponse 404 GET /api/imaging/test/health [medicare-1751669330104-b79203e1] - 0ms[39m
[95m[Nest] 51  - [39m07/04/2025, 10:49:20 PM [95m  DEBUG[39m [38;5;3m[CorrelationIdMiddleware] [39m[95mIncoming request GET / [medicare-1751669360899-fbdd7d46][39m
[33m[Nest] 51  - [39m07/04/2025, 10:49:20 PM [33m   WARN[39m [38;5;3m[CorrelationIdMiddleware] [39m[33mResponse 404 GET /api/imaging/test/health [medicare-1751669360899-fbdd7d46] - 1ms[39m
[95m[Nest] 51  - [39m07/04/2025, 10:49:51 PM [95m  DEBUG[39m [38;5;3m[CorrelationIdMiddleware] [39m[95mIncoming request GET / [medicare-1751669391688-33aceb7a][39m
[33m[Nest] 51  - [39m07/04/2025, 10:49:51 PM [33m   WARN[39m [38;5;3m[CorrelationIdMiddleware] [39m[33mResponse 404 GET /api/imaging/test/health [medicare-1751669391688-33aceb7a] - 1ms[39m
[95m[Nest] 51  - [39m07/04/2025, 10:50:22 PM [95m  DEBUG[39m [38;5;3m[CorrelationIdMiddleware] [39m[95mIncoming request GET / [medicare-1751669422487-8192c2e3][39m
[33m[Nest] 51  - [39m07/04/2025, 10:50:22 PM [33m   WARN[39m [38;5;3m[CorrelationIdMiddleware] [39m[33mResponse 404 GET /api/imaging/test/health [medicare-1751669422487-8192c2e3] - 1ms[39m
[95m[Nest] 51  - [39m07/04/2025, 10:50:53 PM [95m  DEBUG[39m [38;5;3m[CorrelationIdMiddleware] [39m[95mIncoming request GET / [medicare-1751669453286-8650c208][39m
[33m[Nest] 51  - [39m07/04/2025, 10:50:53 PM [33m   WARN[39m [38;5;3m[CorrelationIdMiddleware] [39m[33mResponse 404 GET /api/imaging/test/health [medicare-1751669453286-8650c208] - 0ms[39m
[95m[Nest] 51  - [39m07/04/2025, 10:51:24 PM [95m  DEBUG[39m [38;5;3m[CorrelationIdMiddleware] [39m[95mIncoming request GET / [medicare-1751669484086-624b49d4][39m
[33m[Nest] 51  - [39m07/04/2025, 10:51:24 PM [33m   WARN[39m [38;5;3m[CorrelationIdMiddleware] [39m[33mResponse 404 GET /api/imaging/test/health [medicare-1751669484086-624b49d4] - 1ms[39m
[2J[3J[H[[90m10:51:29 PM[0m] File change detected. Starting incremental compilation...

[96msrc/imaging/dicom.service.ts[0m:[93m12[0m:[93m30[0m - [91merror[0m[90m TS2307: [0mCannot find module 'dicom-parser' or its corresponding type declarations.

[7m12[0m import * as dicomParser from 'dicom-parser';
[7m  [0m [91m                             ~~~~~~~~~~~~~~[0m

[96msrc/imaging/dicom.service.ts[0m:[93m13[0m:[93m24[0m - [91merror[0m[90m TS2307: [0mCannot find module 'dcmjs' or its corresponding type declarations.

[7m13[0m import * as dcmjs from 'dcmjs';
[7m  [0m [91m                       ~~~~~~~[0m

[96msrc/imaging/dicom.service.ts[0m:[93m48[0m:[93m23[0m - [91merror[0m[90m TS2694: [0mNamespace 'global.Express' has no exported member 'Multer'.

[7m48[0m         file: Express.Multer.File,
[7m  [0m [91m                      ~~~~~~[0m

[96msrc/imaging/imaging.controller.ts[0m:[93m28[0m:[93m29[0m - [91merror[0m[90m TS2307: [0mCannot find module '../auth/decorators/current-user.decorator' or its corresponding type declarations.

[7m28[0m import { CurrentUser } from '../auth/decorators/current-user.decorator';
[7m  [0m [91m                            ~~~~~~~~~~~~~~~~~~~~~~~~~~~~~~~~~~~~~~~~~~~[0m

[96msrc/imaging/imaging.controller.ts[0m:[93m54[0m:[93m12[0m - [91merror[0m[90m TS2345: [0mArgument of type 'UserRole.ADMIN' is not assignable to parameter of type 'Role'.

[7m54[0m     @Roles(UserRole.ADMIN, UserRole.DOCTOR)
[7m  [0m [91m           ~~~~~~~~~~~~~~[0m

[96msrc/imaging/imaging.controller.ts[0m:[93m54[0m:[93m37[0m - [91merror[0m[90m TS2339: [0mProperty 'DOCTOR' does not exist on type 'typeof UserRole'.

[7m54[0m     @Roles(UserRole.ADMIN, UserRole.DOCTOR)
[7m  [0m [91m                                    ~~~~~~[0m

[96msrc/imaging/imaging.controller.ts[0m:[93m109[0m:[93m41[0m - [91merror[0m[90m TS2694: [0mNamespace 'global.Express' has no exported member 'Multer'.

[7m109[0m         @UploadedFiles() files: Express.Multer.File[],
[7m   [0m [91m                                        ~~~~~~[0m

[96msrc/imaging/imaging.controller.ts[0m:[93m131[0m:[93m13[0m - [91merror[0m[90m TS2739: [0mType '{ success: false; error: any; }' is missing the following properties from type 'DicomUploadResponseDto': studyInstanceUID, seriesInstanceUID, instanceUIDs

[7m131[0m             return {
[7m   [0m [91m            ~~~~~~[0m

[96msrc/imaging/imaging.controller.ts[0m:[93m148[0m:[93m12[0m - [91merror[0m[90m TS2345: [0mArgument of type 'UserRole.ADMIN' is not assignable to parameter of type 'Role'.

[7m148[0m     @Roles(UserRole.ADMIN, UserRole.DOCTOR)
[7m   [0m [91m           ~~~~~~~~~~~~~~[0m

[96msrc/imaging/imaging.controller.ts[0m:[93m148[0m:[93m37[0m - [91merror[0m[90m TS2339: [0mProperty 'DOCTOR' does not exist on type 'typeof UserRole'.

[7m148[0m     @Roles(UserRole.ADMIN, UserRole.DOCTOR)
[7m   [0m [91m                                    ~~~~~~[0m

[96msrc/imaging/imaging.controller.ts[0m:[93m179[0m:[93m13[0m - [91merror[0m[90m TS2739: [0mType '{ success: false; error: any; }' is missing the following properties from type 'BrainTumorDetectionResponseDto': analysisId, status, tumorType

[7m179[0m             return {
[7m   [0m [91m            ~~~~~~[0m

[96msrc/imaging/imaging.controller.ts[0m:[93m187[0m:[93m12[0m - [91merror[0m[90m TS2345: [0mArgument of type 'UserRole.ADMIN' is not assignable to parameter of type 'Role'.

[7m187[0m     @Roles(UserRole.ADMIN, UserRole.DOCTOR, UserRole.PATIENT)
[7m   [0m [91m           ~~~~~~~~~~~~~~[0m

[96msrc/imaging/imaging.controller.ts[0m:[93m187[0m:[93m37[0m - [91merror[0m[90m TS2339: [0mProperty 'DOCTOR' does not exist on type 'typeof UserRole'.

[7m187[0m     @Roles(UserRole.ADMIN, UserRole.DOCTOR, UserRole.PATIENT)
[7m   [0m [91m                                    ~~~~~~[0m

[96msrc/imaging/imaging.controller.ts[0m:[93m203[0m:[93m12[0m - [91merror[0m[90m TS2345: [0mArgument of type 'UserRole.ADMIN' is not assignable to parameter of type 'Role'.

[7m203[0m     @Roles(UserRole.ADMIN, UserRole.DOCTOR, UserRole.PATIENT)
[7m   [0m [91m           ~~~~~~~~~~~~~~[0m

[96msrc/imaging/imaging.controller.ts[0m:[93m203[0m:[93m37[0m - [91merror[0m[90m TS2339: [0mProperty 'DOCTOR' does not exist on type 'typeof UserRole'.

[7m203[0m     @Roles(UserRole.ADMIN, UserRole.DOCTOR, UserRole.PATIENT)
[7m   [0m [91m                                    ~~~~~~[0m

[96msrc/imaging/imaging.controller.ts[0m:[93m219[0m:[93m12[0m - [91merror[0m[90m TS2345: [0mArgument of type 'UserRole.ADMIN' is not assignable to parameter of type 'Role'.

[7m219[0m     @Roles(UserRole.ADMIN, UserRole.DOCTOR, UserRole.PATIENT)
[7m   [0m [91m           ~~~~~~~~~~~~~~[0m

[96msrc/imaging/imaging.controller.ts[0m:[93m219[0m:[93m37[0m - [91merror[0m[90m TS2339: [0mProperty 'DOCTOR' does not exist on type 'typeof UserRole'.

[7m219[0m     @Roles(UserRole.ADMIN, UserRole.DOCTOR, UserRole.PATIENT)
[7m   [0m [91m                                    ~~~~~~[0m

[96msrc/imaging/imaging.controller.ts[0m:[93m235[0m:[93m12[0m - [91merror[0m[90m TS2345: [0mArgument of type 'UserRole.ADMIN' is not assignable to parameter of type 'Role'.

[7m235[0m     @Roles(UserRole.ADMIN, UserRole.DOCTOR, UserRole.PATIENT)
[7m   [0m [91m           ~~~~~~~~~~~~~~[0m

[96msrc/imaging/imaging.controller.ts[0m:[93m235[0m:[93m37[0m - [91merror[0m[90m TS2339: [0mProperty 'DOCTOR' does not exist on type 'typeof UserRole'.

[7m235[0m     @Roles(UserRole.ADMIN, UserRole.DOCTOR, UserRole.PATIENT)
[7m   [0m [91m                                    ~~~~~~[0m

[96msrc/imaging/imaging.controller.ts[0m:[93m251[0m:[93m12[0m - [91merror[0m[90m TS2345: [0mArgument of type 'UserRole.ADMIN' is not assignable to parameter of type 'Role'.

[7m251[0m     @Roles(UserRole.ADMIN, UserRole.DOCTOR, UserRole.PATIENT)
[7m   [0m [91m           ~~~~~~~~~~~~~~[0m

[96msrc/imaging/imaging.controller.ts[0m:[93m251[0m:[93m37[0m - [91merror[0m[90m TS2339: [0mProperty 'DOCTOR' does not exist on type 'typeof UserRole'.

[7m251[0m     @Roles(UserRole.ADMIN, UserRole.DOCTOR, UserRole.PATIENT)
[7m   [0m [91m                                    ~~~~~~[0m

[96msrc/imaging/imaging.controller.ts[0m:[93m268[0m:[93m12[0m - [91merror[0m[90m TS2345: [0mArgument of type 'UserRole.ADMIN' is not assignable to parameter of type 'Role'.

[7m268[0m     @Roles(UserRole.ADMIN, UserRole.DOCTOR, UserRole.PATIENT)
[7m   [0m [91m           ~~~~~~~~~~~~~~[0m

[96msrc/imaging/imaging.controller.ts[0m:[93m268[0m:[93m37[0m - [91merror[0m[90m TS2339: [0mProperty 'DOCTOR' does not exist on type 'typeof UserRole'.

[7m268[0m     @Roles(UserRole.ADMIN, UserRole.DOCTOR, UserRole.PATIENT)
[7m   [0m [91m                                    ~~~~~~[0m

[96msrc/imaging/imaging.controller.ts[0m:[93m278[0m:[93m12[0m - [91merror[0m[90m TS2345: [0mArgument of type 'UserRole.ADMIN' is not assignable to parameter of type 'Role'.

[7m278[0m     @Roles(UserRole.ADMIN, UserRole.DOCTOR, UserRole.PATIENT)
[7m   [0m [91m           ~~~~~~~~~~~~~~[0m

[96msrc/imaging/imaging.controller.ts[0m:[93m278[0m:[93m37[0m - [91merror[0m[90m TS2339: [0mProperty 'DOCTOR' does not exist on type 'typeof UserRole'.

[7m278[0m     @Roles(UserRole.ADMIN, UserRole.DOCTOR, UserRole.PATIENT)
[7m   [0m [91m                                    ~~~~~~[0m

[96msrc/imaging/imaging.controller.ts[0m:[93m290[0m:[93m12[0m - [91merror[0m[90m TS2345: [0mArgument of type 'UserRole.ADMIN' is not assignable to parameter of type 'Role'.

[7m290[0m     @Roles(UserRole.ADMIN, UserRole.DOCTOR, UserRole.PATIENT)
[7m   [0m [91m           ~~~~~~~~~~~~~~[0m

[96msrc/imaging/imaging.controller.ts[0m:[93m290[0m:[93m37[0m - [91merror[0m[90m TS2339: [0mProperty 'DOCTOR' does not exist on type 'typeof UserRole'.

[7m290[0m     @Roles(UserRole.ADMIN, UserRole.DOCTOR, UserRole.PATIENT)
[7m   [0m [91m                                    ~~~~~~[0m

[96msrc/imaging/imaging.service.ts[0m:[93m23[0m:[93m24[0m - [91merror[0m[90m TS2694: [0mNamespace 'global.Express' has no exported member 'Multer'.

[7m23[0m         files: Express.Multer.File[],
[7m  [0m [91m                       ~~~~~~[0m

[[90m10:51:29 PM[0m] Found 28 errors. Watching for file changes.

[2J[3J[H[[90m10:51:31 PM[0m] File change detected. Starting incremental compilation...

[96msrc/imaging/dicom.service.ts[0m:[93m12[0m:[93m30[0m - [91merror[0m[90m TS2307: [0mCannot find module 'dicom-parser' or its corresponding type declarations.

[7m12[0m import * as dicomParser from 'dicom-parser';
[7m  [0m [91m                             ~~~~~~~~~~~~~~[0m

[96msrc/imaging/dicom.service.ts[0m:[93m13[0m:[93m24[0m - [91merror[0m[90m TS2307: [0mCannot find module 'dcmjs' or its corresponding type declarations.

[7m13[0m import * as dcmjs from 'dcmjs';
[7m  [0m [91m                       ~~~~~~~[0m

[96msrc/imaging/dicom.service.ts[0m:[93m48[0m:[93m23[0m - [91merror[0m[90m TS2694: [0mNamespace 'global.Express' has no exported member 'Multer'.

[7m48[0m         file: Express.Multer.File,
[7m  [0m [91m                      ~~~~~~[0m

[96msrc/imaging/imaging.controller.ts[0m:[93m28[0m:[93m29[0m - [91merror[0m[90m TS2307: [0mCannot find module '../auth/decorators/current-user.decorator' or its corresponding type declarations.

[7m28[0m import { CurrentUser } from '../auth/decorators/current-user.decorator';
[7m  [0m [91m                            ~~~~~~~~~~~~~~~~~~~~~~~~~~~~~~~~~~~~~~~~~~~[0m

[96msrc/imaging/imaging.controller.ts[0m:[93m54[0m:[93m12[0m - [91merror[0m[90m TS2345: [0mArgument of type 'UserRole.ADMIN' is not assignable to parameter of type 'Role'.

[7m54[0m     @Roles(UserRole.ADMIN, UserRole.DOCTOR)
[7m  [0m [91m           ~~~~~~~~~~~~~~[0m

[96msrc/imaging/imaging.controller.ts[0m:[93m54[0m:[93m37[0m - [91merror[0m[90m TS2339: [0mProperty 'DOCTOR' does not exist on type 'typeof UserRole'.

[7m54[0m     @Roles(UserRole.ADMIN, UserRole.DOCTOR)
[7m  [0m [91m                                    ~~~~~~[0m

[96msrc/imaging/imaging.controller.ts[0m:[93m109[0m:[93m41[0m - [91merror[0m[90m TS2694: [0mNamespace 'global.Express' has no exported member 'Multer'.

[7m109[0m         @UploadedFiles() files: Express.Multer.File[],
[7m   [0m [91m                                        ~~~~~~[0m

[96msrc/imaging/imaging.controller.ts[0m:[93m131[0m:[93m13[0m - [91merror[0m[90m TS2739: [0mType '{ success: false; error: any; }' is missing the following properties from type 'DicomUploadResponseDto': studyInstanceUID, seriesInstanceUID, instanceUIDs

[7m131[0m             return {
[7m   [0m [91m            ~~~~~~[0m

[96msrc/imaging/imaging.controller.ts[0m:[93m148[0m:[93m12[0m - [91merror[0m[90m TS2345: [0mArgument of type 'UserRole.ADMIN' is not assignable to parameter of type 'Role'.

[7m148[0m     @Roles(UserRole.ADMIN, UserRole.DOCTOR)
[7m   [0m [91m           ~~~~~~~~~~~~~~[0m

[96msrc/imaging/imaging.controller.ts[0m:[93m148[0m:[93m37[0m - [91merror[0m[90m TS2339: [0mProperty 'DOCTOR' does not exist on type 'typeof UserRole'.

[7m148[0m     @Roles(UserRole.ADMIN, UserRole.DOCTOR)
[7m   [0m [91m                                    ~~~~~~[0m

[96msrc/imaging/imaging.controller.ts[0m:[93m179[0m:[93m13[0m - [91merror[0m[90m TS2739: [0mType '{ success: false; error: any; }' is missing the following properties from type 'BrainTumorDetectionResponseDto': analysisId, status, tumorType

[7m179[0m             return {
[7m   [0m [91m            ~~~~~~[0m

[96msrc/imaging/imaging.controller.ts[0m:[93m187[0m:[93m12[0m - [91merror[0m[90m TS2345: [0mArgument of type 'UserRole.ADMIN' is not assignable to parameter of type 'Role'.

[7m187[0m     @Roles(UserRole.ADMIN, UserRole.DOCTOR, UserRole.PATIENT)
[7m   [0m [91m           ~~~~~~~~~~~~~~[0m

[96msrc/imaging/imaging.controller.ts[0m:[93m187[0m:[93m37[0m - [91merror[0m[90m TS2339: [0mProperty 'DOCTOR' does not exist on type 'typeof UserRole'.

[7m187[0m     @Roles(UserRole.ADMIN, UserRole.DOCTOR, UserRole.PATIENT)
[7m   [0m [91m                                    ~~~~~~[0m

[96msrc/imaging/imaging.controller.ts[0m:[93m203[0m:[93m12[0m - [91merror[0m[90m TS2345: [0mArgument of type 'UserRole.ADMIN' is not assignable to parameter of type 'Role'.

[7m203[0m     @Roles(UserRole.ADMIN, UserRole.DOCTOR, UserRole.PATIENT)
[7m   [0m [91m           ~~~~~~~~~~~~~~[0m

[96msrc/imaging/imaging.controller.ts[0m:[93m203[0m:[93m37[0m - [91merror[0m[90m TS2339: [0mProperty 'DOCTOR' does not exist on type 'typeof UserRole'.

[7m203[0m     @Roles(UserRole.ADMIN, UserRole.DOCTOR, UserRole.PATIENT)
[7m   [0m [91m                                    ~~~~~~[0m

[96msrc/imaging/imaging.controller.ts[0m:[93m219[0m:[93m12[0m - [91merror[0m[90m TS2345: [0mArgument of type 'UserRole.ADMIN' is not assignable to parameter of type 'Role'.

[7m219[0m     @Roles(UserRole.ADMIN, UserRole.DOCTOR, UserRole.PATIENT)
[7m   [0m [91m           ~~~~~~~~~~~~~~[0m

[96msrc/imaging/imaging.controller.ts[0m:[93m219[0m:[93m37[0m - [91merror[0m[90m TS2339: [0mProperty 'DOCTOR' does not exist on type 'typeof UserRole'.

[7m219[0m     @Roles(UserRole.ADMIN, UserRole.DOCTOR, UserRole.PATIENT)
[7m   [0m [91m                                    ~~~~~~[0m

[96msrc/imaging/imaging.controller.ts[0m:[93m235[0m:[93m12[0m - [91merror[0m[90m TS2345: [0mArgument of type 'UserRole.ADMIN' is not assignable to parameter of type 'Role'.

[7m235[0m     @Roles(UserRole.ADMIN, UserRole.DOCTOR, UserRole.PATIENT)
[7m   [0m [91m           ~~~~~~~~~~~~~~[0m

[96msrc/imaging/imaging.controller.ts[0m:[93m235[0m:[93m37[0m - [91merror[0m[90m TS2339: [0mProperty 'DOCTOR' does not exist on type 'typeof UserRole'.

[7m235[0m     @Roles(UserRole.ADMIN, UserRole.DOCTOR, UserRole.PATIENT)
[7m   [0m [91m                                    ~~~~~~[0m

[96msrc/imaging/imaging.controller.ts[0m:[93m251[0m:[93m12[0m - [91merror[0m[90m TS2345: [0mArgument of type 'UserRole.ADMIN' is not assignable to parameter of type 'Role'.

[7m251[0m     @Roles(UserRole.ADMIN, UserRole.DOCTOR, UserRole.PATIENT)
[7m   [0m [91m           ~~~~~~~~~~~~~~[0m

[96msrc/imaging/imaging.controller.ts[0m:[93m251[0m:[93m37[0m - [91merror[0m[90m TS2339: [0mProperty 'DOCTOR' does not exist on type 'typeof UserRole'.

[7m251[0m     @Roles(UserRole.ADMIN, UserRole.DOCTOR, UserRole.PATIENT)
[7m   [0m [91m                                    ~~~~~~[0m

[96msrc/imaging/imaging.controller.ts[0m:[93m268[0m:[93m12[0m - [91merror[0m[90m TS2345: [0mArgument of type 'UserRole.ADMIN' is not assignable to parameter of type 'Role'.

[7m268[0m     @Roles(UserRole.ADMIN, UserRole.DOCTOR, UserRole.PATIENT)
[7m   [0m [91m           ~~~~~~~~~~~~~~[0m

[96msrc/imaging/imaging.controller.ts[0m:[93m268[0m:[93m37[0m - [91merror[0m[90m TS2339: [0mProperty 'DOCTOR' does not exist on type 'typeof UserRole'.

[7m268[0m     @Roles(UserRole.ADMIN, UserRole.DOCTOR, UserRole.PATIENT)
[7m   [0m [91m                                    ~~~~~~[0m

[96msrc/imaging/imaging.controller.ts[0m:[93m278[0m:[93m12[0m - [91merror[0m[90m TS2345: [0mArgument of type 'UserRole.ADMIN' is not assignable to parameter of type 'Role'.

[7m278[0m     @Roles(UserRole.ADMIN, UserRole.DOCTOR, UserRole.PATIENT)
[7m   [0m [91m           ~~~~~~~~~~~~~~[0m

[96msrc/imaging/imaging.controller.ts[0m:[93m278[0m:[93m37[0m - [91merror[0m[90m TS2339: [0mProperty 'DOCTOR' does not exist on type 'typeof UserRole'.

[7m278[0m     @Roles(UserRole.ADMIN, UserRole.DOCTOR, UserRole.PATIENT)
[7m   [0m [91m                                    ~~~~~~[0m

[96msrc/imaging/imaging.controller.ts[0m:[93m290[0m:[93m12[0m - [91merror[0m[90m TS2345: [0mArgument of type 'UserRole.ADMIN' is not assignable to parameter of type 'Role'.

[7m290[0m     @Roles(UserRole.ADMIN, UserRole.DOCTOR, UserRole.PATIENT)
[7m   [0m [91m           ~~~~~~~~~~~~~~[0m

[96msrc/imaging/imaging.controller.ts[0m:[93m290[0m:[93m37[0m - [91merror[0m[90m TS2339: [0mProperty 'DOCTOR' does not exist on type 'typeof UserRole'.

[7m290[0m     @Roles(UserRole.ADMIN, UserRole.DOCTOR, UserRole.PATIENT)
[7m   [0m [91m                                    ~~~~~~[0m

[96msrc/imaging/imaging.service.ts[0m:[93m23[0m:[93m24[0m - [91merror[0m[90m TS2694: [0mNamespace 'global.Express' has no exported member 'Multer'.

[7m23[0m         files: Express.Multer.File[],
[7m  [0m [91m                       ~~~~~~[0m

[96msrc/imaging/utils/dicom-test-utils.ts[0m:[93m4[0m:[93m30[0m - [91merror[0m[90m TS2307: [0mCannot find module 'dicom-parser' or its corresponding type declarations.

[7m4[0m import * as dicomParser from 'dicom-parser';
[7m [0m [91m                             ~~~~~~~~~~~~~~[0m

[96msrc/imaging/utils/dicom-test-utils.ts[0m:[93m5[0m:[93m24[0m - [91merror[0m[90m TS2307: [0mCannot find module 'dcmjs' or its corresponding type declarations.

[7m5[0m import * as dcmjs from 'dcmjs';
[7m [0m [91m                       ~~~~~~~[0m

[96msrc/imaging/utils/dicom-test-utils.ts[0m:[93m97[0m:[93m20[0m - [91merror[0m[90m TS2769: [0mNo overload matches this call.
  Overload 1 of 2, '(options?: SharpOptions): Sharp', gave the following error.
    Type '1' is not assignable to type 'CreateChannels'.
  Overload 2 of 2, '(input?: SharpInput | SharpInput[], options?: SharpOptions): Sharp', gave the following error.
    Object literal may only specify known properties, and 'create' does not exist in type 'ArrayBuffer | Buffer<ArrayBufferLike> | Uint8Array<ArrayBufferLike> | Uint8ClampedArray<ArrayBufferLike> | ... 7 more ... | SharpInput[]'.

[7m97[0m       return await sharp({
[7m  [0m [91m                   ~~~~~[0m

  [96mnode_modules/sharp/lib/index.d.ts[0m:[93m1064[0m:[93m9[0m
    [7m1064[0m         channels: CreateChannels;
    [7m    [0m [96m        ~~~~~~~~[0m
    The expected type comes from property 'channels' which is declared here on type 'Create'

[[90m10:51:31 PM[0m] Found 31 errors. Watching for file changes.

[2J[3J[H[[90m10:51:31 PM[0m] File change detected. Starting incremental compilation...

[96msrc/imaging/dicom.service.ts[0m:[93m12[0m:[93m30[0m - [91merror[0m[90m TS2307: [0mCannot find module 'dicom-parser' or its corresponding type declarations.

[7m12[0m import * as dicomParser from 'dicom-parser';
[7m  [0m [91m                             ~~~~~~~~~~~~~~[0m

[96msrc/imaging/dicom.service.ts[0m:[93m13[0m:[93m24[0m - [91merror[0m[90m TS2307: [0mCannot find module 'dcmjs' or its corresponding type declarations.

[7m13[0m import * as dcmjs from 'dcmjs';
[7m  [0m [91m                       ~~~~~~~[0m

[96msrc/imaging/dicom.service.ts[0m:[93m48[0m:[93m23[0m - [91merror[0m[90m TS2694: [0mNamespace 'global.Express' has no exported member 'Multer'.

[7m48[0m         file: Express.Multer.File,
[7m  [0m [91m                      ~~~~~~[0m

[96msrc/imaging/imaging.controller.ts[0m:[93m28[0m:[93m29[0m - [91merror[0m[90m TS2307: [0mCannot find module '../auth/decorators/current-user.decorator' or its corresponding type declarations.

[7m28[0m import { CurrentUser } from '../auth/decorators/current-user.decorator';
[7m  [0m [91m                            ~~~~~~~~~~~~~~~~~~~~~~~~~~~~~~~~~~~~~~~~~~~[0m

[96msrc/imaging/imaging.controller.ts[0m:[93m54[0m:[93m12[0m - [91merror[0m[90m TS2345: [0mArgument of type 'UserRole.ADMIN' is not assignable to parameter of type 'Role'.

[7m54[0m     @Roles(UserRole.ADMIN, UserRole.DOCTOR)
[7m  [0m [91m           ~~~~~~~~~~~~~~[0m

[96msrc/imaging/imaging.controller.ts[0m:[93m54[0m:[93m37[0m - [91merror[0m[90m TS2339: [0mProperty 'DOCTOR' does not exist on type 'typeof UserRole'.

[7m54[0m     @Roles(UserRole.ADMIN, UserRole.DOCTOR)
[7m  [0m [91m                                    ~~~~~~[0m

[96msrc/imaging/imaging.controller.ts[0m:[93m109[0m:[93m41[0m - [91merror[0m[90m TS2694: [0mNamespace 'global.Express' has no exported member 'Multer'.

[7m109[0m         @UploadedFiles() files: Express.Multer.File[],
[7m   [0m [91m                                        ~~~~~~[0m

[96msrc/imaging/imaging.controller.ts[0m:[93m131[0m:[93m13[0m - [91merror[0m[90m TS2739: [0mType '{ success: false; error: any; }' is missing the following properties from type 'DicomUploadResponseDto': studyInstanceUID, seriesInstanceUID, instanceUIDs

[7m131[0m             return {
[7m   [0m [91m            ~~~~~~[0m

[96msrc/imaging/imaging.controller.ts[0m:[93m148[0m:[93m12[0m - [91merror[0m[90m TS2345: [0mArgument of type 'UserRole.ADMIN' is not assignable to parameter of type 'Role'.

[7m148[0m     @Roles(UserRole.ADMIN, UserRole.DOCTOR)
[7m   [0m [91m           ~~~~~~~~~~~~~~[0m

[96msrc/imaging/imaging.controller.ts[0m:[93m148[0m:[93m37[0m - [91merror[0m[90m TS2339: [0mProperty 'DOCTOR' does not exist on type 'typeof UserRole'.

[7m148[0m     @Roles(UserRole.ADMIN, UserRole.DOCTOR)
[7m   [0m [91m                                    ~~~~~~[0m

[96msrc/imaging/imaging.controller.ts[0m:[93m179[0m:[93m13[0m - [91merror[0m[90m TS2739: [0mType '{ success: false; error: any; }' is missing the following properties from type 'BrainTumorDetectionResponseDto': analysisId, status, tumorType

[7m179[0m             return {
[7m   [0m [91m            ~~~~~~[0m

[96msrc/imaging/imaging.controller.ts[0m:[93m187[0m:[93m12[0m - [91merror[0m[90m TS2345: [0mArgument of type 'UserRole.ADMIN' is not assignable to parameter of type 'Role'.

[7m187[0m     @Roles(UserRole.ADMIN, UserRole.DOCTOR, UserRole.PATIENT)
[7m   [0m [91m           ~~~~~~~~~~~~~~[0m

[96msrc/imaging/imaging.controller.ts[0m:[93m187[0m:[93m37[0m - [91merror[0m[90m TS2339: [0mProperty 'DOCTOR' does not exist on type 'typeof UserRole'.

[7m187[0m     @Roles(UserRole.ADMIN, UserRole.DOCTOR, UserRole.PATIENT)
[7m   [0m [91m                                    ~~~~~~[0m

[96msrc/imaging/imaging.controller.ts[0m:[93m203[0m:[93m12[0m - [91merror[0m[90m TS2345: [0mArgument of type 'UserRole.ADMIN' is not assignable to parameter of type 'Role'.

[7m203[0m     @Roles(UserRole.ADMIN, UserRole.DOCTOR, UserRole.PATIENT)
[7m   [0m [91m           ~~~~~~~~~~~~~~[0m

[96msrc/imaging/imaging.controller.ts[0m:[93m203[0m:[93m37[0m - [91merror[0m[90m TS2339: [0mProperty 'DOCTOR' does not exist on type 'typeof UserRole'.

[7m203[0m     @Roles(UserRole.ADMIN, UserRole.DOCTOR, UserRole.PATIENT)
[7m   [0m [91m                                    ~~~~~~[0m

[96msrc/imaging/imaging.controller.ts[0m:[93m219[0m:[93m12[0m - [91merror[0m[90m TS2345: [0mArgument of type 'UserRole.ADMIN' is not assignable to parameter of type 'Role'.

[7m219[0m     @Roles(UserRole.ADMIN, UserRole.DOCTOR, UserRole.PATIENT)
[7m   [0m [91m           ~~~~~~~~~~~~~~[0m

[96msrc/imaging/imaging.controller.ts[0m:[93m219[0m:[93m37[0m - [91merror[0m[90m TS2339: [0mProperty 'DOCTOR' does not exist on type 'typeof UserRole'.

[7m219[0m     @Roles(UserRole.ADMIN, UserRole.DOCTOR, UserRole.PATIENT)
[7m   [0m [91m                                    ~~~~~~[0m

[96msrc/imaging/imaging.controller.ts[0m:[93m235[0m:[93m12[0m - [91merror[0m[90m TS2345: [0mArgument of type 'UserRole.ADMIN' is not assignable to parameter of type 'Role'.

[7m235[0m     @Roles(UserRole.ADMIN, UserRole.DOCTOR, UserRole.PATIENT)
[7m   [0m [91m           ~~~~~~~~~~~~~~[0m

[96msrc/imaging/imaging.controller.ts[0m:[93m235[0m:[93m37[0m - [91merror[0m[90m TS2339: [0mProperty 'DOCTOR' does not exist on type 'typeof UserRole'.

[7m235[0m     @Roles(UserRole.ADMIN, UserRole.DOCTOR, UserRole.PATIENT)
[7m   [0m [91m                                    ~~~~~~[0m

[96msrc/imaging/imaging.controller.ts[0m:[93m251[0m:[93m12[0m - [91merror[0m[90m TS2345: [0mArgument of type 'UserRole.ADMIN' is not assignable to parameter of type 'Role'.

[7m251[0m     @Roles(UserRole.ADMIN, UserRole.DOCTOR, UserRole.PATIENT)
[7m   [0m [91m           ~~~~~~~~~~~~~~[0m

[96msrc/imaging/imaging.controller.ts[0m:[93m251[0m:[93m37[0m - [91merror[0m[90m TS2339: [0mProperty 'DOCTOR' does not exist on type 'typeof UserRole'.

[7m251[0m     @Roles(UserRole.ADMIN, UserRole.DOCTOR, UserRole.PATIENT)
[7m   [0m [91m                                    ~~~~~~[0m

[96msrc/imaging/imaging.controller.ts[0m:[93m268[0m:[93m12[0m - [91merror[0m[90m TS2345: [0mArgument of type 'UserRole.ADMIN' is not assignable to parameter of type 'Role'.

[7m268[0m     @Roles(UserRole.ADMIN, UserRole.DOCTOR, UserRole.PATIENT)
[7m   [0m [91m           ~~~~~~~~~~~~~~[0m

[96msrc/imaging/imaging.controller.ts[0m:[93m268[0m:[93m37[0m - [91merror[0m[90m TS2339: [0mProperty 'DOCTOR' does not exist on type 'typeof UserRole'.

[7m268[0m     @Roles(UserRole.ADMIN, UserRole.DOCTOR, UserRole.PATIENT)
[7m   [0m [91m                                    ~~~~~~[0m

[96msrc/imaging/imaging.controller.ts[0m:[93m278[0m:[93m12[0m - [91merror[0m[90m TS2345: [0mArgument of type 'UserRole.ADMIN' is not assignable to parameter of type 'Role'.

[7m278[0m     @Roles(UserRole.ADMIN, UserRole.DOCTOR, UserRole.PATIENT)
[7m   [0m [91m           ~~~~~~~~~~~~~~[0m

[96msrc/imaging/imaging.controller.ts[0m:[93m278[0m:[93m37[0m - [91merror[0m[90m TS2339: [0mProperty 'DOCTOR' does not exist on type 'typeof UserRole'.

[7m278[0m     @Roles(UserRole.ADMIN, UserRole.DOCTOR, UserRole.PATIENT)
[7m   [0m [91m                                    ~~~~~~[0m

[96msrc/imaging/imaging.controller.ts[0m:[93m290[0m:[93m12[0m - [91merror[0m[90m TS2345: [0mArgument of type 'UserRole.ADMIN' is not assignable to parameter of type 'Role'.

[7m290[0m     @Roles(UserRole.ADMIN, UserRole.DOCTOR, UserRole.PATIENT)
[7m   [0m [91m           ~~~~~~~~~~~~~~[0m

[96msrc/imaging/imaging.controller.ts[0m:[93m290[0m:[93m37[0m - [91merror[0m[90m TS2339: [0mProperty 'DOCTOR' does not exist on type 'typeof UserRole'.

[7m290[0m     @Roles(UserRole.ADMIN, UserRole.DOCTOR, UserRole.PATIENT)
[7m   [0m [91m                                    ~~~~~~[0m

[96msrc/imaging/imaging.service.ts[0m:[93m23[0m:[93m24[0m - [91merror[0m[90m TS2694: [0mNamespace 'global.Express' has no exported member 'Multer'.

[7m23[0m         files: Express.Multer.File[],
[7m  [0m [91m                       ~~~~~~[0m

[96msrc/imaging/utils/dicom-test-utils.ts[0m:[93m4[0m:[93m30[0m - [91merror[0m[90m TS2307: [0mCannot find module 'dicom-parser' or its corresponding type declarations.

[7m4[0m import * as dicomParser from 'dicom-parser';
[7m [0m [91m                             ~~~~~~~~~~~~~~[0m

[96msrc/imaging/utils/dicom-test-utils.ts[0m:[93m5[0m:[93m24[0m - [91merror[0m[90m TS2307: [0mCannot find module 'dcmjs' or its corresponding type declarations.

[7m5[0m import * as dcmjs from 'dcmjs';
[7m [0m [91m                       ~~~~~~~[0m

[96msrc/imaging/utils/dicom-test-utils.ts[0m:[93m97[0m:[93m26[0m - [91merror[0m[90m TS2769: [0mNo overload matches this call.
  Overload 1 of 2, '(options?: SharpOptions): Sharp', gave the following error.
    Type '1' is not assignable to type 'CreateChannels'.
  Overload 2 of 2, '(input?: SharpInput | SharpInput[], options?: SharpOptions): Sharp', gave the following error.
    Object literal may only specify known properties, and 'create' does not exist in type 'ArrayBuffer | Buffer<ArrayBufferLike> | Uint8Array<ArrayBufferLike> | Uint8ClampedArray<ArrayBufferLike> | ... 7 more ... | SharpInput[]'.

[7m97[0m             return await sharp({
[7m  [0m [91m                         ~~~~~[0m

  [96mnode_modules/sharp/lib/index.d.ts[0m:[93m1064[0m:[93m9[0m
    [7m1064[0m         channels: CreateChannels;
    [7m    [0m [96m        ~~~~~~~~[0m
    The expected type comes from property 'channels' which is declared here on type 'Create'

[[90m10:51:31 PM[0m] Found 31 errors. Watching for file changes.

[95m[Nest] 51  - [39m07/04/2025, 10:51:54 PM [95m  DEBUG[39m [38;5;3m[CorrelationIdMiddleware] [39m[95mIncoming request GET / [medicare-1751669514891-eb3552aa][39m
[33m[Nest] 51  - [39m07/04/2025, 10:51:54 PM [33m   WARN[39m [38;5;3m[CorrelationIdMiddleware] [39m[33mResponse 404 GET /api/imaging/test/health [medicare-1751669514891-eb3552aa] - 3ms[39m
[95m[Nest] 51  - [39m07/04/2025, 10:52:25 PM [95m  DEBUG[39m [38;5;3m[CorrelationIdMiddleware] [39m[95mIncoming request GET / [medicare-1751669545699-0392e84f][39m
[33m[Nest] 51  - [39m07/04/2025, 10:52:25 PM [33m   WARN[39m [38;5;3m[CorrelationIdMiddleware] [39m[33mResponse 404 GET /api/imaging/test/health [medicare-1751669545699-0392e84f] - 0ms[39m
[95m[Nest] 51  - [39m07/04/2025, 10:52:56 PM [95m  DEBUG[39m [38;5;3m[CorrelationIdMiddleware] [39m[95mIncoming request GET / [medicare-1751669576783-76f4ded7][39m
[33m[Nest] 51  - [39m07/04/2025, 10:52:56 PM [33m   WARN[39m [38;5;3m[CorrelationIdMiddleware] [39m[33mResponse 404 GET /api/imaging/test/health [medicare-1751669576783-76f4ded7] - 9ms[39m
[95m[Nest] 51  - [39m07/04/2025, 10:52:57 PM [95m  DEBUG[39m [38;5;3m[CorrelationIdMiddleware] [39m[95mIncoming request GET / [medicare-1751669577828-f0f455d6][39m
[32m[Nest] 51  - [39m07/04/2025, 10:52:58 PM [32m    LOG[39m [38;5;3m[DashboardService] [39m[32mBuilding dashboard for user 68646b3dd03688a3429b53f0 [ad6a1655-434d-4637-931e-0e3042fb6efc][39m
[32m[Nest] 51  - [39m07/04/2025, 10:52:58 PM [32m    LOG[39m [38;5;3m[PatientProfileService] [39m[32mFetching profile for user 68646b3dd03688a3429b53f0[39m
[32m[Nest] 51  - [39m07/04/2025, 10:52:58 PM [32m    LOG[39m [38;5;3m[BiomarkerService] [39m[32mFetching biomarkers for patient 422[39m
[32m[Nest] 51  - [39m07/04/2025, 10:52:58 PM [32m    LOG[39m [38;5;3m[AppointmentService] [39m[32mFetching upcoming appointments for patient 422[39m
[32m[Nest] 51  - [39m07/04/2025, 10:52:58 PM [32m    LOG[39m [38;5;3m[CalendarService] [39m[32mFetching calendar events for patient 422[39m
[32m[Nest] 51  - [39m07/04/2025, 10:52:58 PM [32m    LOG[39m [38;5;3m[QuickActionService] [39m[32mFetching quick actions for patient 422[39m
[95m[Nest] 51  - [39m07/04/2025, 10:52:58 PM [95m  DEBUG[39m [38;5;3m[FhirService] [39m[95mFetching upcoming appointments with params: {"patient":"422","date":"ge2025-07-04","_sort":"date","_count":"5","status":"booked,pending","_include":"Appointment:practitioner","_include:1":"Appointment:location"}[39m
[95m[Nest] 51  - [39m07/04/2025, 10:52:58 PM [95m  DEBUG[39m [38;5;3m[CalendarService] [39m[95mFetching appointments with params: {"patient":"422","date":"ge2025-07-01&date=le2025-07-31","_sort":"date","_count":"100","_include":"Appointment:practitioner,Appointment:location"}[39m
[95m[Nest] 51  - [39m07/04/2025, 10:52:58 PM [95m  DEBUG[39m [38;5;3m[DashboardService] [39m[95mquickActions fetched in 148ms [ad6a1655-434d-4637-931e-0e3042fb6efc][39m
[95m[Nest] 51  - [39m07/04/2025, 10:52:58 PM [95m  DEBUG[39m [38;5;3m[FhirService] [39m[95m[FHIR] GET Patient/422 - cached [undefined][39m
[32m[Nest] 51  - [39m07/04/2025, 10:52:58 PM [32m    LOG[39m [38;5;3m[ChronicDiseaseService] [39m[32mFetching chronic diseases for patient 422[39m
[95m[Nest] 51  - [39m07/04/2025, 10:53:00 PM [95m  DEBUG[39m [38;5;3m[FhirService] [39m[95mRetrying search Appointment (1/3) [undefined][39m
[95m[Nest] 51  - [39m07/04/2025, 10:53:00 PM [95m  DEBUG[39m [38;5;3m[FhirService] [39m[95m[FHIR] SEARCH CarePlan - 2505ms [undefined][39m
[95m[Nest] 51  - [39m07/04/2025, 10:53:00 PM [95m  DEBUG[39m [38;5;3m[FhirService] [39m[95m[FHIR] SEARCH ServiceRequest - 2501ms [undefined][39m
[95m[Nest] 51  - [39m07/04/2025, 10:53:01 PM [95m  DEBUG[39m [38;5;3m[FhirService] [39m[95m[FHIR] SEARCH Condition - 2412ms [undefined][39m
[95m[Nest] 51  - [39m07/04/2025, 10:53:01 PM [95m  DEBUG[39m [38;5;3m[FhirService] [39m[95m[FHIR] SEARCH Appointment - 2523ms [undefined][39m
[95m[Nest] 51  - [39m07/04/2025, 10:53:01 PM [95m  DEBUG[39m [38;5;3m[FhirService] [39m[95m[FHIR] SEARCH Observation - 2597ms [undefined][39m
[95m[Nest] 51  - [39m07/04/2025, 10:53:01 PM [95m  DEBUG[39m [38;5;3m[DashboardService] [39m[95mappointments fetched in 2640ms [ad6a1655-434d-4637-931e-0e3042fb6efc][39m
[95m[Nest] 51  - [39m07/04/2025, 10:53:01 PM [95m  DEBUG[39m [38;5;3m[DashboardService] [39m[95mbiomarkers fetched in 2643ms [ad6a1655-434d-4637-931e-0e3042fb6efc][39m
[95m[Nest] 51  - [39m07/04/2025, 10:53:01 PM [95m  DEBUG[39m [38;5;3m[DashboardService] [39m[95mprofile fetched in 2662ms [ad6a1655-434d-4637-931e-0e3042fb6efc][39m
[95m[Nest] 51  - [39m07/04/2025, 10:53:01 PM [95m  DEBUG[39m [38;5;3m[FhirService] [39m[95mRetrying search Appointment (2/3) [undefined][39m
[95m[Nest] 51  - [39m07/04/2025, 10:53:03 PM [95m  DEBUG[39m [38;5;3m[DashboardService] [39m[95mcalendar fetched in 4696ms [ad6a1655-434d-4637-931e-0e3042fb6efc][39m
[32m[Nest] 51  - [39m07/04/2025, 10:53:03 PM [32m    LOG[39m [38;5;3m[DashboardService] [39m[32mDashboard built in 4742ms with 0 errors [ad6a1655-434d-4637-931e-0e3042fb6efc][39m
[95m[Nest] 51  - [39m07/04/2025, 10:53:03 PM [95m  DEBUG[39m [38;5;3m[MetricsService] [39m[95mRecorded metric: dashboard_successful_loads_total_count = 1[39m
[95m[Nest] 51  - [39m07/04/2025, 10:53:03 PM [95m  DEBUG[39m [38;5;3m[MetricsService] [39m[95mObject:[39m
{
  "metric": {
    "name": "dashboard_successful_loads_total_count",
    "value": 1,
    "tags": {
      "role": "patient"
    },
    "timestamp": 1751669583070
  }
}

[32m[Nest] 51  - [39m07/04/2025, 10:53:03 PM [32m    LOG[39m [38;5;3m[DashboardController] [39m[32mDashboard successfully loaded for user 68646b3dd03688a3429b53f0 in 4745ms [ad6a1655-434d-4637-931e-0e3042fb6efc][39m
[32m[Nest] 51  - [39m07/04/2025, 10:53:03 PM [32m    LOG[39m [38;5;3m[DashboardController] [39m[32mObject:[39m
{
  "correlationId": "ad6a1655-434d-4637-931e-0e3042fb6efc",
  "userId": "68646b3dd03688a3429b53f0",
  "responseTime": 4745
}

[95m[Nest] 51  - [39m07/04/2025, 10:53:03 PM [95m  DEBUG[39m [38;5;3m[MetricsService] [39m[95mRecorded metric: dashboard_response_time_ms_duration_ms = 4745[39m
[95m[Nest] 51  - [39m07/04/2025, 10:53:03 PM [95m  DEBUG[39m [38;5;3m[MetricsService] [39m[95mObject:[39m
{
  "metric": {
    "name": "dashboard_response_time_ms_duration_ms",
    "value": 4745,
    "tags": {
      "role": "patient",
      "status": "success"
    },
    "timestamp": 1751669583070
  }
}

[95m[Nest] 51  - [39m07/04/2025, 10:53:03 PM [95m  DEBUG[39m [38;5;3m[MetricsService] [39m[95mRecorded metric: http_request_duration_ms = 4760[39m
[95m[Nest] 51  - [39m07/04/2025, 10:53:03 PM [95m  DEBUG[39m [38;5;3m[MetricsService] [39m[95mObject:[39m
{
  "metric": {
    "name": "http_request_duration_ms",
    "value": 4760,
    "tags": {
      "method": "GET",
      "path": "/api/dashboard",
      "status": "success"
    },
    "timestamp": 1751669583070
  }
}

[95m[Nest] 51  - [39m07/04/2025, 10:53:03 PM [95m  DEBUG[39m [38;5;3m[MetricsService] [39m[95mRecorded metric: http_request_count = 1[39m
[95m[Nest] 51  - [39m07/04/2025, 10:53:03 PM [95m  DEBUG[39m [38;5;3m[MetricsService] [39m[95mObject:[39m
{
  "metric": {
    "name": "http_request_count",
    "value": 1,
    "tags": {
      "method": "GET",
      "path": "/api/dashboard",
      "status": "success"
    },
    "timestamp": 1751669583070
  }
}

[95m[Nest] 51  - [39m07/04/2025, 10:53:03 PM [95m  DEBUG[39m [38;5;3m[CorrelationIdMiddleware] [39m[95mResponse 200 GET /api/dashboard [medicare-1751669577828-f0f455d6] - 5285ms[39m
[95m[Nest] 51  - [39m07/04/2025, 10:53:03 PM [95m  DEBUG[39m [38;5;3m[CorrelationIdMiddleware] [39m[95mIncoming request GET / [medicare-1751669583117-c887b5cd][39m
[32m[Nest] 51  - [39m07/04/2025, 10:53:03 PM [32m    LOG[39m [38;5;3m[DashboardService] [39m[32mBuilding dashboard for user 68646b3dd03688a3429b53f0 [571d818b-4534-49d1-b51f-8de901b2df0b][39m
[32m[Nest] 51  - [39m07/04/2025, 10:53:03 PM [32m    LOG[39m [38;5;3m[PatientProfileService] [39m[32mFetching profile for user 68646b3dd03688a3429b53f0[39m
[32m[Nest] 51  - [39m07/04/2025, 10:53:03 PM [32m    LOG[39m [38;5;3m[BiomarkerService] [39m[32mFetching biomarkers for patient 422[39m
[32m[Nest] 51  - [39m07/04/2025, 10:53:03 PM [32m    LOG[39m [38;5;3m[AppointmentService] [39m[32mFetching upcoming appointments for patient 422[39m
[32m[Nest] 51  - [39m07/04/2025, 10:53:03 PM [32m    LOG[39m [38;5;3m[CalendarService] [39m[32mFetching calendar events for patient 422[39m
[32m[Nest] 51  - [39m07/04/2025, 10:53:03 PM [32m    LOG[39m [38;5;3m[QuickActionService] [39m[32mFetching quick actions for patient 422[39m
[95m[Nest] 51  - [39m07/04/2025, 10:53:03 PM [95m  DEBUG[39m [38;5;3m[PatientProfileService] [39m[95mReturning patient profile from cache[39m
[95m[Nest] 51  - [39m07/04/2025, 10:53:03 PM [95m  DEBUG[39m [38;5;3m[BiomarkerService] [39m[95mReturning biomarkers from cache[39m
[95m[Nest] 51  - [39m07/04/2025, 10:53:03 PM [95m  DEBUG[39m [38;5;3m[AppointmentService] [39m[95mReturning appointments from cache[39m
[95m[Nest] 51  - [39m07/04/2025, 10:53:03 PM [95m  DEBUG[39m [38;5;3m[CalendarService] [39m[95mReturning calendar events from cache[39m
[95m[Nest] 51  - [39m07/04/2025, 10:53:03 PM [95m  DEBUG[39m [38;5;3m[QuickActionService] [39m[95mReturning quick actions from cache[39m
[95m[Nest] 51  - [39m07/04/2025, 10:53:03 PM [95m  DEBUG[39m [38;5;3m[DashboardService] [39m[95mprofile fetched in 3ms [571d818b-4534-49d1-b51f-8de901b2df0b][39m
[95m[Nest] 51  - [39m07/04/2025, 10:53:03 PM [95m  DEBUG[39m [38;5;3m[DashboardService] [39m[95mbiomarkers fetched in 2ms [571d818b-4534-49d1-b51f-8de901b2df0b][39m
[95m[Nest] 51  - [39m07/04/2025, 10:53:03 PM [95m  DEBUG[39m [38;5;3m[DashboardService] [39m[95mappointments fetched in 2ms [571d818b-4534-49d1-b51f-8de901b2df0b][39m
[95m[Nest] 51  - [39m07/04/2025, 10:53:03 PM [95m  DEBUG[39m [38;5;3m[DashboardService] [39m[95mcalendar fetched in 1ms [571d818b-4534-49d1-b51f-8de901b2df0b][39m
[95m[Nest] 51  - [39m07/04/2025, 10:53:03 PM [95m  DEBUG[39m [38;5;3m[DashboardService] [39m[95mquickActions fetched in 2ms [571d818b-4534-49d1-b51f-8de901b2df0b][39m
[32m[Nest] 51  - [39m07/04/2025, 10:53:03 PM [32m    LOG[39m [38;5;3m[DashboardService] [39m[32mDashboard built in 7ms with 0 errors [571d818b-4534-49d1-b51f-8de901b2df0b][39m
[95m[Nest] 51  - [39m07/04/2025, 10:53:03 PM [95m  DEBUG[39m [38;5;3m[MetricsService] [39m[95mRecorded metric: dashboard_successful_loads_total_count = 1[39m
[95m[Nest] 51  - [39m07/04/2025, 10:53:03 PM [95m  DEBUG[39m [38;5;3m[MetricsService] [39m[95mObject:[39m
{
  "metric": {
    "name": "dashboard_successful_loads_total_count",
    "value": 1,
    "tags": {
      "role": "patient"
    },
    "timestamp": 1751669583137
  }
}

[32m[Nest] 51  - [39m07/04/2025, 10:53:03 PM [32m    LOG[39m [38;5;3m[DashboardController] [39m[32mDashboard successfully loaded for user 68646b3dd03688a3429b53f0 in 7ms [571d818b-4534-49d1-b51f-8de901b2df0b][39m
[32m[Nest] 51  - [39m07/04/2025, 10:53:03 PM [32m    LOG[39m [38;5;3m[DashboardController] [39m[32mObject:[39m
{
  "correlationId": "571d818b-4534-49d1-b51f-8de901b2df0b",
  "userId": "68646b3dd03688a3429b53f0",
  "responseTime": 7
}

[95m[Nest] 51  - [39m07/04/2025, 10:53:03 PM [95m  DEBUG[39m [38;5;3m[MetricsService] [39m[95mRecorded metric: dashboard_response_time_ms_duration_ms = 7[39m
[95m[Nest] 51  - [39m07/04/2025, 10:53:03 PM [95m  DEBUG[39m [38;5;3m[MetricsService] [39m[95mObject:[39m
{
  "metric": {
    "name": "dashboard_response_time_ms_duration_ms",
    "value": 7,
    "tags": {
      "role": "patient",
      "status": "success"
    },
    "timestamp": 1751669583137
  }
}

[95m[Nest] 51  - [39m07/04/2025, 10:53:03 PM [95m  DEBUG[39m [38;5;3m[MetricsService] [39m[95mRecorded metric: http_request_duration_ms = 7[39m
[95m[Nest] 51  - [39m07/04/2025, 10:53:03 PM [95m  DEBUG[39m [38;5;3m[MetricsService] [39m[95mObject:[39m
{
  "metric": {
    "name": "http_request_duration_ms",
    "value": 7,
    "tags": {
      "method": "GET",
      "path": "/api/dashboard",
      "status": "success"
    },
    "timestamp": 1751669583137
  }
}

[95m[Nest] 51  - [39m07/04/2025, 10:53:03 PM [95m  DEBUG[39m [38;5;3m[MetricsService] [39m[95mRecorded metric: http_request_count = 1[39m
[95m[Nest] 51  - [39m07/04/2025, 10:53:03 PM [95m  DEBUG[39m [38;5;3m[MetricsService] [39m[95mObject:[39m
{
  "metric": {
    "name": "http_request_count",
    "value": 1,
    "tags": {
      "method": "GET",
      "path": "/api/dashboard",
      "status": "success"
    },
    "timestamp": 1751669583137
  }
}

[95m[Nest] 51  - [39m07/04/2025, 10:53:03 PM [95m  DEBUG[39m [38;5;3m[CorrelationIdMiddleware] [39m[95mResponse 304 GET /api/dashboard [medicare-1751669583117-c887b5cd] - 21ms[39m
[2J[3J[H[[90m10:53:05 PM[0m] File change detected. Starting incremental compilation...

[96msrc/imaging/brain-tumor-detection.service.ts[0m:[93m12[0m:[93m30[0m - [91merror[0m[90m TS2307: [0mCannot find module 'dicom-parser' or its corresponding type declarations.

[7m12[0m import * as dicomParser from 'dicom-parser';
[7m  [0m [91m                             ~~~~~~~~~~~~~~[0m

[96msrc/imaging/brain-tumor-detection.service.ts[0m:[93m229[0m:[93m26[0m - [91merror[0m[90m TS2769: [0mNo overload matches this call.
  Overload 1 of 2, '(options?: SharpOptions): Sharp', gave the following error.
    Type '1' is not assignable to type 'CreateChannels'.
  Overload 2 of 2, '(input?: SharpInput | SharpInput[], options?: SharpOptions): Sharp', gave the following error.
    Object literal may only specify known properties, and 'create' does not exist in type 'ArrayBuffer | Buffer<ArrayBufferLike> | Uint8Array<ArrayBufferLike> | Uint8ClampedArray<ArrayBufferLike> | ... 7 more ... | SharpInput[]'.

[7m229[0m             return await sharp({
[7m   [0m [91m                         ~~~~~[0m

  [96mnode_modules/sharp/lib/index.d.ts[0m:[93m1064[0m:[93m9[0m
    [7m1064[0m         channels: CreateChannels;
    [7m    [0m [96m        ~~~~~~~~[0m
    The expected type comes from property 'channels' which is declared here on type 'Create'

[96msrc/imaging/dicom.service.ts[0m:[93m12[0m:[93m30[0m - [91merror[0m[90m TS2307: [0mCannot find module 'dicom-parser' or its corresponding type declarations.

[7m12[0m import * as dicomParser from 'dicom-parser';
[7m  [0m [91m                             ~~~~~~~~~~~~~~[0m

[96msrc/imaging/dicom.service.ts[0m:[93m13[0m:[93m24[0m - [91merror[0m[90m TS2307: [0mCannot find module 'dcmjs' or its corresponding type declarations.

[7m13[0m import * as dcmjs from 'dcmjs';
[7m  [0m [91m                       ~~~~~~~[0m

[96msrc/imaging/dicom.service.ts[0m:[93m48[0m:[93m23[0m - [91merror[0m[90m TS2694: [0mNamespace 'global.Express' has no exported member 'Multer'.

[7m48[0m         file: Express.Multer.File,
[7m  [0m [91m                      ~~~~~~[0m

[96msrc/imaging/imaging.controller.ts[0m:[93m28[0m:[93m29[0m - [91merror[0m[90m TS2307: [0mCannot find module '../auth/decorators/current-user.decorator' or its corresponding type declarations.

[7m28[0m import { CurrentUser } from '../auth/decorators/current-user.decorator';
[7m  [0m [91m                            ~~~~~~~~~~~~~~~~~~~~~~~~~~~~~~~~~~~~~~~~~~~[0m

[96msrc/imaging/imaging.controller.ts[0m:[93m54[0m:[93m12[0m - [91merror[0m[90m TS2345: [0mArgument of type 'UserRole.ADMIN' is not assignable to parameter of type 'Role'.

[7m54[0m     @Roles(UserRole.ADMIN, UserRole.DOCTOR)
[7m  [0m [91m           ~~~~~~~~~~~~~~[0m

[96msrc/imaging/imaging.controller.ts[0m:[93m54[0m:[93m37[0m - [91merror[0m[90m TS2339: [0mProperty 'DOCTOR' does not exist on type 'typeof UserRole'.

[7m54[0m     @Roles(UserRole.ADMIN, UserRole.DOCTOR)
[7m  [0m [91m                                    ~~~~~~[0m

[96msrc/imaging/imaging.controller.ts[0m:[93m109[0m:[93m41[0m - [91merror[0m[90m TS2694: [0mNamespace 'global.Express' has no exported member 'Multer'.

[7m109[0m         @UploadedFiles() files: Express.Multer.File[],
[7m   [0m [91m                                        ~~~~~~[0m

[96msrc/imaging/imaging.controller.ts[0m:[93m131[0m:[93m13[0m - [91merror[0m[90m TS2739: [0mType '{ success: false; error: any; }' is missing the following properties from type 'DicomUploadResponseDto': studyInstanceUID, seriesInstanceUID, instanceUIDs

[7m131[0m             return {
[7m   [0m [91m            ~~~~~~[0m

[96msrc/imaging/imaging.controller.ts[0m:[93m148[0m:[93m12[0m - [91merror[0m[90m TS2345: [0mArgument of type 'UserRole.ADMIN' is not assignable to parameter of type 'Role'.

[7m148[0m     @Roles(UserRole.ADMIN, UserRole.DOCTOR)
[7m   [0m [91m           ~~~~~~~~~~~~~~[0m

[96msrc/imaging/imaging.controller.ts[0m:[93m148[0m:[93m37[0m - [91merror[0m[90m TS2339: [0mProperty 'DOCTOR' does not exist on type 'typeof UserRole'.

[7m148[0m     @Roles(UserRole.ADMIN, UserRole.DOCTOR)
[7m   [0m [91m                                    ~~~~~~[0m

[96msrc/imaging/imaging.controller.ts[0m:[93m179[0m:[93m13[0m - [91merror[0m[90m TS2739: [0mType '{ success: false; error: any; }' is missing the following properties from type 'BrainTumorDetectionResponseDto': analysisId, status, tumorType

[7m179[0m             return {
[7m   [0m [91m            ~~~~~~[0m

[96msrc/imaging/imaging.controller.ts[0m:[93m187[0m:[93m12[0m - [91merror[0m[90m TS2345: [0mArgument of type 'UserRole.ADMIN' is not assignable to parameter of type 'Role'.

[7m187[0m     @Roles(UserRole.ADMIN, UserRole.DOCTOR, UserRole.PATIENT)
[7m   [0m [91m           ~~~~~~~~~~~~~~[0m

[96msrc/imaging/imaging.controller.ts[0m:[93m187[0m:[93m37[0m - [91merror[0m[90m TS2339: [0mProperty 'DOCTOR' does not exist on type 'typeof UserRole'.

[7m187[0m     @Roles(UserRole.ADMIN, UserRole.DOCTOR, UserRole.PATIENT)
[7m   [0m [91m                                    ~~~~~~[0m

[96msrc/imaging/imaging.controller.ts[0m:[93m203[0m:[93m12[0m - [91merror[0m[90m TS2345: [0mArgument of type 'UserRole.ADMIN' is not assignable to parameter of type 'Role'.

[7m203[0m     @Roles(UserRole.ADMIN, UserRole.DOCTOR, UserRole.PATIENT)
[7m   [0m [91m           ~~~~~~~~~~~~~~[0m

[96msrc/imaging/imaging.controller.ts[0m:[93m203[0m:[93m37[0m - [91merror[0m[90m TS2339: [0mProperty 'DOCTOR' does not exist on type 'typeof UserRole'.

[7m203[0m     @Roles(UserRole.ADMIN, UserRole.DOCTOR, UserRole.PATIENT)
[7m   [0m [91m                                    ~~~~~~[0m

[96msrc/imaging/imaging.controller.ts[0m:[93m219[0m:[93m12[0m - [91merror[0m[90m TS2345: [0mArgument of type 'UserRole.ADMIN' is not assignable to parameter of type 'Role'.

[7m219[0m     @Roles(UserRole.ADMIN, UserRole.DOCTOR, UserRole.PATIENT)
[7m   [0m [91m           ~~~~~~~~~~~~~~[0m

[96msrc/imaging/imaging.controller.ts[0m:[93m219[0m:[93m37[0m - [91merror[0m[90m TS2339: [0mProperty 'DOCTOR' does not exist on type 'typeof UserRole'.

[7m219[0m     @Roles(UserRole.ADMIN, UserRole.DOCTOR, UserRole.PATIENT)
[7m   [0m [91m                                    ~~~~~~[0m

[96msrc/imaging/imaging.controller.ts[0m:[93m235[0m:[93m12[0m - [91merror[0m[90m TS2345: [0mArgument of type 'UserRole.ADMIN' is not assignable to parameter of type 'Role'.

[7m235[0m     @Roles(UserRole.ADMIN, UserRole.DOCTOR, UserRole.PATIENT)
[7m   [0m [91m           ~~~~~~~~~~~~~~[0m

[96msrc/imaging/imaging.controller.ts[0m:[93m235[0m:[93m37[0m - [91merror[0m[90m TS2339: [0mProperty 'DOCTOR' does not exist on type 'typeof UserRole'.

[7m235[0m     @Roles(UserRole.ADMIN, UserRole.DOCTOR, UserRole.PATIENT)
[7m   [0m [91m                                    ~~~~~~[0m

[96msrc/imaging/imaging.controller.ts[0m:[93m251[0m:[93m12[0m - [91merror[0m[90m TS2345: [0mArgument of type 'UserRole.ADMIN' is not assignable to parameter of type 'Role'.

[7m251[0m     @Roles(UserRole.ADMIN, UserRole.DOCTOR, UserRole.PATIENT)
[7m   [0m [91m           ~~~~~~~~~~~~~~[0m

[96msrc/imaging/imaging.controller.ts[0m:[93m251[0m:[93m37[0m - [91merror[0m[90m TS2339: [0mProperty 'DOCTOR' does not exist on type 'typeof UserRole'.

[7m251[0m     @Roles(UserRole.ADMIN, UserRole.DOCTOR, UserRole.PATIENT)
[7m   [0m [91m                                    ~~~~~~[0m

[96msrc/imaging/imaging.controller.ts[0m:[93m268[0m:[93m12[0m - [91merror[0m[90m TS2345: [0mArgument of type 'UserRole.ADMIN' is not assignable to parameter of type 'Role'.

[7m268[0m     @Roles(UserRole.ADMIN, UserRole.DOCTOR, UserRole.PATIENT)
[7m   [0m [91m           ~~~~~~~~~~~~~~[0m

[96msrc/imaging/imaging.controller.ts[0m:[93m268[0m:[93m37[0m - [91merror[0m[90m TS2339: [0mProperty 'DOCTOR' does not exist on type 'typeof UserRole'.

[7m268[0m     @Roles(UserRole.ADMIN, UserRole.DOCTOR, UserRole.PATIENT)
[7m   [0m [91m                                    ~~~~~~[0m

[96msrc/imaging/imaging.controller.ts[0m:[93m278[0m:[93m12[0m - [91merror[0m[90m TS2345: [0mArgument of type 'UserRole.ADMIN' is not assignable to parameter of type 'Role'.

[7m278[0m     @Roles(UserRole.ADMIN, UserRole.DOCTOR, UserRole.PATIENT)
[7m   [0m [91m           ~~~~~~~~~~~~~~[0m

[96msrc/imaging/imaging.controller.ts[0m:[93m278[0m:[93m37[0m - [91merror[0m[90m TS2339: [0mProperty 'DOCTOR' does not exist on type 'typeof UserRole'.

[7m278[0m     @Roles(UserRole.ADMIN, UserRole.DOCTOR, UserRole.PATIENT)
[7m   [0m [91m                                    ~~~~~~[0m

[96msrc/imaging/imaging.controller.ts[0m:[93m290[0m:[93m12[0m - [91merror[0m[90m TS2345: [0mArgument of type 'UserRole.ADMIN' is not assignable to parameter of type 'Role'.

[7m290[0m     @Roles(UserRole.ADMIN, UserRole.DOCTOR, UserRole.PATIENT)
[7m   [0m [91m           ~~~~~~~~~~~~~~[0m

[96msrc/imaging/imaging.controller.ts[0m:[93m290[0m:[93m37[0m - [91merror[0m[90m TS2339: [0mProperty 'DOCTOR' does not exist on type 'typeof UserRole'.

[7m290[0m     @Roles(UserRole.ADMIN, UserRole.DOCTOR, UserRole.PATIENT)
[7m   [0m [91m                                    ~~~~~~[0m

[96msrc/imaging/imaging.service.ts[0m:[93m23[0m:[93m24[0m - [91merror[0m[90m TS2694: [0mNamespace 'global.Express' has no exported member 'Multer'.

[7m23[0m         files: Express.Multer.File[],
[7m  [0m [91m                       ~~~~~~[0m

[96msrc/imaging/utils/dicom-test-utils.ts[0m:[93m4[0m:[93m30[0m - [91merror[0m[90m TS2307: [0mCannot find module 'dicom-parser' or its corresponding type declarations.

[7m4[0m import * as dicomParser from 'dicom-parser';
[7m [0m [91m                             ~~~~~~~~~~~~~~[0m

[96msrc/imaging/utils/dicom-test-utils.ts[0m:[93m5[0m:[93m24[0m - [91merror[0m[90m TS2307: [0mCannot find module 'dcmjs' or its corresponding type declarations.

[7m5[0m import * as dcmjs from 'dcmjs';
[7m [0m [91m                       ~~~~~~~[0m

[96msrc/imaging/utils/dicom-test-utils.ts[0m:[93m97[0m:[93m26[0m - [91merror[0m[90m TS2769: [0mNo overload matches this call.
  Overload 1 of 2, '(options?: SharpOptions): Sharp', gave the following error.
    Type '1' is not assignable to type 'CreateChannels'.
  Overload 2 of 2, '(input?: SharpInput | SharpInput[], options?: SharpOptions): Sharp', gave the following error.
    Object literal may only specify known properties, and 'create' does not exist in type 'ArrayBuffer | Buffer<ArrayBufferLike> | Uint8Array<ArrayBufferLike> | Uint8ClampedArray<ArrayBufferLike> | ... 7 more ... | SharpInput[]'.

[7m97[0m             return await sharp({
[7m  [0m [91m                         ~~~~~[0m

  [96mnode_modules/sharp/lib/index.d.ts[0m:[93m1064[0m:[93m9[0m
    [7m1064[0m         channels: CreateChannels;
    [7m    [0m [96m        ~~~~~~~~[0m
    The expected type comes from property 'channels' which is declared here on type 'Create'

[[90m10:53:08 PM[0m] Found 33 errors. Watching for file changes.

[2J[3J[H[[90m10:53:08 PM[0m] File change detected. Starting incremental compilation...

[96msrc/imaging/brain-tumor-detection.service.ts[0m:[93m12[0m:[93m30[0m - [91merror[0m[90m TS2307: [0mCannot find module 'dicom-parser' or its corresponding type declarations.

[7m12[0m import * as dicomParser from 'dicom-parser';
[7m  [0m [91m                             ~~~~~~~~~~~~~~[0m

[96msrc/imaging/brain-tumor-detection.service.ts[0m:[93m229[0m:[93m26[0m - [91merror[0m[90m TS2769: [0mNo overload matches this call.
  Overload 1 of 2, '(options?: SharpOptions): Sharp', gave the following error.
    Type '1' is not assignable to type 'CreateChannels'.
  Overload 2 of 2, '(input?: SharpInput | SharpInput[], options?: SharpOptions): Sharp', gave the following error.
    Object literal may only specify known properties, and 'create' does not exist in type 'ArrayBuffer | Buffer<ArrayBufferLike> | Uint8Array<ArrayBufferLike> | Uint8ClampedArray<ArrayBufferLike> | ... 7 more ... | SharpInput[]'.

[7m229[0m             return await sharp({
[7m   [0m [91m                         ~~~~~[0m

  [96mnode_modules/sharp/lib/index.d.ts[0m:[93m1064[0m:[93m9[0m
    [7m1064[0m         channels: CreateChannels;
    [7m    [0m [96m        ~~~~~~~~[0m
    The expected type comes from property 'channels' which is declared here on type 'Create'

[96msrc/imaging/dicom.service.ts[0m:[93m12[0m:[93m30[0m - [91merror[0m[90m TS2307: [0mCannot find module 'dicom-parser' or its corresponding type declarations.

[7m12[0m import * as dicomParser from 'dicom-parser';
[7m  [0m [91m                             ~~~~~~~~~~~~~~[0m

[96msrc/imaging/dicom.service.ts[0m:[93m13[0m:[93m24[0m - [91merror[0m[90m TS2307: [0mCannot find module 'dcmjs' or its corresponding type declarations.

[7m13[0m import * as dcmjs from 'dcmjs';
[7m  [0m [91m                       ~~~~~~~[0m

[96msrc/imaging/dicom.service.ts[0m:[93m48[0m:[93m23[0m - [91merror[0m[90m TS2694: [0mNamespace 'global.Express' has no exported member 'Multer'.

[7m48[0m         file: Express.Multer.File,
[7m  [0m [91m                      ~~~~~~[0m

[96msrc/imaging/imaging.controller.ts[0m:[93m28[0m:[93m29[0m - [91merror[0m[90m TS2307: [0mCannot find module '../auth/decorators/current-user.decorator' or its corresponding type declarations.

[7m28[0m import { CurrentUser } from '../auth/decorators/current-user.decorator';
[7m  [0m [91m                            ~~~~~~~~~~~~~~~~~~~~~~~~~~~~~~~~~~~~~~~~~~~[0m

[96msrc/imaging/imaging.controller.ts[0m:[93m54[0m:[93m12[0m - [91merror[0m[90m TS2345: [0mArgument of type 'UserRole.ADMIN' is not assignable to parameter of type 'Role'.

[7m54[0m     @Roles(UserRole.ADMIN, UserRole.DOCTOR)
[7m  [0m [91m           ~~~~~~~~~~~~~~[0m

[96msrc/imaging/imaging.controller.ts[0m:[93m54[0m:[93m37[0m - [91merror[0m[90m TS2339: [0mProperty 'DOCTOR' does not exist on type 'typeof UserRole'.

[7m54[0m     @Roles(UserRole.ADMIN, UserRole.DOCTOR)
[7m  [0m [91m                                    ~~~~~~[0m

[96msrc/imaging/imaging.controller.ts[0m:[93m109[0m:[93m41[0m - [91merror[0m[90m TS2694: [0mNamespace 'global.Express' has no exported member 'Multer'.

[7m109[0m         @UploadedFiles() files: Express.Multer.File[],
[7m   [0m [91m                                        ~~~~~~[0m

[96msrc/imaging/imaging.controller.ts[0m:[93m131[0m:[93m13[0m - [91merror[0m[90m TS2739: [0mType '{ success: false; error: any; }' is missing the following properties from type 'DicomUploadResponseDto': studyInstanceUID, seriesInstanceUID, instanceUIDs

[7m131[0m             return {
[7m   [0m [91m            ~~~~~~[0m

[96msrc/imaging/imaging.controller.ts[0m:[93m148[0m:[93m12[0m - [91merror[0m[90m TS2345: [0mArgument of type 'UserRole.ADMIN' is not assignable to parameter of type 'Role'.

[7m148[0m     @Roles(UserRole.ADMIN, UserRole.DOCTOR)
[7m   [0m [91m           ~~~~~~~~~~~~~~[0m

[96msrc/imaging/imaging.controller.ts[0m:[93m148[0m:[93m37[0m - [91merror[0m[90m TS2339: [0mProperty 'DOCTOR' does not exist on type 'typeof UserRole'.

[7m148[0m     @Roles(UserRole.ADMIN, UserRole.DOCTOR)
[7m   [0m [91m                                    ~~~~~~[0m

[96msrc/imaging/imaging.controller.ts[0m:[93m179[0m:[93m13[0m - [91merror[0m[90m TS2739: [0mType '{ success: false; error: any; }' is missing the following properties from type 'BrainTumorDetectionResponseDto': analysisId, status, tumorType

[7m179[0m             return {
[7m   [0m [91m            ~~~~~~[0m

[96msrc/imaging/imaging.controller.ts[0m:[93m187[0m:[93m12[0m - [91merror[0m[90m TS2345: [0mArgument of type 'UserRole.ADMIN' is not assignable to parameter of type 'Role'.

[7m187[0m     @Roles(UserRole.ADMIN, UserRole.DOCTOR, UserRole.PATIENT)
[7m   [0m [91m           ~~~~~~~~~~~~~~[0m

[96msrc/imaging/imaging.controller.ts[0m:[93m187[0m:[93m37[0m - [91merror[0m[90m TS2339: [0mProperty 'DOCTOR' does not exist on type 'typeof UserRole'.

[7m187[0m     @Roles(UserRole.ADMIN, UserRole.DOCTOR, UserRole.PATIENT)
[7m   [0m [91m                                    ~~~~~~[0m

[96msrc/imaging/imaging.controller.ts[0m:[93m203[0m:[93m12[0m - [91merror[0m[90m TS2345: [0mArgument of type 'UserRole.ADMIN' is not assignable to parameter of type 'Role'.

[7m203[0m     @Roles(UserRole.ADMIN, UserRole.DOCTOR, UserRole.PATIENT)
[7m   [0m [91m           ~~~~~~~~~~~~~~[0m

[96msrc/imaging/imaging.controller.ts[0m:[93m203[0m:[93m37[0m - [91merror[0m[90m TS2339: [0mProperty 'DOCTOR' does not exist on type 'typeof UserRole'.

[7m203[0m     @Roles(UserRole.ADMIN, UserRole.DOCTOR, UserRole.PATIENT)
[7m   [0m [91m                                    ~~~~~~[0m

[96msrc/imaging/imaging.controller.ts[0m:[93m219[0m:[93m12[0m - [91merror[0m[90m TS2345: [0mArgument of type 'UserRole.ADMIN' is not assignable to parameter of type 'Role'.

[7m219[0m     @Roles(UserRole.ADMIN, UserRole.DOCTOR, UserRole.PATIENT)
[7m   [0m [91m           ~~~~~~~~~~~~~~[0m

[96msrc/imaging/imaging.controller.ts[0m:[93m219[0m:[93m37[0m - [91merror[0m[90m TS2339: [0mProperty 'DOCTOR' does not exist on type 'typeof UserRole'.

[7m219[0m     @Roles(UserRole.ADMIN, UserRole.DOCTOR, UserRole.PATIENT)
[7m   [0m [91m                                    ~~~~~~[0m

[96msrc/imaging/imaging.controller.ts[0m:[93m235[0m:[93m12[0m - [91merror[0m[90m TS2345: [0mArgument of type 'UserRole.ADMIN' is not assignable to parameter of type 'Role'.

[7m235[0m     @Roles(UserRole.ADMIN, UserRole.DOCTOR, UserRole.PATIENT)
[7m   [0m [91m           ~~~~~~~~~~~~~~[0m

[96msrc/imaging/imaging.controller.ts[0m:[93m235[0m:[93m37[0m - [91merror[0m[90m TS2339: [0mProperty 'DOCTOR' does not exist on type 'typeof UserRole'.

[7m235[0m     @Roles(UserRole.ADMIN, UserRole.DOCTOR, UserRole.PATIENT)
[7m   [0m [91m                                    ~~~~~~[0m

[96msrc/imaging/imaging.controller.ts[0m:[93m251[0m:[93m12[0m - [91merror[0m[90m TS2345: [0mArgument of type 'UserRole.ADMIN' is not assignable to parameter of type 'Role'.

[7m251[0m     @Roles(UserRole.ADMIN, UserRole.DOCTOR, UserRole.PATIENT)
[7m   [0m [91m           ~~~~~~~~~~~~~~[0m

[96msrc/imaging/imaging.controller.ts[0m:[93m251[0m:[93m37[0m - [91merror[0m[90m TS2339: [0mProperty 'DOCTOR' does not exist on type 'typeof UserRole'.

[7m251[0m     @Roles(UserRole.ADMIN, UserRole.DOCTOR, UserRole.PATIENT)
[7m   [0m [91m                                    ~~~~~~[0m

[96msrc/imaging/imaging.controller.ts[0m:[93m268[0m:[93m12[0m - [91merror[0m[90m TS2345: [0mArgument of type 'UserRole.ADMIN' is not assignable to parameter of type 'Role'.

[7m268[0m     @Roles(UserRole.ADMIN, UserRole.DOCTOR, UserRole.PATIENT)
[7m   [0m [91m           ~~~~~~~~~~~~~~[0m

[96msrc/imaging/imaging.controller.ts[0m:[93m268[0m:[93m37[0m - [91merror[0m[90m TS2339: [0mProperty 'DOCTOR' does not exist on type 'typeof UserRole'.

[7m268[0m     @Roles(UserRole.ADMIN, UserRole.DOCTOR, UserRole.PATIENT)
[7m   [0m [91m                                    ~~~~~~[0m

[96msrc/imaging/imaging.controller.ts[0m:[93m278[0m:[93m12[0m - [91merror[0m[90m TS2345: [0mArgument of type 'UserRole.ADMIN' is not assignable to parameter of type 'Role'.

[7m278[0m     @Roles(UserRole.ADMIN, UserRole.DOCTOR, UserRole.PATIENT)
[7m   [0m [91m           ~~~~~~~~~~~~~~[0m

[96msrc/imaging/imaging.controller.ts[0m:[93m278[0m:[93m37[0m - [91merror[0m[90m TS2339: [0mProperty 'DOCTOR' does not exist on type 'typeof UserRole'.

[7m278[0m     @Roles(UserRole.ADMIN, UserRole.DOCTOR, UserRole.PATIENT)
[7m   [0m [91m                                    ~~~~~~[0m

[96msrc/imaging/imaging.controller.ts[0m:[93m290[0m:[93m12[0m - [91merror[0m[90m TS2345: [0mArgument of type 'UserRole.ADMIN' is not assignable to parameter of type 'Role'.

[7m290[0m     @Roles(UserRole.ADMIN, UserRole.DOCTOR, UserRole.PATIENT)
[7m   [0m [91m           ~~~~~~~~~~~~~~[0m

[96msrc/imaging/imaging.controller.ts[0m:[93m290[0m:[93m37[0m - [91merror[0m[90m TS2339: [0mProperty 'DOCTOR' does not exist on type 'typeof UserRole'.

[7m290[0m     @Roles(UserRole.ADMIN, UserRole.DOCTOR, UserRole.PATIENT)
[7m   [0m [91m                                    ~~~~~~[0m

[96msrc/imaging/imaging.service.ts[0m:[93m23[0m:[93m24[0m - [91merror[0m[90m TS2694: [0mNamespace 'global.Express' has no exported member 'Multer'.

[7m23[0m         files: Express.Multer.File[],
[7m  [0m [91m                       ~~~~~~[0m

[96msrc/imaging/utils/dicom-test-utils.ts[0m:[93m4[0m:[93m30[0m - [91merror[0m[90m TS2307: [0mCannot find module 'dicom-parser' or its corresponding type declarations.

[7m4[0m import * as dicomParser from 'dicom-parser';
[7m [0m [91m                             ~~~~~~~~~~~~~~[0m

[96msrc/imaging/utils/dicom-test-utils.ts[0m:[93m5[0m:[93m24[0m - [91merror[0m[90m TS2307: [0mCannot find module 'dcmjs' or its corresponding type declarations.

[7m5[0m import * as dcmjs from 'dcmjs';
[7m [0m [91m                       ~~~~~~~[0m

[96msrc/imaging/utils/dicom-test-utils.ts[0m:[93m97[0m:[93m26[0m - [91merror[0m[90m TS2769: [0mNo overload matches this call.
  Overload 1 of 2, '(options?: SharpOptions): Sharp', gave the following error.
    Type '1' is not assignable to type 'CreateChannels'.
  Overload 2 of 2, '(input?: SharpInput | SharpInput[], options?: SharpOptions): Sharp', gave the following error.
    Object literal may only specify known properties, and 'create' does not exist in type 'ArrayBuffer | Buffer<ArrayBufferLike> | Uint8Array<ArrayBufferLike> | Uint8ClampedArray<ArrayBufferLike> | ... 7 more ... | SharpInput[]'.

[7m97[0m             return await sharp({
[7m  [0m [91m                         ~~~~~[0m

  [96mnode_modules/sharp/lib/index.d.ts[0m:[93m1064[0m:[93m9[0m
    [7m1064[0m         channels: CreateChannels;
    [7m    [0m [96m        ~~~~~~~~[0m
    The expected type comes from property 'channels' which is declared here on type 'Create'

[[90m10:53:08 PM[0m] Found 33 errors. Watching for file changes.

[95m[Nest] 51  - [39m07/04/2025, 10:53:26 PM [95m  DEBUG[39m [38;5;3m[CorrelationIdMiddleware] [39m[95mIncoming request GET / [medicare-1751669606856-0beae102][39m
[33m[Nest] 51  - [39m07/04/2025, 10:53:26 PM [33m   WARN[39m [38;5;3m[CorrelationIdMiddleware] [39m[33mResponse 404 GET /api/imaging/test/health [medicare-1751669606856-0beae102] - 0ms[39m
[2J[3J[H[[90m10:53:34 PM[0m] File change detected. Starting incremental compilation...

[96msrc/imaging/brain-tumor-detection.service.ts[0m:[93m12[0m:[93m30[0m - [91merror[0m[90m TS2307: [0mCannot find module 'dicom-parser' or its corresponding type declarations.

[7m12[0m import * as dicomParser from 'dicom-parser';
[7m  [0m [91m                             ~~~~~~~~~~~~~~[0m

[96msrc/imaging/brain-tumor-detection.service.ts[0m:[93m229[0m:[93m26[0m - [91merror[0m[90m TS2769: [0mNo overload matches this call.
  Overload 1 of 2, '(options?: SharpOptions): Sharp', gave the following error.
    Type '1' is not assignable to type 'CreateChannels'.
  Overload 2 of 2, '(input?: SharpInput | SharpInput[], options?: SharpOptions): Sharp', gave the following error.
    Object literal may only specify known properties, and 'create' does not exist in type 'ArrayBuffer | Buffer<ArrayBufferLike> | Uint8Array<ArrayBufferLike> | Uint8ClampedArray<ArrayBufferLike> | ... 7 more ... | SharpInput[]'.

[7m229[0m             return await sharp({
[7m   [0m [91m                         ~~~~~[0m

  [96mnode_modules/sharp/lib/index.d.ts[0m:[93m1064[0m:[93m9[0m
    [7m1064[0m         channels: CreateChannels;
    [7m    [0m [96m        ~~~~~~~~[0m
    The expected type comes from property 'channels' which is declared here on type 'Create'

[96msrc/imaging/dicom.service.ts[0m:[93m12[0m:[93m30[0m - [91merror[0m[90m TS2307: [0mCannot find module 'dicom-parser' or its corresponding type declarations.

[7m12[0m import * as dicomParser from 'dicom-parser';
[7m  [0m [91m                             ~~~~~~~~~~~~~~[0m

[96msrc/imaging/dicom.service.ts[0m:[93m13[0m:[93m24[0m - [91merror[0m[90m TS2307: [0mCannot find module 'dcmjs' or its corresponding type declarations.

[7m13[0m import * as dcmjs from 'dcmjs';
[7m  [0m [91m                       ~~~~~~~[0m

[96msrc/imaging/dicom.service.ts[0m:[93m48[0m:[93m23[0m - [91merror[0m[90m TS2694: [0mNamespace 'global.Express' has no exported member 'Multer'.

[7m48[0m         file: Express.Multer.File,
[7m  [0m [91m                      ~~~~~~[0m

[96msrc/imaging/imaging.controller.ts[0m:[93m28[0m:[93m29[0m - [91merror[0m[90m TS2307: [0mCannot find module '../auth/decorators/current-user.decorator' or its corresponding type declarations.

[7m28[0m import { CurrentUser } from '../auth/decorators/current-user.decorator';
[7m  [0m [91m                            ~~~~~~~~~~~~~~~~~~~~~~~~~~~~~~~~~~~~~~~~~~~[0m

[96msrc/imaging/imaging.controller.ts[0m:[93m54[0m:[93m12[0m - [91merror[0m[90m TS2345: [0mArgument of type 'UserRole.ADMIN' is not assignable to parameter of type 'Role'.

[7m54[0m     @Roles(UserRole.ADMIN, UserRole.DOCTOR)
[7m  [0m [91m           ~~~~~~~~~~~~~~[0m

[96msrc/imaging/imaging.controller.ts[0m:[93m54[0m:[93m37[0m - [91merror[0m[90m TS2339: [0mProperty 'DOCTOR' does not exist on type 'typeof UserRole'.

[7m54[0m     @Roles(UserRole.ADMIN, UserRole.DOCTOR)
[7m  [0m [91m                                    ~~~~~~[0m

[96msrc/imaging/imaging.controller.ts[0m:[93m109[0m:[93m41[0m - [91merror[0m[90m TS2694: [0mNamespace 'global.Express' has no exported member 'Multer'.

[7m109[0m         @UploadedFiles() files: Express.Multer.File[],
[7m   [0m [91m                                        ~~~~~~[0m

[96msrc/imaging/imaging.controller.ts[0m:[93m131[0m:[93m13[0m - [91merror[0m[90m TS2739: [0mType '{ success: false; error: any; }' is missing the following properties from type 'DicomUploadResponseDto': studyInstanceUID, seriesInstanceUID, instanceUIDs

[7m131[0m             return {
[7m   [0m [91m            ~~~~~~[0m

[96msrc/imaging/imaging.controller.ts[0m:[93m148[0m:[93m12[0m - [91merror[0m[90m TS2345: [0mArgument of type 'UserRole.ADMIN' is not assignable to parameter of type 'Role'.

[7m148[0m     @Roles(UserRole.ADMIN, UserRole.DOCTOR)
[7m   [0m [91m           ~~~~~~~~~~~~~~[0m

[96msrc/imaging/imaging.controller.ts[0m:[93m148[0m:[93m37[0m - [91merror[0m[90m TS2339: [0mProperty 'DOCTOR' does not exist on type 'typeof UserRole'.

[7m148[0m     @Roles(UserRole.ADMIN, UserRole.DOCTOR)
[7m   [0m [91m                                    ~~~~~~[0m

[96msrc/imaging/imaging.controller.ts[0m:[93m179[0m:[93m13[0m - [91merror[0m[90m TS2739: [0mType '{ success: false; error: any; }' is missing the following properties from type 'BrainTumorDetectionResponseDto': analysisId, status, tumorType

[7m179[0m             return {
[7m   [0m [91m            ~~~~~~[0m

[96msrc/imaging/imaging.controller.ts[0m:[93m187[0m:[93m12[0m - [91merror[0m[90m TS2345: [0mArgument of type 'UserRole.ADMIN' is not assignable to parameter of type 'Role'.

[7m187[0m     @Roles(UserRole.ADMIN, UserRole.DOCTOR, UserRole.PATIENT)
[7m   [0m [91m           ~~~~~~~~~~~~~~[0m

[96msrc/imaging/imaging.controller.ts[0m:[93m187[0m:[93m37[0m - [91merror[0m[90m TS2339: [0mProperty 'DOCTOR' does not exist on type 'typeof UserRole'.

[7m187[0m     @Roles(UserRole.ADMIN, UserRole.DOCTOR, UserRole.PATIENT)
[7m   [0m [91m                                    ~~~~~~[0m

[96msrc/imaging/imaging.controller.ts[0m:[93m203[0m:[93m12[0m - [91merror[0m[90m TS2345: [0mArgument of type 'UserRole.ADMIN' is not assignable to parameter of type 'Role'.

[7m203[0m     @Roles(UserRole.ADMIN, UserRole.DOCTOR, UserRole.PATIENT)
[7m   [0m [91m           ~~~~~~~~~~~~~~[0m

[96msrc/imaging/imaging.controller.ts[0m:[93m203[0m:[93m37[0m - [91merror[0m[90m TS2339: [0mProperty 'DOCTOR' does not exist on type 'typeof UserRole'.

[7m203[0m     @Roles(UserRole.ADMIN, UserRole.DOCTOR, UserRole.PATIENT)
[7m   [0m [91m                                    ~~~~~~[0m

[96msrc/imaging/imaging.controller.ts[0m:[93m219[0m:[93m12[0m - [91merror[0m[90m TS2345: [0mArgument of type 'UserRole.ADMIN' is not assignable to parameter of type 'Role'.

[7m219[0m     @Roles(UserRole.ADMIN, UserRole.DOCTOR, UserRole.PATIENT)
[7m   [0m [91m           ~~~~~~~~~~~~~~[0m

[96msrc/imaging/imaging.controller.ts[0m:[93m219[0m:[93m37[0m - [91merror[0m[90m TS2339: [0mProperty 'DOCTOR' does not exist on type 'typeof UserRole'.

[7m219[0m     @Roles(UserRole.ADMIN, UserRole.DOCTOR, UserRole.PATIENT)
[7m   [0m [91m                                    ~~~~~~[0m

[96msrc/imaging/imaging.controller.ts[0m:[93m235[0m:[93m12[0m - [91merror[0m[90m TS2345: [0mArgument of type 'UserRole.ADMIN' is not assignable to parameter of type 'Role'.

[7m235[0m     @Roles(UserRole.ADMIN, UserRole.DOCTOR, UserRole.PATIENT)
[7m   [0m [91m           ~~~~~~~~~~~~~~[0m

[96msrc/imaging/imaging.controller.ts[0m:[93m235[0m:[93m37[0m - [91merror[0m[90m TS2339: [0mProperty 'DOCTOR' does not exist on type 'typeof UserRole'.

[7m235[0m     @Roles(UserRole.ADMIN, UserRole.DOCTOR, UserRole.PATIENT)
[7m   [0m [91m                                    ~~~~~~[0m

[96msrc/imaging/imaging.controller.ts[0m:[93m251[0m:[93m12[0m - [91merror[0m[90m TS2345: [0mArgument of type 'UserRole.ADMIN' is not assignable to parameter of type 'Role'.

[7m251[0m     @Roles(UserRole.ADMIN, UserRole.DOCTOR, UserRole.PATIENT)
[7m   [0m [91m           ~~~~~~~~~~~~~~[0m

[96msrc/imaging/imaging.controller.ts[0m:[93m251[0m:[93m37[0m - [91merror[0m[90m TS2339: [0mProperty 'DOCTOR' does not exist on type 'typeof UserRole'.

[7m251[0m     @Roles(UserRole.ADMIN, UserRole.DOCTOR, UserRole.PATIENT)
[7m   [0m [91m                                    ~~~~~~[0m

[96msrc/imaging/imaging.controller.ts[0m:[93m268[0m:[93m12[0m - [91merror[0m[90m TS2345: [0mArgument of type 'UserRole.ADMIN' is not assignable to parameter of type 'Role'.

[7m268[0m     @Roles(UserRole.ADMIN, UserRole.DOCTOR, UserRole.PATIENT)
[7m   [0m [91m           ~~~~~~~~~~~~~~[0m

[96msrc/imaging/imaging.controller.ts[0m:[93m268[0m:[93m37[0m - [91merror[0m[90m TS2339: [0mProperty 'DOCTOR' does not exist on type 'typeof UserRole'.

[7m268[0m     @Roles(UserRole.ADMIN, UserRole.DOCTOR, UserRole.PATIENT)
[7m   [0m [91m                                    ~~~~~~[0m

[96msrc/imaging/imaging.controller.ts[0m:[93m278[0m:[93m12[0m - [91merror[0m[90m TS2345: [0mArgument of type 'UserRole.ADMIN' is not assignable to parameter of type 'Role'.

[7m278[0m     @Roles(UserRole.ADMIN, UserRole.DOCTOR, UserRole.PATIENT)
[7m   [0m [91m           ~~~~~~~~~~~~~~[0m

[96msrc/imaging/imaging.controller.ts[0m:[93m278[0m:[93m37[0m - [91merror[0m[90m TS2339: [0mProperty 'DOCTOR' does not exist on type 'typeof UserRole'.

[7m278[0m     @Roles(UserRole.ADMIN, UserRole.DOCTOR, UserRole.PATIENT)
[7m   [0m [91m                                    ~~~~~~[0m

[96msrc/imaging/imaging.controller.ts[0m:[93m290[0m:[93m12[0m - [91merror[0m[90m TS2345: [0mArgument of type 'UserRole.ADMIN' is not assignable to parameter of type 'Role'.

[7m290[0m     @Roles(UserRole.ADMIN, UserRole.DOCTOR, UserRole.PATIENT)
[7m   [0m [91m           ~~~~~~~~~~~~~~[0m

[96msrc/imaging/imaging.controller.ts[0m:[93m290[0m:[93m37[0m - [91merror[0m[90m TS2339: [0mProperty 'DOCTOR' does not exist on type 'typeof UserRole'.

[7m290[0m     @Roles(UserRole.ADMIN, UserRole.DOCTOR, UserRole.PATIENT)
[7m   [0m [91m                                    ~~~~~~[0m

[96msrc/imaging/imaging.controller.ts[0m:[93m302[0m:[93m12[0m - [91merror[0m[90m TS2345: [0mArgument of type 'UserRole.ADMIN' is not assignable to parameter of type 'Role'.

[7m302[0m     @Roles(UserRole.ADMIN, UserRole.DOCTOR)
[7m   [0m [91m           ~~~~~~~~~~~~~~[0m

[96msrc/imaging/imaging.controller.ts[0m:[93m302[0m:[93m37[0m - [91merror[0m[90m TS2339: [0mProperty 'DOCTOR' does not exist on type 'typeof UserRole'.

[7m302[0m     @Roles(UserRole.ADMIN, UserRole.DOCTOR)
[7m   [0m [91m                                    ~~~~~~[0m

[96msrc/imaging/imaging.controller.ts[0m:[93m332[0m:[93m36[0m - [91merror[0m[90m TS2339: [0mProperty 'testBrainTumorDetection' does not exist on type 'ImagingService'.

[7m332[0m         return this.imagingService.testBrainTumorDetection(user._id);
[7m   [0m [91m                                   ~~~~~~~~~~~~~~~~~~~~~~~[0m

[96msrc/imaging/imaging.service.ts[0m:[93m23[0m:[93m24[0m - [91merror[0m[90m TS2694: [0mNamespace 'global.Express' has no exported member 'Multer'.

[7m23[0m         files: Express.Multer.File[],
[7m  [0m [91m                       ~~~~~~[0m

[96msrc/imaging/utils/dicom-test-utils.ts[0m:[93m4[0m:[93m30[0m - [91merror[0m[90m TS2307: [0mCannot find module 'dicom-parser' or its corresponding type declarations.

[7m4[0m import * as dicomParser from 'dicom-parser';
[7m [0m [91m                             ~~~~~~~~~~~~~~[0m

[96msrc/imaging/utils/dicom-test-utils.ts[0m:[93m5[0m:[93m24[0m - [91merror[0m[90m TS2307: [0mCannot find module 'dcmjs' or its corresponding type declarations.

[7m5[0m import * as dcmjs from 'dcmjs';
[7m [0m [91m                       ~~~~~~~[0m

[96msrc/imaging/utils/dicom-test-utils.ts[0m:[93m97[0m:[93m26[0m - [91merror[0m[90m TS2769: [0mNo overload matches this call.
  Overload 1 of 2, '(options?: SharpOptions): Sharp', gave the following error.
    Type '1' is not assignable to type 'CreateChannels'.
  Overload 2 of 2, '(input?: SharpInput | SharpInput[], options?: SharpOptions): Sharp', gave the following error.
    Object literal may only specify known properties, and 'create' does not exist in type 'ArrayBuffer | Buffer<ArrayBufferLike> | Uint8Array<ArrayBufferLike> | Uint8ClampedArray<ArrayBufferLike> | ... 7 more ... | SharpInput[]'.

[7m97[0m             return await sharp({
[7m  [0m [91m                         ~~~~~[0m

  [96mnode_modules/sharp/lib/index.d.ts[0m:[93m1064[0m:[93m9[0m
    [7m1064[0m         channels: CreateChannels;
    [7m    [0m [96m        ~~~~~~~~[0m
    The expected type comes from property 'channels' which is declared here on type 'Create'

[[90m10:53:34 PM[0m] Found 36 errors. Watching for file changes.

[2J[3J[H[[90m10:53:54 PM[0m] File change detected. Starting incremental compilation...

[96msrc/imaging/brain-tumor-detection.service.ts[0m:[93m12[0m:[93m30[0m - [91merror[0m[90m TS2307: [0mCannot find module 'dicom-parser' or its corresponding type declarations.

[7m12[0m import * as dicomParser from 'dicom-parser';
[7m  [0m [91m                             ~~~~~~~~~~~~~~[0m

[96msrc/imaging/brain-tumor-detection.service.ts[0m:[93m229[0m:[93m26[0m - [91merror[0m[90m TS2769: [0mNo overload matches this call.
  Overload 1 of 2, '(options?: SharpOptions): Sharp', gave the following error.
    Type '1' is not assignable to type 'CreateChannels'.
  Overload 2 of 2, '(input?: SharpInput | SharpInput[], options?: SharpOptions): Sharp', gave the following error.
    Object literal may only specify known properties, and 'create' does not exist in type 'ArrayBuffer | Buffer<ArrayBufferLike> | Uint8Array<ArrayBufferLike> | Uint8ClampedArray<ArrayBufferLike> | ... 7 more ... | SharpInput[]'.

[7m229[0m             return await sharp({
[7m   [0m [91m                         ~~~~~[0m

  [96mnode_modules/sharp/lib/index.d.ts[0m:[93m1064[0m:[93m9[0m
    [7m1064[0m         channels: CreateChannels;
    [7m    [0m [96m        ~~~~~~~~[0m
    The expected type comes from property 'channels' which is declared here on type 'Create'

[96msrc/imaging/dicom.service.ts[0m:[93m12[0m:[93m30[0m - [91merror[0m[90m TS2307: [0mCannot find module 'dicom-parser' or its corresponding type declarations.

[7m12[0m import * as dicomParser from 'dicom-parser';
[7m  [0m [91m                             ~~~~~~~~~~~~~~[0m

[96msrc/imaging/dicom.service.ts[0m:[93m13[0m:[93m24[0m - [91merror[0m[90m TS2307: [0mCannot find module 'dcmjs' or its corresponding type declarations.

[7m13[0m import * as dcmjs from 'dcmjs';
[7m  [0m [91m                       ~~~~~~~[0m

[96msrc/imaging/dicom.service.ts[0m:[93m48[0m:[93m23[0m - [91merror[0m[90m TS2694: [0mNamespace 'global.Express' has no exported member 'Multer'.

[7m48[0m         file: Express.Multer.File,
[7m  [0m [91m                      ~~~~~~[0m

[96msrc/imaging/imaging.controller.ts[0m:[93m28[0m:[93m29[0m - [91merror[0m[90m TS2307: [0mCannot find module '../auth/decorators/current-user.decorator' or its corresponding type declarations.

[7m28[0m import { CurrentUser } from '../auth/decorators/current-user.decorator';
[7m  [0m [91m                            ~~~~~~~~~~~~~~~~~~~~~~~~~~~~~~~~~~~~~~~~~~~[0m

[96msrc/imaging/imaging.controller.ts[0m:[93m54[0m:[93m12[0m - [91merror[0m[90m TS2345: [0mArgument of type 'UserRole.ADMIN' is not assignable to parameter of type 'Role'.

[7m54[0m     @Roles(UserRole.ADMIN, UserRole.DOCTOR)
[7m  [0m [91m           ~~~~~~~~~~~~~~[0m

[96msrc/imaging/imaging.controller.ts[0m:[93m54[0m:[93m37[0m - [91merror[0m[90m TS2339: [0mProperty 'DOCTOR' does not exist on type 'typeof UserRole'.

[7m54[0m     @Roles(UserRole.ADMIN, UserRole.DOCTOR)
[7m  [0m [91m                                    ~~~~~~[0m

[96msrc/imaging/imaging.controller.ts[0m:[93m109[0m:[93m41[0m - [91merror[0m[90m TS2694: [0mNamespace 'global.Express' has no exported member 'Multer'.

[7m109[0m         @UploadedFiles() files: Express.Multer.File[],
[7m   [0m [91m                                        ~~~~~~[0m

[96msrc/imaging/imaging.controller.ts[0m:[93m131[0m:[93m13[0m - [91merror[0m[90m TS2739: [0mType '{ success: false; error: any; }' is missing the following properties from type 'DicomUploadResponseDto': studyInstanceUID, seriesInstanceUID, instanceUIDs

[7m131[0m             return {
[7m   [0m [91m            ~~~~~~[0m

[96msrc/imaging/imaging.controller.ts[0m:[93m148[0m:[93m12[0m - [91merror[0m[90m TS2345: [0mArgument of type 'UserRole.ADMIN' is not assignable to parameter of type 'Role'.

[7m148[0m     @Roles(UserRole.ADMIN, UserRole.DOCTOR)
[7m   [0m [91m           ~~~~~~~~~~~~~~[0m

[96msrc/imaging/imaging.controller.ts[0m:[93m148[0m:[93m37[0m - [91merror[0m[90m TS2339: [0mProperty 'DOCTOR' does not exist on type 'typeof UserRole'.

[7m148[0m     @Roles(UserRole.ADMIN, UserRole.DOCTOR)
[7m   [0m [91m                                    ~~~~~~[0m

[96msrc/imaging/imaging.controller.ts[0m:[93m179[0m:[93m13[0m - [91merror[0m[90m TS2739: [0mType '{ success: false; error: any; }' is missing the following properties from type 'BrainTumorDetectionResponseDto': analysisId, status, tumorType

[7m179[0m             return {
[7m   [0m [91m            ~~~~~~[0m

[96msrc/imaging/imaging.controller.ts[0m:[93m187[0m:[93m12[0m - [91merror[0m[90m TS2345: [0mArgument of type 'UserRole.ADMIN' is not assignable to parameter of type 'Role'.

[7m187[0m     @Roles(UserRole.ADMIN, UserRole.DOCTOR, UserRole.PATIENT)
[7m   [0m [91m           ~~~~~~~~~~~~~~[0m

[96msrc/imaging/imaging.controller.ts[0m:[93m187[0m:[93m37[0m - [91merror[0m[90m TS2339: [0mProperty 'DOCTOR' does not exist on type 'typeof UserRole'.

[7m187[0m     @Roles(UserRole.ADMIN, UserRole.DOCTOR, UserRole.PATIENT)
[7m   [0m [91m                                    ~~~~~~[0m

[96msrc/imaging/imaging.controller.ts[0m:[93m203[0m:[93m12[0m - [91merror[0m[90m TS2345: [0mArgument of type 'UserRole.ADMIN' is not assignable to parameter of type 'Role'.

[7m203[0m     @Roles(UserRole.ADMIN, UserRole.DOCTOR, UserRole.PATIENT)
[7m   [0m [91m           ~~~~~~~~~~~~~~[0m

[96msrc/imaging/imaging.controller.ts[0m:[93m203[0m:[93m37[0m - [91merror[0m[90m TS2339: [0mProperty 'DOCTOR' does not exist on type 'typeof UserRole'.

[7m203[0m     @Roles(UserRole.ADMIN, UserRole.DOCTOR, UserRole.PATIENT)
[7m   [0m [91m                                    ~~~~~~[0m

[96msrc/imaging/imaging.controller.ts[0m:[93m219[0m:[93m12[0m - [91merror[0m[90m TS2345: [0mArgument of type 'UserRole.ADMIN' is not assignable to parameter of type 'Role'.

[7m219[0m     @Roles(UserRole.ADMIN, UserRole.DOCTOR, UserRole.PATIENT)
[7m   [0m [91m           ~~~~~~~~~~~~~~[0m

[96msrc/imaging/imaging.controller.ts[0m:[93m219[0m:[93m37[0m - [91merror[0m[90m TS2339: [0mProperty 'DOCTOR' does not exist on type 'typeof UserRole'.

[7m219[0m     @Roles(UserRole.ADMIN, UserRole.DOCTOR, UserRole.PATIENT)
[7m   [0m [91m                                    ~~~~~~[0m

[96msrc/imaging/imaging.controller.ts[0m:[93m235[0m:[93m12[0m - [91merror[0m[90m TS2345: [0mArgument of type 'UserRole.ADMIN' is not assignable to parameter of type 'Role'.

[7m235[0m     @Roles(UserRole.ADMIN, UserRole.DOCTOR, UserRole.PATIENT)
[7m   [0m [91m           ~~~~~~~~~~~~~~[0m

[96msrc/imaging/imaging.controller.ts[0m:[93m235[0m:[93m37[0m - [91merror[0m[90m TS2339: [0mProperty 'DOCTOR' does not exist on type 'typeof UserRole'.

[7m235[0m     @Roles(UserRole.ADMIN, UserRole.DOCTOR, UserRole.PATIENT)
[7m   [0m [91m                                    ~~~~~~[0m

[96msrc/imaging/imaging.controller.ts[0m:[93m251[0m:[93m12[0m - [91merror[0m[90m TS2345: [0mArgument of type 'UserRole.ADMIN' is not assignable to parameter of type 'Role'.

[7m251[0m     @Roles(UserRole.ADMIN, UserRole.DOCTOR, UserRole.PATIENT)
[7m   [0m [91m           ~~~~~~~~~~~~~~[0m

[96msrc/imaging/imaging.controller.ts[0m:[93m251[0m:[93m37[0m - [91merror[0m[90m TS2339: [0mProperty 'DOCTOR' does not exist on type 'typeof UserRole'.

[7m251[0m     @Roles(UserRole.ADMIN, UserRole.DOCTOR, UserRole.PATIENT)
[7m   [0m [91m                                    ~~~~~~[0m

[96msrc/imaging/imaging.controller.ts[0m:[93m268[0m:[93m12[0m - [91merror[0m[90m TS2345: [0mArgument of type 'UserRole.ADMIN' is not assignable to parameter of type 'Role'.

[7m268[0m     @Roles(UserRole.ADMIN, UserRole.DOCTOR, UserRole.PATIENT)
[7m   [0m [91m           ~~~~~~~~~~~~~~[0m

[96msrc/imaging/imaging.controller.ts[0m:[93m268[0m:[93m37[0m - [91merror[0m[90m TS2339: [0mProperty 'DOCTOR' does not exist on type 'typeof UserRole'.

[7m268[0m     @Roles(UserRole.ADMIN, UserRole.DOCTOR, UserRole.PATIENT)
[7m   [0m [91m                                    ~~~~~~[0m

[96msrc/imaging/imaging.controller.ts[0m:[93m278[0m:[93m12[0m - [91merror[0m[90m TS2345: [0mArgument of type 'UserRole.ADMIN' is not assignable to parameter of type 'Role'.

[7m278[0m     @Roles(UserRole.ADMIN, UserRole.DOCTOR, UserRole.PATIENT)
[7m   [0m [91m           ~~~~~~~~~~~~~~[0m

[96msrc/imaging/imaging.controller.ts[0m:[93m278[0m:[93m37[0m - [91merror[0m[90m TS2339: [0mProperty 'DOCTOR' does not exist on type 'typeof UserRole'.

[7m278[0m     @Roles(UserRole.ADMIN, UserRole.DOCTOR, UserRole.PATIENT)
[7m   [0m [91m                                    ~~~~~~[0m

[96msrc/imaging/imaging.controller.ts[0m:[93m290[0m:[93m12[0m - [91merror[0m[90m TS2345: [0mArgument of type 'UserRole.ADMIN' is not assignable to parameter of type 'Role'.

[7m290[0m     @Roles(UserRole.ADMIN, UserRole.DOCTOR, UserRole.PATIENT)
[7m   [0m [91m           ~~~~~~~~~~~~~~[0m

[96msrc/imaging/imaging.controller.ts[0m:[93m290[0m:[93m37[0m - [91merror[0m[90m TS2339: [0mProperty 'DOCTOR' does not exist on type 'typeof UserRole'.

[7m290[0m     @Roles(UserRole.ADMIN, UserRole.DOCTOR, UserRole.PATIENT)
[7m   [0m [91m                                    ~~~~~~[0m

[96msrc/imaging/imaging.controller.ts[0m:[93m302[0m:[93m12[0m - [91merror[0m[90m TS2345: [0mArgument of type 'UserRole.ADMIN' is not assignable to parameter of type 'Role'.

[7m302[0m     @Roles(UserRole.ADMIN, UserRole.DOCTOR)
[7m   [0m [91m           ~~~~~~~~~~~~~~[0m

[96msrc/imaging/imaging.controller.ts[0m:[93m302[0m:[93m37[0m - [91merror[0m[90m TS2339: [0mProperty 'DOCTOR' does not exist on type 'typeof UserRole'.

[7m302[0m     @Roles(UserRole.ADMIN, UserRole.DOCTOR)
[7m   [0m [91m                                    ~~~~~~[0m

[96msrc/imaging/imaging.service.ts[0m:[93m23[0m:[93m24[0m - [91merror[0m[90m TS2694: [0mNamespace 'global.Express' has no exported member 'Multer'.

[7m23[0m         files: Express.Multer.File[],
[7m  [0m [91m                       ~~~~~~[0m

[96msrc/imaging/utils/dicom-test-utils.ts[0m:[93m4[0m:[93m30[0m - [91merror[0m[90m TS2307: [0mCannot find module 'dicom-parser' or its corresponding type declarations.

[7m4[0m import * as dicomParser from 'dicom-parser';
[7m [0m [91m                             ~~~~~~~~~~~~~~[0m

[96msrc/imaging/utils/dicom-test-utils.ts[0m:[93m5[0m:[93m24[0m - [91merror[0m[90m TS2307: [0mCannot find module 'dcmjs' or its corresponding type declarations.

[7m5[0m import * as dcmjs from 'dcmjs';
[7m [0m [91m                       ~~~~~~~[0m

[96msrc/imaging/utils/dicom-test-utils.ts[0m:[93m97[0m:[93m26[0m - [91merror[0m[90m TS2769: [0mNo overload matches this call.
  Overload 1 of 2, '(options?: SharpOptions): Sharp', gave the following error.
    Type '1' is not assignable to type 'CreateChannels'.
  Overload 2 of 2, '(input?: SharpInput | SharpInput[], options?: SharpOptions): Sharp', gave the following error.
    Object literal may only specify known properties, and 'create' does not exist in type 'ArrayBuffer | Buffer<ArrayBufferLike> | Uint8Array<ArrayBufferLike> | Uint8ClampedArray<ArrayBufferLike> | ... 7 more ... | SharpInput[]'.

[7m97[0m             return await sharp({
[7m  [0m [91m                         ~~~~~[0m

  [96mnode_modules/sharp/lib/index.d.ts[0m:[93m1064[0m:[93m9[0m
    [7m1064[0m         channels: CreateChannels;
    [7m    [0m [96m        ~~~~~~~~[0m
    The expected type comes from property 'channels' which is declared here on type 'Create'

[[90m10:53:55 PM[0m] Found 35 errors. Watching for file changes.

[95m[Nest] 51  - [39m07/04/2025, 10:53:57 PM [95m  DEBUG[39m [38;5;3m[CorrelationIdMiddleware] [39m[95mIncoming request GET / [medicare-1751669637750-ec9833d5][39m
[33m[Nest] 51  - [39m07/04/2025, 10:53:57 PM [33m   WARN[39m [38;5;3m[CorrelationIdMiddleware] [39m[33mResponse 404 GET /api/imaging/test/health [medicare-1751669637750-ec9833d5] - 0ms[39m
[95m[Nest] 51  - [39m07/04/2025, 10:54:12 PM [95m  DEBUG[39m [38;5;3m[CorrelationIdMiddleware] [39m[95mIncoming request GET / [medicare-1751669652972-1c32bd15][39m
[32m[Nest] 51  - [39m07/04/2025, 10:54:13 PM [32m    LOG[39m [38;5;3m[DashboardService] [39m[32mBuilding dashboard for user 68646b3dd03688a3429b53f0 [557946c3-378b-4ded-a6d2-663da4c244b1][39m
[32m[Nest] 51  - [39m07/04/2025, 10:54:13 PM [32m    LOG[39m [38;5;3m[PatientProfileService] [39m[32mFetching profile for user 68646b3dd03688a3429b53f0[39m
[32m[Nest] 51  - [39m07/04/2025, 10:54:13 PM [32m    LOG[39m [38;5;3m[BiomarkerService] [39m[32mFetching biomarkers for patient 422[39m
[32m[Nest] 51  - [39m07/04/2025, 10:54:13 PM [32m    LOG[39m [38;5;3m[AppointmentService] [39m[32mFetching upcoming appointments for patient 422[39m
[32m[Nest] 51  - [39m07/04/2025, 10:54:13 PM [32m    LOG[39m [38;5;3m[CalendarService] [39m[32mFetching calendar events for patient 422[39m
[32m[Nest] 51  - [39m07/04/2025, 10:54:13 PM [32m    LOG[39m [38;5;3m[QuickActionService] [39m[32mFetching quick actions for patient 422[39m
[95m[Nest] 51  - [39m07/04/2025, 10:54:13 PM [95m  DEBUG[39m [38;5;3m[FhirService] [39m[95mFetching upcoming appointments with params: {"patient":"422","date":"ge2025-07-04","_sort":"date","_count":"5","status":"booked,pending","_include":"Appointment:practitioner","_include:1":"Appointment:location"}[39m
[95m[Nest] 51  - [39m07/04/2025, 10:54:13 PM [95m  DEBUG[39m [38;5;3m[CalendarService] [39m[95mFetching appointments with params: {"patient":"422","date":"ge2025-07-01&date=le2025-07-31","_sort":"date","_count":"100","_include":"Appointment:practitioner,Appointment:location"}[39m
[95m[Nest] 51  - [39m07/04/2025, 10:54:13 PM [95m  DEBUG[39m [38;5;3m[DashboardService] [39m[95mquickActions fetched in 20ms [557946c3-378b-4ded-a6d2-663da4c244b1][39m
[95m[Nest] 51  - [39m07/04/2025, 10:54:13 PM [95m  DEBUG[39m [38;5;3m[FhirService] [39m[95m[FHIR] GET Patient/422 - cached [undefined][39m
[32m[Nest] 51  - [39m07/04/2025, 10:54:13 PM [32m    LOG[39m [38;5;3m[ChronicDiseaseService] [39m[32mFetching chronic diseases for patient 422[39m
[95m[Nest] 51  - [39m07/04/2025, 10:54:13 PM [95m  DEBUG[39m [38;5;3m[FhirService] [39m[95mRetrying search Appointment (1/3) [undefined][39m
[95m[Nest] 51  - [39m07/04/2025, 10:54:13 PM [95m  DEBUG[39m [38;5;3m[FhirService] [39m[95m[FHIR] SEARCH ServiceRequest - 159ms [undefined][39m
[95m[Nest] 51  - [39m07/04/2025, 10:54:13 PM [95m  DEBUG[39m [38;5;3m[FhirService] [39m[95m[FHIR] SEARCH CarePlan - 160ms [undefined][39m
[95m[Nest] 51  - [39m07/04/2025, 10:54:13 PM [95m  DEBUG[39m [38;5;3m[FhirService] [39m[95m[FHIR] SEARCH Appointment - 180ms [undefined][39m
[95m[Nest] 51  - [39m07/04/2025, 10:54:13 PM [95m  DEBUG[39m [38;5;3m[DashboardService] [39m[95mappointments fetched in 190ms [557946c3-378b-4ded-a6d2-663da4c244b1][39m
[95m[Nest] 51  - [39m07/04/2025, 10:54:13 PM [95m  DEBUG[39m [38;5;3m[FhirService] [39m[95m[FHIR] SEARCH Condition - 181ms [undefined][39m
[95m[Nest] 51  - [39m07/04/2025, 10:54:13 PM [95m  DEBUG[39m [38;5;3m[DashboardService] [39m[95mprofile fetched in 225ms [557946c3-378b-4ded-a6d2-663da4c244b1][39m
[95m[Nest] 51  - [39m07/04/2025, 10:54:13 PM [95m  DEBUG[39m [38;5;3m[FhirService] [39m[95m[FHIR] SEARCH Observation - 242ms [undefined][39m
[95m[Nest] 51  - [39m07/04/2025, 10:54:13 PM [95m  DEBUG[39m [38;5;3m[DashboardService] [39m[95mbiomarkers fetched in 247ms [557946c3-378b-4ded-a6d2-663da4c244b1][39m
[95m[Nest] 51  - [39m07/04/2025, 10:54:14 PM [95m  DEBUG[39m [38;5;3m[FhirService] [39m[95mRetrying search Appointment (2/3) [undefined][39m
[95m[Nest] 51  - [39m07/04/2025, 10:54:15 PM [95m  DEBUG[39m [38;5;3m[DashboardService] [39m[95mcalendar fetched in 2175ms [557946c3-378b-4ded-a6d2-663da4c244b1][39m
[32m[Nest] 51  - [39m07/04/2025, 10:54:15 PM [32m    LOG[39m [38;5;3m[DashboardService] [39m[32mDashboard built in 2187ms with 0 errors [557946c3-378b-4ded-a6d2-663da4c244b1][39m
[95m[Nest] 51  - [39m07/04/2025, 10:54:15 PM [95m  DEBUG[39m [38;5;3m[MetricsService] [39m[95mRecorded metric: dashboard_successful_loads_total_count = 1[39m
[95m[Nest] 51  - [39m07/04/2025, 10:54:15 PM [95m  DEBUG[39m [38;5;3m[MetricsService] [39m[95mObject:[39m
{
  "metric": {
    "name": "dashboard_successful_loads_total_count",
    "value": 1,
    "tags": {
      "role": "patient"
    },
    "timestamp": 1751669655191
  }
}

[32m[Nest] 51  - [39m07/04/2025, 10:54:15 PM [32m    LOG[39m [38;5;3m[DashboardController] [39m[32mDashboard successfully loaded for user 68646b3dd03688a3429b53f0 in 2188ms [557946c3-378b-4ded-a6d2-663da4c244b1][39m
[32m[Nest] 51  - [39m07/04/2025, 10:54:15 PM [32m    LOG[39m [38;5;3m[DashboardController] [39m[32mObject:[39m
{
  "correlationId": "557946c3-378b-4ded-a6d2-663da4c244b1",
  "userId": "68646b3dd03688a3429b53f0",
  "responseTime": 2188
}

[95m[Nest] 51  - [39m07/04/2025, 10:54:15 PM [95m  DEBUG[39m [38;5;3m[MetricsService] [39m[95mRecorded metric: dashboard_response_time_ms_duration_ms = 2188[39m
[95m[Nest] 51  - [39m07/04/2025, 10:54:15 PM [95m  DEBUG[39m [38;5;3m[MetricsService] [39m[95mObject:[39m
{
  "metric": {
    "name": "dashboard_response_time_ms_duration_ms",
    "value": 2188,
    "tags": {
      "role": "patient",
      "status": "success"
    },
    "timestamp": 1751669655191
  }
}

[95m[Nest] 51  - [39m07/04/2025, 10:54:15 PM [95m  DEBUG[39m [38;5;3m[MetricsService] [39m[95mRecorded metric: http_request_duration_ms = 2188[39m
[95m[Nest] 51  - [39m07/04/2025, 10:54:15 PM [95m  DEBUG[39m [38;5;3m[MetricsService] [39m[95mObject:[39m
{
  "metric": {
    "name": "http_request_duration_ms",
    "value": 2188,
    "tags": {
      "method": "GET",
      "path": "/api/dashboard",
      "status": "success"
    },
    "timestamp": 1751669655191
  }
}

[95m[Nest] 51  - [39m07/04/2025, 10:54:15 PM [95m  DEBUG[39m [38;5;3m[MetricsService] [39m[95mRecorded metric: http_request_count = 1[39m
[95m[Nest] 51  - [39m07/04/2025, 10:54:15 PM [95m  DEBUG[39m [38;5;3m[MetricsService] [39m[95mObject:[39m
{
  "metric": {
    "name": "http_request_count",
    "value": 1,
    "tags": {
      "method": "GET",
      "path": "/api/dashboard",
      "status": "success"
    },
    "timestamp": 1751669655191
  }
}

[95m[Nest] 51  - [39m07/04/2025, 10:54:15 PM [95m  DEBUG[39m [38;5;3m[CorrelationIdMiddleware] [39m[95mResponse 200 GET /api/dashboard [medicare-1751669652972-1c32bd15] - 2222ms[39m
[95m[Nest] 51  - [39m07/04/2025, 10:54:15 PM [95m  DEBUG[39m [38;5;3m[CorrelationIdMiddleware] [39m[95mIncoming request GET / [medicare-1751669655195-c437fbe1][39m
[32m[Nest] 51  - [39m07/04/2025, 10:54:15 PM [32m    LOG[39m [38;5;3m[DashboardService] [39m[32mBuilding dashboard for user 68646b3dd03688a3429b53f0 [f4f13721-29bb-4707-be6a-317aee5a8a7c][39m
[32m[Nest] 51  - [39m07/04/2025, 10:54:15 PM [32m    LOG[39m [38;5;3m[PatientProfileService] [39m[32mFetching profile for user 68646b3dd03688a3429b53f0[39m
[32m[Nest] 51  - [39m07/04/2025, 10:54:15 PM [32m    LOG[39m [38;5;3m[BiomarkerService] [39m[32mFetching biomarkers for patient 422[39m
[32m[Nest] 51  - [39m07/04/2025, 10:54:15 PM [32m    LOG[39m [38;5;3m[AppointmentService] [39m[32mFetching upcoming appointments for patient 422[39m
[32m[Nest] 51  - [39m07/04/2025, 10:54:15 PM [32m    LOG[39m [38;5;3m[CalendarService] [39m[32mFetching calendar events for patient 422[39m
[32m[Nest] 51  - [39m07/04/2025, 10:54:15 PM [32m    LOG[39m [38;5;3m[QuickActionService] [39m[32mFetching quick actions for patient 422[39m
[95m[Nest] 51  - [39m07/04/2025, 10:54:15 PM [95m  DEBUG[39m [38;5;3m[PatientProfileService] [39m[95mReturning patient profile from cache[39m
[95m[Nest] 51  - [39m07/04/2025, 10:54:15 PM [95m  DEBUG[39m [38;5;3m[BiomarkerService] [39m[95mReturning biomarkers from cache[39m
[95m[Nest] 51  - [39m07/04/2025, 10:54:15 PM [95m  DEBUG[39m [38;5;3m[AppointmentService] [39m[95mReturning appointments from cache[39m
[95m[Nest] 51  - [39m07/04/2025, 10:54:15 PM [95m  DEBUG[39m [38;5;3m[CalendarService] [39m[95mReturning calendar events from cache[39m
[95m[Nest] 51  - [39m07/04/2025, 10:54:15 PM [95m  DEBUG[39m [38;5;3m[QuickActionService] [39m[95mReturning quick actions from cache[39m
[95m[Nest] 51  - [39m07/04/2025, 10:54:15 PM [95m  DEBUG[39m [38;5;3m[DashboardService] [39m[95mprofile fetched in 2ms [f4f13721-29bb-4707-be6a-317aee5a8a7c][39m
[95m[Nest] 51  - [39m07/04/2025, 10:54:15 PM [95m  DEBUG[39m [38;5;3m[DashboardService] [39m[95mbiomarkers fetched in 2ms [f4f13721-29bb-4707-be6a-317aee5a8a7c][39m
[95m[Nest] 51  - [39m07/04/2025, 10:54:15 PM [95m  DEBUG[39m [38;5;3m[DashboardService] [39m[95mappointments fetched in 1ms [f4f13721-29bb-4707-be6a-317aee5a8a7c][39m
[95m[Nest] 51  - [39m07/04/2025, 10:54:15 PM [95m  DEBUG[39m [38;5;3m[DashboardService] [39m[95mcalendar fetched in 1ms [f4f13721-29bb-4707-be6a-317aee5a8a7c][39m
[95m[Nest] 51  - [39m07/04/2025, 10:54:15 PM [95m  DEBUG[39m [38;5;3m[DashboardService] [39m[95mquickActions fetched in 1ms [f4f13721-29bb-4707-be6a-317aee5a8a7c][39m
[32m[Nest] 51  - [39m07/04/2025, 10:54:15 PM [32m    LOG[39m [38;5;3m[DashboardService] [39m[32mDashboard built in 5ms with 0 errors [f4f13721-29bb-4707-be6a-317aee5a8a7c][39m
[95m[Nest] 51  - [39m07/04/2025, 10:54:15 PM [95m  DEBUG[39m [38;5;3m[MetricsService] [39m[95mRecorded metric: dashboard_successful_loads_total_count = 1[39m
[95m[Nest] 51  - [39m07/04/2025, 10:54:15 PM [95m  DEBUG[39m [38;5;3m[MetricsService] [39m[95mObject:[39m
{
  "metric": {
    "name": "dashboard_successful_loads_total_count",
    "value": 1,
    "tags": {
      "role": "patient"
    },
    "timestamp": 1751669655210
  }
}

[32m[Nest] 51  - [39m07/04/2025, 10:54:15 PM [32m    LOG[39m [38;5;3m[DashboardController] [39m[32mDashboard successfully loaded for user 68646b3dd03688a3429b53f0 in 5ms [f4f13721-29bb-4707-be6a-317aee5a8a7c][39m
[32m[Nest] 51  - [39m07/04/2025, 10:54:15 PM [32m    LOG[39m [38;5;3m[DashboardController] [39m[32mObject:[39m
{
  "correlationId": "f4f13721-29bb-4707-be6a-317aee5a8a7c",
  "userId": "68646b3dd03688a3429b53f0",
  "responseTime": 5
}

[95m[Nest] 51  - [39m07/04/2025, 10:54:15 PM [95m  DEBUG[39m [38;5;3m[MetricsService] [39m[95mRecorded metric: dashboard_response_time_ms_duration_ms = 5[39m
[95m[Nest] 51  - [39m07/04/2025, 10:54:15 PM [95m  DEBUG[39m [38;5;3m[MetricsService] [39m[95mObject:[39m
{
  "metric": {
    "name": "dashboard_response_time_ms_duration_ms",
    "value": 5,
    "tags": {
      "role": "patient",
      "status": "success"
    },
    "timestamp": 1751669655210
  }
}

[95m[Nest] 51  - [39m07/04/2025, 10:54:15 PM [95m  DEBUG[39m [38;5;3m[MetricsService] [39m[95mRecorded metric: http_request_duration_ms = 5[39m
[95m[Nest] 51  - [39m07/04/2025, 10:54:15 PM [95m  DEBUG[39m [38;5;3m[MetricsService] [39m[95mObject:[39m
{
  "metric": {
    "name": "http_request_duration_ms",
    "value": 5,
    "tags": {
      "method": "GET",
      "path": "/api/dashboard",
      "status": "success"
    },
    "timestamp": 1751669655210
  }
}

[95m[Nest] 51  - [39m07/04/2025, 10:54:15 PM [95m  DEBUG[39m [38;5;3m[MetricsService] [39m[95mRecorded metric: http_request_count = 1[39m
[95m[Nest] 51  - [39m07/04/2025, 10:54:15 PM [95m  DEBUG[39m [38;5;3m[MetricsService] [39m[95mObject:[39m
{
  "metric": {
    "name": "http_request_count",
    "value": 1,
    "tags": {
      "method": "GET",
      "path": "/api/dashboard",
      "status": "success"
    },
    "timestamp": 1751669655210
  }
}

[95m[Nest] 51  - [39m07/04/2025, 10:54:15 PM [95m  DEBUG[39m [38;5;3m[CorrelationIdMiddleware] [39m[95mResponse 304 GET /api/dashboard [medicare-1751669655195-c437fbe1] - 16ms[39m
[95m[Nest] 51  - [39m07/04/2025, 10:54:28 PM [95m  DEBUG[39m [38;5;3m[CorrelationIdMiddleware] [39m[95mIncoming request GET / [medicare-1751669668698-60498599][39m
[33m[Nest] 51  - [39m07/04/2025, 10:54:28 PM [33m   WARN[39m [38;5;3m[CorrelationIdMiddleware] [39m[33mResponse 404 GET /api/imaging/test/health [medicare-1751669668698-60498599] - 0ms[39m
[95m[Nest] 51  - [39m07/04/2025, 10:54:39 PM [95m  DEBUG[39m [38;5;3m[CorrelationIdMiddleware] [39m[95mIncoming request GET / [medicare-1751669679498-5bea0ffb][39m
[33m[Nest] 51  - [39m07/04/2025, 10:54:39 PM [33m   WARN[39m [38;5;3m[CorrelationIdMiddleware] [39m[33mResponse 404 GET /api/emergency [medicare-1751669679498-5bea0ffb] - 2ms[39m
[95m[Nest] 51  - [39m07/04/2025, 10:54:59 PM [95m  DEBUG[39m [38;5;3m[CorrelationIdMiddleware] [39m[95mIncoming request GET / [medicare-1751669699644-bd2aca58][39m
[33m[Nest] 51  - [39m07/04/2025, 10:54:59 PM [33m   WARN[39m [38;5;3m[CorrelationIdMiddleware] [39m[33mResponse 404 GET /api/imaging/test/health [medicare-1751669699644-bd2aca58] - 1ms[39m
[95m[Nest] 51  - [39m07/04/2025, 10:55:30 PM [95m  DEBUG[39m [38;5;3m[CorrelationIdMiddleware] [39m[95mIncoming request GET / [medicare-1751669730717-0a1e774b][39m
[33m[Nest] 51  - [39m07/04/2025, 10:55:30 PM [33m   WARN[39m [38;5;3m[CorrelationIdMiddleware] [39m[33mResponse 404 GET /api/imaging/test/health [medicare-1751669730717-0a1e774b] - 1ms[39m
[95m[Nest] 51  - [39m07/04/2025, 10:56:01 PM [95m  DEBUG[39m [38;5;3m[CorrelationIdMiddleware] [39m[95mIncoming request GET / [medicare-1751669761728-10b4c843][39m
[33m[Nest] 51  - [39m07/04/2025, 10:56:01 PM [33m   WARN[39m [38;5;3m[CorrelationIdMiddleware] [39m[33mResponse 404 GET /api/imaging/test/health [medicare-1751669761728-10b4c843] - 1ms[39m
[95m[Nest] 51  - [39m07/04/2025, 10:56:32 PM [95m  DEBUG[39m [38;5;3m[CorrelationIdMiddleware] [39m[95mIncoming request GET / [medicare-1751669792729-0f22efba][39m
[33m[Nest] 51  - [39m07/04/2025, 10:56:32 PM [33m   WARN[39m [38;5;3m[CorrelationIdMiddleware] [39m[33mResponse 404 GET /api/imaging/test/health [medicare-1751669792729-0f22efba] - 1ms[39m
[95m[Nest] 51  - [39m07/04/2025, 10:57:03 PM [95m  DEBUG[39m [38;5;3m[CorrelationIdMiddleware] [39m[95mIncoming request GET / [medicare-1751669823827-d02509a0][39m
[33m[Nest] 51  - [39m07/04/2025, 10:57:03 PM [33m   WARN[39m [38;5;3m[CorrelationIdMiddleware] [39m[33mResponse 404 GET /api/imaging/test/health [medicare-1751669823827-d02509a0] - 1ms[39m
[95m[Nest] 51  - [39m07/04/2025, 10:57:34 PM [95m  DEBUG[39m [38;5;3m[CorrelationIdMiddleware] [39m[95mIncoming request GET / [medicare-1751669854879-86d76db0][39m
[33m[Nest] 51  - [39m07/04/2025, 10:57:34 PM [33m   WARN[39m [38;5;3m[CorrelationIdMiddleware] [39m[33mResponse 404 GET /api/imaging/test/health [medicare-1751669854879-86d76db0] - 1ms[39m
[95m[Nest] 51  - [39m07/04/2025, 10:58:05 PM [95m  DEBUG[39m [38;5;3m[CorrelationIdMiddleware] [39m[95mIncoming request GET / [medicare-1751669885985-d1a88aa9][39m
[33m[Nest] 51  - [39m07/04/2025, 10:58:05 PM [33m   WARN[39m [38;5;3m[CorrelationIdMiddleware] [39m[33mResponse 404 GET /api/imaging/test/health [medicare-1751669885985-d1a88aa9] - 1ms[39m
[95m[Nest] 51  - [39m07/04/2025, 10:58:37 PM [95m  DEBUG[39m [38;5;3m[CorrelationIdMiddleware] [39m[95mIncoming request GET / [medicare-1751669917035-3ee3f17b][39m
[33m[Nest] 51  - [39m07/04/2025, 10:58:37 PM [33m   WARN[39m [38;5;3m[CorrelationIdMiddleware] [39m[33mResponse 404 GET /api/imaging/test/health [medicare-1751669917035-3ee3f17b] - 1ms[39m
[95m[Nest] 51  - [39m07/04/2025, 10:59:07 PM [95m  DEBUG[39m [38;5;3m[CorrelationIdMiddleware] [39m[95mIncoming request GET / [medicare-1751669947929-34563ace][39m
[33m[Nest] 51  - [39m07/04/2025, 10:59:07 PM [33m   WARN[39m [38;5;3m[CorrelationIdMiddleware] [39m[33mResponse 404 GET /api/imaging/test/health [medicare-1751669947929-34563ace] - 0ms[39m
[95m[Nest] 51  - [39m07/04/2025, 10:59:38 PM [95m  DEBUG[39m [38;5;3m[CorrelationIdMiddleware] [39m[95mIncoming request GET / [medicare-1751669978901-7942453d][39m
[33m[Nest] 51  - [39m07/04/2025, 10:59:38 PM [33m   WARN[39m [38;5;3m[CorrelationIdMiddleware] [39m[33mResponse 404 GET /api/imaging/test/health [medicare-1751669978901-7942453d] - 1ms[39m
[95m[Nest] 51  - [39m07/04/2025, 11:00:09 PM [95m  DEBUG[39m [38;5;3m[CorrelationIdMiddleware] [39m[95mIncoming request GET / [medicare-1751670009053-a10cd3b9][39m
[32m[Nest] 51  - [39m07/04/2025, 11:00:09 PM [32m    LOG[39m [38;5;3m[DashboardService] [39m[32mBuilding dashboard for user 68646b3dd03688a3429b53f0 [f53f6683-1e19-475a-bdce-3dfdd393e820][39m
[32m[Nest] 51  - [39m07/04/2025, 11:00:09 PM [32m    LOG[39m [38;5;3m[PatientProfileService] [39m[32mFetching profile for user 68646b3dd03688a3429b53f0[39m
[32m[Nest] 51  - [39m07/04/2025, 11:00:09 PM [32m    LOG[39m [38;5;3m[BiomarkerService] [39m[32mFetching biomarkers for patient 422[39m
[32m[Nest] 51  - [39m07/04/2025, 11:00:09 PM [32m    LOG[39m [38;5;3m[AppointmentService] [39m[32mFetching upcoming appointments for patient 422[39m
[32m[Nest] 51  - [39m07/04/2025, 11:00:09 PM [32m    LOG[39m [38;5;3m[CalendarService] [39m[32mFetching calendar events for patient 422[39m
[32m[Nest] 51  - [39m07/04/2025, 11:00:09 PM [32m    LOG[39m [38;5;3m[QuickActionService] [39m[32mFetching quick actions for patient 422[39m
[95m[Nest] 51  - [39m07/04/2025, 11:00:09 PM [95m  DEBUG[39m [38;5;3m[FhirService] [39m[95mFetching upcoming appointments with params: {"patient":"422","date":"ge2025-07-04","_sort":"date","_count":"5","status":"booked,pending","_include":"Appointment:practitioner","_include:1":"Appointment:location"}[39m
[95m[Nest] 51  - [39m07/04/2025, 11:00:09 PM [95m  DEBUG[39m [38;5;3m[CalendarService] [39m[95mFetching appointments with params: {"patient":"422","date":"ge2025-07-01&date=le2025-07-31","_sort":"date","_count":"100","_include":"Appointment:practitioner,Appointment:location"}[39m
[95m[Nest] 51  - [39m07/04/2025, 11:00:09 PM [95m  DEBUG[39m [38;5;3m[DashboardService] [39m[95mquickActions fetched in 29ms [f53f6683-1e19-475a-bdce-3dfdd393e820][39m
[95m[Nest] 51  - [39m07/04/2025, 11:00:09 PM [95m  DEBUG[39m [38;5;3m[FhirService] [39m[95m[FHIR] GET Patient/422 - cached [undefined][39m
[32m[Nest] 51  - [39m07/04/2025, 11:00:09 PM [32m    LOG[39m [38;5;3m[ChronicDiseaseService] [39m[32mFetching chronic diseases for patient 422[39m
[95m[Nest] 51  - [39m07/04/2025, 11:00:09 PM [95m  DEBUG[39m [38;5;3m[FhirService] [39m[95mRetrying search Appointment (1/3) [undefined][39m
[95m[Nest] 51  - [39m07/04/2025, 11:00:09 PM [95m  DEBUG[39m [38;5;3m[FhirService] [39m[95m[FHIR] SEARCH CarePlan - 249ms [undefined][39m
[95m[Nest] 51  - [39m07/04/2025, 11:00:09 PM [95m  DEBUG[39m [38;5;3m[FhirService] [39m[95m[FHIR] SEARCH Condition - 213ms [undefined][39m
[95m[Nest] 51  - [39m07/04/2025, 11:00:09 PM [95m  DEBUG[39m [38;5;3m[FhirService] [39m[95m[FHIR] SEARCH Appointment - 257ms [undefined][39m
[95m[Nest] 51  - [39m07/04/2025, 11:00:09 PM [95m  DEBUG[39m [38;5;3m[FhirService] [39m[95m[FHIR] SEARCH ServiceRequest - 253ms [undefined][39m
[95m[Nest] 51  - [39m07/04/2025, 11:00:09 PM [95m  DEBUG[39m [38;5;3m[DashboardService] [39m[95mappointments fetched in 275ms [f53f6683-1e19-475a-bdce-3dfdd393e820][39m
[95m[Nest] 51  - [39m07/04/2025, 11:00:09 PM [95m  DEBUG[39m [38;5;3m[FhirService] [39m[95m[FHIR] SEARCH Observation - 270ms [undefined][39m
[95m[Nest] 51  - [39m07/04/2025, 11:00:09 PM [95m  DEBUG[39m [38;5;3m[DashboardService] [39m[95mprofile fetched in 282ms [f53f6683-1e19-475a-bdce-3dfdd393e820][39m
[95m[Nest] 51  - [39m07/04/2025, 11:00:09 PM [95m  DEBUG[39m [38;5;3m[DashboardService] [39m[95mbiomarkers fetched in 279ms [f53f6683-1e19-475a-bdce-3dfdd393e820][39m
[95m[Nest] 51  - [39m07/04/2025, 11:00:09 PM [95m  DEBUG[39m [38;5;3m[CorrelationIdMiddleware] [39m[95mIncoming request GET / [medicare-1751670009882-d7a59237][39m
[33m[Nest] 51  - [39m07/04/2025, 11:00:09 PM [33m   WARN[39m [38;5;3m[CorrelationIdMiddleware] [39m[33mResponse 404 GET /api/imaging/test/health [medicare-1751670009882-d7a59237] - 0ms[39m
[95m[Nest] 51  - [39m07/04/2025, 11:00:10 PM [95m  DEBUG[39m [38;5;3m[FhirService] [39m[95mRetrying search Appointment (2/3) [undefined][39m
[95m[Nest] 51  - [39m07/04/2025, 11:00:11 PM [95m  DEBUG[39m [38;5;3m[DashboardService] [39m[95mcalendar fetched in 2283ms [f53f6683-1e19-475a-bdce-3dfdd393e820][39m
[32m[Nest] 51  - [39m07/04/2025, 11:00:11 PM [32m    LOG[39m [38;5;3m[DashboardService] [39m[32mDashboard built in 2294ms with 0 errors [f53f6683-1e19-475a-bdce-3dfdd393e820][39m
[95m[Nest] 51  - [39m07/04/2025, 11:00:11 PM [95m  DEBUG[39m [38;5;3m[MetricsService] [39m[95mRecorded metric: dashboard_successful_loads_total_count = 1[39m
[95m[Nest] 51  - [39m07/04/2025, 11:00:11 PM [95m  DEBUG[39m [38;5;3m[MetricsService] [39m[95mObject:[39m
{
  "metric": {
    "name": "dashboard_successful_loads_total_count",
    "value": 1,
    "tags": {
      "role": "patient"
    },
    "timestamp": 1751670011418
  }
}

[32m[Nest] 51  - [39m07/04/2025, 11:00:11 PM [32m    LOG[39m [38;5;3m[DashboardController] [39m[32mDashboard successfully loaded for user 68646b3dd03688a3429b53f0 in 2295ms [f53f6683-1e19-475a-bdce-3dfdd393e820][39m
[32m[Nest] 51  - [39m07/04/2025, 11:00:11 PM [32m    LOG[39m [38;5;3m[DashboardController] [39m[32mObject:[39m
{
  "correlationId": "f53f6683-1e19-475a-bdce-3dfdd393e820",
  "userId": "68646b3dd03688a3429b53f0",
  "responseTime": 2295
}

[95m[Nest] 51  - [39m07/04/2025, 11:00:11 PM [95m  DEBUG[39m [38;5;3m[MetricsService] [39m[95mRecorded metric: dashboard_response_time_ms_duration_ms = 2295[39m
[95m[Nest] 51  - [39m07/04/2025, 11:00:11 PM [95m  DEBUG[39m [38;5;3m[MetricsService] [39m[95mObject:[39m
{
  "metric": {
    "name": "dashboard_response_time_ms_duration_ms",
    "value": 2295,
    "tags": {
      "role": "patient",
      "status": "success"
    },
    "timestamp": 1751670011418
  }
}

[95m[Nest] 51  - [39m07/04/2025, 11:00:11 PM [95m  DEBUG[39m [38;5;3m[MetricsService] [39m[95mRecorded metric: http_request_duration_ms = 2299[39m
[95m[Nest] 51  - [39m07/04/2025, 11:00:11 PM [95m  DEBUG[39m [38;5;3m[MetricsService] [39m[95mObject:[39m
{
  "metric": {
    "name": "http_request_duration_ms",
    "value": 2299,
    "tags": {
      "method": "GET",
      "path": "/api/dashboard",
      "status": "success"
    },
    "timestamp": 1751670011418
  }
}

[95m[Nest] 51  - [39m07/04/2025, 11:00:11 PM [95m  DEBUG[39m [38;5;3m[MetricsService] [39m[95mRecorded metric: http_request_count = 1[39m
[95m[Nest] 51  - [39m07/04/2025, 11:00:11 PM [95m  DEBUG[39m [38;5;3m[MetricsService] [39m[95mObject:[39m
{
  "metric": {
    "name": "http_request_count",
    "value": 1,
    "tags": {
      "method": "GET",
      "path": "/api/dashboard",
      "status": "success"
    },
    "timestamp": 1751670011418
  }
}

[95m[Nest] 51  - [39m07/04/2025, 11:00:11 PM [95m  DEBUG[39m [38;5;3m[CorrelationIdMiddleware] [39m[95mResponse 200 GET /api/dashboard [medicare-1751670009053-a10cd3b9] - 2368ms[39m
[95m[Nest] 51  - [39m07/04/2025, 11:00:11 PM [95m  DEBUG[39m [38;5;3m[CorrelationIdMiddleware] [39m[95mIncoming request GET / [medicare-1751670011424-10381837][39m
[32m[Nest] 51  - [39m07/04/2025, 11:00:11 PM [32m    LOG[39m [38;5;3m[DashboardService] [39m[32mBuilding dashboard for user 68646b3dd03688a3429b53f0 [e9de1926-56a2-4c26-8b92-3f2e79ae4b32][39m
[32m[Nest] 51  - [39m07/04/2025, 11:00:11 PM [32m    LOG[39m [38;5;3m[PatientProfileService] [39m[32mFetching profile for user 68646b3dd03688a3429b53f0[39m
[32m[Nest] 51  - [39m07/04/2025, 11:00:11 PM [32m    LOG[39m [38;5;3m[BiomarkerService] [39m[32mFetching biomarkers for patient 422[39m
[32m[Nest] 51  - [39m07/04/2025, 11:00:11 PM [32m    LOG[39m [38;5;3m[AppointmentService] [39m[32mFetching upcoming appointments for patient 422[39m
[32m[Nest] 51  - [39m07/04/2025, 11:00:11 PM [32m    LOG[39m [38;5;3m[CalendarService] [39m[32mFetching calendar events for patient 422[39m
[32m[Nest] 51  - [39m07/04/2025, 11:00:11 PM [32m    LOG[39m [38;5;3m[QuickActionService] [39m[32mFetching quick actions for patient 422[39m
[95m[Nest] 51  - [39m07/04/2025, 11:00:11 PM [95m  DEBUG[39m [38;5;3m[PatientProfileService] [39m[95mReturning patient profile from cache[39m
[95m[Nest] 51  - [39m07/04/2025, 11:00:11 PM [95m  DEBUG[39m [38;5;3m[BiomarkerService] [39m[95mReturning biomarkers from cache[39m
[95m[Nest] 51  - [39m07/04/2025, 11:00:11 PM [95m  DEBUG[39m [38;5;3m[AppointmentService] [39m[95mReturning appointments from cache[39m
[95m[Nest] 51  - [39m07/04/2025, 11:00:11 PM [95m  DEBUG[39m [38;5;3m[CalendarService] [39m[95mReturning calendar events from cache[39m
[95m[Nest] 51  - [39m07/04/2025, 11:00:11 PM [95m  DEBUG[39m [38;5;3m[QuickActionService] [39m[95mReturning quick actions from cache[39m
[95m[Nest] 51  - [39m07/04/2025, 11:00:11 PM [95m  DEBUG[39m [38;5;3m[DashboardService] [39m[95mprofile fetched in 2ms [e9de1926-56a2-4c26-8b92-3f2e79ae4b32][39m
[95m[Nest] 51  - [39m07/04/2025, 11:00:11 PM [95m  DEBUG[39m [38;5;3m[DashboardService] [39m[95mbiomarkers fetched in 1ms [e9de1926-56a2-4c26-8b92-3f2e79ae4b32][39m
[95m[Nest] 51  - [39m07/04/2025, 11:00:11 PM [95m  DEBUG[39m [38;5;3m[DashboardService] [39m[95mappointments fetched in 1ms [e9de1926-56a2-4c26-8b92-3f2e79ae4b32][39m
[95m[Nest] 51  - [39m07/04/2025, 11:00:11 PM [95m  DEBUG[39m [38;5;3m[DashboardService] [39m[95mcalendar fetched in 1ms [e9de1926-56a2-4c26-8b92-3f2e79ae4b32][39m
[95m[Nest] 51  - [39m07/04/2025, 11:00:11 PM [95m  DEBUG[39m [38;5;3m[DashboardService] [39m[95mquickActions fetched in 1ms [e9de1926-56a2-4c26-8b92-3f2e79ae4b32][39m
[32m[Nest] 51  - [39m07/04/2025, 11:00:11 PM [32m    LOG[39m [38;5;3m[DashboardService] [39m[32mDashboard built in 3ms with 0 errors [e9de1926-56a2-4c26-8b92-3f2e79ae4b32][39m
[95m[Nest] 51  - [39m07/04/2025, 11:00:11 PM [95m  DEBUG[39m [38;5;3m[MetricsService] [39m[95mRecorded metric: dashboard_successful_loads_total_count = 1[39m
[95m[Nest] 51  - [39m07/04/2025, 11:00:11 PM [95m  DEBUG[39m [38;5;3m[MetricsService] [39m[95mObject:[39m
{
  "metric": {
    "name": "dashboard_successful_loads_total_count",
    "value": 1,
    "tags": {
      "role": "patient"
    },
    "timestamp": 1751670011436
  }
}

[32m[Nest] 51  - [39m07/04/2025, 11:00:11 PM [32m    LOG[39m [38;5;3m[DashboardController] [39m[32mDashboard successfully loaded for user 68646b3dd03688a3429b53f0 in 3ms [e9de1926-56a2-4c26-8b92-3f2e79ae4b32][39m
[32m[Nest] 51  - [39m07/04/2025, 11:00:11 PM [32m    LOG[39m [38;5;3m[DashboardController] [39m[32mObject:[39m
{
  "correlationId": "e9de1926-56a2-4c26-8b92-3f2e79ae4b32",
  "userId": "68646b3dd03688a3429b53f0",
  "responseTime": 3
}

[95m[Nest] 51  - [39m07/04/2025, 11:00:11 PM [95m  DEBUG[39m [38;5;3m[MetricsService] [39m[95mRecorded metric: dashboard_response_time_ms_duration_ms = 3[39m
[95m[Nest] 51  - [39m07/04/2025, 11:00:11 PM [95m  DEBUG[39m [38;5;3m[MetricsService] [39m[95mObject:[39m
{
  "metric": {
    "name": "dashboard_response_time_ms_duration_ms",
    "value": 3,
    "tags": {
      "role": "patient",
      "status": "success"
    },
    "timestamp": 1751670011436
  }
}

[95m[Nest] 51  - [39m07/04/2025, 11:00:11 PM [95m  DEBUG[39m [38;5;3m[MetricsService] [39m[95mRecorded metric: http_request_duration_ms = 4[39m
[95m[Nest] 51  - [39m07/04/2025, 11:00:11 PM [95m  DEBUG[39m [38;5;3m[MetricsService] [39m[95mObject:[39m
{
  "metric": {
    "name": "http_request_duration_ms",
    "value": 4,
    "tags": {
      "method": "GET",
      "path": "/api/dashboard",
      "status": "success"
    },
    "timestamp": 1751670011436
  }
}

[95m[Nest] 51  - [39m07/04/2025, 11:00:11 PM [95m  DEBUG[39m [38;5;3m[MetricsService] [39m[95mRecorded metric: http_request_count = 1[39m
[95m[Nest] 51  - [39m07/04/2025, 11:00:11 PM [95m  DEBUG[39m [38;5;3m[MetricsService] [39m[95mObject:[39m
{
  "metric": {
    "name": "http_request_count",
    "value": 1,
    "tags": {
      "method": "GET",
      "path": "/api/dashboard",
      "status": "success"
    },
    "timestamp": 1751670011436
  }
}

[95m[Nest] 51  - [39m07/04/2025, 11:00:11 PM [95m  DEBUG[39m [38;5;3m[CorrelationIdMiddleware] [39m[95mResponse 304 GET /api/dashboard [medicare-1751670011424-10381837] - 13ms[39m
[95m[Nest] 51  - [39m07/04/2025, 11:00:40 PM [95m  DEBUG[39m [38;5;3m[CorrelationIdMiddleware] [39m[95mIncoming request GET / [medicare-1751670040877-6602f822][39m
[33m[Nest] 51  - [39m07/04/2025, 11:00:40 PM [33m   WARN[39m [38;5;3m[CorrelationIdMiddleware] [39m[33mResponse 404 GET /api/imaging/test/health [medicare-1751670040877-6602f822] - 1ms[39m
[95m[Nest] 51  - [39m07/04/2025, 11:01:10 PM [95m  DEBUG[39m [38;5;3m[CorrelationIdMiddleware] [39m[95mIncoming request GET / [medicare-1751670070943-c41200f0][39m
[33m[Nest] 51  - [39m07/04/2025, 11:01:10 PM [33m   WARN[39m [38;5;3m[CorrelationIdMiddleware] [39m[33mResponse 404 GET /api/imaging/test/health [medicare-1751670070943-c41200f0] - 1ms[39m
[95m[Nest] 51  - [39m07/04/2025, 11:01:42 PM [95m  DEBUG[39m [38;5;3m[CorrelationIdMiddleware] [39m[95mIncoming request GET / [medicare-1751670101999-c50f664a][39m
[33m[Nest] 51  - [39m07/04/2025, 11:01:42 PM [33m   WARN[39m [38;5;3m[CorrelationIdMiddleware] [39m[33mResponse 404 GET /api/imaging/test/health [medicare-1751670101999-c50f664a] - 1ms[39m
[95m[Nest] 51  - [39m07/04/2025, 11:02:12 PM [95m  DEBUG[39m [38;5;3m[CorrelationIdMiddleware] [39m[95mIncoming request GET / [medicare-1751670132994-8c4840f8][39m
[33m[Nest] 51  - [39m07/04/2025, 11:02:12 PM [33m   WARN[39m [38;5;3m[CorrelationIdMiddleware] [39m[33mResponse 404 GET /api/imaging/test/health [medicare-1751670132994-8c4840f8] - 1ms[39m
[2J[3J[H[[90m11:02:28 PM[0m] File change detected. Starting incremental compilation...

[96msrc/imaging/brain-tumor-detection.service.ts[0m:[93m12[0m:[93m30[0m - [91merror[0m[90m TS2307: [0mCannot find module 'dicom-parser' or its corresponding type declarations.

[7m12[0m import * as dicomParser from 'dicom-parser';
[7m  [0m [91m                             ~~~~~~~~~~~~~~[0m

[96msrc/imaging/brain-tumor-detection.service.ts[0m:[93m282[0m:[93m26[0m - [91merror[0m[90m TS2769: [0mNo overload matches this call.
  Overload 1 of 2, '(options?: SharpOptions): Sharp', gave the following error.
    Type '1' is not assignable to type 'CreateChannels'.
  Overload 2 of 2, '(input?: SharpInput | SharpInput[], options?: SharpOptions): Sharp', gave the following error.
    Object literal may only specify known properties, and 'create' does not exist in type 'ArrayBuffer | Buffer<ArrayBufferLike> | Uint8Array<ArrayBufferLike> | Uint8ClampedArray<ArrayBufferLike> | ... 7 more ... | SharpInput[]'.

[7m282[0m             return await sharp({
[7m   [0m [91m                         ~~~~~[0m

  [96mnode_modules/sharp/lib/index.d.ts[0m:[93m1064[0m:[93m9[0m
    [7m1064[0m         channels: CreateChannels;
    [7m    [0m [96m        ~~~~~~~~[0m
    The expected type comes from property 'channels' which is declared here on type 'Create'

[96msrc/imaging/dicom.service.ts[0m:[93m12[0m:[93m30[0m - [91merror[0m[90m TS2307: [0mCannot find module 'dicom-parser' or its corresponding type declarations.

[7m12[0m import * as dicomParser from 'dicom-parser';
[7m  [0m [91m                             ~~~~~~~~~~~~~~[0m

[96msrc/imaging/dicom.service.ts[0m:[93m13[0m:[93m24[0m - [91merror[0m[90m TS2307: [0mCannot find module 'dcmjs' or its corresponding type declarations.

[7m13[0m import * as dcmjs from 'dcmjs';
[7m  [0m [91m                       ~~~~~~~[0m

[96msrc/imaging/dicom.service.ts[0m:[93m48[0m:[93m23[0m - [91merror[0m[90m TS2694: [0mNamespace 'global.Express' has no exported member 'Multer'.

[7m48[0m         file: Express.Multer.File,
[7m  [0m [91m                      ~~~~~~[0m

[96msrc/imaging/imaging.controller.ts[0m:[93m28[0m:[93m29[0m - [91merror[0m[90m TS2307: [0mCannot find module '../auth/decorators/current-user.decorator' or its corresponding type declarations.

[7m28[0m import { CurrentUser } from '../auth/decorators/current-user.decorator';
[7m  [0m [91m                            ~~~~~~~~~~~~~~~~~~~~~~~~~~~~~~~~~~~~~~~~~~~[0m

[96msrc/imaging/imaging.controller.ts[0m:[93m54[0m:[93m12[0m - [91merror[0m[90m TS2345: [0mArgument of type 'UserRole.ADMIN' is not assignable to parameter of type 'Role'.

[7m54[0m     @Roles(UserRole.ADMIN, UserRole.DOCTOR)
[7m  [0m [91m           ~~~~~~~~~~~~~~[0m

[96msrc/imaging/imaging.controller.ts[0m:[93m54[0m:[93m37[0m - [91merror[0m[90m TS2339: [0mProperty 'DOCTOR' does not exist on type 'typeof UserRole'.

[7m54[0m     @Roles(UserRole.ADMIN, UserRole.DOCTOR)
[7m  [0m [91m                                    ~~~~~~[0m

[96msrc/imaging/imaging.controller.ts[0m:[93m109[0m:[93m41[0m - [91merror[0m[90m TS2694: [0mNamespace 'global.Express' has no exported member 'Multer'.

[7m109[0m         @UploadedFiles() files: Express.Multer.File[],
[7m   [0m [91m                                        ~~~~~~[0m

[96msrc/imaging/imaging.controller.ts[0m:[93m131[0m:[93m13[0m - [91merror[0m[90m TS2739: [0mType '{ success: false; error: any; }' is missing the following properties from type 'DicomUploadResponseDto': studyInstanceUID, seriesInstanceUID, instanceUIDs

[7m131[0m             return {
[7m   [0m [91m            ~~~~~~[0m

[96msrc/imaging/imaging.controller.ts[0m:[93m148[0m:[93m12[0m - [91merror[0m[90m TS2345: [0mArgument of type 'UserRole.ADMIN' is not assignable to parameter of type 'Role'.

[7m148[0m     @Roles(UserRole.ADMIN, UserRole.DOCTOR)
[7m   [0m [91m           ~~~~~~~~~~~~~~[0m

[96msrc/imaging/imaging.controller.ts[0m:[93m148[0m:[93m37[0m - [91merror[0m[90m TS2339: [0mProperty 'DOCTOR' does not exist on type 'typeof UserRole'.

[7m148[0m     @Roles(UserRole.ADMIN, UserRole.DOCTOR)
[7m   [0m [91m                                    ~~~~~~[0m

[96msrc/imaging/imaging.controller.ts[0m:[93m179[0m:[93m13[0m - [91merror[0m[90m TS2739: [0mType '{ success: false; error: any; }' is missing the following properties from type 'BrainTumorDetectionResponseDto': analysisId, status, tumorType

[7m179[0m             return {
[7m   [0m [91m            ~~~~~~[0m

[96msrc/imaging/imaging.controller.ts[0m:[93m187[0m:[93m12[0m - [91merror[0m[90m TS2345: [0mArgument of type 'UserRole.ADMIN' is not assignable to parameter of type 'Role'.

[7m187[0m     @Roles(UserRole.ADMIN, UserRole.DOCTOR, UserRole.PATIENT)
[7m   [0m [91m           ~~~~~~~~~~~~~~[0m

[96msrc/imaging/imaging.controller.ts[0m:[93m187[0m:[93m37[0m - [91merror[0m[90m TS2339: [0mProperty 'DOCTOR' does not exist on type 'typeof UserRole'.

[7m187[0m     @Roles(UserRole.ADMIN, UserRole.DOCTOR, UserRole.PATIENT)
[7m   [0m [91m                                    ~~~~~~[0m

[96msrc/imaging/imaging.controller.ts[0m:[93m203[0m:[93m12[0m - [91merror[0m[90m TS2345: [0mArgument of type 'UserRole.ADMIN' is not assignable to parameter of type 'Role'.

[7m203[0m     @Roles(UserRole.ADMIN, UserRole.DOCTOR, UserRole.PATIENT)
[7m   [0m [91m           ~~~~~~~~~~~~~~[0m

[96msrc/imaging/imaging.controller.ts[0m:[93m203[0m:[93m37[0m - [91merror[0m[90m TS2339: [0mProperty 'DOCTOR' does not exist on type 'typeof UserRole'.

[7m203[0m     @Roles(UserRole.ADMIN, UserRole.DOCTOR, UserRole.PATIENT)
[7m   [0m [91m                                    ~~~~~~[0m

[96msrc/imaging/imaging.controller.ts[0m:[93m219[0m:[93m12[0m - [91merror[0m[90m TS2345: [0mArgument of type 'UserRole.ADMIN' is not assignable to parameter of type 'Role'.

[7m219[0m     @Roles(UserRole.ADMIN, UserRole.DOCTOR, UserRole.PATIENT)
[7m   [0m [91m           ~~~~~~~~~~~~~~[0m

[96msrc/imaging/imaging.controller.ts[0m:[93m219[0m:[93m37[0m - [91merror[0m[90m TS2339: [0mProperty 'DOCTOR' does not exist on type 'typeof UserRole'.

[7m219[0m     @Roles(UserRole.ADMIN, UserRole.DOCTOR, UserRole.PATIENT)
[7m   [0m [91m                                    ~~~~~~[0m

[96msrc/imaging/imaging.controller.ts[0m:[93m235[0m:[93m12[0m - [91merror[0m[90m TS2345: [0mArgument of type 'UserRole.ADMIN' is not assignable to parameter of type 'Role'.

[7m235[0m     @Roles(UserRole.ADMIN, UserRole.DOCTOR, UserRole.PATIENT)
[7m   [0m [91m           ~~~~~~~~~~~~~~[0m

[96msrc/imaging/imaging.controller.ts[0m:[93m235[0m:[93m37[0m - [91merror[0m[90m TS2339: [0mProperty 'DOCTOR' does not exist on type 'typeof UserRole'.

[7m235[0m     @Roles(UserRole.ADMIN, UserRole.DOCTOR, UserRole.PATIENT)
[7m   [0m [91m                                    ~~~~~~[0m

[96msrc/imaging/imaging.controller.ts[0m:[93m251[0m:[93m12[0m - [91merror[0m[90m TS2345: [0mArgument of type 'UserRole.ADMIN' is not assignable to parameter of type 'Role'.

[7m251[0m     @Roles(UserRole.ADMIN, UserRole.DOCTOR, UserRole.PATIENT)
[7m   [0m [91m           ~~~~~~~~~~~~~~[0m

[96msrc/imaging/imaging.controller.ts[0m:[93m251[0m:[93m37[0m - [91merror[0m[90m TS2339: [0mProperty 'DOCTOR' does not exist on type 'typeof UserRole'.

[7m251[0m     @Roles(UserRole.ADMIN, UserRole.DOCTOR, UserRole.PATIENT)
[7m   [0m [91m                                    ~~~~~~[0m

[96msrc/imaging/imaging.controller.ts[0m:[93m268[0m:[93m12[0m - [91merror[0m[90m TS2345: [0mArgument of type 'UserRole.ADMIN' is not assignable to parameter of type 'Role'.

[7m268[0m     @Roles(UserRole.ADMIN, UserRole.DOCTOR, UserRole.PATIENT)
[7m   [0m [91m           ~~~~~~~~~~~~~~[0m

[96msrc/imaging/imaging.controller.ts[0m:[93m268[0m:[93m37[0m - [91merror[0m[90m TS2339: [0mProperty 'DOCTOR' does not exist on type 'typeof UserRole'.

[7m268[0m     @Roles(UserRole.ADMIN, UserRole.DOCTOR, UserRole.PATIENT)
[7m   [0m [91m                                    ~~~~~~[0m

[96msrc/imaging/imaging.controller.ts[0m:[93m278[0m:[93m12[0m - [91merror[0m[90m TS2345: [0mArgument of type 'UserRole.ADMIN' is not assignable to parameter of type 'Role'.

[7m278[0m     @Roles(UserRole.ADMIN, UserRole.DOCTOR, UserRole.PATIENT)
[7m   [0m [91m           ~~~~~~~~~~~~~~[0m

[96msrc/imaging/imaging.controller.ts[0m:[93m278[0m:[93m37[0m - [91merror[0m[90m TS2339: [0mProperty 'DOCTOR' does not exist on type 'typeof UserRole'.

[7m278[0m     @Roles(UserRole.ADMIN, UserRole.DOCTOR, UserRole.PATIENT)
[7m   [0m [91m                                    ~~~~~~[0m

[96msrc/imaging/imaging.controller.ts[0m:[93m290[0m:[93m12[0m - [91merror[0m[90m TS2345: [0mArgument of type 'UserRole.ADMIN' is not assignable to parameter of type 'Role'.

[7m290[0m     @Roles(UserRole.ADMIN, UserRole.DOCTOR, UserRole.PATIENT)
[7m   [0m [91m           ~~~~~~~~~~~~~~[0m

[96msrc/imaging/imaging.controller.ts[0m:[93m290[0m:[93m37[0m - [91merror[0m[90m TS2339: [0mProperty 'DOCTOR' does not exist on type 'typeof UserRole'.

[7m290[0m     @Roles(UserRole.ADMIN, UserRole.DOCTOR, UserRole.PATIENT)
[7m   [0m [91m                                    ~~~~~~[0m

[96msrc/imaging/imaging.controller.ts[0m:[93m302[0m:[93m12[0m - [91merror[0m[90m TS2345: [0mArgument of type 'UserRole.ADMIN' is not assignable to parameter of type 'Role'.

[7m302[0m     @Roles(UserRole.ADMIN, UserRole.DOCTOR)
[7m   [0m [91m           ~~~~~~~~~~~~~~[0m

[96msrc/imaging/imaging.controller.ts[0m:[93m302[0m:[93m37[0m - [91merror[0m[90m TS2339: [0mProperty 'DOCTOR' does not exist on type 'typeof UserRole'.

[7m302[0m     @Roles(UserRole.ADMIN, UserRole.DOCTOR)
[7m   [0m [91m                                    ~~~~~~[0m

[96msrc/imaging/imaging.service.ts[0m:[93m23[0m:[93m24[0m - [91merror[0m[90m TS2694: [0mNamespace 'global.Express' has no exported member 'Multer'.

[7m23[0m         files: Express.Multer.File[],
[7m  [0m [91m                       ~~~~~~[0m

[96msrc/imaging/utils/dicom-test-utils.ts[0m:[93m4[0m:[93m30[0m - [91merror[0m[90m TS2307: [0mCannot find module 'dicom-parser' or its corresponding type declarations.

[7m4[0m import * as dicomParser from 'dicom-parser';
[7m [0m [91m                             ~~~~~~~~~~~~~~[0m

[96msrc/imaging/utils/dicom-test-utils.ts[0m:[93m5[0m:[93m24[0m - [91merror[0m[90m TS2307: [0mCannot find module 'dcmjs' or its corresponding type declarations.

[7m5[0m import * as dcmjs from 'dcmjs';
[7m [0m [91m                       ~~~~~~~[0m

[96msrc/imaging/utils/dicom-test-utils.ts[0m:[93m97[0m:[93m26[0m - [91merror[0m[90m TS2769: [0mNo overload matches this call.
  Overload 1 of 2, '(options?: SharpOptions): Sharp', gave the following error.
    Type '1' is not assignable to type 'CreateChannels'.
  Overload 2 of 2, '(input?: SharpInput | SharpInput[], options?: SharpOptions): Sharp', gave the following error.
    Object literal may only specify known properties, and 'create' does not exist in type 'ArrayBuffer | Buffer<ArrayBufferLike> | Uint8Array<ArrayBufferLike> | Uint8ClampedArray<ArrayBufferLike> | ... 7 more ... | SharpInput[]'.

[7m97[0m             return await sharp({
[7m  [0m [91m                         ~~~~~[0m

  [96mnode_modules/sharp/lib/index.d.ts[0m:[93m1064[0m:[93m9[0m
    [7m1064[0m         channels: CreateChannels;
    [7m    [0m [96m        ~~~~~~~~[0m
    The expected type comes from property 'channels' which is declared here on type 'Create'

[[90m11:02:30 PM[0m] Found 35 errors. Watching for file changes.

[2J[3J[H[[90m11:02:30 PM[0m] File change detected. Starting incremental compilation...

[96msrc/imaging/brain-tumor-detection.service.ts[0m:[93m12[0m:[93m30[0m - [91merror[0m[90m TS2307: [0mCannot find module 'dicom-parser' or its corresponding type declarations.

[7m12[0m import * as dicomParser from 'dicom-parser';
[7m  [0m [91m                             ~~~~~~~~~~~~~~[0m

[96msrc/imaging/brain-tumor-detection.service.ts[0m:[93m282[0m:[93m26[0m - [91merror[0m[90m TS2769: [0mNo overload matches this call.
  Overload 1 of 2, '(options?: SharpOptions): Sharp', gave the following error.
    Type '1' is not assignable to type 'CreateChannels'.
  Overload 2 of 2, '(input?: SharpInput | SharpInput[], options?: SharpOptions): Sharp', gave the following error.
    Object literal may only specify known properties, and 'create' does not exist in type 'ArrayBuffer | Buffer<ArrayBufferLike> | Uint8Array<ArrayBufferLike> | Uint8ClampedArray<ArrayBufferLike> | ... 7 more ... | SharpInput[]'.

[7m282[0m             return await sharp({
[7m   [0m [91m                         ~~~~~[0m

  [96mnode_modules/sharp/lib/index.d.ts[0m:[93m1064[0m:[93m9[0m
    [7m1064[0m         channels: CreateChannels;
    [7m    [0m [96m        ~~~~~~~~[0m
    The expected type comes from property 'channels' which is declared here on type 'Create'

[96msrc/imaging/dicom.service.ts[0m:[93m12[0m:[93m30[0m - [91merror[0m[90m TS2307: [0mCannot find module 'dicom-parser' or its corresponding type declarations.

[7m12[0m import * as dicomParser from 'dicom-parser';
[7m  [0m [91m                             ~~~~~~~~~~~~~~[0m

[96msrc/imaging/dicom.service.ts[0m:[93m13[0m:[93m24[0m - [91merror[0m[90m TS2307: [0mCannot find module 'dcmjs' or its corresponding type declarations.

[7m13[0m import * as dcmjs from 'dcmjs';
[7m  [0m [91m                       ~~~~~~~[0m

[96msrc/imaging/dicom.service.ts[0m:[93m48[0m:[93m23[0m - [91merror[0m[90m TS2694: [0mNamespace 'global.Express' has no exported member 'Multer'.

[7m48[0m         file: Express.Multer.File,
[7m  [0m [91m                      ~~~~~~[0m

[96msrc/imaging/imaging.controller.ts[0m:[93m28[0m:[93m29[0m - [91merror[0m[90m TS2307: [0mCannot find module '../auth/decorators/current-user.decorator' or its corresponding type declarations.

[7m28[0m import { CurrentUser } from '../auth/decorators/current-user.decorator';
[7m  [0m [91m                            ~~~~~~~~~~~~~~~~~~~~~~~~~~~~~~~~~~~~~~~~~~~[0m

[96msrc/imaging/imaging.controller.ts[0m:[93m54[0m:[93m12[0m - [91merror[0m[90m TS2345: [0mArgument of type 'UserRole.ADMIN' is not assignable to parameter of type 'Role'.

[7m54[0m     @Roles(UserRole.ADMIN, UserRole.DOCTOR)
[7m  [0m [91m           ~~~~~~~~~~~~~~[0m

[96msrc/imaging/imaging.controller.ts[0m:[93m54[0m:[93m37[0m - [91merror[0m[90m TS2339: [0mProperty 'DOCTOR' does not exist on type 'typeof UserRole'.

[7m54[0m     @Roles(UserRole.ADMIN, UserRole.DOCTOR)
[7m  [0m [91m                                    ~~~~~~[0m

[96msrc/imaging/imaging.controller.ts[0m:[93m109[0m:[93m41[0m - [91merror[0m[90m TS2694: [0mNamespace 'global.Express' has no exported member 'Multer'.

[7m109[0m         @UploadedFiles() files: Express.Multer.File[],
[7m   [0m [91m                                        ~~~~~~[0m

[96msrc/imaging/imaging.controller.ts[0m:[93m131[0m:[93m13[0m - [91merror[0m[90m TS2739: [0mType '{ success: false; error: any; }' is missing the following properties from type 'DicomUploadResponseDto': studyInstanceUID, seriesInstanceUID, instanceUIDs

[7m131[0m             return {
[7m   [0m [91m            ~~~~~~[0m

[96msrc/imaging/imaging.controller.ts[0m:[93m148[0m:[93m12[0m - [91merror[0m[90m TS2345: [0mArgument of type 'UserRole.ADMIN' is not assignable to parameter of type 'Role'.

[7m148[0m     @Roles(UserRole.ADMIN, UserRole.DOCTOR)
[7m   [0m [91m           ~~~~~~~~~~~~~~[0m

[96msrc/imaging/imaging.controller.ts[0m:[93m148[0m:[93m37[0m - [91merror[0m[90m TS2339: [0mProperty 'DOCTOR' does not exist on type 'typeof UserRole'.

[7m148[0m     @Roles(UserRole.ADMIN, UserRole.DOCTOR)
[7m   [0m [91m                                    ~~~~~~[0m

[96msrc/imaging/imaging.controller.ts[0m:[93m179[0m:[93m13[0m - [91merror[0m[90m TS2739: [0mType '{ success: false; error: any; }' is missing the following properties from type 'BrainTumorDetectionResponseDto': analysisId, status, tumorType

[7m179[0m             return {
[7m   [0m [91m            ~~~~~~[0m

[96msrc/imaging/imaging.controller.ts[0m:[93m187[0m:[93m12[0m - [91merror[0m[90m TS2345: [0mArgument of type 'UserRole.ADMIN' is not assignable to parameter of type 'Role'.

[7m187[0m     @Roles(UserRole.ADMIN, UserRole.DOCTOR, UserRole.PATIENT)
[7m   [0m [91m           ~~~~~~~~~~~~~~[0m

[96msrc/imaging/imaging.controller.ts[0m:[93m187[0m:[93m37[0m - [91merror[0m[90m TS2339: [0mProperty 'DOCTOR' does not exist on type 'typeof UserRole'.

[7m187[0m     @Roles(UserRole.ADMIN, UserRole.DOCTOR, UserRole.PATIENT)
[7m   [0m [91m                                    ~~~~~~[0m

[96msrc/imaging/imaging.controller.ts[0m:[93m203[0m:[93m12[0m - [91merror[0m[90m TS2345: [0mArgument of type 'UserRole.ADMIN' is not assignable to parameter of type 'Role'.

[7m203[0m     @Roles(UserRole.ADMIN, UserRole.DOCTOR, UserRole.PATIENT)
[7m   [0m [91m           ~~~~~~~~~~~~~~[0m

[96msrc/imaging/imaging.controller.ts[0m:[93m203[0m:[93m37[0m - [91merror[0m[90m TS2339: [0mProperty 'DOCTOR' does not exist on type 'typeof UserRole'.

[7m203[0m     @Roles(UserRole.ADMIN, UserRole.DOCTOR, UserRole.PATIENT)
[7m   [0m [91m                                    ~~~~~~[0m

[96msrc/imaging/imaging.controller.ts[0m:[93m219[0m:[93m12[0m - [91merror[0m[90m TS2345: [0mArgument of type 'UserRole.ADMIN' is not assignable to parameter of type 'Role'.

[7m219[0m     @Roles(UserRole.ADMIN, UserRole.DOCTOR, UserRole.PATIENT)
[7m   [0m [91m           ~~~~~~~~~~~~~~[0m

[96msrc/imaging/imaging.controller.ts[0m:[93m219[0m:[93m37[0m - [91merror[0m[90m TS2339: [0mProperty 'DOCTOR' does not exist on type 'typeof UserRole'.

[7m219[0m     @Roles(UserRole.ADMIN, UserRole.DOCTOR, UserRole.PATIENT)
[7m   [0m [91m                                    ~~~~~~[0m

[96msrc/imaging/imaging.controller.ts[0m:[93m235[0m:[93m12[0m - [91merror[0m[90m TS2345: [0mArgument of type 'UserRole.ADMIN' is not assignable to parameter of type 'Role'.

[7m235[0m     @Roles(UserRole.ADMIN, UserRole.DOCTOR, UserRole.PATIENT)
[7m   [0m [91m           ~~~~~~~~~~~~~~[0m

[96msrc/imaging/imaging.controller.ts[0m:[93m235[0m:[93m37[0m - [91merror[0m[90m TS2339: [0mProperty 'DOCTOR' does not exist on type 'typeof UserRole'.

[7m235[0m     @Roles(UserRole.ADMIN, UserRole.DOCTOR, UserRole.PATIENT)
[7m   [0m [91m                                    ~~~~~~[0m

[96msrc/imaging/imaging.controller.ts[0m:[93m251[0m:[93m12[0m - [91merror[0m[90m TS2345: [0mArgument of type 'UserRole.ADMIN' is not assignable to parameter of type 'Role'.

[7m251[0m     @Roles(UserRole.ADMIN, UserRole.DOCTOR, UserRole.PATIENT)
[7m   [0m [91m           ~~~~~~~~~~~~~~[0m

[96msrc/imaging/imaging.controller.ts[0m:[93m251[0m:[93m37[0m - [91merror[0m[90m TS2339: [0mProperty 'DOCTOR' does not exist on type 'typeof UserRole'.

[7m251[0m     @Roles(UserRole.ADMIN, UserRole.DOCTOR, UserRole.PATIENT)
[7m   [0m [91m                                    ~~~~~~[0m

[96msrc/imaging/imaging.controller.ts[0m:[93m268[0m:[93m12[0m - [91merror[0m[90m TS2345: [0mArgument of type 'UserRole.ADMIN' is not assignable to parameter of type 'Role'.

[7m268[0m     @Roles(UserRole.ADMIN, UserRole.DOCTOR, UserRole.PATIENT)
[7m   [0m [91m           ~~~~~~~~~~~~~~[0m

[96msrc/imaging/imaging.controller.ts[0m:[93m268[0m:[93m37[0m - [91merror[0m[90m TS2339: [0mProperty 'DOCTOR' does not exist on type 'typeof UserRole'.

[7m268[0m     @Roles(UserRole.ADMIN, UserRole.DOCTOR, UserRole.PATIENT)
[7m   [0m [91m                                    ~~~~~~[0m

[96msrc/imaging/imaging.controller.ts[0m:[93m278[0m:[93m12[0m - [91merror[0m[90m TS2345: [0mArgument of type 'UserRole.ADMIN' is not assignable to parameter of type 'Role'.

[7m278[0m     @Roles(UserRole.ADMIN, UserRole.DOCTOR, UserRole.PATIENT)
[7m   [0m [91m           ~~~~~~~~~~~~~~[0m

[96msrc/imaging/imaging.controller.ts[0m:[93m278[0m:[93m37[0m - [91merror[0m[90m TS2339: [0mProperty 'DOCTOR' does not exist on type 'typeof UserRole'.

[7m278[0m     @Roles(UserRole.ADMIN, UserRole.DOCTOR, UserRole.PATIENT)
[7m   [0m [91m                                    ~~~~~~[0m

[96msrc/imaging/imaging.controller.ts[0m:[93m290[0m:[93m12[0m - [91merror[0m[90m TS2345: [0mArgument of type 'UserRole.ADMIN' is not assignable to parameter of type 'Role'.

[7m290[0m     @Roles(UserRole.ADMIN, UserRole.DOCTOR, UserRole.PATIENT)
[7m   [0m [91m           ~~~~~~~~~~~~~~[0m

[96msrc/imaging/imaging.controller.ts[0m:[93m290[0m:[93m37[0m - [91merror[0m[90m TS2339: [0mProperty 'DOCTOR' does not exist on type 'typeof UserRole'.

[7m290[0m     @Roles(UserRole.ADMIN, UserRole.DOCTOR, UserRole.PATIENT)
[7m   [0m [91m                                    ~~~~~~[0m

[96msrc/imaging/imaging.controller.ts[0m:[93m302[0m:[93m12[0m - [91merror[0m[90m TS2345: [0mArgument of type 'UserRole.ADMIN' is not assignable to parameter of type 'Role'.

[7m302[0m     @Roles(UserRole.ADMIN, UserRole.DOCTOR)
[7m   [0m [91m           ~~~~~~~~~~~~~~[0m

[96msrc/imaging/imaging.controller.ts[0m:[93m302[0m:[93m37[0m - [91merror[0m[90m TS2339: [0mProperty 'DOCTOR' does not exist on type 'typeof UserRole'.

[7m302[0m     @Roles(UserRole.ADMIN, UserRole.DOCTOR)
[7m   [0m [91m                                    ~~~~~~[0m

[96msrc/imaging/imaging.service.ts[0m:[93m23[0m:[93m24[0m - [91merror[0m[90m TS2694: [0mNamespace 'global.Express' has no exported member 'Multer'.

[7m23[0m         files: Express.Multer.File[],
[7m  [0m [91m                       ~~~~~~[0m

[96msrc/imaging/utils/dicom-test-utils.ts[0m:[93m4[0m:[93m30[0m - [91merror[0m[90m TS2307: [0mCannot find module 'dicom-parser' or its corresponding type declarations.

[7m4[0m import * as dicomParser from 'dicom-parser';
[7m [0m [91m                             ~~~~~~~~~~~~~~[0m

[96msrc/imaging/utils/dicom-test-utils.ts[0m:[93m5[0m:[93m24[0m - [91merror[0m[90m TS2307: [0mCannot find module 'dcmjs' or its corresponding type declarations.

[7m5[0m import * as dcmjs from 'dcmjs';
[7m [0m [91m                       ~~~~~~~[0m

[96msrc/imaging/utils/dicom-test-utils.ts[0m:[93m97[0m:[93m26[0m - [91merror[0m[90m TS2769: [0mNo overload matches this call.
  Overload 1 of 2, '(options?: SharpOptions): Sharp', gave the following error.
    Type '1' is not assignable to type 'CreateChannels'.
  Overload 2 of 2, '(input?: SharpInput | SharpInput[], options?: SharpOptions): Sharp', gave the following error.
    Object literal may only specify known properties, and 'create' does not exist in type 'ArrayBuffer | Buffer<ArrayBufferLike> | Uint8Array<ArrayBufferLike> | Uint8ClampedArray<ArrayBufferLike> | ... 7 more ... | SharpInput[]'.

[7m97[0m             return await sharp({
[7m  [0m [91m                         ~~~~~[0m

  [96mnode_modules/sharp/lib/index.d.ts[0m:[93m1064[0m:[93m9[0m
    [7m1064[0m         channels: CreateChannels;
    [7m    [0m [96m        ~~~~~~~~[0m
    The expected type comes from property 'channels' which is declared here on type 'Create'

[[90m11:02:31 PM[0m] Found 35 errors. Watching for file changes.

[95m[Nest] 51  - [39m07/04/2025, 11:02:43 PM [95m  DEBUG[39m [38;5;3m[CorrelationIdMiddleware] [39m[95mIncoming request GET / [medicare-1751670163995-a833c47f][39m
[33m[Nest] 51  - [39m07/04/2025, 11:02:43 PM [33m   WARN[39m [38;5;3m[CorrelationIdMiddleware] [39m[33mResponse 404 GET /api/imaging/test/health [medicare-1751670163995-a833c47f] - 1ms[39m
[95m[Nest] 51  - [39m07/04/2025, 11:03:14 PM [95m  DEBUG[39m [38;5;3m[CorrelationIdMiddleware] [39m[95mIncoming request GET / [medicare-1751670194976-fa1375db][39m
[33m[Nest] 51  - [39m07/04/2025, 11:03:14 PM [33m   WARN[39m [38;5;3m[CorrelationIdMiddleware] [39m[33mResponse 404 GET /api/imaging/test/health [medicare-1751670194976-fa1375db] - 1ms[39m
[95m[Nest] 51  - [39m07/04/2025, 11:03:45 PM [95m  DEBUG[39m [38;5;3m[CorrelationIdMiddleware] [39m[95mIncoming request GET / [medicare-1751670225974-e749d213][39m
[33m[Nest] 51  - [39m07/04/2025, 11:03:45 PM [33m   WARN[39m [38;5;3m[CorrelationIdMiddleware] [39m[33mResponse 404 GET /api/imaging/test/health [medicare-1751670225974-e749d213] - 1ms[39m
[95m[Nest] 51  - [39m07/04/2025, 11:04:16 PM [95m  DEBUG[39m [38;5;3m[CorrelationIdMiddleware] [39m[95mIncoming request GET / [medicare-1751670256961-c6825369][39m
[33m[Nest] 51  - [39m07/04/2025, 11:04:16 PM [33m   WARN[39m [38;5;3m[CorrelationIdMiddleware] [39m[33mResponse 404 GET /api/imaging/test/health [medicare-1751670256961-c6825369] - 2ms[39m
[95m[Nest] 51  - [39m07/04/2025, 11:04:47 PM [95m  DEBUG[39m [38;5;3m[CorrelationIdMiddleware] [39m[95mIncoming request GET / [medicare-1751670287939-a3342ca4][39m
[33m[Nest] 51  - [39m07/04/2025, 11:04:47 PM [33m   WARN[39m [38;5;3m[CorrelationIdMiddleware] [39m[33mResponse 404 GET /api/imaging/test/health [medicare-1751670287939-a3342ca4] - 1ms[39m
[95m[Nest] 51  - [39m07/04/2025, 11:05:18 PM [95m  DEBUG[39m [38;5;3m[CorrelationIdMiddleware] [39m[95mIncoming request GET / [medicare-1751670318868-f288a0b9][39m
[33m[Nest] 51  - [39m07/04/2025, 11:05:18 PM [33m   WARN[39m [38;5;3m[CorrelationIdMiddleware] [39m[33mResponse 404 GET /api/imaging/test/health [medicare-1751670318868-f288a0b9] - 1ms[39m
[95m[Nest] 51  - [39m07/04/2025, 11:05:49 PM [95m  DEBUG[39m [38;5;3m[CorrelationIdMiddleware] [39m[95mIncoming request GET / [medicare-1751670349813-cf0552f6][39m
[33m[Nest] 51  - [39m07/04/2025, 11:05:49 PM [33m   WARN[39m [38;5;3m[CorrelationIdMiddleware] [39m[33mResponse 404 GET /api/imaging/test/health [medicare-1751670349813-cf0552f6] - 1ms[39m
[95m[Nest] 51  - [39m07/04/2025, 11:06:20 PM [95m  DEBUG[39m [38;5;3m[CorrelationIdMiddleware] [39m[95mIncoming request GET / [medicare-1751670380681-9155f1bc][39m
[33m[Nest] 51  - [39m07/04/2025, 11:06:20 PM [33m   WARN[39m [38;5;3m[CorrelationIdMiddleware] [39m[33mResponse 404 GET /api/imaging/test/health [medicare-1751670380681-9155f1bc] - 0ms[39m
[95m[Nest] 51  - [39m07/04/2025, 11:06:51 PM [95m  DEBUG[39m [38;5;3m[CorrelationIdMiddleware] [39m[95mIncoming request GET / [medicare-1751670411962-9346f04f][39m
[33m[Nest] 51  - [39m07/04/2025, 11:06:51 PM [33m   WARN[39m [38;5;3m[CorrelationIdMiddleware] [39m[33mResponse 404 GET /api/imaging/test/health [medicare-1751670411962-9346f04f] - 1ms[39m
[95m[Nest] 51  - [39m07/04/2025, 11:07:22 PM [95m  DEBUG[39m [38;5;3m[CorrelationIdMiddleware] [39m[95mIncoming request GET / [medicare-1751670442969-a387b93e][39m
[33m[Nest] 51  - [39m07/04/2025, 11:07:22 PM [33m   WARN[39m [38;5;3m[CorrelationIdMiddleware] [39m[33mResponse 404 GET /api/imaging/test/health [medicare-1751670442969-a387b93e] - 1ms[39m
[95m[Nest] 51  - [39m07/04/2025, 11:07:53 PM [95m  DEBUG[39m [38;5;3m[CorrelationIdMiddleware] [39m[95mIncoming request GET / [medicare-1751670473917-d2081d65][39m
[33m[Nest] 51  - [39m07/04/2025, 11:07:53 PM [33m   WARN[39m [38;5;3m[CorrelationIdMiddleware] [39m[33mResponse 404 GET /api/imaging/test/health [medicare-1751670473917-d2081d65] - 1ms[39m
[95m[Nest] 51  - [39m07/04/2025, 11:08:23 PM [95m  DEBUG[39m [38;5;3m[CorrelationIdMiddleware] [39m[95mIncoming request GET / [medicare-1751670503959-975b2165][39m
[33m[Nest] 51  - [39m07/04/2025, 11:08:23 PM [33m   WARN[39m [38;5;3m[CorrelationIdMiddleware] [39m[33mResponse 404 GET /api/imaging/test/health [medicare-1751670503959-975b2165] - 1ms[39m
[95m[Nest] 51  - [39m07/04/2025, 11:08:54 PM [95m  DEBUG[39m [38;5;3m[CorrelationIdMiddleware] [39m[95mIncoming request GET / [medicare-1751670534970-310bba22][39m
[33m[Nest] 51  - [39m07/04/2025, 11:08:54 PM [33m   WARN[39m [38;5;3m[CorrelationIdMiddleware] [39m[33mResponse 404 GET /api/imaging/test/health [medicare-1751670534970-310bba22] - 1ms[39m
[95m[Nest] 51  - [39m07/04/2025, 11:09:25 PM [95m  DEBUG[39m [38;5;3m[CorrelationIdMiddleware] [39m[95mIncoming request GET / [medicare-1751670565966-57d87c8b][39m
[33m[Nest] 51  - [39m07/04/2025, 11:09:25 PM [33m   WARN[39m [38;5;3m[CorrelationIdMiddleware] [39m[33mResponse 404 GET /api/imaging/test/health [medicare-1751670565966-57d87c8b] - 1ms[39m
[95m[Nest] 51  - [39m07/04/2025, 11:09:56 PM [95m  DEBUG[39m [38;5;3m[CorrelationIdMiddleware] [39m[95mIncoming request GET / [medicare-1751670596970-e2b4991c][39m
[33m[Nest] 51  - [39m07/04/2025, 11:09:56 PM [33m   WARN[39m [38;5;3m[CorrelationIdMiddleware] [39m[33mResponse 404 GET /api/imaging/test/health [medicare-1751670596970-e2b4991c] - 0ms[39m
[95m[Nest] 51  - [39m07/04/2025, 11:10:27 PM [95m  DEBUG[39m [38;5;3m[CorrelationIdMiddleware] [39m[95mIncoming request GET / [medicare-1751670627981-6bb42436][39m
[33m[Nest] 51  - [39m07/04/2025, 11:10:27 PM [33m   WARN[39m [38;5;3m[CorrelationIdMiddleware] [39m[33mResponse 404 GET /api/imaging/test/health [medicare-1751670627981-6bb42436] - 2ms[39m
[95m[Nest] 51  - [39m07/04/2025, 11:10:59 PM [95m  DEBUG[39m [38;5;3m[CorrelationIdMiddleware] [39m[95mIncoming request GET / [medicare-1751670659004-9b15e7d3][39m
[33m[Nest] 51  - [39m07/04/2025, 11:10:59 PM [33m   WARN[39m [38;5;3m[CorrelationIdMiddleware] [39m[33mResponse 404 GET /api/imaging/test/health [medicare-1751670659004-9b15e7d3] - 1ms[39m
[95m[Nest] 51  - [39m07/04/2025, 11:11:30 PM [95m  DEBUG[39m [38;5;3m[CorrelationIdMiddleware] [39m[95mIncoming request GET / [medicare-1751670690026-1d250ef8][39m
[33m[Nest] 51  - [39m07/04/2025, 11:11:30 PM [33m   WARN[39m [38;5;3m[CorrelationIdMiddleware] [39m[33mResponse 404 GET /api/imaging/test/health [medicare-1751670690026-1d250ef8] - 1ms[39m

> fhir-ehr-platform@1.0.0 start:dev
> nest start --watch

[2J[3J[H[[90m11:11:56 PM[0m] Starting compilation in watch mode...

[96msrc/imaging/brain-tumor-detection.service.ts[0m:[93m12[0m:[93m30[0m - [91merror[0m[90m TS2307: [0mCannot find module 'dicom-parser' or its corresponding type declarations.

[7m12[0m import * as dicomParser from 'dicom-parser';
[7m  [0m [91m                             ~~~~~~~~~~~~~~[0m

[96msrc/imaging/brain-tumor-detection.service.ts[0m:[93m282[0m:[93m26[0m - [91merror[0m[90m TS2769: [0mNo overload matches this call.
  Overload 1 of 2, '(options?: SharpOptions): Sharp', gave the following error.
    Type '1' is not assignable to type 'CreateChannels'.
  Overload 2 of 2, '(input?: SharpInput | SharpInput[], options?: SharpOptions): Sharp', gave the following error.
    Object literal may only specify known properties, and 'create' does not exist in type 'ArrayBuffer | Buffer<ArrayBufferLike> | Uint8Array<ArrayBufferLike> | Uint8ClampedArray<ArrayBufferLike> | ... 7 more ... | SharpInput[]'.

[7m282[0m             return await sharp({
[7m   [0m [91m                         ~~~~~[0m

  [96mnode_modules/sharp/lib/index.d.ts[0m:[93m1064[0m:[93m9[0m
    [7m1064[0m         channels: CreateChannels;
    [7m    [0m [96m        ~~~~~~~~[0m
    The expected type comes from property 'channels' which is declared here on type 'Create'

[96msrc/imaging/dicom.service.ts[0m:[93m12[0m:[93m30[0m - [91merror[0m[90m TS2307: [0mCannot find module 'dicom-parser' or its corresponding type declarations.

[7m12[0m import * as dicomParser from 'dicom-parser';
[7m  [0m [91m                             ~~~~~~~~~~~~~~[0m

[96msrc/imaging/dicom.service.ts[0m:[93m13[0m:[93m24[0m - [91merror[0m[90m TS2307: [0mCannot find module 'dcmjs' or its corresponding type declarations.

[7m13[0m import * as dcmjs from 'dcmjs';
[7m  [0m [91m                       ~~~~~~~[0m

[96msrc/imaging/dicom.service.ts[0m:[93m48[0m:[93m23[0m - [91merror[0m[90m TS2694: [0mNamespace 'global.Express' has no exported member 'Multer'.

[7m48[0m         file: Express.Multer.File,
[7m  [0m [91m                      ~~~~~~[0m

[96msrc/imaging/imaging.controller.ts[0m:[93m28[0m:[93m29[0m - [91merror[0m[90m TS2307: [0mCannot find module '../auth/decorators/current-user.decorator' or its corresponding type declarations.

[7m28[0m import { CurrentUser } from '../auth/decorators/current-user.decorator';
[7m  [0m [91m                            ~~~~~~~~~~~~~~~~~~~~~~~~~~~~~~~~~~~~~~~~~~~[0m

[96msrc/imaging/imaging.controller.ts[0m:[93m54[0m:[93m12[0m - [91merror[0m[90m TS2345: [0mArgument of type 'UserRole.ADMIN' is not assignable to parameter of type 'Role'.

[7m54[0m     @Roles(UserRole.ADMIN, UserRole.DOCTOR)
[7m  [0m [91m           ~~~~~~~~~~~~~~[0m

[96msrc/imaging/imaging.controller.ts[0m:[93m54[0m:[93m37[0m - [91merror[0m[90m TS2339: [0mProperty 'DOCTOR' does not exist on type 'typeof UserRole'.

[7m54[0m     @Roles(UserRole.ADMIN, UserRole.DOCTOR)
[7m  [0m [91m                                    ~~~~~~[0m

[96msrc/imaging/imaging.controller.ts[0m:[93m109[0m:[93m41[0m - [91merror[0m[90m TS2694: [0mNamespace 'global.Express' has no exported member 'Multer'.

[7m109[0m         @UploadedFiles() files: Express.Multer.File[],
[7m   [0m [91m                                        ~~~~~~[0m

[96msrc/imaging/imaging.controller.ts[0m:[93m131[0m:[93m13[0m - [91merror[0m[90m TS2739: [0mType '{ success: false; error: any; }' is missing the following properties from type 'DicomUploadResponseDto': studyInstanceUID, seriesInstanceUID, instanceUIDs

[7m131[0m             return {
[7m   [0m [91m            ~~~~~~[0m

[96msrc/imaging/imaging.controller.ts[0m:[93m148[0m:[93m12[0m - [91merror[0m[90m TS2345: [0mArgument of type 'UserRole.ADMIN' is not assignable to parameter of type 'Role'.

[7m148[0m     @Roles(UserRole.ADMIN, UserRole.DOCTOR)
[7m   [0m [91m           ~~~~~~~~~~~~~~[0m

[96msrc/imaging/imaging.controller.ts[0m:[93m148[0m:[93m37[0m - [91merror[0m[90m TS2339: [0mProperty 'DOCTOR' does not exist on type 'typeof UserRole'.

[7m148[0m     @Roles(UserRole.ADMIN, UserRole.DOCTOR)
[7m   [0m [91m                                    ~~~~~~[0m

[96msrc/imaging/imaging.controller.ts[0m:[93m179[0m:[93m13[0m - [91merror[0m[90m TS2739: [0mType '{ success: false; error: any; }' is missing the following properties from type 'BrainTumorDetectionResponseDto': analysisId, status, tumorType

[7m179[0m             return {
[7m   [0m [91m            ~~~~~~[0m

[96msrc/imaging/imaging.controller.ts[0m:[93m187[0m:[93m12[0m - [91merror[0m[90m TS2345: [0mArgument of type 'UserRole.ADMIN' is not assignable to parameter of type 'Role'.

[7m187[0m     @Roles(UserRole.ADMIN, UserRole.DOCTOR, UserRole.PATIENT)
[7m   [0m [91m           ~~~~~~~~~~~~~~[0m

[96msrc/imaging/imaging.controller.ts[0m:[93m187[0m:[93m37[0m - [91merror[0m[90m TS2339: [0mProperty 'DOCTOR' does not exist on type 'typeof UserRole'.

[7m187[0m     @Roles(UserRole.ADMIN, UserRole.DOCTOR, UserRole.PATIENT)
[7m   [0m [91m                                    ~~~~~~[0m

[96msrc/imaging/imaging.controller.ts[0m:[93m203[0m:[93m12[0m - [91merror[0m[90m TS2345: [0mArgument of type 'UserRole.ADMIN' is not assignable to parameter of type 'Role'.

[7m203[0m     @Roles(UserRole.ADMIN, UserRole.DOCTOR, UserRole.PATIENT)
[7m   [0m [91m           ~~~~~~~~~~~~~~[0m

[96msrc/imaging/imaging.controller.ts[0m:[93m203[0m:[93m37[0m - [91merror[0m[90m TS2339: [0mProperty 'DOCTOR' does not exist on type 'typeof UserRole'.

[7m203[0m     @Roles(UserRole.ADMIN, UserRole.DOCTOR, UserRole.PATIENT)
[7m   [0m [91m                                    ~~~~~~[0m

[96msrc/imaging/imaging.controller.ts[0m:[93m219[0m:[93m12[0m - [91merror[0m[90m TS2345: [0mArgument of type 'UserRole.ADMIN' is not assignable to parameter of type 'Role'.

[7m219[0m     @Roles(UserRole.ADMIN, UserRole.DOCTOR, UserRole.PATIENT)
[7m   [0m [91m           ~~~~~~~~~~~~~~[0m

[96msrc/imaging/imaging.controller.ts[0m:[93m219[0m:[93m37[0m - [91merror[0m[90m TS2339: [0mProperty 'DOCTOR' does not exist on type 'typeof UserRole'.

[7m219[0m     @Roles(UserRole.ADMIN, UserRole.DOCTOR, UserRole.PATIENT)
[7m   [0m [91m                                    ~~~~~~[0m

[96msrc/imaging/imaging.controller.ts[0m:[93m235[0m:[93m12[0m - [91merror[0m[90m TS2345: [0mArgument of type 'UserRole.ADMIN' is not assignable to parameter of type 'Role'.

[7m235[0m     @Roles(UserRole.ADMIN, UserRole.DOCTOR, UserRole.PATIENT)
[7m   [0m [91m           ~~~~~~~~~~~~~~[0m

[96msrc/imaging/imaging.controller.ts[0m:[93m235[0m:[93m37[0m - [91merror[0m[90m TS2339: [0mProperty 'DOCTOR' does not exist on type 'typeof UserRole'.

[7m235[0m     @Roles(UserRole.ADMIN, UserRole.DOCTOR, UserRole.PATIENT)
[7m   [0m [91m                                    ~~~~~~[0m

[96msrc/imaging/imaging.controller.ts[0m:[93m251[0m:[93m12[0m - [91merror[0m[90m TS2345: [0mArgument of type 'UserRole.ADMIN' is not assignable to parameter of type 'Role'.

[7m251[0m     @Roles(UserRole.ADMIN, UserRole.DOCTOR, UserRole.PATIENT)
[7m   [0m [91m           ~~~~~~~~~~~~~~[0m

[96msrc/imaging/imaging.controller.ts[0m:[93m251[0m:[93m37[0m - [91merror[0m[90m TS2339: [0mProperty 'DOCTOR' does not exist on type 'typeof UserRole'.

[7m251[0m     @Roles(UserRole.ADMIN, UserRole.DOCTOR, UserRole.PATIENT)
[7m   [0m [91m                                    ~~~~~~[0m

[96msrc/imaging/imaging.controller.ts[0m:[93m268[0m:[93m12[0m - [91merror[0m[90m TS2345: [0mArgument of type 'UserRole.ADMIN' is not assignable to parameter of type 'Role'.

[7m268[0m     @Roles(UserRole.ADMIN, UserRole.DOCTOR, UserRole.PATIENT)
[7m   [0m [91m           ~~~~~~~~~~~~~~[0m

[96msrc/imaging/imaging.controller.ts[0m:[93m268[0m:[93m37[0m - [91merror[0m[90m TS2339: [0mProperty 'DOCTOR' does not exist on type 'typeof UserRole'.

[7m268[0m     @Roles(UserRole.ADMIN, UserRole.DOCTOR, UserRole.PATIENT)
[7m   [0m [91m                                    ~~~~~~[0m

[96msrc/imaging/imaging.controller.ts[0m:[93m278[0m:[93m12[0m - [91merror[0m[90m TS2345: [0mArgument of type 'UserRole.ADMIN' is not assignable to parameter of type 'Role'.

[7m278[0m     @Roles(UserRole.ADMIN, UserRole.DOCTOR, UserRole.PATIENT)
[7m   [0m [91m           ~~~~~~~~~~~~~~[0m

[96msrc/imaging/imaging.controller.ts[0m:[93m278[0m:[93m37[0m - [91merror[0m[90m TS2339: [0mProperty 'DOCTOR' does not exist on type 'typeof UserRole'.

[7m278[0m     @Roles(UserRole.ADMIN, UserRole.DOCTOR, UserRole.PATIENT)
[7m   [0m [91m                                    ~~~~~~[0m

[96msrc/imaging/imaging.controller.ts[0m:[93m290[0m:[93m12[0m - [91merror[0m[90m TS2345: [0mArgument of type 'UserRole.ADMIN' is not assignable to parameter of type 'Role'.

[7m290[0m     @Roles(UserRole.ADMIN, UserRole.DOCTOR, UserRole.PATIENT)
[7m   [0m [91m           ~~~~~~~~~~~~~~[0m

[96msrc/imaging/imaging.controller.ts[0m:[93m290[0m:[93m37[0m - [91merror[0m[90m TS2339: [0mProperty 'DOCTOR' does not exist on type 'typeof UserRole'.

[7m290[0m     @Roles(UserRole.ADMIN, UserRole.DOCTOR, UserRole.PATIENT)
[7m   [0m [91m                                    ~~~~~~[0m

[96msrc/imaging/imaging.controller.ts[0m:[93m302[0m:[93m12[0m - [91merror[0m[90m TS2345: [0mArgument of type 'UserRole.ADMIN' is not assignable to parameter of type 'Role'.

[7m302[0m     @Roles(UserRole.ADMIN, UserRole.DOCTOR)
[7m   [0m [91m           ~~~~~~~~~~~~~~[0m

[96msrc/imaging/imaging.controller.ts[0m:[93m302[0m:[93m37[0m - [91merror[0m[90m TS2339: [0mProperty 'DOCTOR' does not exist on type 'typeof UserRole'.

[7m302[0m     @Roles(UserRole.ADMIN, UserRole.DOCTOR)
[7m   [0m [91m                                    ~~~~~~[0m

[96msrc/imaging/imaging.service.ts[0m:[93m23[0m:[93m24[0m - [91merror[0m[90m TS2694: [0mNamespace 'global.Express' has no exported member 'Multer'.

[7m23[0m         files: Express.Multer.File[],
[7m  [0m [91m                       ~~~~~~[0m

[96msrc/imaging/utils/dicom-test-utils.ts[0m:[93m4[0m:[93m30[0m - [91merror[0m[90m TS2307: [0mCannot find module 'dicom-parser' or its corresponding type declarations.

[7m4[0m import * as dicomParser from 'dicom-parser';
[7m [0m [91m                             ~~~~~~~~~~~~~~[0m

[96msrc/imaging/utils/dicom-test-utils.ts[0m:[93m5[0m:[93m24[0m - [91merror[0m[90m TS2307: [0mCannot find module 'dcmjs' or its corresponding type declarations.

[7m5[0m import * as dcmjs from 'dcmjs';
[7m [0m [91m                       ~~~~~~~[0m

[96msrc/imaging/utils/dicom-test-utils.ts[0m:[93m97[0m:[93m26[0m - [91merror[0m[90m TS2769: [0mNo overload matches this call.
  Overload 1 of 2, '(options?: SharpOptions): Sharp', gave the following error.
    Type '1' is not assignable to type 'CreateChannels'.
  Overload 2 of 2, '(input?: SharpInput | SharpInput[], options?: SharpOptions): Sharp', gave the following error.
    Object literal may only specify known properties, and 'create' does not exist in type 'ArrayBuffer | Buffer<ArrayBufferLike> | Uint8Array<ArrayBufferLike> | Uint8ClampedArray<ArrayBufferLike> | ... 7 more ... | SharpInput[]'.

[7m97[0m             return await sharp({
[7m  [0m [91m                         ~~~~~[0m

  [96mnode_modules/sharp/lib/index.d.ts[0m:[93m1064[0m:[93m9[0m
    [7m1064[0m         channels: CreateChannels;
    [7m    [0m [96m        ~~~~~~~~[0m
    The expected type comes from property 'channels' which is declared here on type 'Create'

[[90m11:12:08 PM[0m] Found 35 errors. Watching for file changes.


> fhir-ehr-platform@1.0.0 start:dev
> nest start --watch

[2J[3J[H[[90m11:17:04 PM[0m] Starting compilation in watch mode...

[96msrc/imaging/brain-tumor-detection.service.ts[0m:[93m12[0m:[93m30[0m - [91merror[0m[90m TS2307: [0mCannot find module 'dicom-parser' or its corresponding type declarations.

[7m12[0m import * as dicomParser from 'dicom-parser';
[7m  [0m [91m                             ~~~~~~~~~~~~~~[0m

[96msrc/imaging/brain-tumor-detection.service.ts[0m:[93m282[0m:[93m26[0m - [91merror[0m[90m TS2769: [0mNo overload matches this call.
  Overload 1 of 2, '(options?: SharpOptions): Sharp', gave the following error.
    Type '1' is not assignable to type 'CreateChannels'.
  Overload 2 of 2, '(input?: SharpInput | SharpInput[], options?: SharpOptions): Sharp', gave the following error.
    Object literal may only specify known properties, and 'create' does not exist in type 'ArrayBuffer | Buffer<ArrayBufferLike> | Uint8Array<ArrayBufferLike> | Uint8ClampedArray<ArrayBufferLike> | ... 7 more ... | SharpInput[]'.

[7m282[0m             return await sharp({
[7m   [0m [91m                         ~~~~~[0m

  [96mnode_modules/sharp/lib/index.d.ts[0m:[93m1064[0m:[93m9[0m
    [7m1064[0m         channels: CreateChannels;
    [7m    [0m [96m        ~~~~~~~~[0m
    The expected type comes from property 'channels' which is declared here on type 'Create'

[96msrc/imaging/dicom.service.ts[0m:[93m12[0m:[93m30[0m - [91merror[0m[90m TS2307: [0mCannot find module 'dicom-parser' or its corresponding type declarations.

[7m12[0m import * as dicomParser from 'dicom-parser';
[7m  [0m [91m                             ~~~~~~~~~~~~~~[0m

[96msrc/imaging/dicom.service.ts[0m:[93m13[0m:[93m24[0m - [91merror[0m[90m TS2307: [0mCannot find module 'dcmjs' or its corresponding type declarations.

[7m13[0m import * as dcmjs from 'dcmjs';
[7m  [0m [91m                       ~~~~~~~[0m

[96msrc/imaging/dicom.service.ts[0m:[93m48[0m:[93m23[0m - [91merror[0m[90m TS2694: [0mNamespace 'global.Express' has no exported member 'Multer'.

[7m48[0m         file: Express.Multer.File,
[7m  [0m [91m                      ~~~~~~[0m

[96msrc/imaging/imaging.controller.ts[0m:[93m28[0m:[93m29[0m - [91merror[0m[90m TS2307: [0mCannot find module '../auth/decorators/current-user.decorator' or its corresponding type declarations.

[7m28[0m import { CurrentUser } from '../auth/decorators/current-user.decorator';
[7m  [0m [91m                            ~~~~~~~~~~~~~~~~~~~~~~~~~~~~~~~~~~~~~~~~~~~[0m

[96msrc/imaging/imaging.controller.ts[0m:[93m54[0m:[93m12[0m - [91merror[0m[90m TS2345: [0mArgument of type 'UserRole.ADMIN' is not assignable to parameter of type 'Role'.

[7m54[0m     @Roles(UserRole.ADMIN, UserRole.DOCTOR)
[7m  [0m [91m           ~~~~~~~~~~~~~~[0m

[96msrc/imaging/imaging.controller.ts[0m:[93m54[0m:[93m37[0m - [91merror[0m[90m TS2339: [0mProperty 'DOCTOR' does not exist on type 'typeof UserRole'.

[7m54[0m     @Roles(UserRole.ADMIN, UserRole.DOCTOR)
[7m  [0m [91m                                    ~~~~~~[0m

[96msrc/imaging/imaging.controller.ts[0m:[93m109[0m:[93m41[0m - [91merror[0m[90m TS2694: [0mNamespace 'global.Express' has no exported member 'Multer'.

[7m109[0m         @UploadedFiles() files: Express.Multer.File[],
[7m   [0m [91m                                        ~~~~~~[0m

[96msrc/imaging/imaging.controller.ts[0m:[93m131[0m:[93m13[0m - [91merror[0m[90m TS2739: [0mType '{ success: false; error: any; }' is missing the following properties from type 'DicomUploadResponseDto': studyInstanceUID, seriesInstanceUID, instanceUIDs

[7m131[0m             return {
[7m   [0m [91m            ~~~~~~[0m

[96msrc/imaging/imaging.controller.ts[0m:[93m148[0m:[93m12[0m - [91merror[0m[90m TS2345: [0mArgument of type 'UserRole.ADMIN' is not assignable to parameter of type 'Role'.

[7m148[0m     @Roles(UserRole.ADMIN, UserRole.DOCTOR)
[7m   [0m [91m           ~~~~~~~~~~~~~~[0m

[96msrc/imaging/imaging.controller.ts[0m:[93m148[0m:[93m37[0m - [91merror[0m[90m TS2339: [0mProperty 'DOCTOR' does not exist on type 'typeof UserRole'.

[7m148[0m     @Roles(UserRole.ADMIN, UserRole.DOCTOR)
[7m   [0m [91m                                    ~~~~~~[0m

[96msrc/imaging/imaging.controller.ts[0m:[93m179[0m:[93m13[0m - [91merror[0m[90m TS2739: [0mType '{ success: false; error: any; }' is missing the following properties from type 'BrainTumorDetectionResponseDto': analysisId, status, tumorType

[7m179[0m             return {
[7m   [0m [91m            ~~~~~~[0m

[96msrc/imaging/imaging.controller.ts[0m:[93m187[0m:[93m12[0m - [91merror[0m[90m TS2345: [0mArgument of type 'UserRole.ADMIN' is not assignable to parameter of type 'Role'.

[7m187[0m     @Roles(UserRole.ADMIN, UserRole.DOCTOR, UserRole.PATIENT)
[7m   [0m [91m           ~~~~~~~~~~~~~~[0m

[96msrc/imaging/imaging.controller.ts[0m:[93m187[0m:[93m37[0m - [91merror[0m[90m TS2339: [0mProperty 'DOCTOR' does not exist on type 'typeof UserRole'.

[7m187[0m     @Roles(UserRole.ADMIN, UserRole.DOCTOR, UserRole.PATIENT)
[7m   [0m [91m                                    ~~~~~~[0m

[96msrc/imaging/imaging.controller.ts[0m:[93m203[0m:[93m12[0m - [91merror[0m[90m TS2345: [0mArgument of type 'UserRole.ADMIN' is not assignable to parameter of type 'Role'.

[7m203[0m     @Roles(UserRole.ADMIN, UserRole.DOCTOR, UserRole.PATIENT)
[7m   [0m [91m           ~~~~~~~~~~~~~~[0m

[96msrc/imaging/imaging.controller.ts[0m:[93m203[0m:[93m37[0m - [91merror[0m[90m TS2339: [0mProperty 'DOCTOR' does not exist on type 'typeof UserRole'.

[7m203[0m     @Roles(UserRole.ADMIN, UserRole.DOCTOR, UserRole.PATIENT)
[7m   [0m [91m                                    ~~~~~~[0m

[96msrc/imaging/imaging.controller.ts[0m:[93m219[0m:[93m12[0m - [91merror[0m[90m TS2345: [0mArgument of type 'UserRole.ADMIN' is not assignable to parameter of type 'Role'.

[7m219[0m     @Roles(UserRole.ADMIN, UserRole.DOCTOR, UserRole.PATIENT)
[7m   [0m [91m           ~~~~~~~~~~~~~~[0m

[96msrc/imaging/imaging.controller.ts[0m:[93m219[0m:[93m37[0m - [91merror[0m[90m TS2339: [0mProperty 'DOCTOR' does not exist on type 'typeof UserRole'.

[7m219[0m     @Roles(UserRole.ADMIN, UserRole.DOCTOR, UserRole.PATIENT)
[7m   [0m [91m                                    ~~~~~~[0m

[96msrc/imaging/imaging.controller.ts[0m:[93m235[0m:[93m12[0m - [91merror[0m[90m TS2345: [0mArgument of type 'UserRole.ADMIN' is not assignable to parameter of type 'Role'.

[7m235[0m     @Roles(UserRole.ADMIN, UserRole.DOCTOR, UserRole.PATIENT)
[7m   [0m [91m           ~~~~~~~~~~~~~~[0m

[96msrc/imaging/imaging.controller.ts[0m:[93m235[0m:[93m37[0m - [91merror[0m[90m TS2339: [0mProperty 'DOCTOR' does not exist on type 'typeof UserRole'.

[7m235[0m     @Roles(UserRole.ADMIN, UserRole.DOCTOR, UserRole.PATIENT)
[7m   [0m [91m                                    ~~~~~~[0m

[96msrc/imaging/imaging.controller.ts[0m:[93m251[0m:[93m12[0m - [91merror[0m[90m TS2345: [0mArgument of type 'UserRole.ADMIN' is not assignable to parameter of type 'Role'.

[7m251[0m     @Roles(UserRole.ADMIN, UserRole.DOCTOR, UserRole.PATIENT)
[7m   [0m [91m           ~~~~~~~~~~~~~~[0m

[96msrc/imaging/imaging.controller.ts[0m:[93m251[0m:[93m37[0m - [91merror[0m[90m TS2339: [0mProperty 'DOCTOR' does not exist on type 'typeof UserRole'.

[7m251[0m     @Roles(UserRole.ADMIN, UserRole.DOCTOR, UserRole.PATIENT)
[7m   [0m [91m                                    ~~~~~~[0m

[96msrc/imaging/imaging.controller.ts[0m:[93m268[0m:[93m12[0m - [91merror[0m[90m TS2345: [0mArgument of type 'UserRole.ADMIN' is not assignable to parameter of type 'Role'.

[7m268[0m     @Roles(UserRole.ADMIN, UserRole.DOCTOR, UserRole.PATIENT)
[7m   [0m [91m           ~~~~~~~~~~~~~~[0m

[96msrc/imaging/imaging.controller.ts[0m:[93m268[0m:[93m37[0m - [91merror[0m[90m TS2339: [0mProperty 'DOCTOR' does not exist on type 'typeof UserRole'.

[7m268[0m     @Roles(UserRole.ADMIN, UserRole.DOCTOR, UserRole.PATIENT)
[7m   [0m [91m                                    ~~~~~~[0m

[96msrc/imaging/imaging.controller.ts[0m:[93m278[0m:[93m12[0m - [91merror[0m[90m TS2345: [0mArgument of type 'UserRole.ADMIN' is not assignable to parameter of type 'Role'.

[7m278[0m     @Roles(UserRole.ADMIN, UserRole.DOCTOR, UserRole.PATIENT)
[7m   [0m [91m           ~~~~~~~~~~~~~~[0m

[96msrc/imaging/imaging.controller.ts[0m:[93m278[0m:[93m37[0m - [91merror[0m[90m TS2339: [0mProperty 'DOCTOR' does not exist on type 'typeof UserRole'.

[7m278[0m     @Roles(UserRole.ADMIN, UserRole.DOCTOR, UserRole.PATIENT)
[7m   [0m [91m                                    ~~~~~~[0m

[96msrc/imaging/imaging.controller.ts[0m:[93m290[0m:[93m12[0m - [91merror[0m[90m TS2345: [0mArgument of type 'UserRole.ADMIN' is not assignable to parameter of type 'Role'.

[7m290[0m     @Roles(UserRole.ADMIN, UserRole.DOCTOR, UserRole.PATIENT)
[7m   [0m [91m           ~~~~~~~~~~~~~~[0m

[96msrc/imaging/imaging.controller.ts[0m:[93m290[0m:[93m37[0m - [91merror[0m[90m TS2339: [0mProperty 'DOCTOR' does not exist on type 'typeof UserRole'.

[7m290[0m     @Roles(UserRole.ADMIN, UserRole.DOCTOR, UserRole.PATIENT)
[7m   [0m [91m                                    ~~~~~~[0m

[96msrc/imaging/imaging.controller.ts[0m:[93m302[0m:[93m12[0m - [91merror[0m[90m TS2345: [0mArgument of type 'UserRole.ADMIN' is not assignable to parameter of type 'Role'.

[7m302[0m     @Roles(UserRole.ADMIN, UserRole.DOCTOR)
[7m   [0m [91m           ~~~~~~~~~~~~~~[0m

[96msrc/imaging/imaging.controller.ts[0m:[93m302[0m:[93m37[0m - [91merror[0m[90m TS2339: [0mProperty 'DOCTOR' does not exist on type 'typeof UserRole'.

[7m302[0m     @Roles(UserRole.ADMIN, UserRole.DOCTOR)
[7m   [0m [91m                                    ~~~~~~[0m

[96msrc/imaging/imaging.service.ts[0m:[93m23[0m:[93m24[0m - [91merror[0m[90m TS2694: [0mNamespace 'global.Express' has no exported member 'Multer'.

[7m23[0m         files: Express.Multer.File[],
[7m  [0m [91m                       ~~~~~~[0m

[96msrc/imaging/utils/dicom-test-utils.ts[0m:[93m4[0m:[93m30[0m - [91merror[0m[90m TS2307: [0mCannot find module 'dicom-parser' or its corresponding type declarations.

[7m4[0m import * as dicomParser from 'dicom-parser';
[7m [0m [91m                             ~~~~~~~~~~~~~~[0m

[96msrc/imaging/utils/dicom-test-utils.ts[0m:[93m5[0m:[93m24[0m - [91merror[0m[90m TS2307: [0mCannot find module 'dcmjs' or its corresponding type declarations.

[7m5[0m import * as dcmjs from 'dcmjs';
[7m [0m [91m                       ~~~~~~~[0m

[96msrc/imaging/utils/dicom-test-utils.ts[0m:[93m97[0m:[93m26[0m - [91merror[0m[90m TS2769: [0mNo overload matches this call.
  Overload 1 of 2, '(options?: SharpOptions): Sharp', gave the following error.
    Type '1' is not assignable to type 'CreateChannels'.
  Overload 2 of 2, '(input?: SharpInput | SharpInput[], options?: SharpOptions): Sharp', gave the following error.
    Object literal may only specify known properties, and 'create' does not exist in type 'ArrayBuffer | Buffer<ArrayBufferLike> | Uint8Array<ArrayBufferLike> | Uint8ClampedArray<ArrayBufferLike> | ... 7 more ... | SharpInput[]'.

[7m97[0m             return await sharp({
[7m  [0m [91m                         ~~~~~[0m

  [96mnode_modules/sharp/lib/index.d.ts[0m:[93m1064[0m:[93m9[0m
    [7m1064[0m         channels: CreateChannels;
    [7m    [0m [96m        ~~~~~~~~[0m
    The expected type comes from property 'channels' which is declared here on type 'Create'

[[90m11:17:12 PM[0m] Found 35 errors. Watching for file changes.

[2J[3J[H[[90m11:18:13 PM[0m] File change detected. Starting incremental compilation...

[96msrc/imaging/brain-tumor-detection.service.ts[0m:[93m12[0m:[93m30[0m - [91merror[0m[90m TS2307: [0mCannot find module 'dicom-parser' or its corresponding type declarations.

[7m12[0m import * as dicomParser from 'dicom-parser';
[7m  [0m [91m                             ~~~~~~~~~~~~~~[0m

[96msrc/imaging/brain-tumor-detection.service.ts[0m:[93m282[0m:[93m26[0m - [91merror[0m[90m TS2769: [0mNo overload matches this call.
  Overload 1 of 2, '(options?: SharpOptions): Sharp', gave the following error.
    Type '1' is not assignable to type 'CreateChannels'.
  Overload 2 of 2, '(input?: SharpInput | SharpInput[], options?: SharpOptions): Sharp', gave the following error.
    Object literal may only specify known properties, and 'create' does not exist in type 'ArrayBuffer | Buffer<ArrayBufferLike> | Uint8Array<ArrayBufferLike> | Uint8ClampedArray<ArrayBufferLike> | ... 7 more ... | SharpInput[]'.

[7m282[0m             return await sharp({
[7m   [0m [91m                         ~~~~~[0m

  [96mnode_modules/sharp/lib/index.d.ts[0m:[93m1064[0m:[93m9[0m
    [7m1064[0m         channels: CreateChannels;
    [7m    [0m [96m        ~~~~~~~~[0m
    The expected type comes from property 'channels' which is declared here on type 'Create'

[96msrc/imaging/dicom.service.ts[0m:[93m12[0m:[93m30[0m - [91merror[0m[90m TS2307: [0mCannot find module 'dicom-parser' or its corresponding type declarations.

[7m12[0m import * as dicomParser from 'dicom-parser';
[7m  [0m [91m                             ~~~~~~~~~~~~~~[0m

[96msrc/imaging/dicom.service.ts[0m:[93m13[0m:[93m24[0m - [91merror[0m[90m TS2307: [0mCannot find module 'dcmjs' or its corresponding type declarations.

[7m13[0m import * as dcmjs from 'dcmjs';
[7m  [0m [91m                       ~~~~~~~[0m

[96msrc/imaging/dicom.service.ts[0m:[93m48[0m:[93m23[0m - [91merror[0m[90m TS2694: [0mNamespace 'global.Express' has no exported member 'Multer'.

[7m48[0m         file: Express.Multer.File,
[7m  [0m [91m                      ~~~~~~[0m

[96msrc/imaging/imaging.controller.ts[0m:[93m28[0m:[93m29[0m - [91merror[0m[90m TS2307: [0mCannot find module '../auth/decorators/current-user.decorator' or its corresponding type declarations.

[7m28[0m import { CurrentUser } from '../auth/decorators/current-user.decorator';
[7m  [0m [91m                            ~~~~~~~~~~~~~~~~~~~~~~~~~~~~~~~~~~~~~~~~~~~[0m

[96msrc/imaging/imaging.controller.ts[0m:[93m54[0m:[93m12[0m - [91merror[0m[90m TS2345: [0mArgument of type 'UserRole.ADMIN' is not assignable to parameter of type 'Role'.

[7m54[0m     @Roles(UserRole.ADMIN, UserRole.PRACTITIONER)
[7m  [0m [91m           ~~~~~~~~~~~~~~[0m

[96msrc/imaging/imaging.controller.ts[0m:[93m109[0m:[93m41[0m - [91merror[0m[90m TS2694: [0mNamespace 'global.Express' has no exported member 'Multer'.

[7m109[0m         @UploadedFiles() files: Express.Multer.File[],
[7m   [0m [91m                                        ~~~~~~[0m

[96msrc/imaging/imaging.controller.ts[0m:[93m131[0m:[93m13[0m - [91merror[0m[90m TS2739: [0mType '{ success: false; error: any; }' is missing the following properties from type 'DicomUploadResponseDto': studyInstanceUID, seriesInstanceUID, instanceUIDs

[7m131[0m             return {
[7m   [0m [91m            ~~~~~~[0m

[96msrc/imaging/imaging.controller.ts[0m:[93m148[0m:[93m12[0m - [91merror[0m[90m TS2345: [0mArgument of type 'UserRole.ADMIN' is not assignable to parameter of type 'Role'.

[7m148[0m     @Roles(UserRole.ADMIN, UserRole.PRACTITIONER)
[7m   [0m [91m           ~~~~~~~~~~~~~~[0m

[96msrc/imaging/imaging.controller.ts[0m:[93m179[0m:[93m13[0m - [91merror[0m[90m TS2739: [0mType '{ success: false; error: any; }' is missing the following properties from type 'BrainTumorDetectionResponseDto': analysisId, status, tumorType

[7m179[0m             return {
[7m   [0m [91m            ~~~~~~[0m

[96msrc/imaging/imaging.controller.ts[0m:[93m187[0m:[93m12[0m - [91merror[0m[90m TS2345: [0mArgument of type 'UserRole.ADMIN' is not assignable to parameter of type 'Role'.

[7m187[0m     @Roles(UserRole.ADMIN, UserRole.PRACTITIONER, UserRole.PATIENT)
[7m   [0m [91m           ~~~~~~~~~~~~~~[0m

[96msrc/imaging/imaging.controller.ts[0m:[93m203[0m:[93m12[0m - [91merror[0m[90m TS2345: [0mArgument of type 'UserRole.ADMIN' is not assignable to parameter of type 'Role'.

[7m203[0m     @Roles(UserRole.ADMIN, UserRole.PRACTITIONER, UserRole.PATIENT)
[7m   [0m [91m           ~~~~~~~~~~~~~~[0m

[96msrc/imaging/imaging.controller.ts[0m:[93m219[0m:[93m12[0m - [91merror[0m[90m TS2345: [0mArgument of type 'UserRole.ADMIN' is not assignable to parameter of type 'Role'.

[7m219[0m     @Roles(UserRole.ADMIN, UserRole.PRACTITIONER, UserRole.PATIENT)
[7m   [0m [91m           ~~~~~~~~~~~~~~[0m

[96msrc/imaging/imaging.controller.ts[0m:[93m235[0m:[93m12[0m - [91merror[0m[90m TS2345: [0mArgument of type 'UserRole.ADMIN' is not assignable to parameter of type 'Role'.

[7m235[0m     @Roles(UserRole.ADMIN, UserRole.PRACTITIONER, UserRole.PATIENT)
[7m   [0m [91m           ~~~~~~~~~~~~~~[0m

[96msrc/imaging/imaging.controller.ts[0m:[93m251[0m:[93m12[0m - [91merror[0m[90m TS2345: [0mArgument of type 'UserRole.ADMIN' is not assignable to parameter of type 'Role'.

[7m251[0m     @Roles(UserRole.ADMIN, UserRole.PRACTITIONER, UserRole.PATIENT)
[7m   [0m [91m           ~~~~~~~~~~~~~~[0m

[96msrc/imaging/imaging.controller.ts[0m:[93m268[0m:[93m12[0m - [91merror[0m[90m TS2345: [0mArgument of type 'UserRole.ADMIN' is not assignable to parameter of type 'Role'.

[7m268[0m     @Roles(UserRole.ADMIN, UserRole.PRACTITIONER, UserRole.PATIENT)
[7m   [0m [91m           ~~~~~~~~~~~~~~[0m

[96msrc/imaging/imaging.controller.ts[0m:[93m278[0m:[93m12[0m - [91merror[0m[90m TS2345: [0mArgument of type 'UserRole.ADMIN' is not assignable to parameter of type 'Role'.

[7m278[0m     @Roles(UserRole.ADMIN, UserRole.PRACTITIONER, UserRole.PATIENT)
[7m   [0m [91m           ~~~~~~~~~~~~~~[0m

[96msrc/imaging/imaging.controller.ts[0m:[93m290[0m:[93m12[0m - [91merror[0m[90m TS2345: [0mArgument of type 'UserRole.ADMIN' is not assignable to parameter of type 'Role'.

[7m290[0m     @Roles(UserRole.ADMIN, UserRole.PRACTITIONER, UserRole.PATIENT)
[7m   [0m [91m           ~~~~~~~~~~~~~~[0m

[96msrc/imaging/imaging.controller.ts[0m:[93m302[0m:[93m12[0m - [91merror[0m[90m TS2345: [0mArgument of type 'UserRole.ADMIN' is not assignable to parameter of type 'Role'.

[7m302[0m     @Roles(UserRole.ADMIN, UserRole.PRACTITIONER)
[7m   [0m [91m           ~~~~~~~~~~~~~~[0m

[96msrc/imaging/imaging.service.ts[0m:[93m23[0m:[93m24[0m - [91merror[0m[90m TS2694: [0mNamespace 'global.Express' has no exported member 'Multer'.

[7m23[0m         files: Express.Multer.File[],
[7m  [0m [91m                       ~~~~~~[0m

[96msrc/imaging/utils/dicom-test-utils.ts[0m:[93m4[0m:[93m30[0m - [91merror[0m[90m TS2307: [0mCannot find module 'dicom-parser' or its corresponding type declarations.

[7m4[0m import * as dicomParser from 'dicom-parser';
[7m [0m [91m                             ~~~~~~~~~~~~~~[0m

[96msrc/imaging/utils/dicom-test-utils.ts[0m:[93m5[0m:[93m24[0m - [91merror[0m[90m TS2307: [0mCannot find module 'dcmjs' or its corresponding type declarations.

[7m5[0m import * as dcmjs from 'dcmjs';
[7m [0m [91m                       ~~~~~~~[0m

[96msrc/imaging/utils/dicom-test-utils.ts[0m:[93m97[0m:[93m26[0m - [91merror[0m[90m TS2769: [0mNo overload matches this call.
  Overload 1 of 2, '(options?: SharpOptions): Sharp', gave the following error.
    Type '1' is not assignable to type 'CreateChannels'.
  Overload 2 of 2, '(input?: SharpInput | SharpInput[], options?: SharpOptions): Sharp', gave the following error.
    Object literal may only specify known properties, and 'create' does not exist in type 'ArrayBuffer | Buffer<ArrayBufferLike> | Uint8Array<ArrayBufferLike> | Uint8ClampedArray<ArrayBufferLike> | ... 7 more ... | SharpInput[]'.

[7m97[0m             return await sharp({
[7m  [0m [91m                         ~~~~~[0m

  [96mnode_modules/sharp/lib/index.d.ts[0m:[93m1064[0m:[93m9[0m
    [7m1064[0m         channels: CreateChannels;
    [7m    [0m [96m        ~~~~~~~~[0m
    The expected type comes from property 'channels' which is declared here on type 'Create'

[[90m11:18:14 PM[0m] Found 24 errors. Watching for file changes.

[2J[3J[H[[90m11:18:42 PM[0m] File change detected. Starting incremental compilation...

[96msrc/imaging/brain-tumor-detection.service.ts[0m:[93m12[0m:[93m30[0m - [91merror[0m[90m TS2307: [0mCannot find module 'dicom-parser' or its corresponding type declarations.

[7m12[0m import * as dicomParser from 'dicom-parser';
[7m  [0m [91m                             ~~~~~~~~~~~~~~[0m

[96msrc/imaging/brain-tumor-detection.service.ts[0m:[93m282[0m:[93m26[0m - [91merror[0m[90m TS2769: [0mNo overload matches this call.
  Overload 1 of 2, '(options?: SharpOptions): Sharp', gave the following error.
    Type '1' is not assignable to type 'CreateChannels'.
  Overload 2 of 2, '(input?: SharpInput | SharpInput[], options?: SharpOptions): Sharp', gave the following error.
    Object literal may only specify known properties, and 'create' does not exist in type 'ArrayBuffer | Buffer<ArrayBufferLike> | Uint8Array<ArrayBufferLike> | Uint8ClampedArray<ArrayBufferLike> | ... 7 more ... | SharpInput[]'.

[7m282[0m             return await sharp({
[7m   [0m [91m                         ~~~~~[0m

  [96mnode_modules/sharp/lib/index.d.ts[0m:[93m1064[0m:[93m9[0m
    [7m1064[0m         channels: CreateChannels;
    [7m    [0m [96m        ~~~~~~~~[0m
    The expected type comes from property 'channels' which is declared here on type 'Create'

[96msrc/imaging/dicom.service.ts[0m:[93m12[0m:[93m30[0m - [91merror[0m[90m TS2307: [0mCannot find module 'dicom-parser' or its corresponding type declarations.

[7m12[0m import * as dicomParser from 'dicom-parser';
[7m  [0m [91m                             ~~~~~~~~~~~~~~[0m

[96msrc/imaging/dicom.service.ts[0m:[93m13[0m:[93m24[0m - [91merror[0m[90m TS2307: [0mCannot find module 'dcmjs' or its corresponding type declarations.

[7m13[0m import * as dcmjs from 'dcmjs';
[7m  [0m [91m                       ~~~~~~~[0m

[96msrc/imaging/dicom.service.ts[0m:[93m48[0m:[93m23[0m - [91merror[0m[90m TS2694: [0mNamespace 'global.Express' has no exported member 'Multer'.

[7m48[0m         file: Express.Multer.File,
[7m  [0m [91m                      ~~~~~~[0m

[96msrc/imaging/imaging.controller.ts[0m:[93m28[0m:[93m29[0m - [91merror[0m[90m TS2307: [0mCannot find module '../auth/decorators/current-user.decorator' or its corresponding type declarations.

[7m28[0m import { CurrentUser } from '../auth/decorators/current-user.decorator';
[7m  [0m [91m                            ~~~~~~~~~~~~~~~~~~~~~~~~~~~~~~~~~~~~~~~~~~~[0m

[96msrc/imaging/imaging.controller.ts[0m:[93m54[0m:[93m12[0m - [91merror[0m[90m TS2345: [0mArgument of type 'UserRole.ADMIN' is not assignable to parameter of type 'Role'.

[7m54[0m     @Roles(UserRole.ADMIN, UserRole.PRACTITIONER)
[7m  [0m [91m           ~~~~~~~~~~~~~~[0m

[96msrc/imaging/imaging.controller.ts[0m:[93m109[0m:[93m41[0m - [91merror[0m[90m TS2694: [0mNamespace 'global.Express' has no exported member 'Multer'.

[7m109[0m         @UploadedFiles() files: Express.Multer.File[],
[7m   [0m [91m                                        ~~~~~~[0m

[96msrc/imaging/imaging.controller.ts[0m:[93m131[0m:[93m13[0m - [91merror[0m[90m TS2739: [0mType '{ success: false; error: any; }' is missing the following properties from type 'DicomUploadResponseDto': studyInstanceUID, seriesInstanceUID, instanceUIDs

[7m131[0m             return {
[7m   [0m [91m            ~~~~~~[0m

[96msrc/imaging/imaging.controller.ts[0m:[93m148[0m:[93m12[0m - [91merror[0m[90m TS2345: [0mArgument of type 'UserRole.ADMIN' is not assignable to parameter of type 'Role'.

[7m148[0m     @Roles(UserRole.ADMIN, UserRole.PRACTITIONER)
[7m   [0m [91m           ~~~~~~~~~~~~~~[0m

[96msrc/imaging/imaging.controller.ts[0m:[93m179[0m:[93m13[0m - [91merror[0m[90m TS2739: [0mType '{ success: false; error: any; }' is missing the following properties from type 'BrainTumorDetectionResponseDto': analysisId, status, tumorType

[7m179[0m             return {
[7m   [0m [91m            ~~~~~~[0m

[96msrc/imaging/imaging.controller.ts[0m:[93m187[0m:[93m12[0m - [91merror[0m[90m TS2345: [0mArgument of type 'UserRole.ADMIN' is not assignable to parameter of type 'Role'.

[7m187[0m     @Roles(UserRole.ADMIN, UserRole.PRACTITIONER, UserRole.PATIENT)
[7m   [0m [91m           ~~~~~~~~~~~~~~[0m

[96msrc/imaging/imaging.controller.ts[0m:[93m203[0m:[93m12[0m - [91merror[0m[90m TS2345: [0mArgument of type 'UserRole.ADMIN' is not assignable to parameter of type 'Role'.

[7m203[0m     @Roles(UserRole.ADMIN, UserRole.PRACTITIONER, UserRole.PATIENT)
[7m   [0m [91m           ~~~~~~~~~~~~~~[0m

[96msrc/imaging/imaging.controller.ts[0m:[93m219[0m:[93m12[0m - [91merror[0m[90m TS2345: [0mArgument of type 'UserRole.ADMIN' is not assignable to parameter of type 'Role'.

[7m219[0m     @Roles(UserRole.ADMIN, UserRole.PRACTITIONER, UserRole.PATIENT)
[7m   [0m [91m           ~~~~~~~~~~~~~~[0m

[96msrc/imaging/imaging.controller.ts[0m:[93m235[0m:[93m12[0m - [91merror[0m[90m TS2345: [0mArgument of type 'UserRole.ADMIN' is not assignable to parameter of type 'Role'.

[7m235[0m     @Roles(UserRole.ADMIN, UserRole.PRACTITIONER, UserRole.PATIENT)
[7m   [0m [91m           ~~~~~~~~~~~~~~[0m

[96msrc/imaging/imaging.controller.ts[0m:[93m251[0m:[93m12[0m - [91merror[0m[90m TS2345: [0mArgument of type 'UserRole.ADMIN' is not assignable to parameter of type 'Role'.

[7m251[0m     @Roles(UserRole.ADMIN, UserRole.PRACTITIONER, UserRole.PATIENT)
[7m   [0m [91m           ~~~~~~~~~~~~~~[0m

[96msrc/imaging/imaging.controller.ts[0m:[93m268[0m:[93m12[0m - [91merror[0m[90m TS2345: [0mArgument of type 'UserRole.ADMIN' is not assignable to parameter of type 'Role'.

[7m268[0m     @Roles(UserRole.ADMIN, UserRole.PRACTITIONER, UserRole.PATIENT)
[7m   [0m [91m           ~~~~~~~~~~~~~~[0m

[96msrc/imaging/imaging.controller.ts[0m:[93m278[0m:[93m12[0m - [91merror[0m[90m TS2345: [0mArgument of type 'UserRole.ADMIN' is not assignable to parameter of type 'Role'.

[7m278[0m     @Roles(UserRole.ADMIN, UserRole.PRACTITIONER, UserRole.PATIENT)
[7m   [0m [91m           ~~~~~~~~~~~~~~[0m

[96msrc/imaging/imaging.controller.ts[0m:[93m290[0m:[93m12[0m - [91merror[0m[90m TS2345: [0mArgument of type 'UserRole.ADMIN' is not assignable to parameter of type 'Role'.

[7m290[0m     @Roles(UserRole.ADMIN, UserRole.PRACTITIONER, UserRole.PATIENT)
[7m   [0m [91m           ~~~~~~~~~~~~~~[0m

[96msrc/imaging/imaging.controller.ts[0m:[93m302[0m:[93m12[0m - [91merror[0m[90m TS2345: [0mArgument of type 'UserRole.ADMIN' is not assignable to parameter of type 'Role'.

[7m302[0m     @Roles(UserRole.ADMIN, UserRole.PRACTITIONER)
[7m   [0m [91m           ~~~~~~~~~~~~~~[0m

[96msrc/imaging/imaging.service.ts[0m:[93m23[0m:[93m24[0m - [91merror[0m[90m TS2694: [0mNamespace 'global.Express' has no exported member 'Multer'.

[7m23[0m         files: Express.Multer.File[],
[7m  [0m [91m                       ~~~~~~[0m

[96msrc/imaging/utils/dicom-test-utils.ts[0m:[93m4[0m:[93m30[0m - [91merror[0m[90m TS2307: [0mCannot find module 'dicom-parser' or its corresponding type declarations.

[7m4[0m import * as dicomParser from 'dicom-parser';
[7m [0m [91m                             ~~~~~~~~~~~~~~[0m

[96msrc/imaging/utils/dicom-test-utils.ts[0m:[93m5[0m:[93m24[0m - [91merror[0m[90m TS2307: [0mCannot find module 'dcmjs' or its corresponding type declarations.

[7m5[0m import * as dcmjs from 'dcmjs';
[7m [0m [91m                       ~~~~~~~[0m

[96msrc/imaging/utils/dicom-test-utils.ts[0m:[93m97[0m:[93m26[0m - [91merror[0m[90m TS2769: [0mNo overload matches this call.
  Overload 1 of 2, '(options?: SharpOptions): Sharp', gave the following error.
    Type '1' is not assignable to type 'CreateChannels'.
  Overload 2 of 2, '(input?: SharpInput | SharpInput[], options?: SharpOptions): Sharp', gave the following error.
    Object literal may only specify known properties, and 'create' does not exist in type 'ArrayBuffer | Buffer<ArrayBufferLike> | Uint8Array<ArrayBufferLike> | Uint8ClampedArray<ArrayBufferLike> | ... 7 more ... | SharpInput[]'.

[7m97[0m             return await sharp({
[7m  [0m [91m                         ~~~~~[0m

  [96mnode_modules/sharp/lib/index.d.ts[0m:[93m1064[0m:[93m9[0m
    [7m1064[0m         channels: CreateChannels;
    [7m    [0m [96m        ~~~~~~~~[0m
    The expected type comes from property 'channels' which is declared here on type 'Create'

[[90m11:18:44 PM[0m] Found 24 errors. Watching for file changes.


> fhir-ehr-platform@1.0.0 start:dev
> nest start --watch

[2J[3J[H[[90m11:20:48 PM[0m] Starting compilation in watch mode...

[96msrc/imaging/brain-tumor-detection.service.ts[0m:[93m12[0m:[93m30[0m - [91merror[0m[90m TS2307: [0mCannot find module 'dicom-parser' or its corresponding type declarations.

[7m12[0m import * as dicomParser from 'dicom-parser';
[7m  [0m [91m                             ~~~~~~~~~~~~~~[0m

[96msrc/imaging/brain-tumor-detection.service.ts[0m:[93m282[0m:[93m26[0m - [91merror[0m[90m TS2769: [0mNo overload matches this call.
  Overload 1 of 2, '(options?: SharpOptions): Sharp', gave the following error.
    Type '1' is not assignable to type 'CreateChannels'.
  Overload 2 of 2, '(input?: SharpInput | SharpInput[], options?: SharpOptions): Sharp', gave the following error.
    Object literal may only specify known properties, and 'create' does not exist in type 'ArrayBuffer | Buffer<ArrayBufferLike> | Uint8Array<ArrayBufferLike> | Uint8ClampedArray<ArrayBufferLike> | ... 7 more ... | SharpInput[]'.

[7m282[0m             return await sharp({
[7m   [0m [91m                         ~~~~~[0m

  [96mnode_modules/sharp/lib/index.d.ts[0m:[93m1064[0m:[93m9[0m
    [7m1064[0m         channels: CreateChannels;
    [7m    [0m [96m        ~~~~~~~~[0m
    The expected type comes from property 'channels' which is declared here on type 'Create'

[96msrc/imaging/dicom.service.ts[0m:[93m12[0m:[93m30[0m - [91merror[0m[90m TS2307: [0mCannot find module 'dicom-parser' or its corresponding type declarations.

[7m12[0m import * as dicomParser from 'dicom-parser';
[7m  [0m [91m                             ~~~~~~~~~~~~~~[0m

[96msrc/imaging/dicom.service.ts[0m:[93m13[0m:[93m24[0m - [91merror[0m[90m TS2307: [0mCannot find module 'dcmjs' or its corresponding type declarations.

[7m13[0m import * as dcmjs from 'dcmjs';
[7m  [0m [91m                       ~~~~~~~[0m

[96msrc/imaging/dicom.service.ts[0m:[93m48[0m:[93m23[0m - [91merror[0m[90m TS2694: [0mNamespace 'global.Express' has no exported member 'Multer'.

[7m48[0m         file: Express.Multer.File,
[7m  [0m [91m                      ~~~~~~[0m

[96msrc/imaging/imaging.controller.ts[0m:[93m28[0m:[93m29[0m - [91merror[0m[90m TS2307: [0mCannot find module '../auth/decorators/current-user.decorator' or its corresponding type declarations.

[7m28[0m import { CurrentUser } from '../auth/decorators/current-user.decorator';
[7m  [0m [91m                            ~~~~~~~~~~~~~~~~~~~~~~~~~~~~~~~~~~~~~~~~~~~[0m

[96msrc/imaging/imaging.controller.ts[0m:[93m54[0m:[93m12[0m - [91merror[0m[90m TS2345: [0mArgument of type 'UserRole.ADMIN' is not assignable to parameter of type 'Role'.

[7m54[0m     @Roles(UserRole.ADMIN, UserRole.PRACTITIONER)
[7m  [0m [91m           ~~~~~~~~~~~~~~[0m

[96msrc/imaging/imaging.controller.ts[0m:[93m109[0m:[93m41[0m - [91merror[0m[90m TS2694: [0mNamespace 'global.Express' has no exported member 'Multer'.

[7m109[0m         @UploadedFiles() files: Express.Multer.File[],
[7m   [0m [91m                                        ~~~~~~[0m

[96msrc/imaging/imaging.controller.ts[0m:[93m131[0m:[93m13[0m - [91merror[0m[90m TS2739: [0mType '{ success: false; error: any; }' is missing the following properties from type 'DicomUploadResponseDto': studyInstanceUID, seriesInstanceUID, instanceUIDs

[7m131[0m             return {
[7m   [0m [91m            ~~~~~~[0m

[96msrc/imaging/imaging.controller.ts[0m:[93m148[0m:[93m12[0m - [91merror[0m[90m TS2345: [0mArgument of type 'UserRole.ADMIN' is not assignable to parameter of type 'Role'.

[7m148[0m     @Roles(UserRole.ADMIN, UserRole.PRACTITIONER)
[7m   [0m [91m           ~~~~~~~~~~~~~~[0m

[96msrc/imaging/imaging.controller.ts[0m:[93m179[0m:[93m13[0m - [91merror[0m[90m TS2739: [0mType '{ success: false; error: any; }' is missing the following properties from type 'BrainTumorDetectionResponseDto': analysisId, status, tumorType

[7m179[0m             return {
[7m   [0m [91m            ~~~~~~[0m

[96msrc/imaging/imaging.controller.ts[0m:[93m187[0m:[93m12[0m - [91merror[0m[90m TS2345: [0mArgument of type 'UserRole.ADMIN' is not assignable to parameter of type 'Role'.

[7m187[0m     @Roles(UserRole.ADMIN, UserRole.PRACTITIONER, UserRole.PATIENT)
[7m   [0m [91m           ~~~~~~~~~~~~~~[0m

[96msrc/imaging/imaging.controller.ts[0m:[93m203[0m:[93m12[0m - [91merror[0m[90m TS2345: [0mArgument of type 'UserRole.ADMIN' is not assignable to parameter of type 'Role'.

[7m203[0m     @Roles(UserRole.ADMIN, UserRole.PRACTITIONER, UserRole.PATIENT)
[7m   [0m [91m           ~~~~~~~~~~~~~~[0m

[96msrc/imaging/imaging.controller.ts[0m:[93m219[0m:[93m12[0m - [91merror[0m[90m TS2345: [0mArgument of type 'UserRole.ADMIN' is not assignable to parameter of type 'Role'.

[7m219[0m     @Roles(UserRole.ADMIN, UserRole.PRACTITIONER, UserRole.PATIENT)
[7m   [0m [91m           ~~~~~~~~~~~~~~[0m

[96msrc/imaging/imaging.controller.ts[0m:[93m235[0m:[93m12[0m - [91merror[0m[90m TS2345: [0mArgument of type 'UserRole.ADMIN' is not assignable to parameter of type 'Role'.

[7m235[0m     @Roles(UserRole.ADMIN, UserRole.PRACTITIONER, UserRole.PATIENT)
[7m   [0m [91m           ~~~~~~~~~~~~~~[0m

[96msrc/imaging/imaging.controller.ts[0m:[93m251[0m:[93m12[0m - [91merror[0m[90m TS2345: [0mArgument of type 'UserRole.ADMIN' is not assignable to parameter of type 'Role'.

[7m251[0m     @Roles(UserRole.ADMIN, UserRole.PRACTITIONER, UserRole.PATIENT)
[7m   [0m [91m           ~~~~~~~~~~~~~~[0m

[96msrc/imaging/imaging.controller.ts[0m:[93m268[0m:[93m12[0m - [91merror[0m[90m TS2345: [0mArgument of type 'UserRole.ADMIN' is not assignable to parameter of type 'Role'.

[7m268[0m     @Roles(UserRole.ADMIN, UserRole.PRACTITIONER, UserRole.PATIENT)
[7m   [0m [91m           ~~~~~~~~~~~~~~[0m

[96msrc/imaging/imaging.controller.ts[0m:[93m278[0m:[93m12[0m - [91merror[0m[90m TS2345: [0mArgument of type 'UserRole.ADMIN' is not assignable to parameter of type 'Role'.

[7m278[0m     @Roles(UserRole.ADMIN, UserRole.PRACTITIONER, UserRole.PATIENT)
[7m   [0m [91m           ~~~~~~~~~~~~~~[0m

[96msrc/imaging/imaging.controller.ts[0m:[93m290[0m:[93m12[0m - [91merror[0m[90m TS2345: [0mArgument of type 'UserRole.ADMIN' is not assignable to parameter of type 'Role'.

[7m290[0m     @Roles(UserRole.ADMIN, UserRole.PRACTITIONER, UserRole.PATIENT)
[7m   [0m [91m           ~~~~~~~~~~~~~~[0m

[96msrc/imaging/imaging.controller.ts[0m:[93m302[0m:[93m12[0m - [91merror[0m[90m TS2345: [0mArgument of type 'UserRole.ADMIN' is not assignable to parameter of type 'Role'.

[7m302[0m     @Roles(UserRole.ADMIN, UserRole.PRACTITIONER)
[7m   [0m [91m           ~~~~~~~~~~~~~~[0m

[96msrc/imaging/imaging.service.ts[0m:[93m23[0m:[93m24[0m - [91merror[0m[90m TS2694: [0mNamespace 'global.Express' has no exported member 'Multer'.

[7m23[0m         files: Express.Multer.File[],
[7m  [0m [91m                       ~~~~~~[0m

[96msrc/imaging/utils/dicom-test-utils.ts[0m:[93m4[0m:[93m30[0m - [91merror[0m[90m TS2307: [0mCannot find module 'dicom-parser' or its corresponding type declarations.

[7m4[0m import * as dicomParser from 'dicom-parser';
[7m [0m [91m                             ~~~~~~~~~~~~~~[0m

[96msrc/imaging/utils/dicom-test-utils.ts[0m:[93m5[0m:[93m24[0m - [91merror[0m[90m TS2307: [0mCannot find module 'dcmjs' or its corresponding type declarations.

[7m5[0m import * as dcmjs from 'dcmjs';
[7m [0m [91m                       ~~~~~~~[0m

[96msrc/imaging/utils/dicom-test-utils.ts[0m:[93m97[0m:[93m26[0m - [91merror[0m[90m TS2769: [0mNo overload matches this call.
  Overload 1 of 2, '(options?: SharpOptions): Sharp', gave the following error.
    Type '1' is not assignable to type 'CreateChannels'.
  Overload 2 of 2, '(input?: SharpInput | SharpInput[], options?: SharpOptions): Sharp', gave the following error.
    Object literal may only specify known properties, and 'create' does not exist in type 'ArrayBuffer | Buffer<ArrayBufferLike> | Uint8Array<ArrayBufferLike> | Uint8ClampedArray<ArrayBufferLike> | ... 7 more ... | SharpInput[]'.

[7m97[0m             return await sharp({
[7m  [0m [91m                         ~~~~~[0m

  [96mnode_modules/sharp/lib/index.d.ts[0m:[93m1064[0m:[93m9[0m
    [7m1064[0m         channels: CreateChannels;
    [7m    [0m [96m        ~~~~~~~~[0m
    The expected type comes from property 'channels' which is declared here on type 'Create'

[[90m11:21:02 PM[0m] Found 24 errors. Watching for file changes.

[2J[3J[H[[90m11:21:09 PM[0m] File change detected. Starting incremental compilation...

[96msrc/imaging/brain-tumor-detection.service.ts[0m:[93m12[0m:[93m30[0m - [91merror[0m[90m TS2307: [0mCannot find module 'dicom-parser' or its corresponding type declarations.

[7m12[0m import * as dicomParser from 'dicom-parser';
[7m  [0m [91m                             ~~~~~~~~~~~~~~[0m

[96msrc/imaging/brain-tumor-detection.service.ts[0m:[93m282[0m:[93m26[0m - [91merror[0m[90m TS2769: [0mNo overload matches this call.
  Overload 1 of 2, '(options?: SharpOptions): Sharp', gave the following error.
    Type '1' is not assignable to type 'CreateChannels'.
  Overload 2 of 2, '(input?: SharpInput | SharpInput[], options?: SharpOptions): Sharp', gave the following error.
    Object literal may only specify known properties, and 'create' does not exist in type 'ArrayBuffer | Buffer<ArrayBufferLike> | Uint8Array<ArrayBufferLike> | Uint8ClampedArray<ArrayBufferLike> | ... 7 more ... | SharpInput[]'.

[7m282[0m             return await sharp({
[7m   [0m [91m                         ~~~~~[0m

  [96mnode_modules/sharp/lib/index.d.ts[0m:[93m1064[0m:[93m9[0m
    [7m1064[0m         channels: CreateChannels;
    [7m    [0m [96m        ~~~~~~~~[0m
    The expected type comes from property 'channels' which is declared here on type 'Create'

[96msrc/imaging/dicom.service.ts[0m:[93m12[0m:[93m30[0m - [91merror[0m[90m TS2307: [0mCannot find module 'dicom-parser' or its corresponding type declarations.

[7m12[0m import * as dicomParser from 'dicom-parser';
[7m  [0m [91m                             ~~~~~~~~~~~~~~[0m

[96msrc/imaging/dicom.service.ts[0m:[93m13[0m:[93m24[0m - [91merror[0m[90m TS2307: [0mCannot find module 'dcmjs' or its corresponding type declarations.

[7m13[0m import * as dcmjs from 'dcmjs';
[7m  [0m [91m                       ~~~~~~~[0m

[96msrc/imaging/dicom.service.ts[0m:[93m48[0m:[93m23[0m - [91merror[0m[90m TS2694: [0mNamespace 'global.Express' has no exported member 'Multer'.

[7m48[0m         file: Express.Multer.File,
[7m  [0m [91m                      ~~~~~~[0m

[96msrc/imaging/imaging.controller.ts[0m:[93m54[0m:[93m12[0m - [91merror[0m[90m TS2345: [0mArgument of type 'UserRole.ADMIN' is not assignable to parameter of type 'Role'.

[7m54[0m     @Roles(UserRole.ADMIN, UserRole.PRACTITIONER)
[7m  [0m [91m           ~~~~~~~~~~~~~~[0m

[96msrc/imaging/imaging.controller.ts[0m:[93m109[0m:[93m41[0m - [91merror[0m[90m TS2694: [0mNamespace 'global.Express' has no exported member 'Multer'.

[7m109[0m         @UploadedFiles() files: Express.Multer.File[],
[7m   [0m [91m                                        ~~~~~~[0m

[96msrc/imaging/imaging.controller.ts[0m:[93m131[0m:[93m13[0m - [91merror[0m[90m TS2739: [0mType '{ success: false; error: any; }' is missing the following properties from type 'DicomUploadResponseDto': studyInstanceUID, seriesInstanceUID, instanceUIDs

[7m131[0m             return {
[7m   [0m [91m            ~~~~~~[0m

[96msrc/imaging/imaging.controller.ts[0m:[93m148[0m:[93m12[0m - [91merror[0m[90m TS2345: [0mArgument of type 'UserRole.ADMIN' is not assignable to parameter of type 'Role'.

[7m148[0m     @Roles(UserRole.ADMIN, UserRole.PRACTITIONER)
[7m   [0m [91m           ~~~~~~~~~~~~~~[0m

[96msrc/imaging/imaging.controller.ts[0m:[93m179[0m:[93m13[0m - [91merror[0m[90m TS2739: [0mType '{ success: false; error: any; }' is missing the following properties from type 'BrainTumorDetectionResponseDto': analysisId, status, tumorType

[7m179[0m             return {
[7m   [0m [91m            ~~~~~~[0m

[96msrc/imaging/imaging.controller.ts[0m:[93m187[0m:[93m12[0m - [91merror[0m[90m TS2345: [0mArgument of type 'UserRole.ADMIN' is not assignable to parameter of type 'Role'.

[7m187[0m     @Roles(UserRole.ADMIN, UserRole.PRACTITIONER, UserRole.PATIENT)
[7m   [0m [91m           ~~~~~~~~~~~~~~[0m

[96msrc/imaging/imaging.controller.ts[0m:[93m203[0m:[93m12[0m - [91merror[0m[90m TS2345: [0mArgument of type 'UserRole.ADMIN' is not assignable to parameter of type 'Role'.

[7m203[0m     @Roles(UserRole.ADMIN, UserRole.PRACTITIONER, UserRole.PATIENT)
[7m   [0m [91m           ~~~~~~~~~~~~~~[0m

[96msrc/imaging/imaging.controller.ts[0m:[93m219[0m:[93m12[0m - [91merror[0m[90m TS2345: [0mArgument of type 'UserRole.ADMIN' is not assignable to parameter of type 'Role'.

[7m219[0m     @Roles(UserRole.ADMIN, UserRole.PRACTITIONER, UserRole.PATIENT)
[7m   [0m [91m           ~~~~~~~~~~~~~~[0m

[96msrc/imaging/imaging.controller.ts[0m:[93m235[0m:[93m12[0m - [91merror[0m[90m TS2345: [0mArgument of type 'UserRole.ADMIN' is not assignable to parameter of type 'Role'.

[7m235[0m     @Roles(UserRole.ADMIN, UserRole.PRACTITIONER, UserRole.PATIENT)
[7m   [0m [91m           ~~~~~~~~~~~~~~[0m

[96msrc/imaging/imaging.controller.ts[0m:[93m251[0m:[93m12[0m - [91merror[0m[90m TS2345: [0mArgument of type 'UserRole.ADMIN' is not assignable to parameter of type 'Role'.

[7m251[0m     @Roles(UserRole.ADMIN, UserRole.PRACTITIONER, UserRole.PATIENT)
[7m   [0m [91m           ~~~~~~~~~~~~~~[0m

[96msrc/imaging/imaging.controller.ts[0m:[93m268[0m:[93m12[0m - [91merror[0m[90m TS2345: [0mArgument of type 'UserRole.ADMIN' is not assignable to parameter of type 'Role'.

[7m268[0m     @Roles(UserRole.ADMIN, UserRole.PRACTITIONER, UserRole.PATIENT)
[7m   [0m [91m           ~~~~~~~~~~~~~~[0m

[96msrc/imaging/imaging.controller.ts[0m:[93m278[0m:[93m12[0m - [91merror[0m[90m TS2345: [0mArgument of type 'UserRole.ADMIN' is not assignable to parameter of type 'Role'.

[7m278[0m     @Roles(UserRole.ADMIN, UserRole.PRACTITIONER, UserRole.PATIENT)
[7m   [0m [91m           ~~~~~~~~~~~~~~[0m

[96msrc/imaging/imaging.controller.ts[0m:[93m290[0m:[93m12[0m - [91merror[0m[90m TS2345: [0mArgument of type 'UserRole.ADMIN' is not assignable to parameter of type 'Role'.

[7m290[0m     @Roles(UserRole.ADMIN, UserRole.PRACTITIONER, UserRole.PATIENT)
[7m   [0m [91m           ~~~~~~~~~~~~~~[0m

[96msrc/imaging/imaging.controller.ts[0m:[93m302[0m:[93m12[0m - [91merror[0m[90m TS2345: [0mArgument of type 'UserRole.ADMIN' is not assignable to parameter of type 'Role'.

[7m302[0m     @Roles(UserRole.ADMIN, UserRole.PRACTITIONER)
[7m   [0m [91m           ~~~~~~~~~~~~~~[0m

[96msrc/imaging/imaging.service.ts[0m:[93m23[0m:[93m24[0m - [91merror[0m[90m TS2694: [0mNamespace 'global.Express' has no exported member 'Multer'.

[7m23[0m         files: Express.Multer.File[],
[7m  [0m [91m                       ~~~~~~[0m

[96msrc/imaging/utils/dicom-test-utils.ts[0m:[93m4[0m:[93m30[0m - [91merror[0m[90m TS2307: [0mCannot find module 'dicom-parser' or its corresponding type declarations.

[7m4[0m import * as dicomParser from 'dicom-parser';
[7m [0m [91m                             ~~~~~~~~~~~~~~[0m

[96msrc/imaging/utils/dicom-test-utils.ts[0m:[93m5[0m:[93m24[0m - [91merror[0m[90m TS2307: [0mCannot find module 'dcmjs' or its corresponding type declarations.

[7m5[0m import * as dcmjs from 'dcmjs';
[7m [0m [91m                       ~~~~~~~[0m

[96msrc/imaging/utils/dicom-test-utils.ts[0m:[93m97[0m:[93m26[0m - [91merror[0m[90m TS2769: [0mNo overload matches this call.
  Overload 1 of 2, '(options?: SharpOptions): Sharp', gave the following error.
    Type '1' is not assignable to type 'CreateChannels'.
  Overload 2 of 2, '(input?: SharpInput | SharpInput[], options?: SharpOptions): Sharp', gave the following error.
    Object literal may only specify known properties, and 'create' does not exist in type 'ArrayBuffer | Buffer<ArrayBufferLike> | Uint8Array<ArrayBufferLike> | Uint8ClampedArray<ArrayBufferLike> | ... 7 more ... | SharpInput[]'.

[7m97[0m             return await sharp({
[7m  [0m [91m                         ~~~~~[0m

  [96mnode_modules/sharp/lib/index.d.ts[0m:[93m1064[0m:[93m9[0m
    [7m1064[0m         channels: CreateChannels;
    [7m    [0m [96m        ~~~~~~~~[0m
    The expected type comes from property 'channels' which is declared here on type 'Create'

[[90m11:21:10 PM[0m] Found 23 errors. Watching for file changes.


> fhir-ehr-platform@1.0.0 start:dev
> nest start --watch

[2J[3J[H[[90m11:21:26 PM[0m] Starting compilation in watch mode...

[96msrc/imaging/brain-tumor-detection.service.ts[0m:[93m12[0m:[93m30[0m - [91merror[0m[90m TS2307: [0mCannot find module 'dicom-parser' or its corresponding type declarations.

[7m12[0m import * as dicomParser from 'dicom-parser';
[7m  [0m [91m                             ~~~~~~~~~~~~~~[0m

[96msrc/imaging/brain-tumor-detection.service.ts[0m:[93m282[0m:[93m26[0m - [91merror[0m[90m TS2769: [0mNo overload matches this call.
  Overload 1 of 2, '(options?: SharpOptions): Sharp', gave the following error.
    Type '1' is not assignable to type 'CreateChannels'.
  Overload 2 of 2, '(input?: SharpInput | SharpInput[], options?: SharpOptions): Sharp', gave the following error.
    Object literal may only specify known properties, and 'create' does not exist in type 'ArrayBuffer | Buffer<ArrayBufferLike> | Uint8Array<ArrayBufferLike> | Uint8ClampedArray<ArrayBufferLike> | ... 7 more ... | SharpInput[]'.

[7m282[0m             return await sharp({
[7m   [0m [91m                         ~~~~~[0m

  [96mnode_modules/sharp/lib/index.d.ts[0m:[93m1064[0m:[93m9[0m
    [7m1064[0m         channels: CreateChannels;
    [7m    [0m [96m        ~~~~~~~~[0m
    The expected type comes from property 'channels' which is declared here on type 'Create'

[96msrc/imaging/dicom.service.ts[0m:[93m12[0m:[93m30[0m - [91merror[0m[90m TS2307: [0mCannot find module 'dicom-parser' or its corresponding type declarations.

[7m12[0m import * as dicomParser from 'dicom-parser';
[7m  [0m [91m                             ~~~~~~~~~~~~~~[0m

[96msrc/imaging/dicom.service.ts[0m:[93m13[0m:[93m24[0m - [91merror[0m[90m TS2307: [0mCannot find module 'dcmjs' or its corresponding type declarations.

[7m13[0m import * as dcmjs from 'dcmjs';
[7m  [0m [91m                       ~~~~~~~[0m

[96msrc/imaging/dicom.service.ts[0m:[93m48[0m:[93m23[0m - [91merror[0m[90m TS2694: [0mNamespace 'global.Express' has no exported member 'Multer'.

[7m48[0m         file: Express.Multer.File,
[7m  [0m [91m                      ~~~~~~[0m

[96msrc/imaging/imaging.controller.ts[0m:[93m54[0m:[93m12[0m - [91merror[0m[90m TS2345: [0mArgument of type 'UserRole.ADMIN' is not assignable to parameter of type 'Role'.

[7m54[0m     @Roles(UserRole.ADMIN, UserRole.PRACTITIONER)
[7m  [0m [91m           ~~~~~~~~~~~~~~[0m

[96msrc/imaging/imaging.controller.ts[0m:[93m109[0m:[93m41[0m - [91merror[0m[90m TS2694: [0mNamespace 'global.Express' has no exported member 'Multer'.

[7m109[0m         @UploadedFiles() files: Express.Multer.File[],
[7m   [0m [91m                                        ~~~~~~[0m

[96msrc/imaging/imaging.controller.ts[0m:[93m131[0m:[93m13[0m - [91merror[0m[90m TS2739: [0mType '{ success: false; error: any; }' is missing the following properties from type 'DicomUploadResponseDto': studyInstanceUID, seriesInstanceUID, instanceUIDs

[7m131[0m             return {
[7m   [0m [91m            ~~~~~~[0m

[96msrc/imaging/imaging.controller.ts[0m:[93m148[0m:[93m12[0m - [91merror[0m[90m TS2345: [0mArgument of type 'UserRole.ADMIN' is not assignable to parameter of type 'Role'.

[7m148[0m     @Roles(UserRole.ADMIN, UserRole.PRACTITIONER)
[7m   [0m [91m           ~~~~~~~~~~~~~~[0m

[96msrc/imaging/imaging.controller.ts[0m:[93m179[0m:[93m13[0m - [91merror[0m[90m TS2739: [0mType '{ success: false; error: any; }' is missing the following properties from type 'BrainTumorDetectionResponseDto': analysisId, status, tumorType

[7m179[0m             return {
[7m   [0m [91m            ~~~~~~[0m

[96msrc/imaging/imaging.controller.ts[0m:[93m187[0m:[93m12[0m - [91merror[0m[90m TS2345: [0mArgument of type 'UserRole.ADMIN' is not assignable to parameter of type 'Role'.

[7m187[0m     @Roles(UserRole.ADMIN, UserRole.PRACTITIONER, UserRole.PATIENT)
[7m   [0m [91m           ~~~~~~~~~~~~~~[0m

[96msrc/imaging/imaging.controller.ts[0m:[93m203[0m:[93m12[0m - [91merror[0m[90m TS2345: [0mArgument of type 'UserRole.ADMIN' is not assignable to parameter of type 'Role'.

[7m203[0m     @Roles(UserRole.ADMIN, UserRole.PRACTITIONER, UserRole.PATIENT)
[7m   [0m [91m           ~~~~~~~~~~~~~~[0m

[96msrc/imaging/imaging.controller.ts[0m:[93m219[0m:[93m12[0m - [91merror[0m[90m TS2345: [0mArgument of type 'UserRole.ADMIN' is not assignable to parameter of type 'Role'.

[7m219[0m     @Roles(UserRole.ADMIN, UserRole.PRACTITIONER, UserRole.PATIENT)
[7m   [0m [91m           ~~~~~~~~~~~~~~[0m

[96msrc/imaging/imaging.controller.ts[0m:[93m235[0m:[93m12[0m - [91merror[0m[90m TS2345: [0mArgument of type 'UserRole.ADMIN' is not assignable to parameter of type 'Role'.

[7m235[0m     @Roles(UserRole.ADMIN, UserRole.PRACTITIONER, UserRole.PATIENT)
[7m   [0m [91m           ~~~~~~~~~~~~~~[0m

[96msrc/imaging/imaging.controller.ts[0m:[93m251[0m:[93m12[0m - [91merror[0m[90m TS2345: [0mArgument of type 'UserRole.ADMIN' is not assignable to parameter of type 'Role'.

[7m251[0m     @Roles(UserRole.ADMIN, UserRole.PRACTITIONER, UserRole.PATIENT)
[7m   [0m [91m           ~~~~~~~~~~~~~~[0m

[96msrc/imaging/imaging.controller.ts[0m:[93m268[0m:[93m12[0m - [91merror[0m[90m TS2345: [0mArgument of type 'UserRole.ADMIN' is not assignable to parameter of type 'Role'.

[7m268[0m     @Roles(UserRole.ADMIN, UserRole.PRACTITIONER, UserRole.PATIENT)
[7m   [0m [91m           ~~~~~~~~~~~~~~[0m

[96msrc/imaging/imaging.controller.ts[0m:[93m278[0m:[93m12[0m - [91merror[0m[90m TS2345: [0mArgument of type 'UserRole.ADMIN' is not assignable to parameter of type 'Role'.

[7m278[0m     @Roles(UserRole.ADMIN, UserRole.PRACTITIONER, UserRole.PATIENT)
[7m   [0m [91m           ~~~~~~~~~~~~~~[0m

[96msrc/imaging/imaging.controller.ts[0m:[93m290[0m:[93m12[0m - [91merror[0m[90m TS2345: [0mArgument of type 'UserRole.ADMIN' is not assignable to parameter of type 'Role'.

[7m290[0m     @Roles(UserRole.ADMIN, UserRole.PRACTITIONER, UserRole.PATIENT)
[7m   [0m [91m           ~~~~~~~~~~~~~~[0m

[96msrc/imaging/imaging.controller.ts[0m:[93m302[0m:[93m12[0m - [91merror[0m[90m TS2345: [0mArgument of type 'UserRole.ADMIN' is not assignable to parameter of type 'Role'.

[7m302[0m     @Roles(UserRole.ADMIN, UserRole.PRACTITIONER)
[7m   [0m [91m           ~~~~~~~~~~~~~~[0m

[96msrc/imaging/imaging.service.ts[0m:[93m23[0m:[93m24[0m - [91merror[0m[90m TS2694: [0mNamespace 'global.Express' has no exported member 'Multer'.

[7m23[0m         files: Express.Multer.File[],
[7m  [0m [91m                       ~~~~~~[0m

[96msrc/imaging/utils/dicom-test-utils.ts[0m:[93m4[0m:[93m30[0m - [91merror[0m[90m TS2307: [0mCannot find module 'dicom-parser' or its corresponding type declarations.

[7m4[0m import * as dicomParser from 'dicom-parser';
[7m [0m [91m                             ~~~~~~~~~~~~~~[0m

[96msrc/imaging/utils/dicom-test-utils.ts[0m:[93m5[0m:[93m24[0m - [91merror[0m[90m TS2307: [0mCannot find module 'dcmjs' or its corresponding type declarations.

[7m5[0m import * as dcmjs from 'dcmjs';
[7m [0m [91m                       ~~~~~~~[0m

[96msrc/imaging/utils/dicom-test-utils.ts[0m:[93m97[0m:[93m26[0m - [91merror[0m[90m TS2769: [0mNo overload matches this call.
  Overload 1 of 2, '(options?: SharpOptions): Sharp', gave the following error.
    Type '1' is not assignable to type 'CreateChannels'.
  Overload 2 of 2, '(input?: SharpInput | SharpInput[], options?: SharpOptions): Sharp', gave the following error.
    Object literal may only specify known properties, and 'create' does not exist in type 'ArrayBuffer | Buffer<ArrayBufferLike> | Uint8Array<ArrayBufferLike> | Uint8ClampedArray<ArrayBufferLike> | ... 7 more ... | SharpInput[]'.

[7m97[0m             return await sharp({
[7m  [0m [91m                         ~~~~~[0m

  [96mnode_modules/sharp/lib/index.d.ts[0m:[93m1064[0m:[93m9[0m
    [7m1064[0m         channels: CreateChannels;
    [7m    [0m [96m        ~~~~~~~~[0m
    The expected type comes from property 'channels' which is declared here on type 'Create'

[[90m11:21:38 PM[0m] Found 23 errors. Watching for file changes.

[2J[3J[H[[90m11:22:17 PM[0m] File change detected. Starting incremental compilation...

[96msrc/imaging/brain-tumor-detection.service.ts[0m:[93m12[0m:[93m30[0m - [91merror[0m[90m TS2307: [0mCannot find module 'dicom-parser' or its corresponding type declarations.

[7m12[0m import * as dicomParser from 'dicom-parser';
[7m  [0m [91m                             ~~~~~~~~~~~~~~[0m

[96msrc/imaging/brain-tumor-detection.service.ts[0m:[93m282[0m:[93m26[0m - [91merror[0m[90m TS2769: [0mNo overload matches this call.
  Overload 1 of 2, '(options?: SharpOptions): Sharp', gave the following error.
    Type '1' is not assignable to type 'CreateChannels'.
  Overload 2 of 2, '(input?: SharpInput | SharpInput[], options?: SharpOptions): Sharp', gave the following error.
    Object literal may only specify known properties, and 'create' does not exist in type 'ArrayBuffer | Buffer<ArrayBufferLike> | Uint8Array<ArrayBufferLike> | Uint8ClampedArray<ArrayBufferLike> | ... 7 more ... | SharpInput[]'.

[7m282[0m             return await sharp({
[7m   [0m [91m                         ~~~~~[0m

  [96mnode_modules/sharp/lib/index.d.ts[0m:[93m1064[0m:[93m9[0m
    [7m1064[0m         channels: CreateChannels;
    [7m    [0m [96m        ~~~~~~~~[0m
    The expected type comes from property 'channels' which is declared here on type 'Create'

[96msrc/imaging/dicom.service.ts[0m:[93m12[0m:[93m30[0m - [91merror[0m[90m TS2307: [0mCannot find module 'dicom-parser' or its corresponding type declarations.

[7m12[0m import * as dicomParser from 'dicom-parser';
[7m  [0m [91m                             ~~~~~~~~~~~~~~[0m

[96msrc/imaging/dicom.service.ts[0m:[93m13[0m:[93m24[0m - [91merror[0m[90m TS2307: [0mCannot find module 'dcmjs' or its corresponding type declarations.

[7m13[0m import * as dcmjs from 'dcmjs';
[7m  [0m [91m                       ~~~~~~~[0m

[96msrc/imaging/dicom.service.ts[0m:[93m48[0m:[93m23[0m - [91merror[0m[90m TS2694: [0mNamespace 'global.Express' has no exported member 'Multer'.

[7m48[0m         file: Express.Multer.File,
[7m  [0m [91m                      ~~~~~~[0m

[96msrc/imaging/imaging.controller.ts[0m:[93m108[0m:[93m41[0m - [91merror[0m[90m TS2694: [0mNamespace 'global.Express' has no exported member 'Multer'.

[7m108[0m         @UploadedFiles() files: Express.Multer.File[],
[7m   [0m [91m                                        ~~~~~~[0m

[96msrc/imaging/imaging.service.ts[0m:[93m23[0m:[93m24[0m - [91merror[0m[90m TS2694: [0mNamespace 'global.Express' has no exported member 'Multer'.

[7m23[0m         files: Express.Multer.File[],
[7m  [0m [91m                       ~~~~~~[0m

[96msrc/imaging/utils/dicom-test-utils.ts[0m:[93m4[0m:[93m30[0m - [91merror[0m[90m TS2307: [0mCannot find module 'dicom-parser' or its corresponding type declarations.

[7m4[0m import * as dicomParser from 'dicom-parser';
[7m [0m [91m                             ~~~~~~~~~~~~~~[0m

[96msrc/imaging/utils/dicom-test-utils.ts[0m:[93m5[0m:[93m24[0m - [91merror[0m[90m TS2307: [0mCannot find module 'dcmjs' or its corresponding type declarations.

[7m5[0m import * as dcmjs from 'dcmjs';
[7m [0m [91m                       ~~~~~~~[0m

[96msrc/imaging/utils/dicom-test-utils.ts[0m:[93m97[0m:[93m26[0m - [91merror[0m[90m TS2769: [0mNo overload matches this call.
  Overload 1 of 2, '(options?: SharpOptions): Sharp', gave the following error.
    Type '1' is not assignable to type 'CreateChannels'.
  Overload 2 of 2, '(input?: SharpInput | SharpInput[], options?: SharpOptions): Sharp', gave the following error.
    Object literal may only specify known properties, and 'create' does not exist in type 'ArrayBuffer | Buffer<ArrayBufferLike> | Uint8Array<ArrayBufferLike> | Uint8ClampedArray<ArrayBufferLike> | ... 7 more ... | SharpInput[]'.

[7m97[0m             return await sharp({
[7m  [0m [91m                         ~~~~~[0m

  [96mnode_modules/sharp/lib/index.d.ts[0m:[93m1064[0m:[93m9[0m
    [7m1064[0m         channels: CreateChannels;
    [7m    [0m [96m        ~~~~~~~~[0m
    The expected type comes from property 'channels' which is declared here on type 'Create'

[[90m11:22:20 PM[0m] Found 10 errors. Watching for file changes.

[2J[3J[H[[90m11:22:35 PM[0m] File change detected. Starting incremental compilation...

[96msrc/imaging/brain-tumor-detection.service.ts[0m:[93m12[0m:[93m30[0m - [91merror[0m[90m TS2307: [0mCannot find module 'dicom-parser' or its corresponding type declarations.

[7m12[0m import * as dicomParser from 'dicom-parser';
[7m  [0m [91m                             ~~~~~~~~~~~~~~[0m

[96msrc/imaging/brain-tumor-detection.service.ts[0m:[93m282[0m:[93m26[0m - [91merror[0m[90m TS2769: [0mNo overload matches this call.
  Overload 1 of 2, '(options?: SharpOptions): Sharp', gave the following error.
    Type '1' is not assignable to type 'CreateChannels'.
  Overload 2 of 2, '(input?: SharpInput | SharpInput[], options?: SharpOptions): Sharp', gave the following error.
    Object literal may only specify known properties, and 'create' does not exist in type 'ArrayBuffer | Buffer<ArrayBufferLike> | Uint8Array<ArrayBufferLike> | Uint8ClampedArray<ArrayBufferLike> | ... 7 more ... | SharpInput[]'.

[7m282[0m             return await sharp({
[7m   [0m [91m                         ~~~~~[0m

  [96mnode_modules/sharp/lib/index.d.ts[0m:[93m1064[0m:[93m9[0m
    [7m1064[0m         channels: CreateChannels;
    [7m    [0m [96m        ~~~~~~~~[0m
    The expected type comes from property 'channels' which is declared here on type 'Create'

[96msrc/imaging/dicom.service.ts[0m:[93m12[0m:[93m30[0m - [91merror[0m[90m TS2307: [0mCannot find module 'dicom-parser' or its corresponding type declarations.

[7m12[0m import * as dicomParser from 'dicom-parser';
[7m  [0m [91m                             ~~~~~~~~~~~~~~[0m

[96msrc/imaging/dicom.service.ts[0m:[93m13[0m:[93m24[0m - [91merror[0m[90m TS2307: [0mCannot find module 'dcmjs' or its corresponding type declarations.

[7m13[0m import * as dcmjs from 'dcmjs';
[7m  [0m [91m                       ~~~~~~~[0m

[96msrc/imaging/dicom.service.ts[0m:[93m48[0m:[93m23[0m - [91merror[0m[90m TS2694: [0mNamespace 'global.Express' has no exported member 'Multer'.

[7m48[0m         file: Express.Multer.File,
[7m  [0m [91m                      ~~~~~~[0m

[96msrc/imaging/imaging.controller.ts[0m:[93m108[0m:[93m41[0m - [91merror[0m[90m TS2694: [0mNamespace 'global.Express' has no exported member 'Multer'.

[7m108[0m         @UploadedFiles() files: Express.Multer.File[],
[7m   [0m [91m                                        ~~~~~~[0m

[96msrc/imaging/imaging.service.ts[0m:[93m23[0m:[93m24[0m - [91merror[0m[90m TS2694: [0mNamespace 'global.Express' has no exported member 'Multer'.

[7m23[0m         files: Express.Multer.File[],
[7m  [0m [91m                       ~~~~~~[0m

[96msrc/imaging/utils/dicom-test-utils.ts[0m:[93m4[0m:[93m30[0m - [91merror[0m[90m TS2307: [0mCannot find module 'dicom-parser' or its corresponding type declarations.

[7m4[0m import * as dicomParser from 'dicom-parser';
[7m [0m [91m                             ~~~~~~~~~~~~~~[0m

[96msrc/imaging/utils/dicom-test-utils.ts[0m:[93m5[0m:[93m24[0m - [91merror[0m[90m TS2307: [0mCannot find module 'dcmjs' or its corresponding type declarations.

[7m5[0m import * as dcmjs from 'dcmjs';
[7m [0m [91m                       ~~~~~~~[0m

[96msrc/imaging/utils/dicom-test-utils.ts[0m:[93m97[0m:[93m26[0m - [91merror[0m[90m TS2769: [0mNo overload matches this call.
  Overload 1 of 2, '(options?: SharpOptions): Sharp', gave the following error.
    Type '1' is not assignable to type 'CreateChannels'.
  Overload 2 of 2, '(input?: SharpInput | SharpInput[], options?: SharpOptions): Sharp', gave the following error.
    Object literal may only specify known properties, and 'create' does not exist in type 'ArrayBuffer | Buffer<ArrayBufferLike> | Uint8Array<ArrayBufferLike> | Uint8ClampedArray<ArrayBufferLike> | ... 7 more ... | SharpInput[]'.

[7m97[0m             return await sharp({
[7m  [0m [91m                         ~~~~~[0m

  [96mnode_modules/sharp/lib/index.d.ts[0m:[93m1064[0m:[93m9[0m
    [7m1064[0m         channels: CreateChannels;
    [7m    [0m [96m        ~~~~~~~~[0m
    The expected type comes from property 'channels' which is declared here on type 'Create'

[[90m11:22:37 PM[0m] Found 10 errors. Watching for file changes.

[2J[3J[H[[90m11:22:37 PM[0m] File change detected. Starting incremental compilation...

[96msrc/imaging/brain-tumor-detection.service.ts[0m:[93m12[0m:[93m30[0m - [91merror[0m[90m TS2307: [0mCannot find module 'dicom-parser' or its corresponding type declarations.

[7m12[0m import * as dicomParser from 'dicom-parser';
[7m  [0m [91m                             ~~~~~~~~~~~~~~[0m

[96msrc/imaging/brain-tumor-detection.service.ts[0m:[93m282[0m:[93m26[0m - [91merror[0m[90m TS2769: [0mNo overload matches this call.
  Overload 1 of 2, '(options?: SharpOptions): Sharp', gave the following error.
    Type '1' is not assignable to type 'CreateChannels'.
  Overload 2 of 2, '(input?: SharpInput | SharpInput[], options?: SharpOptions): Sharp', gave the following error.
    Object literal may only specify known properties, and 'create' does not exist in type 'ArrayBuffer | Buffer<ArrayBufferLike> | Uint8Array<ArrayBufferLike> | Uint8ClampedArray<ArrayBufferLike> | ... 7 more ... | SharpInput[]'.

[7m282[0m             return await sharp({
[7m   [0m [91m                         ~~~~~[0m

  [96mnode_modules/sharp/lib/index.d.ts[0m:[93m1064[0m:[93m9[0m
    [7m1064[0m         channels: CreateChannels;
    [7m    [0m [96m        ~~~~~~~~[0m
    The expected type comes from property 'channels' which is declared here on type 'Create'

[96msrc/imaging/dicom.service.ts[0m:[93m12[0m:[93m30[0m - [91merror[0m[90m TS2307: [0mCannot find module 'dicom-parser' or its corresponding type declarations.

[7m12[0m import * as dicomParser from 'dicom-parser';
[7m  [0m [91m                             ~~~~~~~~~~~~~~[0m

[96msrc/imaging/dicom.service.ts[0m:[93m13[0m:[93m24[0m - [91merror[0m[90m TS2307: [0mCannot find module 'dcmjs' or its corresponding type declarations.

[7m13[0m import * as dcmjs from 'dcmjs';
[7m  [0m [91m                       ~~~~~~~[0m

[96msrc/imaging/dicom.service.ts[0m:[93m48[0m:[93m23[0m - [91merror[0m[90m TS2694: [0mNamespace 'global.Express' has no exported member 'Multer'.

[7m48[0m         file: Express.Multer.File,
[7m  [0m [91m                      ~~~~~~[0m

[96msrc/imaging/imaging.controller.ts[0m:[93m108[0m:[93m41[0m - [91merror[0m[90m TS2694: [0mNamespace 'global.Express' has no exported member 'Multer'.

[7m108[0m         @UploadedFiles() files: Express.Multer.File[],
[7m   [0m [91m                                        ~~~~~~[0m

[96msrc/imaging/imaging.service.ts[0m:[93m23[0m:[93m24[0m - [91merror[0m[90m TS2694: [0mNamespace 'global.Express' has no exported member 'Multer'.

[7m23[0m         files: Express.Multer.File[],
[7m  [0m [91m                       ~~~~~~[0m

[96msrc/imaging/utils/dicom-test-utils.ts[0m:[93m4[0m:[93m30[0m - [91merror[0m[90m TS2307: [0mCannot find module 'dicom-parser' or its corresponding type declarations.

[7m4[0m import * as dicomParser from 'dicom-parser';
[7m [0m [91m                             ~~~~~~~~~~~~~~[0m

[96msrc/imaging/utils/dicom-test-utils.ts[0m:[93m5[0m:[93m24[0m - [91merror[0m[90m TS2307: [0mCannot find module 'dcmjs' or its corresponding type declarations.

[7m5[0m import * as dcmjs from 'dcmjs';
[7m [0m [91m                       ~~~~~~~[0m

[96msrc/imaging/utils/dicom-test-utils.ts[0m:[93m97[0m:[93m26[0m - [91merror[0m[90m TS2769: [0mNo overload matches this call.
  Overload 1 of 2, '(options?: SharpOptions): Sharp', gave the following error.
    Type '1' is not assignable to type 'CreateChannels'.
  Overload 2 of 2, '(input?: SharpInput | SharpInput[], options?: SharpOptions): Sharp', gave the following error.
    Object literal may only specify known properties, and 'create' does not exist in type 'ArrayBuffer | Buffer<ArrayBufferLike> | Uint8Array<ArrayBufferLike> | Uint8ClampedArray<ArrayBufferLike> | ... 7 more ... | SharpInput[]'.

[7m97[0m             return await sharp({
[7m  [0m [91m                         ~~~~~[0m

  [96mnode_modules/sharp/lib/index.d.ts[0m:[93m1064[0m:[93m9[0m
    [7m1064[0m         channels: CreateChannels;
    [7m    [0m [96m        ~~~~~~~~[0m
    The expected type comes from property 'channels' which is declared here on type 'Create'

[[90m11:22:37 PM[0m] Found 10 errors. Watching for file changes.

[2J[3J[H[[90m11:23:20 PM[0m] File change detected. Starting incremental compilation...

[96msrc/imaging/brain-tumor-detection.service.ts[0m:[93m12[0m:[93m30[0m - [91merror[0m[90m TS2307: [0mCannot find module 'dicom-parser' or its corresponding type declarations.

[7m12[0m import * as dicomParser from 'dicom-parser';
[7m  [0m [91m                             ~~~~~~~~~~~~~~[0m

[96msrc/imaging/brain-tumor-detection.service.ts[0m:[93m229[0m:[93m26[0m - [91merror[0m[90m TS2769: [0mNo overload matches this call.
  Overload 1 of 2, '(options?: SharpOptions): Sharp', gave the following error.
    Type '1' is not assignable to type 'CreateChannels'.
  Overload 2 of 2, '(input?: SharpInput | SharpInput[], options?: SharpOptions): Sharp', gave the following error.
    Object literal may only specify known properties, and 'create' does not exist in type 'ArrayBuffer | Buffer<ArrayBufferLike> | Uint8Array<ArrayBufferLike> | Uint8ClampedArray<ArrayBufferLike> | ... 7 more ... | SharpInput[]'.

[7m229[0m             return await sharp({
[7m   [0m [91m                         ~~~~~[0m

  [96mnode_modules/sharp/lib/index.d.ts[0m:[93m1064[0m:[93m9[0m
    [7m1064[0m         channels: CreateChannels;
    [7m    [0m [96m        ~~~~~~~~[0m
    The expected type comes from property 'channels' which is declared here on type 'Create'

[96msrc/imaging/dicom.service.ts[0m:[93m12[0m:[93m30[0m - [91merror[0m[90m TS2307: [0mCannot find module 'dicom-parser' or its corresponding type declarations.

[7m12[0m import * as dicomParser from 'dicom-parser';
[7m  [0m [91m                             ~~~~~~~~~~~~~~[0m

[96msrc/imaging/dicom.service.ts[0m:[93m13[0m:[93m24[0m - [91merror[0m[90m TS2307: [0mCannot find module 'dcmjs' or its corresponding type declarations.

[7m13[0m import * as dcmjs from 'dcmjs';
[7m  [0m [91m                       ~~~~~~~[0m

[96msrc/imaging/dicom.service.ts[0m:[93m48[0m:[93m23[0m - [91merror[0m[90m TS2694: [0mNamespace 'global.Express' has no exported member 'Multer'.

[7m48[0m         file: Express.Multer.File,
[7m  [0m [91m                      ~~~~~~[0m

[96msrc/imaging/imaging.controller.ts[0m:[93m108[0m:[93m41[0m - [91merror[0m[90m TS2694: [0mNamespace 'global.Express' has no exported member 'Multer'.

[7m108[0m         @UploadedFiles() files: Express.Multer.File[],
[7m   [0m [91m                                        ~~~~~~[0m

[96msrc/imaging/imaging.service.ts[0m:[93m23[0m:[93m24[0m - [91merror[0m[90m TS2694: [0mNamespace 'global.Express' has no exported member 'Multer'.

[7m23[0m         files: Express.Multer.File[],
[7m  [0m [91m                       ~~~~~~[0m

[96msrc/imaging/utils/dicom-test-utils.ts[0m:[93m4[0m:[93m30[0m - [91merror[0m[90m TS2307: [0mCannot find module 'dicom-parser' or its corresponding type declarations.

[7m4[0m import * as dicomParser from 'dicom-parser';
[7m [0m [91m                             ~~~~~~~~~~~~~~[0m

[96msrc/imaging/utils/dicom-test-utils.ts[0m:[93m5[0m:[93m24[0m - [91merror[0m[90m TS2307: [0mCannot find module 'dcmjs' or its corresponding type declarations.

[7m5[0m import * as dcmjs from 'dcmjs';
[7m [0m [91m                       ~~~~~~~[0m

[96msrc/imaging/utils/dicom-test-utils.ts[0m:[93m97[0m:[93m26[0m - [91merror[0m[90m TS2769: [0mNo overload matches this call.
  Overload 1 of 2, '(options?: SharpOptions): Sharp', gave the following error.
    Type '1' is not assignable to type 'CreateChannels'.
  Overload 2 of 2, '(input?: SharpInput | SharpInput[], options?: SharpOptions): Sharp', gave the following error.
    Object literal may only specify known properties, and 'create' does not exist in type 'ArrayBuffer | Buffer<ArrayBufferLike> | Uint8Array<ArrayBufferLike> | Uint8ClampedArray<ArrayBufferLike> | ... 7 more ... | SharpInput[]'.

[7m97[0m             return await sharp({
[7m  [0m [91m                         ~~~~~[0m

  [96mnode_modules/sharp/lib/index.d.ts[0m:[93m1064[0m:[93m9[0m
    [7m1064[0m         channels: CreateChannels;
    [7m    [0m [96m        ~~~~~~~~[0m
    The expected type comes from property 'channels' which is declared here on type 'Create'

[[90m11:23:20 PM[0m] Found 10 errors. Watching for file changes.


> fhir-ehr-platform@1.0.0 start:dev
> nest start --watch

[2J[3J[H[[90m11:23:41 PM[0m] Starting compilation in watch mode...

[96msrc/imaging/brain-tumor-detection.service.ts[0m:[93m12[0m:[93m30[0m - [91merror[0m[90m TS2307: [0mCannot find module 'dicom-parser' or its corresponding type declarations.

[7m12[0m import * as dicomParser from 'dicom-parser';
[7m  [0m [91m                             ~~~~~~~~~~~~~~[0m

[96msrc/imaging/brain-tumor-detection.service.ts[0m:[93m229[0m:[93m26[0m - [91merror[0m[90m TS2769: [0mNo overload matches this call.
  Overload 1 of 2, '(options?: SharpOptions): Sharp', gave the following error.
    Type '1' is not assignable to type 'CreateChannels'.
  Overload 2 of 2, '(input?: SharpInput | SharpInput[], options?: SharpOptions): Sharp', gave the following error.
    Object literal may only specify known properties, and 'create' does not exist in type 'ArrayBuffer | Buffer<ArrayBufferLike> | Uint8Array<ArrayBufferLike> | Uint8ClampedArray<ArrayBufferLike> | ... 7 more ... | SharpInput[]'.

[7m229[0m             return await sharp({
[7m   [0m [91m                         ~~~~~[0m

  [96mnode_modules/sharp/lib/index.d.ts[0m:[93m1064[0m:[93m9[0m
    [7m1064[0m         channels: CreateChannels;
    [7m    [0m [96m        ~~~~~~~~[0m
    The expected type comes from property 'channels' which is declared here on type 'Create'

[96msrc/imaging/dicom.service.ts[0m:[93m12[0m:[93m30[0m - [91merror[0m[90m TS2307: [0mCannot find module 'dicom-parser' or its corresponding type declarations.

[7m12[0m import * as dicomParser from 'dicom-parser';
[7m  [0m [91m                             ~~~~~~~~~~~~~~[0m

[96msrc/imaging/dicom.service.ts[0m:[93m13[0m:[93m24[0m - [91merror[0m[90m TS2307: [0mCannot find module 'dcmjs' or its corresponding type declarations.

[7m13[0m import * as dcmjs from 'dcmjs';
[7m  [0m [91m                       ~~~~~~~[0m

[96msrc/imaging/dicom.service.ts[0m:[93m48[0m:[93m23[0m - [91merror[0m[90m TS2694: [0mNamespace 'global.Express' has no exported member 'Multer'.

[7m48[0m         file: Express.Multer.File,
[7m  [0m [91m                      ~~~~~~[0m

[96msrc/imaging/imaging.controller.ts[0m:[93m108[0m:[93m41[0m - [91merror[0m[90m TS2694: [0mNamespace 'global.Express' has no exported member 'Multer'.

[7m108[0m         @UploadedFiles() files: Express.Multer.File[],
[7m   [0m [91m                                        ~~~~~~[0m

[96msrc/imaging/imaging.service.ts[0m:[93m23[0m:[93m24[0m - [91merror[0m[90m TS2694: [0mNamespace 'global.Express' has no exported member 'Multer'.

[7m23[0m         files: Express.Multer.File[],
[7m  [0m [91m                       ~~~~~~[0m

[96msrc/imaging/utils/dicom-test-utils.ts[0m:[93m4[0m:[93m30[0m - [91merror[0m[90m TS2307: [0mCannot find module 'dicom-parser' or its corresponding type declarations.

[7m4[0m import * as dicomParser from 'dicom-parser';
[7m [0m [91m                             ~~~~~~~~~~~~~~[0m

[96msrc/imaging/utils/dicom-test-utils.ts[0m:[93m5[0m:[93m24[0m - [91merror[0m[90m TS2307: [0mCannot find module 'dcmjs' or its corresponding type declarations.

[7m5[0m import * as dcmjs from 'dcmjs';
[7m [0m [91m                       ~~~~~~~[0m

[96msrc/imaging/utils/dicom-test-utils.ts[0m:[93m97[0m:[93m26[0m - [91merror[0m[90m TS2769: [0mNo overload matches this call.
  Overload 1 of 2, '(options?: SharpOptions): Sharp', gave the following error.
    Type '1' is not assignable to type 'CreateChannels'.
  Overload 2 of 2, '(input?: SharpInput | SharpInput[], options?: SharpOptions): Sharp', gave the following error.
    Object literal may only specify known properties, and 'create' does not exist in type 'ArrayBuffer | Buffer<ArrayBufferLike> | Uint8Array<ArrayBufferLike> | Uint8ClampedArray<ArrayBufferLike> | ... 7 more ... | SharpInput[]'.

[7m97[0m             return await sharp({
[7m  [0m [91m                         ~~~~~[0m

  [96mnode_modules/sharp/lib/index.d.ts[0m:[93m1064[0m:[93m9[0m
    [7m1064[0m         channels: CreateChannels;
    [7m    [0m [96m        ~~~~~~~~[0m
    The expected type comes from property 'channels' which is declared here on type 'Create'

[[90m11:23:52 PM[0m] Found 10 errors. Watching for file changes.

[2J[3J[H[[90m11:23:53 PM[0m] File change detected. Starting incremental compilation...

[96msrc/imaging/brain-tumor-detection.service.ts[0m:[93m12[0m:[93m30[0m - [91merror[0m[90m TS2307: [0mCannot find module 'dicom-parser' or its corresponding type declarations.

[7m12[0m import * as dicomParser from 'dicom-parser';
[7m  [0m [91m                             ~~~~~~~~~~~~~~[0m

[96msrc/imaging/brain-tumor-detection.service.ts[0m:[93m229[0m:[93m26[0m - [91merror[0m[90m TS2769: [0mNo overload matches this call.
  Overload 1 of 2, '(options?: SharpOptions): Sharp', gave the following error.
    Type '1' is not assignable to type 'CreateChannels'.
  Overload 2 of 2, '(input?: SharpInput | SharpInput[], options?: SharpOptions): Sharp', gave the following error.
    Object literal may only specify known properties, and 'create' does not exist in type 'ArrayBuffer | Buffer<ArrayBufferLike> | Uint8Array<ArrayBufferLike> | Uint8ClampedArray<ArrayBufferLike> | ... 7 more ... | SharpInput[]'.

[7m229[0m             return await sharp({
[7m   [0m [91m                         ~~~~~[0m

  [96mnode_modules/sharp/lib/index.d.ts[0m:[93m1064[0m:[93m9[0m
    [7m1064[0m         channels: CreateChannels;
    [7m    [0m [96m        ~~~~~~~~[0m
    The expected type comes from property 'channels' which is declared here on type 'Create'

[96msrc/imaging/dicom.service.ts[0m:[93m12[0m:[93m30[0m - [91merror[0m[90m TS2307: [0mCannot find module 'dicom-parser' or its corresponding type declarations.

[7m12[0m import * as dicomParser from 'dicom-parser';
[7m  [0m [91m                             ~~~~~~~~~~~~~~[0m

[96msrc/imaging/dicom.service.ts[0m:[93m13[0m:[93m24[0m - [91merror[0m[90m TS2307: [0mCannot find module 'dcmjs' or its corresponding type declarations.

[7m13[0m import * as dcmjs from 'dcmjs';
[7m  [0m [91m                       ~~~~~~~[0m

[96msrc/imaging/dicom.service.ts[0m:[93m48[0m:[93m23[0m - [91merror[0m[90m TS2694: [0mNamespace 'global.Express' has no exported member 'Multer'.

[7m48[0m         file: Express.Multer.File,
[7m  [0m [91m                      ~~~~~~[0m

[96msrc/imaging/imaging.controller.ts[0m:[93m108[0m:[93m41[0m - [91merror[0m[90m TS2694: [0mNamespace 'global.Express' has no exported member 'Multer'.

[7m108[0m         @UploadedFiles() files: Express.Multer.File[],
[7m   [0m [91m                                        ~~~~~~[0m

[96msrc/imaging/imaging.service.ts[0m:[93m23[0m:[93m24[0m - [91merror[0m[90m TS2694: [0mNamespace 'global.Express' has no exported member 'Multer'.

[7m23[0m         files: Express.Multer.File[],
[7m  [0m [91m                       ~~~~~~[0m

[96msrc/imaging/utils/dicom-test-utils.ts[0m:[93m4[0m:[93m30[0m - [91merror[0m[90m TS2307: [0mCannot find module 'dicom-parser' or its corresponding type declarations.

[7m4[0m import * as dicomParser from 'dicom-parser';
[7m [0m [91m                             ~~~~~~~~~~~~~~[0m

[96msrc/imaging/utils/dicom-test-utils.ts[0m:[93m5[0m:[93m24[0m - [91merror[0m[90m TS2307: [0mCannot find module 'dcmjs' or its corresponding type declarations.

[7m5[0m import * as dcmjs from 'dcmjs';
[7m [0m [91m                       ~~~~~~~[0m

[96msrc/imaging/utils/dicom-test-utils.ts[0m:[93m97[0m:[93m44[0m - [91merror[0m[90m TS2769: [0mNo overload matches this call.
  Overload 1 of 2, '(options?: SharpOptions): Sharp', gave the following error.
    Type '1' is not assignable to type 'CreateChannels'.
  Overload 2 of 2, '(input?: SharpInput | SharpInput[], options?: SharpOptions): Sharp', gave the following error.
    Object literal may only specify known properties, and 'create' does not exist in type 'ArrayBuffer | Buffer<ArrayBufferLike> | Uint8Array<ArrayBufferLike> | Uint8ClampedArray<ArrayBufferLike> | ... 7 more ... | SharpInput[]'.

[7m97[0m             const placeholderImage = await sharp({
[7m  [0m [91m                                           ~~~~~[0m

  [96mnode_modules/sharp/lib/index.d.ts[0m:[93m1064[0m:[93m9[0m
    [7m1064[0m         channels: CreateChannels;
    [7m    [0m [96m        ~~~~~~~~[0m
    The expected type comes from property 'channels' which is declared here on type 'Create'

[[90m11:23:55 PM[0m] Found 10 errors. Watching for file changes.

[2J[3J[H[[90m11:24:09 PM[0m] File change detected. Starting incremental compilation...

[96msrc/imaging/brain-tumor-detection.service.ts[0m:[93m12[0m:[93m30[0m - [91merror[0m[90m TS2307: [0mCannot find module 'dicom-parser' or its corresponding type declarations.

[7m12[0m import * as dicomParser from 'dicom-parser';
[7m  [0m [91m                             ~~~~~~~~~~~~~~[0m

[96msrc/imaging/brain-tumor-detection.service.ts[0m:[93m229[0m:[93m26[0m - [91merror[0m[90m TS2769: [0mNo overload matches this call.
  Overload 1 of 2, '(options?: SharpOptions): Sharp', gave the following error.
    Type '1' is not assignable to type 'CreateChannels'.
  Overload 2 of 2, '(input?: SharpInput | SharpInput[], options?: SharpOptions): Sharp', gave the following error.
    Object literal may only specify known properties, and 'create' does not exist in type 'ArrayBuffer | Buffer<ArrayBufferLike> | Uint8Array<ArrayBufferLike> | Uint8ClampedArray<ArrayBufferLike> | ... 7 more ... | SharpInput[]'.

[7m229[0m             return await sharp({
[7m   [0m [91m                         ~~~~~[0m

  [96mnode_modules/sharp/lib/index.d.ts[0m:[93m1064[0m:[93m9[0m
    [7m1064[0m         channels: CreateChannels;
    [7m    [0m [96m        ~~~~~~~~[0m
    The expected type comes from property 'channels' which is declared here on type 'Create'

[96msrc/imaging/dicom.service.ts[0m:[93m12[0m:[93m30[0m - [91merror[0m[90m TS2307: [0mCannot find module 'dicom-parser' or its corresponding type declarations.

[7m12[0m import * as dicomParser from 'dicom-parser';
[7m  [0m [91m                             ~~~~~~~~~~~~~~[0m

[96msrc/imaging/dicom.service.ts[0m:[93m13[0m:[93m24[0m - [91merror[0m[90m TS2307: [0mCannot find module 'dcmjs' or its corresponding type declarations.

[7m13[0m import * as dcmjs from 'dcmjs';
[7m  [0m [91m                       ~~~~~~~[0m

[96msrc/imaging/dicom.service.ts[0m:[93m48[0m:[93m23[0m - [91merror[0m[90m TS2694: [0mNamespace 'global.Express' has no exported member 'Multer'.

[7m48[0m         file: Express.Multer.File,
[7m  [0m [91m                      ~~~~~~[0m

[96msrc/imaging/dicom.service.ts[0m:[93m285[0m:[93m38[0m - [91merror[0m[90m TS2769: [0mNo overload matches this call.
  Overload 1 of 2, '(options?: SharpOptions): Sharp', gave the following error.
    Type '1' is not assignable to type 'CreateChannels'.
  Overload 2 of 2, '(input?: SharpInput | SharpInput[], options?: SharpOptions): Sharp', gave the following error.
    Object literal may only specify known properties, and 'create' does not exist in type 'ArrayBuffer | Buffer<ArrayBufferLike> | Uint8Array<ArrayBufferLike> | Uint8ClampedArray<ArrayBufferLike> | ... 7 more ... | SharpInput[]'.

[7m285[0m             const placeholderImage = sharp({
[7m   [0m [91m                                     ~~~~~[0m

  [96mnode_modules/sharp/lib/index.d.ts[0m:[93m1064[0m:[93m9[0m
    [7m1064[0m         channels: CreateChannels;
    [7m    [0m [96m        ~~~~~~~~[0m
    The expected type comes from property 'channels' which is declared here on type 'Create'

[96msrc/imaging/imaging.controller.ts[0m:[93m108[0m:[93m41[0m - [91merror[0m[90m TS2694: [0mNamespace 'global.Express' has no exported member 'Multer'.

[7m108[0m         @UploadedFiles() files: Express.Multer.File[],
[7m   [0m [91m                                        ~~~~~~[0m

[96msrc/imaging/imaging.service.ts[0m:[93m23[0m:[93m24[0m - [91merror[0m[90m TS2694: [0mNamespace 'global.Express' has no exported member 'Multer'.

[7m23[0m         files: Express.Multer.File[],
[7m  [0m [91m                       ~~~~~~[0m

[96msrc/imaging/utils/dicom-test-utils.ts[0m:[93m4[0m:[93m30[0m - [91merror[0m[90m TS2307: [0mCannot find module 'dicom-parser' or its corresponding type declarations.

[7m4[0m import * as dicomParser from 'dicom-parser';
[7m [0m [91m                             ~~~~~~~~~~~~~~[0m

[96msrc/imaging/utils/dicom-test-utils.ts[0m:[93m5[0m:[93m24[0m - [91merror[0m[90m TS2307: [0mCannot find module 'dcmjs' or its corresponding type declarations.

[7m5[0m import * as dcmjs from 'dcmjs';
[7m [0m [91m                       ~~~~~~~[0m

[96msrc/imaging/utils/dicom-test-utils.ts[0m:[93m97[0m:[93m44[0m - [91merror[0m[90m TS2769: [0mNo overload matches this call.
  Overload 1 of 2, '(options?: SharpOptions): Sharp', gave the following error.
    Type '1' is not assignable to type 'CreateChannels'.
  Overload 2 of 2, '(input?: SharpInput | SharpInput[], options?: SharpOptions): Sharp', gave the following error.
    Object literal may only specify known properties, and 'create' does not exist in type 'ArrayBuffer | Buffer<ArrayBufferLike> | Uint8Array<ArrayBufferLike> | Uint8ClampedArray<ArrayBufferLike> | ... 7 more ... | SharpInput[]'.

[7m97[0m             const placeholderImage = await sharp({
[7m  [0m [91m                                           ~~~~~[0m

  [96mnode_modules/sharp/lib/index.d.ts[0m:[93m1064[0m:[93m9[0m
    [7m1064[0m         channels: CreateChannels;
    [7m    [0m [96m        ~~~~~~~~[0m
    The expected type comes from property 'channels' which is declared here on type 'Create'

[[90m11:24:11 PM[0m] Found 11 errors. Watching for file changes.

[2J[3J[H[[90m11:24:12 PM[0m] File change detected. Starting incremental compilation...

[96msrc/imaging/brain-tumor-detection.service.ts[0m:[93m12[0m:[93m30[0m - [91merror[0m[90m TS2307: [0mCannot find module 'dicom-parser' or its corresponding type declarations.

[7m12[0m import * as dicomParser from 'dicom-parser';
[7m  [0m [91m                             ~~~~~~~~~~~~~~[0m

[96msrc/imaging/brain-tumor-detection.service.ts[0m:[93m229[0m:[93m26[0m - [91merror[0m[90m TS2769: [0mNo overload matches this call.
  Overload 1 of 2, '(options?: SharpOptions): Sharp', gave the following error.
    Type '1' is not assignable to type 'CreateChannels'.
  Overload 2 of 2, '(input?: SharpInput | SharpInput[], options?: SharpOptions): Sharp', gave the following error.
    Object literal may only specify known properties, and 'create' does not exist in type 'ArrayBuffer | Buffer<ArrayBufferLike> | Uint8Array<ArrayBufferLike> | Uint8ClampedArray<ArrayBufferLike> | ... 7 more ... | SharpInput[]'.

[7m229[0m             return await sharp({
[7m   [0m [91m                         ~~~~~[0m

  [96mnode_modules/sharp/lib/index.d.ts[0m:[93m1064[0m:[93m9[0m
    [7m1064[0m         channels: CreateChannels;
    [7m    [0m [96m        ~~~~~~~~[0m
    The expected type comes from property 'channels' which is declared here on type 'Create'

[96msrc/imaging/dicom.service.ts[0m:[93m12[0m:[93m30[0m - [91merror[0m[90m TS2307: [0mCannot find module 'dicom-parser' or its corresponding type declarations.

[7m12[0m import * as dicomParser from 'dicom-parser';
[7m  [0m [91m                             ~~~~~~~~~~~~~~[0m

[96msrc/imaging/dicom.service.ts[0m:[93m13[0m:[93m24[0m - [91merror[0m[90m TS2307: [0mCannot find module 'dcmjs' or its corresponding type declarations.

[7m13[0m import * as dcmjs from 'dcmjs';
[7m  [0m [91m                       ~~~~~~~[0m

[96msrc/imaging/dicom.service.ts[0m:[93m48[0m:[93m23[0m - [91merror[0m[90m TS2694: [0mNamespace 'global.Express' has no exported member 'Multer'.

[7m48[0m         file: Express.Multer.File,
[7m  [0m [91m                      ~~~~~~[0m

[96msrc/imaging/dicom.service.ts[0m:[93m285[0m:[93m38[0m - [91merror[0m[90m TS2769: [0mNo overload matches this call.
  Overload 1 of 2, '(options?: SharpOptions): Sharp', gave the following error.
    Type '1' is not assignable to type 'CreateChannels'.
  Overload 2 of 2, '(input?: SharpInput | SharpInput[], options?: SharpOptions): Sharp', gave the following error.
    Object literal may only specify known properties, and 'create' does not exist in type 'ArrayBuffer | Buffer<ArrayBufferLike> | Uint8Array<ArrayBufferLike> | Uint8ClampedArray<ArrayBufferLike> | ... 7 more ... | SharpInput[]'.

[7m285[0m             const placeholderImage = sharp({
[7m   [0m [91m                                     ~~~~~[0m

  [96mnode_modules/sharp/lib/index.d.ts[0m:[93m1064[0m:[93m9[0m
    [7m1064[0m         channels: CreateChannels;
    [7m    [0m [96m        ~~~~~~~~[0m
    The expected type comes from property 'channels' which is declared here on type 'Create'

[96msrc/imaging/imaging.controller.ts[0m:[93m108[0m:[93m41[0m - [91merror[0m[90m TS2694: [0mNamespace 'global.Express' has no exported member 'Multer'.

[7m108[0m         @UploadedFiles() files: Express.Multer.File[],
[7m   [0m [91m                                        ~~~~~~[0m

[96msrc/imaging/imaging.service.ts[0m:[93m23[0m:[93m24[0m - [91merror[0m[90m TS2694: [0mNamespace 'global.Express' has no exported member 'Multer'.

[7m23[0m         files: Express.Multer.File[],
[7m  [0m [91m                       ~~~~~~[0m

[96msrc/imaging/utils/dicom-test-utils.ts[0m:[93m4[0m:[93m30[0m - [91merror[0m[90m TS2307: [0mCannot find module 'dicom-parser' or its corresponding type declarations.

[7m4[0m import * as dicomParser from 'dicom-parser';
[7m [0m [91m                             ~~~~~~~~~~~~~~[0m

[96msrc/imaging/utils/dicom-test-utils.ts[0m:[93m5[0m:[93m24[0m - [91merror[0m[90m TS2307: [0mCannot find module 'dcmjs' or its corresponding type declarations.

[7m5[0m import * as dcmjs from 'dcmjs';
[7m [0m [91m                       ~~~~~~~[0m

[96msrc/imaging/utils/dicom-test-utils.ts[0m:[93m97[0m:[93m44[0m - [91merror[0m[90m TS2769: [0mNo overload matches this call.
  Overload 1 of 2, '(options?: SharpOptions): Sharp', gave the following error.
    Type '1' is not assignable to type 'CreateChannels'.
  Overload 2 of 2, '(input?: SharpInput | SharpInput[], options?: SharpOptions): Sharp', gave the following error.
    Object literal may only specify known properties, and 'create' does not exist in type 'ArrayBuffer | Buffer<ArrayBufferLike> | Uint8Array<ArrayBufferLike> | Uint8ClampedArray<ArrayBufferLike> | ... 7 more ... | SharpInput[]'.

[7m97[0m             const placeholderImage = await sharp({
[7m  [0m [91m                                           ~~~~~[0m

  [96mnode_modules/sharp/lib/index.d.ts[0m:[93m1064[0m:[93m9[0m
    [7m1064[0m         channels: CreateChannels;
    [7m    [0m [96m        ~~~~~~~~[0m
    The expected type comes from property 'channels' which is declared here on type 'Create'

[[90m11:24:12 PM[0m] Found 11 errors. Watching for file changes.


> fhir-ehr-platform@1.0.0 start:dev
> nest start --watch

[2J[3J[H[[90m11:25:17 PM[0m] Starting compilation in watch mode...

[96msrc/imaging/brain-tumor-detection.service.ts[0m:[93m12[0m:[93m30[0m - [91merror[0m[90m TS2307: [0mCannot find module 'dicom-parser' or its corresponding type declarations.

[7m12[0m import * as dicomParser from 'dicom-parser';
[7m  [0m [91m                             ~~~~~~~~~~~~~~[0m

[96msrc/imaging/brain-tumor-detection.service.ts[0m:[93m229[0m:[93m26[0m - [91merror[0m[90m TS2769: [0mNo overload matches this call.
  Overload 1 of 2, '(options?: SharpOptions): Sharp', gave the following error.
    Type '1' is not assignable to type 'CreateChannels'.
  Overload 2 of 2, '(input?: SharpInput | SharpInput[], options?: SharpOptions): Sharp', gave the following error.
    Object literal may only specify known properties, and 'create' does not exist in type 'ArrayBuffer | Buffer<ArrayBufferLike> | Uint8Array<ArrayBufferLike> | Uint8ClampedArray<ArrayBufferLike> | ... 7 more ... | SharpInput[]'.

[7m229[0m             return await sharp({
[7m   [0m [91m                         ~~~~~[0m

  [96mnode_modules/sharp/lib/index.d.ts[0m:[93m1064[0m:[93m9[0m
    [7m1064[0m         channels: CreateChannels;
    [7m    [0m [96m        ~~~~~~~~[0m
    The expected type comes from property 'channels' which is declared here on type 'Create'

[96msrc/imaging/dicom.service.ts[0m:[93m12[0m:[93m30[0m - [91merror[0m[90m TS2307: [0mCannot find module 'dicom-parser' or its corresponding type declarations.

[7m12[0m import * as dicomParser from 'dicom-parser';
[7m  [0m [91m                             ~~~~~~~~~~~~~~[0m

[96msrc/imaging/dicom.service.ts[0m:[93m13[0m:[93m24[0m - [91merror[0m[90m TS2307: [0mCannot find module 'dcmjs' or its corresponding type declarations.

[7m13[0m import * as dcmjs from 'dcmjs';
[7m  [0m [91m                       ~~~~~~~[0m

[96msrc/imaging/dicom.service.ts[0m:[93m48[0m:[93m23[0m - [91merror[0m[90m TS2694: [0mNamespace 'global.Express' has no exported member 'Multer'.

[7m48[0m         file: Express.Multer.File,
[7m  [0m [91m                      ~~~~~~[0m

[96msrc/imaging/dicom.service.ts[0m:[93m285[0m:[93m38[0m - [91merror[0m[90m TS2769: [0mNo overload matches this call.
  Overload 1 of 2, '(options?: SharpOptions): Sharp', gave the following error.
    Type '1' is not assignable to type 'CreateChannels'.
  Overload 2 of 2, '(input?: SharpInput | SharpInput[], options?: SharpOptions): Sharp', gave the following error.
    Object literal may only specify known properties, and 'create' does not exist in type 'ArrayBuffer | Buffer<ArrayBufferLike> | Uint8Array<ArrayBufferLike> | Uint8ClampedArray<ArrayBufferLike> | ... 7 more ... | SharpInput[]'.

[7m285[0m             const placeholderImage = sharp({
[7m   [0m [91m                                     ~~~~~[0m

  [96mnode_modules/sharp/lib/index.d.ts[0m:[93m1064[0m:[93m9[0m
    [7m1064[0m         channels: CreateChannels;
    [7m    [0m [96m        ~~~~~~~~[0m
    The expected type comes from property 'channels' which is declared here on type 'Create'

[96msrc/imaging/imaging.controller.ts[0m:[93m108[0m:[93m41[0m - [91merror[0m[90m TS2694: [0mNamespace 'global.Express' has no exported member 'Multer'.

[7m108[0m         @UploadedFiles() files: Express.Multer.File[],
[7m   [0m [91m                                        ~~~~~~[0m

[96msrc/imaging/imaging.service.ts[0m:[93m23[0m:[93m24[0m - [91merror[0m[90m TS2694: [0mNamespace 'global.Express' has no exported member 'Multer'.

[7m23[0m         files: Express.Multer.File[],
[7m  [0m [91m                       ~~~~~~[0m

[96msrc/imaging/utils/dicom-test-utils.ts[0m:[93m4[0m:[93m30[0m - [91merror[0m[90m TS2307: [0mCannot find module 'dicom-parser' or its corresponding type declarations.

[7m4[0m import * as dicomParser from 'dicom-parser';
[7m [0m [91m                             ~~~~~~~~~~~~~~[0m

[96msrc/imaging/utils/dicom-test-utils.ts[0m:[93m5[0m:[93m24[0m - [91merror[0m[90m TS2307: [0mCannot find module 'dcmjs' or its corresponding type declarations.

[7m5[0m import * as dcmjs from 'dcmjs';
[7m [0m [91m                       ~~~~~~~[0m

[96msrc/imaging/utils/dicom-test-utils.ts[0m:[93m97[0m:[93m44[0m - [91merror[0m[90m TS2769: [0mNo overload matches this call.
  Overload 1 of 2, '(options?: SharpOptions): Sharp', gave the following error.
    Type '1' is not assignable to type 'CreateChannels'.
  Overload 2 of 2, '(input?: SharpInput | SharpInput[], options?: SharpOptions): Sharp', gave the following error.
    Object literal may only specify known properties, and 'create' does not exist in type 'ArrayBuffer | Buffer<ArrayBufferLike> | Uint8Array<ArrayBufferLike> | Uint8ClampedArray<ArrayBufferLike> | ... 7 more ... | SharpInput[]'.

[7m97[0m             const placeholderImage = await sharp({
[7m  [0m [91m                                           ~~~~~[0m

  [96mnode_modules/sharp/lib/index.d.ts[0m:[93m1064[0m:[93m9[0m
    [7m1064[0m         channels: CreateChannels;
    [7m    [0m [96m        ~~~~~~~~[0m
    The expected type comes from property 'channels' which is declared here on type 'Create'

[[90m11:25:28 PM[0m] Found 11 errors. Watching for file changes.


> fhir-ehr-platform@1.0.0 start:dev
> nest start --watch

[2J[3J[H[[90m11:26:27 PM[0m] Starting compilation in watch mode...

[96msrc/imaging/brain-tumor-detection.service.ts[0m:[93m12[0m:[93m30[0m - [91merror[0m[90m TS2307: [0mCannot find module 'dicom-parser' or its corresponding type declarations.

[7m12[0m import * as dicomParser from 'dicom-parser';
[7m  [0m [91m                             ~~~~~~~~~~~~~~[0m

[96msrc/imaging/brain-tumor-detection.service.ts[0m:[93m229[0m:[93m26[0m - [91merror[0m[90m TS2769: [0mNo overload matches this call.
  Overload 1 of 2, '(options?: SharpOptions): Sharp', gave the following error.
    Type '1' is not assignable to type 'CreateChannels'.
  Overload 2 of 2, '(input?: SharpInput | SharpInput[], options?: SharpOptions): Sharp', gave the following error.
    Object literal may only specify known properties, and 'create' does not exist in type 'ArrayBuffer | Buffer<ArrayBufferLike> | Uint8Array<ArrayBufferLike> | Uint8ClampedArray<ArrayBufferLike> | ... 7 more ... | SharpInput[]'.

[7m229[0m             return await sharp({
[7m   [0m [91m                         ~~~~~[0m

  [96mnode_modules/sharp/lib/index.d.ts[0m:[93m1064[0m:[93m9[0m
    [7m1064[0m         channels: CreateChannels;
    [7m    [0m [96m        ~~~~~~~~[0m
    The expected type comes from property 'channels' which is declared here on type 'Create'

[96msrc/imaging/dicom.service.ts[0m:[93m12[0m:[93m30[0m - [91merror[0m[90m TS2307: [0mCannot find module 'dicom-parser' or its corresponding type declarations.

[7m12[0m import * as dicomParser from 'dicom-parser';
[7m  [0m [91m                             ~~~~~~~~~~~~~~[0m

[96msrc/imaging/dicom.service.ts[0m:[93m13[0m:[93m24[0m - [91merror[0m[90m TS2307: [0mCannot find module 'dcmjs' or its corresponding type declarations.

[7m13[0m import * as dcmjs from 'dcmjs';
[7m  [0m [91m                       ~~~~~~~[0m

[96msrc/imaging/dicom.service.ts[0m:[93m48[0m:[93m23[0m - [91merror[0m[90m TS2694: [0mNamespace 'global.Express' has no exported member 'Multer'.

[7m48[0m         file: Express.Multer.File,
[7m  [0m [91m                      ~~~~~~[0m

[96msrc/imaging/dicom.service.ts[0m:[93m285[0m:[93m38[0m - [91merror[0m[90m TS2769: [0mNo overload matches this call.
  Overload 1 of 2, '(options?: SharpOptions): Sharp', gave the following error.
    Type '1' is not assignable to type 'CreateChannels'.
  Overload 2 of 2, '(input?: SharpInput | SharpInput[], options?: SharpOptions): Sharp', gave the following error.
    Object literal may only specify known properties, and 'create' does not exist in type 'ArrayBuffer | Buffer<ArrayBufferLike> | Uint8Array<ArrayBufferLike> | Uint8ClampedArray<ArrayBufferLike> | ... 7 more ... | SharpInput[]'.

[7m285[0m             const placeholderImage = sharp({
[7m   [0m [91m                                     ~~~~~[0m

  [96mnode_modules/sharp/lib/index.d.ts[0m:[93m1064[0m:[93m9[0m
    [7m1064[0m         channels: CreateChannels;
    [7m    [0m [96m        ~~~~~~~~[0m
    The expected type comes from property 'channels' which is declared here on type 'Create'

[96msrc/imaging/imaging.controller.ts[0m:[93m108[0m:[93m41[0m - [91merror[0m[90m TS2694: [0mNamespace 'global.Express' has no exported member 'Multer'.

[7m108[0m         @UploadedFiles() files: Express.Multer.File[],
[7m   [0m [91m                                        ~~~~~~[0m

[96msrc/imaging/imaging.service.ts[0m:[93m23[0m:[93m24[0m - [91merror[0m[90m TS2694: [0mNamespace 'global.Express' has no exported member 'Multer'.

[7m23[0m         files: Express.Multer.File[],
[7m  [0m [91m                       ~~~~~~[0m

[96msrc/imaging/utils/dicom-test-utils.ts[0m:[93m4[0m:[93m30[0m - [91merror[0m[90m TS2307: [0mCannot find module 'dicom-parser' or its corresponding type declarations.

[7m4[0m import * as dicomParser from 'dicom-parser';
[7m [0m [91m                             ~~~~~~~~~~~~~~[0m

[96msrc/imaging/utils/dicom-test-utils.ts[0m:[93m5[0m:[93m24[0m - [91merror[0m[90m TS2307: [0mCannot find module 'dcmjs' or its corresponding type declarations.

[7m5[0m import * as dcmjs from 'dcmjs';
[7m [0m [91m                       ~~~~~~~[0m

[96msrc/imaging/utils/dicom-test-utils.ts[0m:[93m97[0m:[93m44[0m - [91merror[0m[90m TS2769: [0mNo overload matches this call.
  Overload 1 of 2, '(options?: SharpOptions): Sharp', gave the following error.
    Type '1' is not assignable to type 'CreateChannels'.
  Overload 2 of 2, '(input?: SharpInput | SharpInput[], options?: SharpOptions): Sharp', gave the following error.
    Object literal may only specify known properties, and 'create' does not exist in type 'ArrayBuffer | Buffer<ArrayBufferLike> | Uint8Array<ArrayBufferLike> | Uint8ClampedArray<ArrayBufferLike> | ... 7 more ... | SharpInput[]'.

[7m97[0m             const placeholderImage = await sharp({
[7m  [0m [91m                                           ~~~~~[0m

  [96mnode_modules/sharp/lib/index.d.ts[0m:[93m1064[0m:[93m9[0m
    [7m1064[0m         channels: CreateChannels;
    [7m    [0m [96m        ~~~~~~~~[0m
    The expected type comes from property 'channels' which is declared here on type 'Create'

[[90m11:26:38 PM[0m] Found 11 errors. Watching for file changes.


> fhir-ehr-platform@1.0.0 start:dev
> nest start --watch

[2J[3J[H[[90m11:27:25 PM[0m] Starting compilation in watch mode...

[96msrc/imaging/brain-tumor-detection.service.ts[0m:[93m12[0m:[93m30[0m - [91merror[0m[90m TS2307: [0mCannot find module 'dicom-parser' or its corresponding type declarations.

[7m12[0m import * as dicomParser from 'dicom-parser';
[7m  [0m [91m                             ~~~~~~~~~~~~~~[0m

[96msrc/imaging/brain-tumor-detection.service.ts[0m:[93m229[0m:[93m26[0m - [91merror[0m[90m TS2769: [0mNo overload matches this call.
  Overload 1 of 2, '(options?: SharpOptions): Sharp', gave the following error.
    Type '1' is not assignable to type 'CreateChannels'.
  Overload 2 of 2, '(input?: SharpInput | SharpInput[], options?: SharpOptions): Sharp', gave the following error.
    Object literal may only specify known properties, and 'create' does not exist in type 'ArrayBuffer | Buffer<ArrayBufferLike> | Uint8Array<ArrayBufferLike> | Uint8ClampedArray<ArrayBufferLike> | ... 7 more ... | SharpInput[]'.

[7m229[0m             return await sharp({
[7m   [0m [91m                         ~~~~~[0m

  [96mnode_modules/sharp/lib/index.d.ts[0m:[93m1064[0m:[93m9[0m
    [7m1064[0m         channels: CreateChannels;
    [7m    [0m [96m        ~~~~~~~~[0m
    The expected type comes from property 'channels' which is declared here on type 'Create'

[96msrc/imaging/dicom.service.ts[0m:[93m12[0m:[93m30[0m - [91merror[0m[90m TS2307: [0mCannot find module 'dicom-parser' or its corresponding type declarations.

[7m12[0m import * as dicomParser from 'dicom-parser';
[7m  [0m [91m                             ~~~~~~~~~~~~~~[0m

[96msrc/imaging/dicom.service.ts[0m:[93m13[0m:[93m24[0m - [91merror[0m[90m TS2307: [0mCannot find module 'dcmjs' or its corresponding type declarations.

[7m13[0m import * as dcmjs from 'dcmjs';
[7m  [0m [91m                       ~~~~~~~[0m

[96msrc/imaging/dicom.service.ts[0m:[93m48[0m:[93m23[0m - [91merror[0m[90m TS2694: [0mNamespace 'global.Express' has no exported member 'Multer'.

[7m48[0m         file: Express.Multer.File,
[7m  [0m [91m                      ~~~~~~[0m

[96msrc/imaging/dicom.service.ts[0m:[93m285[0m:[93m38[0m - [91merror[0m[90m TS2769: [0mNo overload matches this call.
  Overload 1 of 2, '(options?: SharpOptions): Sharp', gave the following error.
    Type '1' is not assignable to type 'CreateChannels'.
  Overload 2 of 2, '(input?: SharpInput | SharpInput[], options?: SharpOptions): Sharp', gave the following error.
    Object literal may only specify known properties, and 'create' does not exist in type 'ArrayBuffer | Buffer<ArrayBufferLike> | Uint8Array<ArrayBufferLike> | Uint8ClampedArray<ArrayBufferLike> | ... 7 more ... | SharpInput[]'.

[7m285[0m             const placeholderImage = sharp({
[7m   [0m [91m                                     ~~~~~[0m

  [96mnode_modules/sharp/lib/index.d.ts[0m:[93m1064[0m:[93m9[0m
    [7m1064[0m         channels: CreateChannels;
    [7m    [0m [96m        ~~~~~~~~[0m
    The expected type comes from property 'channels' which is declared here on type 'Create'

[96msrc/imaging/imaging.controller.ts[0m:[93m108[0m:[93m41[0m - [91merror[0m[90m TS2694: [0mNamespace 'global.Express' has no exported member 'Multer'.

[7m108[0m         @UploadedFiles() files: Express.Multer.File[],
[7m   [0m [91m                                        ~~~~~~[0m

[96msrc/imaging/imaging.service.ts[0m:[93m23[0m:[93m24[0m - [91merror[0m[90m TS2694: [0mNamespace 'global.Express' has no exported member 'Multer'.

[7m23[0m         files: Express.Multer.File[],
[7m  [0m [91m                       ~~~~~~[0m

[96msrc/imaging/utils/dicom-test-utils.ts[0m:[93m4[0m:[93m30[0m - [91merror[0m[90m TS2307: [0mCannot find module 'dicom-parser' or its corresponding type declarations.

[7m4[0m import * as dicomParser from 'dicom-parser';
[7m [0m [91m                             ~~~~~~~~~~~~~~[0m

[96msrc/imaging/utils/dicom-test-utils.ts[0m:[93m5[0m:[93m24[0m - [91merror[0m[90m TS2307: [0mCannot find module 'dcmjs' or its corresponding type declarations.

[7m5[0m import * as dcmjs from 'dcmjs';
[7m [0m [91m                       ~~~~~~~[0m

[96msrc/imaging/utils/dicom-test-utils.ts[0m:[93m97[0m:[93m44[0m - [91merror[0m[90m TS2769: [0mNo overload matches this call.
  Overload 1 of 2, '(options?: SharpOptions): Sharp', gave the following error.
    Type '1' is not assignable to type 'CreateChannels'.
  Overload 2 of 2, '(input?: SharpInput | SharpInput[], options?: SharpOptions): Sharp', gave the following error.
    Object literal may only specify known properties, and 'create' does not exist in type 'ArrayBuffer | Buffer<ArrayBufferLike> | Uint8Array<ArrayBufferLike> | Uint8ClampedArray<ArrayBufferLike> | ... 7 more ... | SharpInput[]'.

[7m97[0m             const placeholderImage = await sharp({
[7m  [0m [91m                                           ~~~~~[0m

  [96mnode_modules/sharp/lib/index.d.ts[0m:[93m1064[0m:[93m9[0m
    [7m1064[0m         channels: CreateChannels;
    [7m    [0m [96m        ~~~~~~~~[0m
    The expected type comes from property 'channels' which is declared here on type 'Create'

[[90m11:27:38 PM[0m] Found 11 errors. Watching for file changes.

[2J[3J[H[[90m11:27:38 PM[0m] File change detected. Starting incremental compilation...

[96msrc/imaging/brain-tumor-detection.service.ts[0m:[93m12[0m:[93m30[0m - [91merror[0m[90m TS2307: [0mCannot find module 'dicom-parser' or its corresponding type declarations.

[7m12[0m import * as dicomParser from 'dicom-parser';
[7m  [0m [91m                             ~~~~~~~~~~~~~~[0m

[96msrc/imaging/dicom.service.ts[0m:[93m12[0m:[93m30[0m - [91merror[0m[90m TS2307: [0mCannot find module 'dicom-parser' or its corresponding type declarations.

[7m12[0m import * as dicomParser from 'dicom-parser';
[7m  [0m [91m                             ~~~~~~~~~~~~~~[0m

[96msrc/imaging/dicom.service.ts[0m:[93m13[0m:[93m24[0m - [91merror[0m[90m TS2307: [0mCannot find module 'dcmjs' or its corresponding type declarations.

[7m13[0m import * as dcmjs from 'dcmjs';
[7m  [0m [91m                       ~~~~~~~[0m

[96msrc/imaging/dicom.service.ts[0m:[93m48[0m:[93m23[0m - [91merror[0m[90m TS2694: [0mNamespace 'global.Express' has no exported member 'Multer'.

[7m48[0m         file: Express.Multer.File,
[7m  [0m [91m                      ~~~~~~[0m

[96msrc/imaging/dicom.service.ts[0m:[93m285[0m:[93m38[0m - [91merror[0m[90m TS2769: [0mNo overload matches this call.
  Overload 1 of 2, '(options?: SharpOptions): Sharp', gave the following error.
    Type '1' is not assignable to type 'CreateChannels'.
  Overload 2 of 2, '(input?: SharpInput | SharpInput[], options?: SharpOptions): Sharp', gave the following error.
    Object literal may only specify known properties, and 'create' does not exist in type 'ArrayBuffer | Buffer<ArrayBufferLike> | Uint8Array<ArrayBufferLike> | Uint8ClampedArray<ArrayBufferLike> | ... 7 more ... | SharpInput[]'.

[7m285[0m             const placeholderImage = sharp({
[7m   [0m [91m                                     ~~~~~[0m

  [96mnode_modules/sharp/lib/index.d.ts[0m:[93m1064[0m:[93m9[0m
    [7m1064[0m         channels: CreateChannels;
    [7m    [0m [96m        ~~~~~~~~[0m
    The expected type comes from property 'channels' which is declared here on type 'Create'

[96msrc/imaging/imaging.controller.ts[0m:[93m108[0m:[93m41[0m - [91merror[0m[90m TS2694: [0mNamespace 'global.Express' has no exported member 'Multer'.

[7m108[0m         @UploadedFiles() files: Express.Multer.File[],
[7m   [0m [91m                                        ~~~~~~[0m

[96msrc/imaging/imaging.service.ts[0m:[93m23[0m:[93m24[0m - [91merror[0m[90m TS2694: [0mNamespace 'global.Express' has no exported member 'Multer'.

[7m23[0m         files: Express.Multer.File[],
[7m  [0m [91m                       ~~~~~~[0m

[96msrc/imaging/utils/dicom-test-utils.ts[0m:[93m4[0m:[93m30[0m - [91merror[0m[90m TS2307: [0mCannot find module 'dicom-parser' or its corresponding type declarations.

[7m4[0m import * as dicomParser from 'dicom-parser';
[7m [0m [91m                             ~~~~~~~~~~~~~~[0m

[96msrc/imaging/utils/dicom-test-utils.ts[0m:[93m5[0m:[93m24[0m - [91merror[0m[90m TS2307: [0mCannot find module 'dcmjs' or its corresponding type declarations.

[7m5[0m import * as dcmjs from 'dcmjs';
[7m [0m [91m                       ~~~~~~~[0m

[96msrc/imaging/utils/dicom-test-utils.ts[0m:[93m97[0m:[93m44[0m - [91merror[0m[90m TS2769: [0mNo overload matches this call.
  Overload 1 of 2, '(options?: SharpOptions): Sharp', gave the following error.
    Type '1' is not assignable to type 'CreateChannels'.
  Overload 2 of 2, '(input?: SharpInput | SharpInput[], options?: SharpOptions): Sharp', gave the following error.
    Object literal may only specify known properties, and 'create' does not exist in type 'ArrayBuffer | Buffer<ArrayBufferLike> | Uint8Array<ArrayBufferLike> | Uint8ClampedArray<ArrayBufferLike> | ... 7 more ... | SharpInput[]'.

[7m97[0m             const placeholderImage = await sharp({
[7m  [0m [91m                                           ~~~~~[0m

  [96mnode_modules/sharp/lib/index.d.ts[0m:[93m1064[0m:[93m9[0m
    [7m1064[0m         channels: CreateChannels;
    [7m    [0m [96m        ~~~~~~~~[0m
    The expected type comes from property 'channels' which is declared here on type 'Create'

[[90m11:27:40 PM[0m] Found 10 errors. Watching for file changes.

[2J[3J[H[[90m11:27:55 PM[0m] File change detected. Starting incremental compilation...

[96msrc/imaging/brain-tumor-detection.service.ts[0m:[93m12[0m:[93m30[0m - [91merror[0m[90m TS2307: [0mCannot find module 'dicom-parser' or its corresponding type declarations.

[7m12[0m import * as dicomParser from 'dicom-parser';
[7m  [0m [91m                             ~~~~~~~~~~~~~~[0m

[96msrc/imaging/dicom.service.ts[0m:[93m12[0m:[93m30[0m - [91merror[0m[90m TS2307: [0mCannot find module 'dicom-parser' or its corresponding type declarations.

[7m12[0m import * as dicomParser from 'dicom-parser';
[7m  [0m [91m                             ~~~~~~~~~~~~~~[0m

[96msrc/imaging/dicom.service.ts[0m:[93m13[0m:[93m24[0m - [91merror[0m[90m TS2307: [0mCannot find module 'dcmjs' or its corresponding type declarations.

[7m13[0m import * as dcmjs from 'dcmjs';
[7m  [0m [91m                       ~~~~~~~[0m

[96msrc/imaging/dicom.service.ts[0m:[93m48[0m:[93m23[0m - [91merror[0m[90m TS2694: [0mNamespace 'global.Express' has no exported member 'Multer'.

[7m48[0m         file: Express.Multer.File,
[7m  [0m [91m                      ~~~~~~[0m

[96msrc/imaging/imaging.controller.ts[0m:[93m108[0m:[93m41[0m - [91merror[0m[90m TS2694: [0mNamespace 'global.Express' has no exported member 'Multer'.

[7m108[0m         @UploadedFiles() files: Express.Multer.File[],
[7m   [0m [91m                                        ~~~~~~[0m

[96msrc/imaging/imaging.service.ts[0m:[93m23[0m:[93m24[0m - [91merror[0m[90m TS2694: [0mNamespace 'global.Express' has no exported member 'Multer'.

[7m23[0m         files: Express.Multer.File[],
[7m  [0m [91m                       ~~~~~~[0m

[96msrc/imaging/utils/dicom-test-utils.ts[0m:[93m4[0m:[93m30[0m - [91merror[0m[90m TS2307: [0mCannot find module 'dicom-parser' or its corresponding type declarations.

[7m4[0m import * as dicomParser from 'dicom-parser';
[7m [0m [91m                             ~~~~~~~~~~~~~~[0m

[96msrc/imaging/utils/dicom-test-utils.ts[0m:[93m5[0m:[93m24[0m - [91merror[0m[90m TS2307: [0mCannot find module 'dcmjs' or its corresponding type declarations.

[7m5[0m import * as dcmjs from 'dcmjs';
[7m [0m [91m                       ~~~~~~~[0m

[96msrc/imaging/utils/dicom-test-utils.ts[0m:[93m97[0m:[93m44[0m - [91merror[0m[90m TS2769: [0mNo overload matches this call.
  Overload 1 of 2, '(options?: SharpOptions): Sharp', gave the following error.
    Type '1' is not assignable to type 'CreateChannels'.
  Overload 2 of 2, '(input?: SharpInput | SharpInput[], options?: SharpOptions): Sharp', gave the following error.
    Object literal may only specify known properties, and 'create' does not exist in type 'ArrayBuffer | Buffer<ArrayBufferLike> | Uint8Array<ArrayBufferLike> | Uint8ClampedArray<ArrayBufferLike> | ... 7 more ... | SharpInput[]'.

[7m97[0m             const placeholderImage = await sharp({
[7m  [0m [91m                                           ~~~~~[0m

  [96mnode_modules/sharp/lib/index.d.ts[0m:[93m1064[0m:[93m9[0m
    [7m1064[0m         channels: CreateChannels;
    [7m    [0m [96m        ~~~~~~~~[0m
    The expected type comes from property 'channels' which is declared here on type 'Create'

[[90m11:27:57 PM[0m] Found 9 errors. Watching for file changes.

[2J[3J[H[[90m11:27:58 PM[0m] File change detected. Starting incremental compilation...

[96msrc/imaging/brain-tumor-detection.service.ts[0m:[93m12[0m:[93m30[0m - [91merror[0m[90m TS2307: [0mCannot find module 'dicom-parser' or its corresponding type declarations.

[7m12[0m import * as dicomParser from 'dicom-parser';
[7m  [0m [91m                             ~~~~~~~~~~~~~~[0m

[96msrc/imaging/dicom.service.ts[0m:[93m12[0m:[93m30[0m - [91merror[0m[90m TS2307: [0mCannot find module 'dicom-parser' or its corresponding type declarations.

[7m12[0m import * as dicomParser from 'dicom-parser';
[7m  [0m [91m                             ~~~~~~~~~~~~~~[0m

[96msrc/imaging/dicom.service.ts[0m:[93m13[0m:[93m24[0m - [91merror[0m[90m TS2307: [0mCannot find module 'dcmjs' or its corresponding type declarations.

[7m13[0m import * as dcmjs from 'dcmjs';
[7m  [0m [91m                       ~~~~~~~[0m

[96msrc/imaging/dicom.service.ts[0m:[93m48[0m:[93m23[0m - [91merror[0m[90m TS2694: [0mNamespace 'global.Express' has no exported member 'Multer'.

[7m48[0m         file: Express.Multer.File,
[7m  [0m [91m                      ~~~~~~[0m

[96msrc/imaging/imaging.controller.ts[0m:[93m108[0m:[93m41[0m - [91merror[0m[90m TS2694: [0mNamespace 'global.Express' has no exported member 'Multer'.

[7m108[0m         @UploadedFiles() files: Express.Multer.File[],
[7m   [0m [91m                                        ~~~~~~[0m

[96msrc/imaging/imaging.service.ts[0m:[93m23[0m:[93m24[0m - [91merror[0m[90m TS2694: [0mNamespace 'global.Express' has no exported member 'Multer'.

[7m23[0m         files: Express.Multer.File[],
[7m  [0m [91m                       ~~~~~~[0m

[96msrc/imaging/utils/dicom-test-utils.ts[0m:[93m4[0m:[93m30[0m - [91merror[0m[90m TS2307: [0mCannot find module 'dicom-parser' or its corresponding type declarations.

[7m4[0m import * as dicomParser from 'dicom-parser';
[7m [0m [91m                             ~~~~~~~~~~~~~~[0m

[96msrc/imaging/utils/dicom-test-utils.ts[0m:[93m5[0m:[93m24[0m - [91merror[0m[90m TS2307: [0mCannot find module 'dcmjs' or its corresponding type declarations.

[7m5[0m import * as dcmjs from 'dcmjs';
[7m [0m [91m                       ~~~~~~~[0m

[96msrc/imaging/utils/dicom-test-utils.ts[0m:[93m97[0m:[93m44[0m - [91merror[0m[90m TS2769: [0mNo overload matches this call.
  Overload 1 of 2, '(options?: SharpOptions): Sharp', gave the following error.
    Type '1' is not assignable to type 'CreateChannels'.
  Overload 2 of 2, '(input?: SharpInput | SharpInput[], options?: SharpOptions): Sharp', gave the following error.
    Object literal may only specify known properties, and 'create' does not exist in type 'ArrayBuffer | Buffer<ArrayBufferLike> | Uint8Array<ArrayBufferLike> | Uint8ClampedArray<ArrayBufferLike> | ... 7 more ... | SharpInput[]'.

[7m97[0m             const placeholderImage = await sharp({
[7m  [0m [91m                                           ~~~~~[0m

  [96mnode_modules/sharp/lib/index.d.ts[0m:[93m1064[0m:[93m9[0m
    [7m1064[0m         channels: CreateChannels;
    [7m    [0m [96m        ~~~~~~~~[0m
    The expected type comes from property 'channels' which is declared here on type 'Create'

[[90m11:28:00 PM[0m] Found 9 errors. Watching for file changes.

[2J[3J[H[[90m11:28:21 PM[0m] File change detected. Starting incremental compilation...

[96msrc/imaging/brain-tumor-detection.service.ts[0m:[93m12[0m:[93m30[0m - [91merror[0m[90m TS2307: [0mCannot find module 'dicom-parser' or its corresponding type declarations.

[7m12[0m import * as dicomParser from 'dicom-parser';
[7m  [0m [91m                             ~~~~~~~~~~~~~~[0m

[96msrc/imaging/dicom.service.ts[0m:[93m12[0m:[93m30[0m - [91merror[0m[90m TS2307: [0mCannot find module 'dicom-parser' or its corresponding type declarations.

[7m12[0m import * as dicomParser from 'dicom-parser';
[7m  [0m [91m                             ~~~~~~~~~~~~~~[0m

[96msrc/imaging/dicom.service.ts[0m:[93m13[0m:[93m24[0m - [91merror[0m[90m TS2307: [0mCannot find module 'dcmjs' or its corresponding type declarations.

[7m13[0m import * as dcmjs from 'dcmjs';
[7m  [0m [91m                       ~~~~~~~[0m

[96msrc/imaging/dicom.service.ts[0m:[93m48[0m:[93m23[0m - [91merror[0m[90m TS2694: [0mNamespace 'global.Express' has no exported member 'Multer'.

[7m48[0m         file: Express.Multer.File,
[7m  [0m [91m                      ~~~~~~[0m

[96msrc/imaging/imaging.controller.ts[0m:[93m108[0m:[93m41[0m - [91merror[0m[90m TS2694: [0mNamespace 'global.Express' has no exported member 'Multer'.

[7m108[0m         @UploadedFiles() files: Express.Multer.File[],
[7m   [0m [91m                                        ~~~~~~[0m

[96msrc/imaging/imaging.service.ts[0m:[93m23[0m:[93m24[0m - [91merror[0m[90m TS2694: [0mNamespace 'global.Express' has no exported member 'Multer'.

[7m23[0m         files: Express.Multer.File[],
[7m  [0m [91m                       ~~~~~~[0m

[96msrc/imaging/utils/dicom-test-utils.ts[0m:[93m4[0m:[93m30[0m - [91merror[0m[90m TS2307: [0mCannot find module 'dicom-parser' or its corresponding type declarations.

[7m4[0m import * as dicomParser from 'dicom-parser';
[7m [0m [91m                             ~~~~~~~~~~~~~~[0m

[96msrc/imaging/utils/dicom-test-utils.ts[0m:[93m5[0m:[93m24[0m - [91merror[0m[90m TS2307: [0mCannot find module 'dcmjs' or its corresponding type declarations.

[7m5[0m import * as dcmjs from 'dcmjs';
[7m [0m [91m                       ~~~~~~~[0m

[[90m11:28:22 PM[0m] Found 8 errors. Watching for file changes.

[2J[3J[H[[90m11:28:23 PM[0m] File change detected. Starting incremental compilation...

[96msrc/imaging/brain-tumor-detection.service.ts[0m:[93m12[0m:[93m30[0m - [91merror[0m[90m TS2307: [0mCannot find module 'dicom-parser' or its corresponding type declarations.

[7m12[0m import * as dicomParser from 'dicom-parser';
[7m  [0m [91m                             ~~~~~~~~~~~~~~[0m

[96msrc/imaging/dicom.service.ts[0m:[93m12[0m:[93m30[0m - [91merror[0m[90m TS2307: [0mCannot find module 'dicom-parser' or its corresponding type declarations.

[7m12[0m import * as dicomParser from 'dicom-parser';
[7m  [0m [91m                             ~~~~~~~~~~~~~~[0m

[96msrc/imaging/dicom.service.ts[0m:[93m13[0m:[93m24[0m - [91merror[0m[90m TS2307: [0mCannot find module 'dcmjs' or its corresponding type declarations.

[7m13[0m import * as dcmjs from 'dcmjs';
[7m  [0m [91m                       ~~~~~~~[0m

[96msrc/imaging/dicom.service.ts[0m:[93m48[0m:[93m23[0m - [91merror[0m[90m TS2694: [0mNamespace 'global.Express' has no exported member 'Multer'.

[7m48[0m         file: Express.Multer.File,
[7m  [0m [91m                      ~~~~~~[0m

[96msrc/imaging/imaging.controller.ts[0m:[93m108[0m:[93m41[0m - [91merror[0m[90m TS2694: [0mNamespace 'global.Express' has no exported member 'Multer'.

[7m108[0m         @UploadedFiles() files: Express.Multer.File[],
[7m   [0m [91m                                        ~~~~~~[0m

[96msrc/imaging/imaging.service.ts[0m:[93m23[0m:[93m24[0m - [91merror[0m[90m TS2694: [0mNamespace 'global.Express' has no exported member 'Multer'.

[7m23[0m         files: Express.Multer.File[],
[7m  [0m [91m                       ~~~~~~[0m

[96msrc/imaging/utils/dicom-test-utils.ts[0m:[93m4[0m:[93m30[0m - [91merror[0m[90m TS2307: [0mCannot find module 'dicom-parser' or its corresponding type declarations.

[7m4[0m import * as dicomParser from 'dicom-parser';
[7m [0m [91m                             ~~~~~~~~~~~~~~[0m

[96msrc/imaging/utils/dicom-test-utils.ts[0m:[93m5[0m:[93m24[0m - [91merror[0m[90m TS2307: [0mCannot find module 'dcmjs' or its corresponding type declarations.

[7m5[0m import * as dcmjs from 'dcmjs';
[7m [0m [91m                       ~~~~~~~[0m

[[90m11:28:23 PM[0m] Found 8 errors. Watching for file changes.

[2J[3J[H[[90m11:29:24 PM[0m] File change detected. Starting incremental compilation...

[96msrc/imaging/brain-tumor-detection.service.ts[0m:[93m12[0m:[93m30[0m - [91merror[0m[90m TS2307: [0mCannot find module 'dicom-parser' or its corresponding type declarations.

[7m12[0m import * as dicomParser from 'dicom-parser';
[7m  [0m [91m                             ~~~~~~~~~~~~~~[0m

[96msrc/imaging/dicom.service.ts[0m:[93m12[0m:[93m30[0m - [91merror[0m[90m TS2307: [0mCannot find module 'dicom-parser' or its corresponding type declarations.

[7m12[0m import * as dicomParser from 'dicom-parser';
[7m  [0m [91m                             ~~~~~~~~~~~~~~[0m

[96msrc/imaging/dicom.service.ts[0m:[93m13[0m:[93m24[0m - [91merror[0m[90m TS2307: [0mCannot find module 'dcmjs' or its corresponding type declarations.

[7m13[0m import * as dcmjs from 'dcmjs';
[7m  [0m [91m                       ~~~~~~~[0m

[96msrc/imaging/dicom.service.ts[0m:[93m48[0m:[93m23[0m - [91merror[0m[90m TS2694: [0mNamespace 'global.Express' has no exported member 'Multer'.

[7m48[0m         file: Express.Multer.File,
[7m  [0m [91m                      ~~~~~~[0m

[96msrc/imaging/imaging.controller.ts[0m:[93m108[0m:[93m41[0m - [91merror[0m[90m TS2694: [0mNamespace 'global.Express' has no exported member 'Multer'.

[7m108[0m         @UploadedFiles() files: Express.Multer.File[],
[7m   [0m [91m                                        ~~~~~~[0m

[96msrc/imaging/imaging.service.ts[0m:[93m23[0m:[93m24[0m - [91merror[0m[90m TS2694: [0mNamespace 'global.Express' has no exported member 'Multer'.

[7m23[0m         files: Express.Multer.File[],
[7m  [0m [91m                       ~~~~~~[0m

[96msrc/imaging/utils/dicom-test-utils.ts[0m:[93m4[0m:[93m30[0m - [91merror[0m[90m TS2307: [0mCannot find module 'dicom-parser' or its corresponding type declarations.

[7m4[0m import * as dicomParser from 'dicom-parser';
[7m [0m [91m                             ~~~~~~~~~~~~~~[0m

[96msrc/imaging/utils/dicom-test-utils.ts[0m:[93m5[0m:[93m24[0m - [91merror[0m[90m TS2307: [0mCannot find module 'dcmjs' or its corresponding type declarations.

[7m5[0m import * as dcmjs from 'dcmjs';
[7m [0m [91m                       ~~~~~~~[0m

[[90m11:29:26 PM[0m] Found 8 errors. Watching for file changes.


> fhir-ehr-platform@1.0.0 start:dev
> nest start --watch

[2J[3J[H[[90m11:30:10 PM[0m] Starting compilation in watch mode...

[96msrc/imaging/brain-tumor-detection.service.ts[0m:[93m12[0m:[93m30[0m - [91merror[0m[90m TS2307: [0mCannot find module 'dicom-parser' or its corresponding type declarations.

[7m12[0m import * as dicomParser from 'dicom-parser';
[7m  [0m [91m                             ~~~~~~~~~~~~~~[0m

[96msrc/imaging/dicom.service.ts[0m:[93m12[0m:[93m30[0m - [91merror[0m[90m TS2307: [0mCannot find module 'dicom-parser' or its corresponding type declarations.

[7m12[0m import * as dicomParser from 'dicom-parser';
[7m  [0m [91m                             ~~~~~~~~~~~~~~[0m

[96msrc/imaging/dicom.service.ts[0m:[93m13[0m:[93m24[0m - [91merror[0m[90m TS2307: [0mCannot find module 'dcmjs' or its corresponding type declarations.

[7m13[0m import * as dcmjs from 'dcmjs';
[7m  [0m [91m                       ~~~~~~~[0m

[96msrc/imaging/dicom.service.ts[0m:[93m48[0m:[93m23[0m - [91merror[0m[90m TS2694: [0mNamespace 'global.Express' has no exported member 'Multer'.

[7m48[0m         file: Express.Multer.File,
[7m  [0m [91m                      ~~~~~~[0m

[96msrc/imaging/imaging.controller.ts[0m:[93m108[0m:[93m41[0m - [91merror[0m[90m TS2694: [0mNamespace 'global.Express' has no exported member 'Multer'.

[7m108[0m         @UploadedFiles() files: Express.Multer.File[],
[7m   [0m [91m                                        ~~~~~~[0m

[96msrc/imaging/imaging.service.ts[0m:[93m23[0m:[93m24[0m - [91merror[0m[90m TS2694: [0mNamespace 'global.Express' has no exported member 'Multer'.

[7m23[0m         files: Express.Multer.File[],
[7m  [0m [91m                       ~~~~~~[0m

[96msrc/imaging/utils/dicom-test-utils.ts[0m:[93m4[0m:[93m30[0m - [91merror[0m[90m TS2307: [0mCannot find module 'dicom-parser' or its corresponding type declarations.

[7m4[0m import * as dicomParser from 'dicom-parser';
[7m [0m [91m                             ~~~~~~~~~~~~~~[0m

[96msrc/imaging/utils/dicom-test-utils.ts[0m:[93m5[0m:[93m24[0m - [91merror[0m[90m TS2307: [0mCannot find module 'dcmjs' or its corresponding type declarations.

[7m5[0m import * as dcmjs from 'dcmjs';
[7m [0m [91m                       ~~~~~~~[0m

[[90m11:30:22 PM[0m] Found 8 errors. Watching for file changes.

[2J[3J[H[[90m11:32:50 PM[0m] File change detected. Starting incremental compilation...

[96msrc/imaging/brain-tumor-detection.service.ts[0m:[93m12[0m:[93m30[0m - [91merror[0m[90m TS2307: [0mCannot find module 'dicom-parser' or its corresponding type declarations.

[7m12[0m import * as dicomParser from 'dicom-parser';
[7m  [0m [91m                             ~~~~~~~~~~~~~~[0m

[96msrc/imaging/dicom.service.ts[0m:[93m12[0m:[93m30[0m - [91merror[0m[90m TS2307: [0mCannot find module 'dicom-parser' or its corresponding type declarations.

[7m12[0m import * as dicomParser from 'dicom-parser';
[7m  [0m [91m                             ~~~~~~~~~~~~~~[0m

[96msrc/imaging/dicom.service.ts[0m:[93m13[0m:[93m24[0m - [91merror[0m[90m TS2307: [0mCannot find module 'dcmjs' or its corresponding type declarations.

[7m13[0m import * as dcmjs from 'dcmjs';
[7m  [0m [91m                       ~~~~~~~[0m

[96msrc/imaging/dicom.service.ts[0m:[93m48[0m:[93m23[0m - [91merror[0m[90m TS2694: [0mNamespace 'global.Express' has no exported member 'Multer'.

[7m48[0m         file: Express.Multer.File,
[7m  [0m [91m                      ~~~~~~[0m

[96msrc/imaging/imaging.controller.ts[0m:[93m108[0m:[93m41[0m - [91merror[0m[90m TS2694: [0mNamespace 'global.Express' has no exported member 'Multer'.

[7m108[0m         @UploadedFiles() files: Express.Multer.File[],
[7m   [0m [91m                                        ~~~~~~[0m

[96msrc/imaging/imaging.service.ts[0m:[93m23[0m:[93m24[0m - [91merror[0m[90m TS2694: [0mNamespace 'global.Express' has no exported member 'Multer'.

[7m23[0m         files: Express.Multer.File[],
[7m  [0m [91m                       ~~~~~~[0m

[96msrc/imaging/utils/dicom-test-utils.ts[0m:[93m4[0m:[93m30[0m - [91merror[0m[90m TS2307: [0mCannot find module 'dicom-parser' or its corresponding type declarations.

[7m4[0m import * as dicomParser from 'dicom-parser';
[7m [0m [91m                             ~~~~~~~~~~~~~~[0m

[96msrc/imaging/utils/dicom-test-utils.ts[0m:[93m5[0m:[93m24[0m - [91merror[0m[90m TS2307: [0mCannot find module 'dcmjs' or its corresponding type declarations.

[7m5[0m import * as dcmjs from 'dcmjs';
[7m [0m [91m                       ~~~~~~~[0m

[[90m11:32:52 PM[0m] Found 8 errors. Watching for file changes.

[2J[3J[H[[90m11:34:23 PM[0m] File change detected. Starting incremental compilation...

[96msrc/imaging/brain-tumor-detection.service.ts[0m:[93m12[0m:[93m30[0m - [91merror[0m[90m TS2307: [0mCannot find module 'dicom-parser' or its corresponding type declarations.

[7m12[0m import * as dicomParser from 'dicom-parser';
[7m  [0m [91m                             ~~~~~~~~~~~~~~[0m

[96msrc/imaging/dicom.service.ts[0m:[93m12[0m:[93m30[0m - [91merror[0m[90m TS2307: [0mCannot find module 'dicom-parser' or its corresponding type declarations.

[7m12[0m import * as dicomParser from 'dicom-parser';
[7m  [0m [91m                             ~~~~~~~~~~~~~~[0m

[96msrc/imaging/dicom.service.ts[0m:[93m13[0m:[93m24[0m - [91merror[0m[90m TS2307: [0mCannot find module 'dcmjs' or its corresponding type declarations.

[7m13[0m import * as dcmjs from 'dcmjs';
[7m  [0m [91m                       ~~~~~~~[0m

[96msrc/imaging/dicom.service.ts[0m:[93m48[0m:[93m23[0m - [91merror[0m[90m TS2694: [0mNamespace 'global.Express' has no exported member 'Multer'.

[7m48[0m         file: Express.Multer.File,
[7m  [0m [91m                      ~~~~~~[0m

[96msrc/imaging/imaging.controller.ts[0m:[93m108[0m:[93m41[0m - [91merror[0m[90m TS2694: [0mNamespace 'global.Express' has no exported member 'Multer'.

[7m108[0m         @UploadedFiles() files: Express.Multer.File[],
[7m   [0m [91m                                        ~~~~~~[0m

[96msrc/imaging/imaging.service.ts[0m:[93m23[0m:[93m24[0m - [91merror[0m[90m TS2694: [0mNamespace 'global.Express' has no exported member 'Multer'.

[7m23[0m         files: Express.Multer.File[],
[7m  [0m [91m                       ~~~~~~[0m

[96msrc/imaging/utils/dicom-test-utils.ts[0m:[93m4[0m:[93m30[0m - [91merror[0m[90m TS2307: [0mCannot find module 'dicom-parser' or its corresponding type declarations.

[7m4[0m import * as dicomParser from 'dicom-parser';
[7m [0m [91m                             ~~~~~~~~~~~~~~[0m

[96msrc/imaging/utils/dicom-test-utils.ts[0m:[93m5[0m:[93m24[0m - [91merror[0m[90m TS2307: [0mCannot find module 'dcmjs' or its corresponding type declarations.

[7m5[0m import * as dcmjs from 'dcmjs';
[7m [0m [91m                       ~~~~~~~[0m

[[90m11:34:23 PM[0m] Found 8 errors. Watching for file changes.

[2J[3J[H[[90m11:34:27 PM[0m] File change detected. Starting incremental compilation...

[96msrc/imaging/brain-tumor-detection.service.ts[0m:[93m12[0m:[93m30[0m - [91merror[0m[90m TS2307: [0mCannot find module 'dicom-parser' or its corresponding type declarations.

[7m12[0m import * as dicomParser from 'dicom-parser';
[7m  [0m [91m                             ~~~~~~~~~~~~~~[0m

[96msrc/imaging/dicom.service.ts[0m:[93m12[0m:[93m30[0m - [91merror[0m[90m TS2307: [0mCannot find module 'dicom-parser' or its corresponding type declarations.

[7m12[0m import * as dicomParser from 'dicom-parser';
[7m  [0m [91m                             ~~~~~~~~~~~~~~[0m

[96msrc/imaging/dicom.service.ts[0m:[93m13[0m:[93m24[0m - [91merror[0m[90m TS2307: [0mCannot find module 'dcmjs' or its corresponding type declarations.

[7m13[0m import * as dcmjs from 'dcmjs';
[7m  [0m [91m                       ~~~~~~~[0m

[96msrc/imaging/dicom.service.ts[0m:[93m55[0m:[93m56[0m - [91merror[0m[90m TS2339: [0mProperty 'buffer' does not exist on type 'File'.

[7m55[0m             const dicomData = this.parseDicomFile(file.buffer);
[7m  [0m [91m                                                       ~~~~~~[0m

[96msrc/imaging/dicom.service.ts[0m:[93m70[0m:[93m50[0m - [91merror[0m[90m TS2339: [0mProperty 'buffer' does not exist on type 'File'.

[7m70[0m             fs.writeFileSync(dicomFilePath, file.buffer);
[7m  [0m [91m                                                 ~~~~~~[0m

[96msrc/imaging/dicom.service.ts[0m:[93m73[0m:[93m69[0m - [91merror[0m[90m TS2339: [0mProperty 'buffer' does not exist on type 'File'.

[7m73[0m             const thumbnailPath = await this.generateThumbnail(file.buffer, seriesDir, sopInstanceUID);
[7m  [0m [91m                                                                    ~~~~~~[0m

[96msrc/imaging/dicom.service.ts[0m:[93m129[0m:[93m48[0m - [91merror[0m[90m TS2339: [0mProperty 'originalname' does not exist on type 'File'.

[7m129[0m                         originalFilename: file.originalname,
[7m   [0m [91m                                               ~~~~~~~~~~~~[0m

[96msrc/imaging/dicom.service.ts[0m:[93m197[0m:[93m44[0m - [91merror[0m[90m TS2339: [0mProperty 'originalname' does not exist on type 'File'.

[7m197[0m                     originalFilename: file.originalname,
[7m   [0m [91m                                           ~~~~~~~~~~~~[0m

[96msrc/imaging/imaging.controller.ts[0m:[93m142[0m:[93m40[0m - [91merror[0m[90m TS2339: [0mProperty 'path' does not exist on type 'File'.

[7m142[0m                     fs.unlinkSync(file.path);
[7m   [0m [91m                                       ~~~~[0m

[96msrc/imaging/imaging.controller.ts[0m:[93m144[0m:[93m70[0m - [91merror[0m[90m TS2339: [0mProperty 'path' does not exist on type 'File'.

[7m144[0m                     console.error(`Failed to delete temp file ${file.path}`, err);
[7m   [0m [91m                                                                     ~~~~[0m

[96msrc/imaging/utils/dicom-test-utils.ts[0m:[93m4[0m:[93m30[0m - [91merror[0m[90m TS2307: [0mCannot find module 'dicom-parser' or its corresponding type declarations.

[7m4[0m import * as dicomParser from 'dicom-parser';
[7m [0m [91m                             ~~~~~~~~~~~~~~[0m

[96msrc/imaging/utils/dicom-test-utils.ts[0m:[93m5[0m:[93m24[0m - [91merror[0m[90m TS2307: [0mCannot find module 'dcmjs' or its corresponding type declarations.

[7m5[0m import * as dcmjs from 'dcmjs';
[7m [0m [91m                       ~~~~~~~[0m

[[90m11:34:31 PM[0m] Found 12 errors. Watching for file changes.

[2J[3J[H[[90m11:34:31 PM[0m] File change detected. Starting incremental compilation...

[96msrc/imaging/brain-tumor-detection.service.ts[0m:[93m12[0m:[93m30[0m - [91merror[0m[90m TS2307: [0mCannot find module 'dicom-parser' or its corresponding type declarations.

[7m12[0m import * as dicomParser from 'dicom-parser';
[7m  [0m [91m                             ~~~~~~~~~~~~~~[0m

[96msrc/imaging/dicom.service.ts[0m:[93m12[0m:[93m30[0m - [91merror[0m[90m TS2307: [0mCannot find module 'dicom-parser' or its corresponding type declarations.

[7m12[0m import * as dicomParser from 'dicom-parser';
[7m  [0m [91m                             ~~~~~~~~~~~~~~[0m

[96msrc/imaging/dicom.service.ts[0m:[93m13[0m:[93m24[0m - [91merror[0m[90m TS2307: [0mCannot find module 'dcmjs' or its corresponding type declarations.

[7m13[0m import * as dcmjs from 'dcmjs';
[7m  [0m [91m                       ~~~~~~~[0m

[96msrc/imaging/dicom.service.ts[0m:[93m55[0m:[93m56[0m - [91merror[0m[90m TS2339: [0mProperty 'buffer' does not exist on type 'File'.

[7m55[0m             const dicomData = this.parseDicomFile(file.buffer);
[7m  [0m [91m                                                       ~~~~~~[0m

[96msrc/imaging/dicom.service.ts[0m:[93m70[0m:[93m50[0m - [91merror[0m[90m TS2339: [0mProperty 'buffer' does not exist on type 'File'.

[7m70[0m             fs.writeFileSync(dicomFilePath, file.buffer);
[7m  [0m [91m                                                 ~~~~~~[0m

[96msrc/imaging/dicom.service.ts[0m:[93m73[0m:[93m69[0m - [91merror[0m[90m TS2339: [0mProperty 'buffer' does not exist on type 'File'.

[7m73[0m             const thumbnailPath = await this.generateThumbnail(file.buffer, seriesDir, sopInstanceUID);
[7m  [0m [91m                                                                    ~~~~~~[0m

[96msrc/imaging/dicom.service.ts[0m:[93m129[0m:[93m48[0m - [91merror[0m[90m TS2339: [0mProperty 'originalname' does not exist on type 'File'.

[7m129[0m                         originalFilename: file.originalname,
[7m   [0m [91m                                               ~~~~~~~~~~~~[0m

[96msrc/imaging/dicom.service.ts[0m:[93m197[0m:[93m44[0m - [91merror[0m[90m TS2339: [0mProperty 'originalname' does not exist on type 'File'.

[7m197[0m                     originalFilename: file.originalname,
[7m   [0m [91m                                           ~~~~~~~~~~~~[0m

[96msrc/imaging/imaging.controller.ts[0m:[93m142[0m:[93m40[0m - [91merror[0m[90m TS2339: [0mProperty 'path' does not exist on type 'File'.

[7m142[0m                     fs.unlinkSync(file.path);
[7m   [0m [91m                                       ~~~~[0m

[96msrc/imaging/imaging.controller.ts[0m:[93m144[0m:[93m70[0m - [91merror[0m[90m TS2339: [0mProperty 'path' does not exist on type 'File'.

[7m144[0m                     console.error(`Failed to delete temp file ${file.path}`, err);
[7m   [0m [91m                                                                     ~~~~[0m

[96msrc/imaging/utils/dicom-test-utils.ts[0m:[93m4[0m:[93m30[0m - [91merror[0m[90m TS2307: [0mCannot find module 'dicom-parser' or its corresponding type declarations.

[7m4[0m import * as dicomParser from 'dicom-parser';
[7m [0m [91m                             ~~~~~~~~~~~~~~[0m

[96msrc/imaging/utils/dicom-test-utils.ts[0m:[93m5[0m:[93m24[0m - [91merror[0m[90m TS2307: [0mCannot find module 'dcmjs' or its corresponding type declarations.

[7m5[0m import * as dcmjs from 'dcmjs';
[7m [0m [91m                       ~~~~~~~[0m

[[90m11:34:34 PM[0m] Found 12 errors. Watching for file changes.


> fhir-ehr-platform@1.0.0 start:dev
> nest start --watch

[2J[3J[H[[90m11:36:21 PM[0m] Starting compilation in watch mode...

[96msrc/imaging/brain-tumor-detection.service.ts[0m:[93m12[0m:[93m30[0m - [91merror[0m[90m TS2307: [0mCannot find module 'dicom-parser' or its corresponding type declarations.

[7m12[0m import * as dicomParser from 'dicom-parser';
[7m  [0m [91m                             ~~~~~~~~~~~~~~[0m

[96msrc/imaging/dicom.service.ts[0m:[93m12[0m:[93m30[0m - [91merror[0m[90m TS2307: [0mCannot find module 'dicom-parser' or its corresponding type declarations.

[7m12[0m import * as dicomParser from 'dicom-parser';
[7m  [0m [91m                             ~~~~~~~~~~~~~~[0m

[96msrc/imaging/dicom.service.ts[0m:[93m13[0m:[93m24[0m - [91merror[0m[90m TS2307: [0mCannot find module 'dcmjs' or its corresponding type declarations.

[7m13[0m import * as dcmjs from 'dcmjs';
[7m  [0m [91m                       ~~~~~~~[0m

[96msrc/imaging/dicom.service.ts[0m:[93m55[0m:[93m56[0m - [91merror[0m[90m TS2339: [0mProperty 'buffer' does not exist on type 'File'.

[7m55[0m             const dicomData = this.parseDicomFile(file.buffer);
[7m  [0m [91m                                                       ~~~~~~[0m

[96msrc/imaging/dicom.service.ts[0m:[93m70[0m:[93m50[0m - [91merror[0m[90m TS2339: [0mProperty 'buffer' does not exist on type 'File'.

[7m70[0m             fs.writeFileSync(dicomFilePath, file.buffer);
[7m  [0m [91m                                                 ~~~~~~[0m

[96msrc/imaging/dicom.service.ts[0m:[93m73[0m:[93m69[0m - [91merror[0m[90m TS2339: [0mProperty 'buffer' does not exist on type 'File'.

[7m73[0m             const thumbnailPath = await this.generateThumbnail(file.buffer, seriesDir, sopInstanceUID);
[7m  [0m [91m                                                                    ~~~~~~[0m

[96msrc/imaging/dicom.service.ts[0m:[93m129[0m:[93m48[0m - [91merror[0m[90m TS2339: [0mProperty 'originalname' does not exist on type 'File'.

[7m129[0m                         originalFilename: file.originalname,
[7m   [0m [91m                                               ~~~~~~~~~~~~[0m

[96msrc/imaging/dicom.service.ts[0m:[93m197[0m:[93m44[0m - [91merror[0m[90m TS2339: [0mProperty 'originalname' does not exist on type 'File'.

[7m197[0m                     originalFilename: file.originalname,
[7m   [0m [91m                                           ~~~~~~~~~~~~[0m

[96msrc/imaging/imaging.controller.ts[0m:[93m142[0m:[93m40[0m - [91merror[0m[90m TS2339: [0mProperty 'path' does not exist on type 'File'.

[7m142[0m                     fs.unlinkSync(file.path);
[7m   [0m [91m                                       ~~~~[0m

[96msrc/imaging/imaging.controller.ts[0m:[93m144[0m:[93m70[0m - [91merror[0m[90m TS2339: [0mProperty 'path' does not exist on type 'File'.

[7m144[0m                     console.error(`Failed to delete temp file ${file.path}`, err);
[7m   [0m [91m                                                                     ~~~~[0m

[96msrc/imaging/utils/dicom-test-utils.ts[0m:[93m4[0m:[93m30[0m - [91merror[0m[90m TS2307: [0mCannot find module 'dicom-parser' or its corresponding type declarations.

[7m4[0m import * as dicomParser from 'dicom-parser';
[7m [0m [91m                             ~~~~~~~~~~~~~~[0m

[96msrc/imaging/utils/dicom-test-utils.ts[0m:[93m5[0m:[93m24[0m - [91merror[0m[90m TS2307: [0mCannot find module 'dcmjs' or its corresponding type declarations.

[7m5[0m import * as dcmjs from 'dcmjs';
[7m [0m [91m                       ~~~~~~~[0m

[[90m11:36:32 PM[0m] Found 12 errors. Watching for file changes.


> fhir-ehr-platform@1.0.0 start:dev
> nest start --watch

[2J[3J[H[[90m11:37:26 PM[0m] Starting compilation in watch mode...

[96msrc/imaging/brain-tumor-detection.service.ts[0m:[93m12[0m:[93m30[0m - [91merror[0m[90m TS2307: [0mCannot find module 'dicom-parser' or its corresponding type declarations.

[7m12[0m import * as dicomParser from 'dicom-parser';
[7m  [0m [91m                             ~~~~~~~~~~~~~~[0m

[96msrc/imaging/dicom.service.ts[0m:[93m12[0m:[93m30[0m - [91merror[0m[90m TS2307: [0mCannot find module 'dicom-parser' or its corresponding type declarations.

[7m12[0m import * as dicomParser from 'dicom-parser';
[7m  [0m [91m                             ~~~~~~~~~~~~~~[0m

[96msrc/imaging/dicom.service.ts[0m:[93m13[0m:[93m24[0m - [91merror[0m[90m TS2307: [0mCannot find module 'dcmjs' or its corresponding type declarations.

[7m13[0m import * as dcmjs from 'dcmjs';
[7m  [0m [91m                       ~~~~~~~[0m

[96msrc/imaging/dicom.service.ts[0m:[93m55[0m:[93m56[0m - [91merror[0m[90m TS2339: [0mProperty 'buffer' does not exist on type 'File'.

[7m55[0m             const dicomData = this.parseDicomFile(file.buffer);
[7m  [0m [91m                                                       ~~~~~~[0m

[96msrc/imaging/dicom.service.ts[0m:[93m70[0m:[93m50[0m - [91merror[0m[90m TS2339: [0mProperty 'buffer' does not exist on type 'File'.

[7m70[0m             fs.writeFileSync(dicomFilePath, file.buffer);
[7m  [0m [91m                                                 ~~~~~~[0m

[96msrc/imaging/dicom.service.ts[0m:[93m73[0m:[93m69[0m - [91merror[0m[90m TS2339: [0mProperty 'buffer' does not exist on type 'File'.

[7m73[0m             const thumbnailPath = await this.generateThumbnail(file.buffer, seriesDir, sopInstanceUID);
[7m  [0m [91m                                                                    ~~~~~~[0m

[96msrc/imaging/dicom.service.ts[0m:[93m129[0m:[93m48[0m - [91merror[0m[90m TS2339: [0mProperty 'originalname' does not exist on type 'File'.

[7m129[0m                         originalFilename: file.originalname,
[7m   [0m [91m                                               ~~~~~~~~~~~~[0m

[96msrc/imaging/dicom.service.ts[0m:[93m197[0m:[93m44[0m - [91merror[0m[90m TS2339: [0mProperty 'originalname' does not exist on type 'File'.

[7m197[0m                     originalFilename: file.originalname,
[7m   [0m [91m                                           ~~~~~~~~~~~~[0m

[96msrc/imaging/imaging.controller.ts[0m:[93m142[0m:[93m40[0m - [91merror[0m[90m TS2339: [0mProperty 'path' does not exist on type 'File'.

[7m142[0m                     fs.unlinkSync(file.path);
[7m   [0m [91m                                       ~~~~[0m

[96msrc/imaging/imaging.controller.ts[0m:[93m144[0m:[93m70[0m - [91merror[0m[90m TS2339: [0mProperty 'path' does not exist on type 'File'.

[7m144[0m                     console.error(`Failed to delete temp file ${file.path}`, err);
[7m   [0m [91m                                                                     ~~~~[0m

[96msrc/imaging/utils/dicom-test-utils.ts[0m:[93m4[0m:[93m30[0m - [91merror[0m[90m TS2307: [0mCannot find module 'dicom-parser' or its corresponding type declarations.

[7m4[0m import * as dicomParser from 'dicom-parser';
[7m [0m [91m                             ~~~~~~~~~~~~~~[0m

[96msrc/imaging/utils/dicom-test-utils.ts[0m:[93m5[0m:[93m24[0m - [91merror[0m[90m TS2307: [0mCannot find module 'dcmjs' or its corresponding type declarations.

[7m5[0m import * as dcmjs from 'dcmjs';
[7m [0m [91m                       ~~~~~~~[0m

[[90m11:37:40 PM[0m] Found 12 errors. Watching for file changes.

[2J[3J[H[[90m11:38:41 PM[0m] File change detected. Starting incremental compilation...

[91merror[0m[90m TS6053: [0mFile '/app/src/types/express.d.ts' not found.
  The file is in the program because:
    Matched by default include pattern '**/*'

[[90m11:38:46 PM[0m] Found 1 error. Watching for file changes.

[2J[3J[H[[90m11:38:47 PM[0m] File change detected. Starting incremental compilation...

[96msrc/imaging/brain-tumor-detection.service.ts[0m:[93m12[0m:[93m30[0m - [91merror[0m[90m TS2307: [0mCannot find module 'dicom-parser' or its corresponding type declarations.

[7m12[0m import * as dicomParser from 'dicom-parser';
[7m  [0m [91m                             ~~~~~~~~~~~~~~[0m

[96msrc/imaging/dicom.service.ts[0m:[93m12[0m:[93m30[0m - [91merror[0m[90m TS2307: [0mCannot find module 'dicom-parser' or its corresponding type declarations.

[7m12[0m import * as dicomParser from 'dicom-parser';
[7m  [0m [91m                             ~~~~~~~~~~~~~~[0m

[96msrc/imaging/dicom.service.ts[0m:[93m13[0m:[93m24[0m - [91merror[0m[90m TS2307: [0mCannot find module 'dcmjs' or its corresponding type declarations.

[7m13[0m import * as dcmjs from 'dcmjs';
[7m  [0m [91m                       ~~~~~~~[0m

[96msrc/imaging/dicom.service.ts[0m:[93m48[0m:[93m23[0m - [91merror[0m[90m TS2694: [0mNamespace 'global.Express' has no exported member 'Multer'.

[7m48[0m         file: Express.Multer.File,
[7m  [0m [91m                      ~~~~~~[0m

[96msrc/imaging/imaging.controller.ts[0m:[93m108[0m:[93m41[0m - [91merror[0m[90m TS2694: [0mNamespace 'global.Express' has no exported member 'Multer'.

[7m108[0m         @UploadedFiles() files: Express.Multer.File[],
[7m   [0m [91m                                        ~~~~~~[0m

[96msrc/imaging/imaging.service.ts[0m:[93m23[0m:[93m24[0m - [91merror[0m[90m TS2694: [0mNamespace 'global.Express' has no exported member 'Multer'.

[7m23[0m         files: Express.Multer.File[],
[7m  [0m [91m                       ~~~~~~[0m

[96msrc/imaging/utils/dicom-test-utils.ts[0m:[93m4[0m:[93m30[0m - [91merror[0m[90m TS2307: [0mCannot find module 'dicom-parser' or its corresponding type declarations.

[7m4[0m import * as dicomParser from 'dicom-parser';
[7m [0m [91m                             ~~~~~~~~~~~~~~[0m

[96msrc/imaging/utils/dicom-test-utils.ts[0m:[93m5[0m:[93m24[0m - [91merror[0m[90m TS2307: [0mCannot find module 'dcmjs' or its corresponding type declarations.

[7m5[0m import * as dcmjs from 'dcmjs';
[7m [0m [91m                       ~~~~~~~[0m

[[90m11:38:50 PM[0m] Found 8 errors. Watching for file changes.

[2J[3J[H[[90m11:38:51 PM[0m] File change detected. Starting incremental compilation...

[96msrc/imaging/brain-tumor-detection.service.ts[0m:[93m12[0m:[93m30[0m - [91merror[0m[90m TS2307: [0mCannot find module 'dicom-parser' or its corresponding type declarations.

[7m12[0m import * as dicomParser from 'dicom-parser';
[7m  [0m [91m                             ~~~~~~~~~~~~~~[0m

[96msrc/imaging/dicom.service.ts[0m:[93m12[0m:[93m30[0m - [91merror[0m[90m TS2307: [0mCannot find module 'dicom-parser' or its corresponding type declarations.

[7m12[0m import * as dicomParser from 'dicom-parser';
[7m  [0m [91m                             ~~~~~~~~~~~~~~[0m

[96msrc/imaging/dicom.service.ts[0m:[93m13[0m:[93m24[0m - [91merror[0m[90m TS2307: [0mCannot find module 'dcmjs' or its corresponding type declarations.

[7m13[0m import * as dcmjs from 'dcmjs';
[7m  [0m [91m                       ~~~~~~~[0m

[96msrc/imaging/dicom.service.ts[0m:[93m48[0m:[93m23[0m - [91merror[0m[90m TS2694: [0mNamespace 'global.Express' has no exported member 'Multer'.

[7m48[0m         file: Express.Multer.File,
[7m  [0m [91m                      ~~~~~~[0m

[96msrc/imaging/imaging.controller.ts[0m:[93m108[0m:[93m41[0m - [91merror[0m[90m TS2694: [0mNamespace 'global.Express' has no exported member 'Multer'.

[7m108[0m         @UploadedFiles() files: Express.Multer.File[],
[7m   [0m [91m                                        ~~~~~~[0m

[96msrc/imaging/imaging.service.ts[0m:[93m23[0m:[93m24[0m - [91merror[0m[90m TS2694: [0mNamespace 'global.Express' has no exported member 'Multer'.

[7m23[0m         files: Express.Multer.File[],
[7m  [0m [91m                       ~~~~~~[0m

[96msrc/imaging/utils/dicom-test-utils.ts[0m:[93m4[0m:[93m30[0m - [91merror[0m[90m TS2307: [0mCannot find module 'dicom-parser' or its corresponding type declarations.

[7m4[0m import * as dicomParser from 'dicom-parser';
[7m [0m [91m                             ~~~~~~~~~~~~~~[0m

[96msrc/imaging/utils/dicom-test-utils.ts[0m:[93m5[0m:[93m24[0m - [91merror[0m[90m TS2307: [0mCannot find module 'dcmjs' or its corresponding type declarations.

[7m5[0m import * as dcmjs from 'dcmjs';
[7m [0m [91m                       ~~~~~~~[0m

[[90m11:38:52 PM[0m] Found 8 errors. Watching for file changes.


> fhir-ehr-platform@1.0.0 start:dev
> nest start --watch

[2J[3J[H[[90m11:39:02 PM[0m] Starting compilation in watch mode...

[96msrc/imaging/brain-tumor-detection.service.ts[0m:[93m12[0m:[93m30[0m - [91merror[0m[90m TS2307: [0mCannot find module 'dicom-parser' or its corresponding type declarations.

[7m12[0m import * as dicomParser from 'dicom-parser';
[7m  [0m [91m                             ~~~~~~~~~~~~~~[0m

[96msrc/imaging/dicom.service.ts[0m:[93m12[0m:[93m30[0m - [91merror[0m[90m TS2307: [0mCannot find module 'dicom-parser' or its corresponding type declarations.

[7m12[0m import * as dicomParser from 'dicom-parser';
[7m  [0m [91m                             ~~~~~~~~~~~~~~[0m

[96msrc/imaging/dicom.service.ts[0m:[93m13[0m:[93m24[0m - [91merror[0m[90m TS2307: [0mCannot find module 'dcmjs' or its corresponding type declarations.

[7m13[0m import * as dcmjs from 'dcmjs';
[7m  [0m [91m                       ~~~~~~~[0m

[96msrc/imaging/dicom.service.ts[0m:[93m48[0m:[93m23[0m - [91merror[0m[90m TS2694: [0mNamespace 'global.Express' has no exported member 'Multer'.

[7m48[0m         file: Express.Multer.File,
[7m  [0m [91m                      ~~~~~~[0m

[96msrc/imaging/imaging.controller.ts[0m:[93m108[0m:[93m41[0m - [91merror[0m[90m TS2694: [0mNamespace 'global.Express' has no exported member 'Multer'.

[7m108[0m         @UploadedFiles() files: Express.Multer.File[],
[7m   [0m [91m                                        ~~~~~~[0m

[96msrc/imaging/imaging.service.ts[0m:[93m23[0m:[93m24[0m - [91merror[0m[90m TS2694: [0mNamespace 'global.Express' has no exported member 'Multer'.

[7m23[0m         files: Express.Multer.File[],
[7m  [0m [91m                       ~~~~~~[0m

[96msrc/imaging/utils/dicom-test-utils.ts[0m:[93m4[0m:[93m30[0m - [91merror[0m[90m TS2307: [0mCannot find module 'dicom-parser' or its corresponding type declarations.

[7m4[0m import * as dicomParser from 'dicom-parser';
[7m [0m [91m                             ~~~~~~~~~~~~~~[0m

[96msrc/imaging/utils/dicom-test-utils.ts[0m:[93m5[0m:[93m24[0m - [91merror[0m[90m TS2307: [0mCannot find module 'dcmjs' or its corresponding type declarations.

[7m5[0m import * as dcmjs from 'dcmjs';
[7m [0m [91m                       ~~~~~~~[0m

[[90m11:39:14 PM[0m] Found 8 errors. Watching for file changes.


> fhir-ehr-platform@1.0.0 start:dev
> nest start --watch

[2J[3J[H[[90m11:46:01 PM[0m] Starting compilation in watch mode...

[96msrc/imaging/brain-tumor-detection.service.ts[0m:[93m12[0m:[93m30[0m - [91merror[0m[90m TS2307: [0mCannot find module 'dicom-parser' or its corresponding type declarations.

[7m12[0m import * as dicomParser from 'dicom-parser';
[7m  [0m [91m                             ~~~~~~~~~~~~~~[0m

[96msrc/imaging/dicom.service.ts[0m:[93m12[0m:[93m30[0m - [91merror[0m[90m TS2307: [0mCannot find module 'dicom-parser' or its corresponding type declarations.

[7m12[0m import * as dicomParser from 'dicom-parser';
[7m  [0m [91m                             ~~~~~~~~~~~~~~[0m

[96msrc/imaging/dicom.service.ts[0m:[93m13[0m:[93m24[0m - [91merror[0m[90m TS2307: [0mCannot find module 'dcmjs' or its corresponding type declarations.

[7m13[0m import * as dcmjs from 'dcmjs';
[7m  [0m [91m                       ~~~~~~~[0m

[96msrc/imaging/dicom.service.ts[0m:[93m48[0m:[93m23[0m - [91merror[0m[90m TS2694: [0mNamespace 'global.Express' has no exported member 'Multer'.

[7m48[0m         file: Express.Multer.File,
[7m  [0m [91m                      ~~~~~~[0m

[96msrc/imaging/imaging.controller.ts[0m:[93m108[0m:[93m41[0m - [91merror[0m[90m TS2694: [0mNamespace 'global.Express' has no exported member 'Multer'.

[7m108[0m         @UploadedFiles() files: Express.Multer.File[],
[7m   [0m [91m                                        ~~~~~~[0m

[96msrc/imaging/imaging.service.ts[0m:[93m23[0m:[93m24[0m - [91merror[0m[90m TS2694: [0mNamespace 'global.Express' has no exported member 'Multer'.

[7m23[0m         files: Express.Multer.File[],
[7m  [0m [91m                       ~~~~~~[0m

[96msrc/imaging/utils/dicom-test-utils.ts[0m:[93m4[0m:[93m30[0m - [91merror[0m[90m TS2307: [0mCannot find module 'dicom-parser' or its corresponding type declarations.

[7m4[0m import * as dicomParser from 'dicom-parser';
[7m [0m [91m                             ~~~~~~~~~~~~~~[0m

[96msrc/imaging/utils/dicom-test-utils.ts[0m:[93m5[0m:[93m24[0m - [91merror[0m[90m TS2307: [0mCannot find module 'dcmjs' or its corresponding type declarations.

[7m5[0m import * as dcmjs from 'dcmjs';
[7m [0m [91m                       ~~~~~~~[0m

[[90m11:46:16 PM[0m] Found 8 errors. Watching for file changes.


> fhir-ehr-platform@1.0.0 start:dev
> nest start --watch

[2J[3J[H[[90m11:47:27 PM[0m] Starting compilation in watch mode...

[96msrc/imaging/brain-tumor-detection.service.ts[0m:[93m12[0m:[93m30[0m - [91merror[0m[90m TS2307: [0mCannot find module 'dicom-parser' or its corresponding type declarations.

[7m12[0m import * as dicomParser from 'dicom-parser';
[7m  [0m [91m                             ~~~~~~~~~~~~~~[0m

[96msrc/imaging/dicom.service.ts[0m:[93m12[0m:[93m30[0m - [91merror[0m[90m TS2307: [0mCannot find module 'dicom-parser' or its corresponding type declarations.

[7m12[0m import * as dicomParser from 'dicom-parser';
[7m  [0m [91m                             ~~~~~~~~~~~~~~[0m

[96msrc/imaging/dicom.service.ts[0m:[93m13[0m:[93m24[0m - [91merror[0m[90m TS2307: [0mCannot find module 'dcmjs' or its corresponding type declarations.

[7m13[0m import * as dcmjs from 'dcmjs';
[7m  [0m [91m                       ~~~~~~~[0m

[96msrc/imaging/dicom.service.ts[0m:[93m48[0m:[93m23[0m - [91merror[0m[90m TS2694: [0mNamespace 'global.Express' has no exported member 'Multer'.

[7m48[0m         file: Express.Multer.File,
[7m  [0m [91m                      ~~~~~~[0m

[96msrc/imaging/imaging.controller.ts[0m:[93m108[0m:[93m41[0m - [91merror[0m[90m TS2694: [0mNamespace 'global.Express' has no exported member 'Multer'.

[7m108[0m         @UploadedFiles() files: Express.Multer.File[],
[7m   [0m [91m                                        ~~~~~~[0m

[96msrc/imaging/imaging.service.ts[0m:[93m23[0m:[93m24[0m - [91merror[0m[90m TS2694: [0mNamespace 'global.Express' has no exported member 'Multer'.

[7m23[0m         files: Express.Multer.File[],
[7m  [0m [91m                       ~~~~~~[0m

[96msrc/imaging/utils/dicom-test-utils.ts[0m:[93m4[0m:[93m30[0m - [91merror[0m[90m TS2307: [0mCannot find module 'dicom-parser' or its corresponding type declarations.

[7m4[0m import * as dicomParser from 'dicom-parser';
[7m [0m [91m                             ~~~~~~~~~~~~~~[0m

[96msrc/imaging/utils/dicom-test-utils.ts[0m:[93m5[0m:[93m24[0m - [91merror[0m[90m TS2307: [0mCannot find module 'dcmjs' or its corresponding type declarations.

[7m5[0m import * as dcmjs from 'dcmjs';
[7m [0m [91m                       ~~~~~~~[0m

[[90m11:47:34 PM[0m] Found 8 errors. Watching for file changes.

[2J[3J[H[[90m11:49:51 PM[0m] File change detected. Starting incremental compilation...

[96msrc/imaging/brain-tumor-detection.service.ts[0m:[93m12[0m:[93m30[0m - [91merror[0m[90m TS2307: [0mCannot find module 'dicom-parser' or its corresponding type declarations.

[7m12[0m import * as dicomParser from 'dicom-parser';
[7m  [0m [91m                             ~~~~~~~~~~~~~~[0m

[96msrc/imaging/dicom.service.ts[0m:[93m12[0m:[93m30[0m - [91merror[0m[90m TS2307: [0mCannot find module 'dicom-parser' or its corresponding type declarations.

[7m12[0m import * as dicomParser from 'dicom-parser';
[7m  [0m [91m                             ~~~~~~~~~~~~~~[0m

[96msrc/imaging/dicom.service.ts[0m:[93m13[0m:[93m24[0m - [91merror[0m[90m TS2307: [0mCannot find module 'dcmjs' or its corresponding type declarations.

[7m13[0m import * as dcmjs from 'dcmjs';
[7m  [0m [91m                       ~~~~~~~[0m

[96msrc/imaging/dicom.service.ts[0m:[93m48[0m:[93m23[0m - [91merror[0m[90m TS2694: [0mNamespace 'global.Express' has no exported member 'Multer'.

[7m48[0m         file: Express.Multer.File,
[7m  [0m [91m                      ~~~~~~[0m

[96msrc/imaging/imaging.controller.ts[0m:[93m108[0m:[93m41[0m - [91merror[0m[90m TS2694: [0mNamespace 'global.Express' has no exported member 'Multer'.

[7m108[0m         @UploadedFiles() files: Express.Multer.File[],
[7m   [0m [91m                                        ~~~~~~[0m

[96msrc/imaging/imaging.service.ts[0m:[93m23[0m:[93m24[0m - [91merror[0m[90m TS2694: [0mNamespace 'global.Express' has no exported member 'Multer'.

[7m23[0m         files: Express.Multer.File[],
[7m  [0m [91m                       ~~~~~~[0m

[96msrc/imaging/utils/dicom-test-utils.ts[0m:[93m4[0m:[93m30[0m - [91merror[0m[90m TS2307: [0mCannot find module 'dicom-parser' or its corresponding type declarations.

[7m4[0m import * as dicomParser from 'dicom-parser';
[7m [0m [91m                             ~~~~~~~~~~~~~~[0m

[96msrc/imaging/utils/dicom-test-utils.ts[0m:[93m5[0m:[93m24[0m - [91merror[0m[90m TS2307: [0mCannot find module 'dcmjs' or its corresponding type declarations.

[7m5[0m import * as dcmjs from 'dcmjs';
[7m [0m [91m                       ~~~~~~~[0m

[[90m11:49:52 PM[0m] Found 8 errors. Watching for file changes.

[2J[3J[H[[90m11:51:18 PM[0m] File change detected. Starting incremental compilation...

[96msrc/imaging/brain-tumor-detection.service.ts[0m:[93m12[0m:[93m30[0m - [91merror[0m[90m TS2307: [0mCannot find module 'dicom-parser' or its corresponding type declarations.

[7m12[0m import * as dicomParser from 'dicom-parser';
[7m  [0m [91m                             ~~~~~~~~~~~~~~[0m

[96msrc/imaging/dicom.service.ts[0m:[93m12[0m:[93m30[0m - [91merror[0m[90m TS2307: [0mCannot find module 'dicom-parser' or its corresponding type declarations.

[7m12[0m import * as dicomParser from 'dicom-parser';
[7m  [0m [91m                             ~~~~~~~~~~~~~~[0m

[96msrc/imaging/dicom.service.ts[0m:[93m13[0m:[93m24[0m - [91merror[0m[90m TS2307: [0mCannot find module 'dcmjs' or its corresponding type declarations.

[7m13[0m import * as dcmjs from 'dcmjs';
[7m  [0m [91m                       ~~~~~~~[0m

[96msrc/imaging/dicom.service.ts[0m:[93m48[0m:[93m23[0m - [91merror[0m[90m TS2694: [0mNamespace 'global.Express' has no exported member 'Multer'.

[7m48[0m         file: Express.Multer.File,
[7m  [0m [91m                      ~~~~~~[0m

[96msrc/imaging/imaging.controller.ts[0m:[93m108[0m:[93m41[0m - [91merror[0m[90m TS2694: [0mNamespace 'global.Express' has no exported member 'Multer'.

[7m108[0m         @UploadedFiles() files: Express.Multer.File[],
[7m   [0m [91m                                        ~~~~~~[0m

[96msrc/imaging/imaging.service.ts[0m:[93m23[0m:[93m24[0m - [91merror[0m[90m TS2694: [0mNamespace 'global.Express' has no exported member 'Multer'.

[7m23[0m         files: Express.Multer.File[],
[7m  [0m [91m                       ~~~~~~[0m

[96msrc/imaging/utils/dicom-test-utils.ts[0m:[93m4[0m:[93m30[0m - [91merror[0m[90m TS2307: [0mCannot find module 'dicom-parser' or its corresponding type declarations.

[7m4[0m import * as dicomParser from 'dicom-parser';
[7m [0m [91m                             ~~~~~~~~~~~~~~[0m

[96msrc/imaging/utils/dicom-test-utils.ts[0m:[93m5[0m:[93m24[0m - [91merror[0m[90m TS2307: [0mCannot find module 'dcmjs' or its corresponding type declarations.

[7m5[0m import * as dcmjs from 'dcmjs';
[7m [0m [91m                       ~~~~~~~[0m

[[90m11:51:18 PM[0m] Found 8 errors. Watching for file changes.

[2J[3J[H[[90m11:51:22 PM[0m] File change detected. Starting incremental compilation...

[96msrc/imaging/brain-tumor-detection.service.ts[0m:[93m12[0m:[93m30[0m - [91merror[0m[90m TS2307: [0mCannot find module 'dicom-parser' or its corresponding type declarations.

[7m12[0m import * as dicomParser from 'dicom-parser';
[7m  [0m [91m                             ~~~~~~~~~~~~~~[0m

[96msrc/imaging/dicom.service.ts[0m:[93m12[0m:[93m30[0m - [91merror[0m[90m TS2307: [0mCannot find module 'dicom-parser' or its corresponding type declarations.

[7m12[0m import * as dicomParser from 'dicom-parser';
[7m  [0m [91m                             ~~~~~~~~~~~~~~[0m

[96msrc/imaging/dicom.service.ts[0m:[93m13[0m:[93m24[0m - [91merror[0m[90m TS2307: [0mCannot find module 'dcmjs' or its corresponding type declarations.

[7m13[0m import * as dcmjs from 'dcmjs';
[7m  [0m [91m                       ~~~~~~~[0m

[96msrc/imaging/utils/dicom-test-utils.ts[0m:[93m4[0m:[93m30[0m - [91merror[0m[90m TS2307: [0mCannot find module 'dicom-parser' or its corresponding type declarations.

[7m4[0m import * as dicomParser from 'dicom-parser';
[7m [0m [91m                             ~~~~~~~~~~~~~~[0m

[96msrc/imaging/utils/dicom-test-utils.ts[0m:[93m5[0m:[93m24[0m - [91merror[0m[90m TS2307: [0mCannot find module 'dcmjs' or its corresponding type declarations.

[7m5[0m import * as dcmjs from 'dcmjs';
[7m [0m [91m                       ~~~~~~~[0m

[[90m11:51:26 PM[0m] Found 5 errors. Watching for file changes.

[2J[3J[H[[90m11:51:45 PM[0m] File change detected. Starting incremental compilation...

[96msrc/imaging/brain-tumor-detection.service.ts[0m:[93m12[0m:[93m30[0m - [91merror[0m[90m TS2307: [0mCannot find module 'dicom-parser' or its corresponding type declarations.

[7m12[0m import * as dicomParser from 'dicom-parser';
[7m  [0m [91m                             ~~~~~~~~~~~~~~[0m

[96msrc/imaging/dicom.service.ts[0m:[93m12[0m:[93m30[0m - [91merror[0m[90m TS2307: [0mCannot find module 'dicom-parser' or its corresponding type declarations.

[7m12[0m import * as dicomParser from 'dicom-parser';
[7m  [0m [91m                             ~~~~~~~~~~~~~~[0m

[96msrc/imaging/dicom.service.ts[0m:[93m13[0m:[93m24[0m - [91merror[0m[90m TS2307: [0mCannot find module 'dcmjs' or its corresponding type declarations.

[7m13[0m import * as dcmjs from 'dcmjs';
[7m  [0m [91m                       ~~~~~~~[0m

[96msrc/imaging/utils/dicom-test-utils.ts[0m:[93m4[0m:[93m30[0m - [91merror[0m[90m TS2307: [0mCannot find module 'dicom-parser' or its corresponding type declarations.

[7m4[0m import * as dicomParser from 'dicom-parser';
[7m [0m [91m                             ~~~~~~~~~~~~~~[0m

[96msrc/imaging/utils/dicom-test-utils.ts[0m:[93m5[0m:[93m24[0m - [91merror[0m[90m TS2307: [0mCannot find module 'dcmjs' or its corresponding type declarations.

[7m5[0m import * as dcmjs from 'dcmjs';
[7m [0m [91m                       ~~~~~~~[0m

[[90m11:51:45 PM[0m] Found 5 errors. Watching for file changes.

[2J[3J[H[[90m11:51:48 PM[0m] File change detected. Starting incremental compilation...

[96msrc/imaging/dicom.service.ts[0m:[93m13[0m:[93m24[0m - [91merror[0m[90m TS2307: [0mCannot find module 'dcmjs' or its corresponding type declarations.

[7m13[0m import * as dcmjs from 'dcmjs';
[7m  [0m [91m                       ~~~~~~~[0m

[96msrc/imaging/utils/dicom-test-utils.ts[0m:[93m5[0m:[93m24[0m - [91merror[0m[90m TS2307: [0mCannot find module 'dcmjs' or its corresponding type declarations.

[7m5[0m import * as dcmjs from 'dcmjs';
[7m [0m [91m                       ~~~~~~~[0m

[[90m11:51:50 PM[0m] Found 2 errors. Watching for file changes.

[2J[3J[H[[90m11:51:50 PM[0m] File change detected. Starting incremental compilation...

[96msrc/imaging/dicom.service.ts[0m:[93m13[0m:[93m24[0m - [91merror[0m[90m TS2307: [0mCannot find module 'dcmjs' or its corresponding type declarations.

[7m13[0m import * as dcmjs from 'dcmjs';
[7m  [0m [91m                       ~~~~~~~[0m

[96msrc/imaging/utils/dicom-test-utils.ts[0m:[93m5[0m:[93m24[0m - [91merror[0m[90m TS2307: [0mCannot find module 'dcmjs' or its corresponding type declarations.

[7m5[0m import * as dcmjs from 'dcmjs';
[7m [0m [91m                       ~~~~~~~[0m

[[90m11:51:51 PM[0m] Found 2 errors. Watching for file changes.

[2J[3J[H[[90m11:52:02 PM[0m] File change detected. Starting incremental compilation...

[96msrc/imaging/dicom.service.ts[0m:[93m13[0m:[93m24[0m - [91merror[0m[90m TS2307: [0mCannot find module 'dcmjs' or its corresponding type declarations.

[7m13[0m import * as dcmjs from 'dcmjs';
[7m  [0m [91m                       ~~~~~~~[0m

[96msrc/imaging/utils/dicom-test-utils.ts[0m:[93m5[0m:[93m24[0m - [91merror[0m[90m TS2307: [0mCannot find module 'dcmjs' or its corresponding type declarations.

[7m5[0m import * as dcmjs from 'dcmjs';
[7m [0m [91m                       ~~~~~~~[0m

[[90m11:52:02 PM[0m] Found 2 errors. Watching for file changes.

[2J[3J[H[[90m11:52:06 PM[0m] File change detected. Starting incremental compilation...

[[90m11:52:07 PM[0m] Found 0 errors. Watching for file changes.

[2J[3J[H[[90m11:52:07 PM[0m] File change detected. Starting incremental compilation...

[[90m11:52:08 PM[0m] Found 0 errors. Watching for file changes.


> fhir-ehr-platform@1.0.0 start:dev
> nest start --watch

[2J[3J[H[[90m11:52:21 PM[0m] Starting compilation in watch mode...

[[90m11:52:31 PM[0m] Found 0 errors. Watching for file changes.

[2J[3J[H[[90m11:52:40 PM[0m] File change detected. Starting incremental compilation...

[[90m11:52:41 PM[0m] Found 0 errors. Watching for file changes.

[2J[3J[H[[90m11:52:42 PM[0m] File change detected. Starting incremental compilation...


> fhir-ehr-platform@1.0.0 start:dev
> nest start --watch

[2J[3J[H[[90m11:52:56 PM[0m] Starting compilation in watch mode...

[[90m11:53:02 PM[0m] Found 0 errors. Watching for file changes.


> fhir-ehr-platform@1.0.0 start:dev
> nest start --watch

[2J[3J[H[[90m11:53:40 PM[0m] Starting compilation in watch mode...

[[90m11:53:46 PM[0m] Found 0 errors. Watching for file changes.


> fhir-ehr-platform@1.0.0 start:dev
> nest start --watch

[2J[3J[H[[90m11:55:49 PM[0m] Starting compilation in watch mode...

[[90m11:55:58 PM[0m] Found 0 errors. Watching for file changes.


> fhir-ehr-platform@1.0.0 start:dev
> nest start --watch

[2J[3J[H[[90m11:59:33 PM[0m] Starting compilation in watch mode...

[[90m11:59:38 PM[0m] Found 0 errors. Watching for file changes.


> fhir-ehr-platform@1.0.0 start:dev
> nest start --watch

[2J[3J[H[[90m12:00:13 AM[0m] Starting compilation in watch mode...

[[90m12:00:20 AM[0m] Found 0 errors. Watching for file changes.


> fhir-ehr-platform@1.0.0 start:dev
> nest start --watch

[2J[3J[H[[90m12:02:40 AM[0m] Starting compilation in watch mode...

[[90m12:02:48 AM[0m] Found 0 errors. Watching for file changes.

